Running seed 42
learning rate =  0.001
Round=0
Round=1
Round=2
Round=3
Round=4
Round=5
Round=6
Round=7
Round=8
Round=9
Round=10
Round=11
Round=12
Round=13
Round=14
Round=14, per client global perf=[0.9843, 0.1627, 0.0, 0.0, 0.0, 0.8857, 0.4019, 0.4732, 0.9702, 0.1466], mean perf=7942/20016 (0.3968%)
Round=14, per client personal perf=[0.9887, 0.9559, 0.9877, 0.9713, 0.9699, 0.9866, 0.9628, 0.9846, 0.9962, 0.9794], mean perf=19580/20016 (0.9782%)
Round=14, per client personal pooled=[0.1922, 0.1951, 0.1981, 0.1991, 0.1964, 0.1961, 0.1919, 0.2004, 0.1914, 0.1983], mean perf=39218/200160 (0.1959%)
All rounds performance of vanilla ditto global, Perf=[0.1888, 0.1027, 0.1742, 0.3067, 0.1056, 0.2885, 0.2896, 0.2408, 0.5348, 0.4519, 0.4155, 0.3629, 0.5239, 0.6332, 0.3968]
Mean performance of vanilla ditto global, Perf=0.5180
All rounds performance of vanilla ditto personal, Perf=[0.2518, 0.4961, 0.5885, 0.7629, 0.8434, 0.8926, 0.9201, 0.941, 0.9454, 0.9652, 0.9702, 0.9737, 0.9739, 0.9762, 0.9782]
Mean performance of vanilla ditto personal, Perf=0.9761
All rounds performance of vanilla ditto pooled, Perf=[0.1124, 0.1308, 0.139, 0.1537, 0.1694, 0.1786, 0.1843, 0.1884, 0.1892, 0.1934, 0.1942, 0.1949, 0.1951, 0.1956, 0.1959]
Mean performance of vanilla ditto pooled, Perf=0.1955
Finished seed 42
----------------------------------------
Running seed 43
learning rate =  0.001
Round=0
Round=1
Round=2
Round=3
Round=4
Round=5
Round=6
Round=7
Round=8
Round=9
Round=10
Round=11
Round=12
Round=13
Round=14
Round=14, per client global perf=[0.7926, 0.9647, 0.5245, 0.5709, 0.1377, 0.4883, 0.1183, 0.4995, 0.3796, 0.5225], mean perf=10073/20016 (0.5032%)
Round=14, per client personal perf=[0.9922, 0.973, 0.9975, 0.9862, 0.9531, 0.9886, 0.9618, 0.9816, 0.9908, 0.9882], mean perf=19642/20016 (0.9813%)
Round=14, per client personal pooled=[0.1928, 0.1986, 0.2002, 0.202, 0.1931, 0.1966, 0.1912, 0.1999, 0.1905, 0.1998], mean perf=39328/200160 (0.1965%)
All rounds performance of vanilla ditto global, Perf=[0.1016, 0.1041, 0.0916, 0.1415, 0.149, 0.2603, 0.242, 0.1917, 0.2014, 0.3051, 0.4299, 0.4496, 0.2875, 0.4538, 0.5032]
Mean performance of vanilla ditto global, Perf=0.4148
All rounds performance of vanilla ditto personal, Perf=[0.45, 0.6313, 0.782, 0.8316, 0.8798, 0.909, 0.9303, 0.9324, 0.9346, 0.9722, 0.9736, 0.975, 0.9747, 0.9774, 0.9813]
Mean performance of vanilla ditto personal, Perf=0.9778
All rounds performance of vanilla ditto pooled, Perf=[0.1164, 0.125, 0.157, 0.1669, 0.1761, 0.1821, 0.1863, 0.1867, 0.1872, 0.1948, 0.1951, 0.1954, 0.1953, 0.1958, 0.1965]
Mean performance of vanilla ditto pooled, Perf=0.1959
Finished seed 43
----------------------------------------
Running seed 44
learning rate =  0.001
Round=0
Round=1
Round=2
Round=3
Round=4
Round=5
Round=6
Round=7
Round=8
Round=9
Round=10
Round=11
Round=12
Round=13
Round=14
Round=14, per client global perf=[0.0917, 0.4843, 0.4333, 0.0, 0.4877, 0.0894, 0.0, 0.424, 0.0, 0.9833], mean perf=6087/20016 (0.3041%)
Round=14, per client personal perf=[0.9912, 0.9848, 0.9971, 0.9639, 0.9778, 0.9856, 0.9664, 0.9846, 0.9913, 0.9819], mean perf=19665/20016 (0.9825%)
Round=14, per client personal pooled=[0.1928, 0.2008, 0.2002, 0.1973, 0.1979, 0.1964, 0.1926, 0.2003, 0.1903, 0.1988], mean perf=39383/200160 (0.1968%)
All rounds performance of vanilla ditto global, Perf=[0.1013, 0.1016, 0.2045, 0.2002, 0.1892, 0.2847, 0.2628, 0.3422, 0.5664, 0.172, 0.4611, 0.46, 0.5845, 0.4777, 0.3041]
Mean performance of vanilla ditto global, Perf=0.4554
All rounds performance of vanilla ditto personal, Perf=[0.3813, 0.5176, 0.7088, 0.7675, 0.785, 0.8814, 0.8872, 0.9246, 0.9333, 0.9338, 0.9352, 0.9359, 0.9782, 0.9795, 0.9825]
Mean performance of vanilla ditto personal, Perf=0.9801
All rounds performance of vanilla ditto pooled, Perf=[0.1071, 0.1142, 0.1511, 0.1627, 0.1663, 0.1762, 0.1773, 0.1851, 0.1868, 0.1869, 0.1872, 0.1874, 0.1958, 0.1961, 0.1968]
Mean performance of vanilla ditto pooled, Perf=0.1962
Finished seed 44
----------------------------------------
Running seed 45
learning rate =  0.001
Round=0
Round=1
Round=2
Round=3
Round=4
Round=5
Round=6
Round=7
Round=8
Round=9
Round=10
Round=11
Round=12
Round=13
Round=14
Round=14, per client global perf=[0.675, 0.4716, 0.423, 0.0598, 0.0592, 0.5668, 0.7681, 0.4841, 0.9696, 0.4549], mean perf=9762/20016 (0.4877%)
Round=14, per client personal perf=[0.9902, 0.9701, 0.9961, 0.9694, 0.9719, 0.9911, 0.9571, 0.9851, 0.9913, 0.9887], mean perf=19638/20016 (0.9811%)
Round=14, per client personal pooled=[0.1926, 0.1982, 0.2001, 0.1984, 0.1967, 0.1972, 0.1909, 0.2001, 0.1903, 0.1999], mean perf=39321/200160 (0.1964%)
All rounds performance of vanilla ditto global, Perf=[0.1888, 0.1828, 0.1957, 0.2306, 0.1076, 0.2121, 0.2413, 0.3311, 0.2529, 0.3834, 0.4063, 0.4073, 0.3788, 0.4102, 0.4877]
Mean performance of vanilla ditto global, Perf=0.4256
All rounds performance of vanilla ditto personal, Perf=[0.1678, 0.2076, 0.6517, 0.7064, 0.8451, 0.9367, 0.9409, 0.9639, 0.9657, 0.9719, 0.9734, 0.9774, 0.9778, 0.9811, 0.9811]
Mean performance of vanilla ditto personal, Perf=0.9800
All rounds performance of vanilla ditto pooled, Perf=[0.1291, 0.1221, 0.1569, 0.1683, 0.1696, 0.1871, 0.1878, 0.1928, 0.1932, 0.1946, 0.195, 0.1957, 0.1957, 0.1964, 0.1964]
Mean performance of vanilla ditto pooled, Perf=0.1962
Finished seed 45
----------------------------------------
Running seed 46
learning rate =  0.001
Round=0
Round=1
Round=2
Round=3
Round=4
Round=5
Round=6
Round=7
Round=8
Round=9
Round=10
Round=11
Round=12
Round=13
Round=14
Round=14, per client global perf=[0.0, 0.8995, 0.7696, 0.5433, 0.2048, 0.0, 0.297, 0.8764, 0.4328, 0.55], mean perf=9179/20016 (0.4586%)
Round=14, per client personal perf=[0.9907, 0.973, 0.9961, 0.9778, 0.9694, 0.9886, 0.9432, 0.9861, 0.9924, 0.9848], mean perf=19621/20016 (0.9803%)
Round=14, per client personal pooled=[0.1924, 0.1987, 0.1998, 0.2004, 0.1958, 0.1967, 0.1877, 0.2005, 0.1907, 0.1991], mean perf=39272/200160 (0.1962%)
All rounds performance of vanilla ditto global, Perf=[0.1034, 0.1538, 0.0915, 0.2251, 0.2035, 0.4044, 0.1953, 0.3518, 0.2821, 0.2998, 0.3192, 0.4303, 0.4984, 0.4525, 0.4586]
Mean performance of vanilla ditto global, Perf=0.4698
All rounds performance of vanilla ditto personal, Perf=[0.2557, 0.551, 0.6728, 0.7776, 0.8831, 0.906, 0.9346, 0.9557, 0.9648, 0.9682, 0.9692, 0.9718, 0.9719, 0.9805, 0.9803]
Mean performance of vanilla ditto personal, Perf=0.9776
All rounds performance of vanilla ditto pooled, Perf=[0.1148, 0.1322, 0.146, 0.1566, 0.1765, 0.1812, 0.1867, 0.1914, 0.1931, 0.1937, 0.1938, 0.1943, 0.1944, 0.1962, 0.1962]
Mean performance of vanilla ditto pooled, Perf=0.1956
Finished seed 46
----------------------------------------
All runs complete.
