Finished seed 42
----------------------------------------
Running seed 43
learning rate =  0.001
Round=0
Round=1
Round=2
Round=3
Round=4
Round=5
Round=6
Round=7
Round=8
Round=9
Round=10
Round=11
Round=12
Round=13
Round=14
Round=15
Round=16
Round=17
Round=18
Round=19
Round=20
Round=21
Round=22
Round=23
Round=24
Round=25
Round=26
Round=27
Round=28
Round=29
Round=29, per client global perf=[0.4728, 0.3606, 0.5596, 0.5397, 0.5343, 0.4924, 0.5556, 0.6094, 0.5146, 0.2939], mean perf=8727/17005 (0.5132%)
Round=29, per client personal perf=[0.572, 0.4764, 0.5638, 0.7228, 0.4351, 0.508, 0.5295, 0.4444, 0.3578, 0.4557], mean perf=8599/17005 (0.5057%)
Round=29, per client personal pooled=[0.2243, 0.1965, 0.2094, 0.1849, 0.2706, 0.2051, 0.2111, 0.2753, 0.2354, 0.2054], mean perf=37716/170050 (0.2218%)
All rounds performance of vanilla ditto global, Perf=[0.0996, 0.1002, 0.1569, 0.175, 0.1848, 0.2365, 0.2641, 0.251, 0.2976, 0.2973, 0.3265, 0.345, 0.363, 0.3584, 0.3675, 0.3768, 0.3634, 0.3989, 0.4302, 0.4332, 0.4479, 0.4473, 0.4643, 0.4578, 0.4543, 0.491, 0.4926, 0.4787, 0.4964, 0.5132]
Mean performance of vanilla ditto global, Perf=0.4961
All rounds performance of vanilla ditto personal, Perf=[0.3033, 0.3462, 0.3532, 0.3269, 0.3014, 0.2991, 0.3569, 0.3798, 0.3569, 0.3922, 0.4161, 0.419, 0.451, 0.4473, 0.4513, 0.4731, 0.4716, 0.4963, 0.4766, 0.4728, 0.4633, 0.4742, 0.4897, 0.496, 0.505, 0.5013, 0.5069, 0.5167, 0.5124, 0.5057]
Mean performance of vanilla ditto personal, Perf=0.5116
All rounds performance of vanilla ditto pooled, Perf=[0.1005, 0.1001, 0.1041, 0.1051, 0.1106, 0.1143, 0.1203, 0.1301, 0.1369, 0.1383, 0.1415, 0.1385, 0.1602, 0.1617, 0.1691, 0.1734, 0.1813, 0.178, 0.1929, 0.185, 0.187, 0.181, 0.2046, 0.2022, 0.2075, 0.2091, 0.205, 0.2163, 0.2143, 0.2218]
Mean performance of vanilla ditto pooled, Perf=0.2175
Finished seed 43
----------------------------------------
Running seed 44
learning rate =  0.001
Round=0
Round=1
Round=2
Round=3
Round=4
Round=5
Round=6
Round=7
Round=8
Round=9
Round=10
Round=11
Round=12
Round=13
Round=14
Round=15
Round=16
Round=17
Round=18
Round=19
Round=20
Round=21
Round=22
Round=23
Round=24
Round=25
Round=26
Round=27
Round=28
Round=29
Round=29, per client global perf=[0.4455, 0.3676, 0.5294, 0.4761, 0.5622, 0.4646, 0.5095, 0.6189, 0.5164, 0.3113], mean perf=8489/17005 (0.4992%)
Round=29, per client personal perf=[0.5525, 0.4743, 0.6384, 0.6959, 0.5566, 0.5205, 0.458, 0.4598, 0.488, 0.5948], mean perf=8925/17005 (0.5248%)
Round=29, per client personal pooled=[0.2172, 0.1694, 0.243, 0.1745, 0.1894, 0.2269, 0.198, 0.2928, 0.244, 0.1949], mean perf=36561/170050 (0.2150%)
All rounds performance of vanilla ditto global, Perf=[0.1002, 0.1464, 0.1595, 0.1788, 0.2037, 0.1976, 0.2172, 0.2435, 0.2601, 0.2626, 0.2833, 0.2843, 0.3156, 0.352, 0.3608, 0.3748, 0.3807, 0.3898, 0.3924, 0.4153, 0.4223, 0.4449, 0.4364, 0.4579, 0.4576, 0.4759, 0.477, 0.4592, 0.4796, 0.4992]
Mean performance of vanilla ditto global, Perf=0.4793
All rounds performance of vanilla ditto personal, Perf=[0.2711, 0.2637, 0.33, 0.284, 0.2951, 0.3456, 0.3785, 0.3779, 0.3857, 0.3989, 0.3765, 0.4102, 0.4129, 0.4349, 0.4333, 0.4369, 0.4539, 0.4543, 0.4643, 0.4667, 0.4789, 0.4995, 0.4807, 0.501, 0.4833, 0.5038, 0.4984, 0.52, 0.4983, 0.5248]
Mean performance of vanilla ditto personal, Perf=0.5144
All rounds performance of vanilla ditto pooled, Perf=[0.1013, 0.1008, 0.1002, 0.101, 0.1059, 0.1178, 0.1343, 0.1325, 0.1395, 0.1454, 0.1409, 0.1485, 0.1501, 0.1592, 0.1641, 0.1631, 0.1771, 0.1803, 0.1894, 0.1933, 0.1906, 0.199, 0.195, 0.2094, 0.2003, 0.2052, 0.219, 0.2263, 0.2193, 0.215]
Mean performance of vanilla ditto pooled, Perf=0.2202
Finished seed 44
----------------------------------------
Running seed 45
learning rate =  0.001
Round=0
Round=1
Round=2
Round=3
Round=4
Round=5
Round=6
Round=7
Round=8
Round=9
Round=10
Round=11
Round=12
Round=13
Round=14
Round=15
Round=16
Round=17
Round=18
Round=19
Round=20
Round=21
Round=22
Round=23
Round=24
Round=25
Round=26
Round=27
Round=28
Round=29
Round=29, per client global perf=[0.5953, 0.4312, 0.4975, 0.4955, 0.3701, 0.5, 0.6191, 0.4817, 0.5784, 0.4435], mean perf=8459/17005 (0.4974%)
Round=29, per client personal perf=[0.572, 0.4678, 0.4471, 0.7033, 0.5288, 0.502, 0.5415, 0.3768, 0.3995, 0.5496], mean perf=8363/17005 (0.4918%)
Round=29, per client personal pooled=[0.28, 0.1995, 0.2398, 0.1753, 0.2527, 0.2028, 0.216, 0.2296, 0.2625, 0.2209], mean perf=38757/170050 (0.2279%)
All rounds performance of vanilla ditto global, Perf=[0.0989, 0.116, 0.1494, 0.1659, 0.2012, 0.2006, 0.2436, 0.2619, 0.2867, 0.3171, 0.3267, 0.3611, 0.3813, 0.3635, 0.3881, 0.3897, 0.3999, 0.4093, 0.4021, 0.4196, 0.4535, 0.4554, 0.4341, 0.4599, 0.4679, 0.4951, 0.4789, 0.4895, 0.4882, 0.4974]
Mean performance of vanilla ditto global, Perf=0.4917
All rounds performance of vanilla ditto personal, Perf=[0.2817, 0.3429, 0.3371, 0.2873, 0.3017, 0.314, 0.301, 0.3821, 0.4009, 0.4131, 0.4112, 0.4571, 0.4499, 0.4319, 0.466, 0.4802, 0.4833, 0.4833, 0.4881, 0.485, 0.4877, 0.4854, 0.4933, 0.501, 0.5173, 0.5057, 0.5045, 0.5146, 0.4894, 0.4918]
Mean performance of vanilla ditto personal, Perf=0.4986
All rounds performance of vanilla ditto pooled, Perf=[0.1011, 0.1002, 0.1001, 0.1022, 0.1151, 0.1115, 0.1272, 0.1376, 0.1448, 0.1476, 0.1508, 0.1617, 0.1575, 0.1562, 0.1729, 0.1765, 0.1848, 0.1833, 0.1934, 0.1992, 0.1981, 0.1906, 0.2011, 0.2056, 0.2124, 0.218, 0.2197, 0.217, 0.2178, 0.2279]
Mean performance of vanilla ditto pooled, Perf=0.2209
Finished seed 45
----------------------------------------
Running seed 46
learning rate =  0.001
Round=0
Round=1
Round=2
Round=3
Round=4
Round=5
Round=6
Round=7
Round=8
Round=9
Round=10
Round=11
Round=12
Round=13
Round=14
Round=15
Round=16
Round=17
Round=18
Round=19
Round=20
Round=21
Round=22
Round=23
Round=24
Round=25
Round=26
Round=27
Round=28
Round=29
Round=29, per client global perf=[0.4728, 0.4353, 0.5789, 0.2898, 0.4481, 0.5205, 0.5185, 0.5786, 0.5633, 0.4157], mean perf=8371/17005 (0.4923%)
Round=29, per client personal perf=[0.5681, 0.4719, 0.5344, 0.7086, 0.5612, 0.5402, 0.5225, 0.4398, 0.4517, 0.6487], mean perf=8926/17005 (0.5249%)
Round=29, per client personal pooled=[0.2673, 0.1753, 0.2479, 0.1822, 0.2256, 0.2521, 0.1919, 0.2729, 0.2672, 0.2195], mean perf=39145/170050 (0.2302%)
All rounds performance of vanilla ditto global, Perf=[0.0996, 0.1455, 0.1638, 0.1976, 0.2275, 0.2191, 0.2405, 0.2417, 0.2553, 0.2876, 0.2887, 0.3355, 0.3254, 0.3661, 0.3751, 0.3877, 0.4111, 0.4288, 0.4264, 0.4395, 0.447, 0.458, 0.4482, 0.4721, 0.4607, 0.463, 0.4909, 0.4767, 0.5061, 0.4923]
Mean performance of vanilla ditto global, Perf=0.4917
All rounds performance of vanilla ditto personal, Perf=[0.3222, 0.3289, 0.3186, 0.3517, 0.339, 0.3051, 0.3755, 0.4176, 0.443, 0.4232, 0.4309, 0.456, 0.461, 0.4857, 0.4856, 0.4883, 0.4858, 0.458, 0.5007, 0.4984, 0.4913, 0.4856, 0.4941, 0.5164, 0.533, 0.5277, 0.5311, 0.5292, 0.5297, 0.5249]
Mean performance of vanilla ditto personal, Perf=0.5279
All rounds performance of vanilla ditto pooled, Perf=[0.099, 0.0995, 0.1006, 0.1066, 0.1147, 0.1182, 0.1231, 0.1363, 0.1539, 0.1413, 0.1513, 0.1628, 0.1644, 0.1727, 0.1788, 0.1739, 0.1826, 0.1824, 0.1848, 0.1858, 0.1935, 0.2045, 0.2036, 0.2075, 0.2208, 0.2243, 0.22, 0.2227, 0.2251, 0.2302]
Mean performance of vanilla ditto pooled, Perf=0.2260
Finished seed 46
----------------------------------------
All runs complete.
