Running seed 42
Round=0
Round=1
Round=2
Round=3
Round=4
Round=5
Round=6
Round=7
Round=8
Round=9
Round=10
Round=11
Round=12
Round=13
Round=14
Round=14, per client global perf=[0.9118, 0.9167, 0.8902, 0.877, 0.9549, 0.949, 0.9564, 0.9147, 0.9009, 0.7977], mean perf=18178/20014 (0.9083%)
Round=14, per client personal perf=[0.951, 0.9539, 0.9147, 0.9377, 0.9784, 0.9642, 0.9615, 0.9676, 0.9289, 0.868], mean perf=18885/20014 (0.9436%)
Round=14, per client personal pooled=[0.452, 0.4657, 0.4676, 0.4668, 0.4799, 0.476, 0.4843, 0.4721, 0.4672, 0.382], mean perf=92337/200140 (0.4614%)
All rounds performance of vanilla ditto global, Perf=[0.2421, 0.4259, 0.4975, 0.7604, 0.73, 0.7857, 0.5885, 0.6309, 0.872, 0.8692, 0.8021, 0.7482, 0.8653, 0.8899, 0.9083]
Mean performance of vanilla ditto global, Perf=0.8878
All rounds performance of vanilla ditto personal, Perf=[0.2393, 0.3399, 0.5264, 0.6179, 0.7397, 0.7943, 0.8034, 0.8252, 0.8405, 0.913, 0.923, 0.9298, 0.9366, 0.9413, 0.9436]
Mean performance of vanilla ditto personal, Perf=0.9405
All rounds performance of vanilla ditto pooled, Perf=[0.1369, 0.176, 0.2555, 0.3028, 0.3608, 0.3867, 0.393, 0.4032, 0.4115, 0.4476, 0.4524, 0.4561, 0.4587, 0.4607, 0.4614]
Mean performance of vanilla ditto pooled, Perf=0.4603
Finished seed 42
----------------------------------------
Running seed 43
Round=0
Round=1
Round=2
Round=3
Round=4
Round=5
Round=6
Round=7
Round=8
Round=9
Round=10
Round=11
Round=12
Round=13
Round=14
Round=14, per client global perf=[0.9049, 0.8539, 0.9103, 0.9652, 0.8475, 0.8201, 0.824, 0.9642, 0.8848, 0.7994], mean perf=17586/20014 (0.8787%)
Round=14, per client personal perf=[0.9382, 0.9431, 0.948, 0.9618, 0.9632, 0.9647, 0.9457, 0.8275, 0.9004, 0.7926], mean perf=18417/20014 (0.9202%)
Round=14, per client personal pooled=[0.4504, 0.4632, 0.4804, 0.4801, 0.4753, 0.4785, 0.4708, 0.4144, 0.4528, 0.4262], mean perf=91905/200140 (0.4592%)
All rounds performance of vanilla ditto global, Perf=[0.3269, 0.4269, 0.5502, 0.6349, 0.8538, 0.8081, 0.8605, 0.8034, 0.8061, 0.9143, 0.8977, 0.8767, 0.7249, 0.8665, 0.8787]
Mean performance of vanilla ditto global, Perf=0.8234
All rounds performance of vanilla ditto personal, Perf=[0.2758, 0.4251, 0.5482, 0.6497, 0.7238, 0.8186, 0.8416, 0.8472, 0.8549, 0.8932, 0.8987, 0.9079, 0.9088, 0.9118, 0.9202]
Mean performance of vanilla ditto personal, Perf=0.9136
All rounds performance of vanilla ditto pooled, Perf=[0.1409, 0.2066, 0.2671, 0.3166, 0.3527, 0.3984, 0.4112, 0.4147, 0.4174, 0.4358, 0.4399, 0.4443, 0.4447, 0.453, 0.4592]
Mean performance of vanilla ditto pooled, Perf=0.4523
Finished seed 43
----------------------------------------
Running seed 44
Round=0
Round=1
Round=2
Round=3
Round=4
Round=5
Round=6
Round=7
Round=8
Round=9
Round=10
Round=11
Round=12
Round=13
Round=14
Round=14, per client global perf=[0.7642, 0.9794, 0.7721, 0.7804, 0.9804, 0.949, 0.9701, 0.7569, 0.7301, 0.7926], mean perf=16974/20014 (0.8481%)
Round=14, per client personal perf=[0.9696, 0.9627, 0.9466, 0.8054, 0.9833, 0.9529, 0.9493, 0.9426, 0.9029, 0.8686], mean perf=18597/20014 (0.9292%)
Round=14, per client personal pooled=[0.4634, 0.4729, 0.4807, 0.4092, 0.4823, 0.4744, 0.4765, 0.4607, 0.454, 0.3899], mean perf=91341/200140 (0.4564%)
All rounds performance of vanilla ditto global, Perf=[0.123, 0.4375, 0.598, 0.6828, 0.6611, 0.8261, 0.8701, 0.7785, 0.8363, 0.9254, 0.831, 0.8491, 0.881, 0.9144, 0.8481]
Mean performance of vanilla ditto global, Perf=0.8812
All rounds performance of vanilla ditto personal, Perf=[0.2896, 0.3986, 0.5808, 0.6463, 0.6571, 0.7573, 0.8019, 0.8374, 0.8527, 0.8574, 0.8664, 0.8686, 0.914, 0.9245, 0.9292]
Mean performance of vanilla ditto personal, Perf=0.9226
All rounds performance of vanilla ditto pooled, Perf=[0.1646, 0.2038, 0.2907, 0.3227, 0.3258, 0.3664, 0.3902, 0.4084, 0.4173, 0.4189, 0.4239, 0.4256, 0.4489, 0.4533, 0.4564]
Mean performance of vanilla ditto pooled, Perf=0.4529
Finished seed 44
----------------------------------------
Running seed 45
Round=0
Round=1
Round=2
Round=3
Round=4
Round=5
Round=6
Round=7
Round=8
Round=9
Round=10
Round=11
Round=12
Round=13
Round=14
Round=14, per client global perf=[0.9074, 0.8691, 0.9358, 0.8838, 0.9201, 0.9328, 0.9371, 0.9495, 0.9219, 0.7847], mean perf=18127/20014 (0.9057%)
Round=14, per client personal perf=[0.9377, 0.9353, 0.9407, 0.9098, 0.9735, 0.9647, 0.9518, 0.9245, 0.9254, 0.8306], mean perf=18627/20014 (0.9307%)
Round=14, per client personal pooled=[0.4474, 0.4575, 0.4778, 0.459, 0.48, 0.479, 0.4795, 0.4513, 0.4671, 0.4319], mean perf=92675/200140 (0.4631%)
All rounds performance of vanilla ditto global, Perf=[0.4345, 0.3269, 0.6201, 0.4005, 0.5156, 0.8463, 0.7572, 0.8615, 0.7992, 0.8037, 0.877, 0.9032, 0.8842, 0.8338, 0.9057]
Mean performance of vanilla ditto global, Perf=0.8746
All rounds performance of vanilla ditto personal, Perf=[0.1698, 0.2038, 0.4226, 0.553, 0.5997, 0.7525, 0.7781, 0.8483, 0.8662, 0.8798, 0.9077, 0.9254, 0.9301, 0.9271, 0.9307]
Mean performance of vanilla ditto personal, Perf=0.9293
All rounds performance of vanilla ditto pooled, Perf=[0.1423, 0.1525, 0.224, 0.284, 0.2897, 0.3668, 0.3792, 0.4141, 0.4228, 0.4296, 0.4445, 0.4516, 0.4553, 0.4573, 0.4631]
Mean performance of vanilla ditto pooled, Perf=0.4586
Finished seed 45
----------------------------------------
Running seed 46
Round=0
Round=1
Round=2
Round=3
Round=4
Round=5
Round=6
Round=7
Round=8
Round=9
Round=10
Round=11
Round=12
Round=13
Round=14
Round=14, per client global perf=[0.9534, 0.9289, 0.95, 0.9662, 0.9343, 0.9162, 0.9168, 0.95, 0.9009, 0.7989], mean perf=18479/20014 (0.9233%)
Round=14, per client personal perf=[0.9515, 0.9397, 0.9407, 0.952, 0.9652, 0.9539, 0.9493, 0.9588, 0.9239, 0.8629], mean perf=18830/20014 (0.9408%)
Round=14, per client personal pooled=[0.4522, 0.4581, 0.4805, 0.476, 0.4746, 0.475, 0.4783, 0.4653, 0.4657, 0.3928], mean perf=92432/200140 (0.4618%)
All rounds performance of vanilla ditto global, Perf=[0.1875, 0.1214, 0.5479, 0.4624, 0.7821, 0.7991, 0.8573, 0.8062, 0.7155, 0.808, 0.8277, 0.89, 0.9237, 0.8764, 0.9233]
Mean performance of vanilla ditto global, Perf=0.9078
All rounds performance of vanilla ditto personal, Perf=[0.1834, 0.3423, 0.4943, 0.6289, 0.7625, 0.8069, 0.8393, 0.8823, 0.8978, 0.9178, 0.9262, 0.9302, 0.9376, 0.9398, 0.9408]
Mean performance of vanilla ditto personal, Perf=0.9394
All rounds performance of vanilla ditto pooled, Perf=[0.1341, 0.1942, 0.258, 0.3124, 0.3738, 0.3944, 0.4101, 0.4302, 0.4371, 0.4503, 0.4529, 0.4557, 0.4582, 0.4597, 0.4618]
Mean performance of vanilla ditto pooled, Perf=0.4599
Finished seed 46
----------------------------------------
All runs complete.
