Running seed 42
learning rate =  0.001
Round=0
Round=1
Round=2
Round=3
Round=4
Round=5
Round=6
Round=7
Round=8
Round=9
Round=10
Round=11
Round=12
Round=13
Round=14
Round=14, per client global perf=[0.8304, 0.7142, 0.6613, 0.8833, 0.7426, 0.8593, 0.8152, 0.6632, 0.8505, 0.6382], mean perf=15623/20400 (0.7658%)
Round=14, per client personal perf=[0.9392, 0.8098, 0.7466, 0.8642, 0.8206, 0.8892, 0.8436, 0.8025, 0.8779, 0.8485], mean perf=17222/20400 (0.8442%)
Round=14, per client personal pooled=[0.4675, 0.4035, 0.3813, 0.436, 0.4163, 0.4439, 0.4211, 0.4089, 0.4374, 0.425], mean perf=86515/204000 (0.4241%)
All rounds performance of vanilla ditto global, Perf=[0.2736, 0.4484, 0.3936, 0.4603, 0.5177, 0.6639, 0.4639, 0.5916, 0.6429, 0.7197, 0.6774, 0.6525, 0.5675, 0.6263, 0.7658]
Mean performance of vanilla ditto global, Perf=0.6532
All rounds performance of vanilla ditto personal, Perf=[0.2951, 0.4472, 0.5508, 0.695, 0.742, 0.759, 0.7655, 0.7822, 0.7975, 0.8253, 0.8305, 0.8384, 0.8384, 0.8389, 0.8442]
Mean performance of vanilla ditto personal, Perf=0.8405
All rounds performance of vanilla ditto pooled, Perf=[0.178, 0.2441, 0.2963, 0.3485, 0.3713, 0.3807, 0.3833, 0.392, 0.3996, 0.4149, 0.4173, 0.421, 0.421, 0.4221, 0.4241]
Mean performance of vanilla ditto pooled, Perf=0.4224
Finished seed 42
----------------------------------------
Running seed 43
learning rate =  0.001
Round=0
Round=1
Round=2
Round=3
Round=4
Round=5
Round=6
Round=7
Round=8
Round=9
Round=10
Round=11
Round=12
Round=13
Round=14
Round=14, per client global perf=[0.875, 0.6123, 0.6696, 0.5255, 0.5725, 0.802, 0.4544, 0.7127, 0.5103, 0.8549], mean perf=13442/20400 (0.6589%)
Round=14, per client personal perf=[0.9392, 0.8078, 0.7485, 0.8897, 0.7799, 0.8833, 0.8172, 0.7623, 0.85, 0.851], mean perf=16991/20400 (0.8329%)
Round=14, per client personal pooled=[0.4667, 0.405, 0.3832, 0.4483, 0.3883, 0.4421, 0.4121, 0.3849, 0.4256, 0.4276], mean perf=85351/204000 (0.4184%)
All rounds performance of vanilla ditto global, Perf=[0.1915, 0.3205, 0.4439, 0.5452, 0.4531, 0.532, 0.5968, 0.5122, 0.5438, 0.5355, 0.6765, 0.658, 0.6035, 0.7625, 0.6589]
Mean performance of vanilla ditto global, Perf=0.6750
All rounds performance of vanilla ditto personal, Perf=[0.3638, 0.5041, 0.6069, 0.69, 0.7257, 0.7507, 0.7716, 0.7765, 0.7782, 0.7991, 0.8003, 0.8108, 0.8118, 0.8272, 0.8329]
Mean performance of vanilla ditto personal, Perf=0.8240
All rounds performance of vanilla ditto pooled, Perf=[0.1929, 0.2638, 0.3048, 0.3474, 0.3637, 0.3767, 0.3869, 0.389, 0.3903, 0.4019, 0.4014, 0.4061, 0.4069, 0.4151, 0.4184]
Mean performance of vanilla ditto pooled, Perf=0.4135
Finished seed 43
----------------------------------------
Running seed 44
learning rate =  0.001
Round=0
Round=1
Round=2
Round=3
Round=4
Round=5
Round=6
Round=7
Round=8
Round=9
Round=10
Round=11
Round=12
Round=13
Round=14
Round=14, per client global perf=[0.6147, 0.7196, 0.6588, 0.5574, 0.7108, 0.5975, 0.5907, 0.6858, 0.5118, 0.5809], mean perf=12705/20400 (0.6228%)
Round=14, per client personal perf=[0.9412, 0.8211, 0.7789, 0.8157, 0.8343, 0.8716, 0.7931, 0.7966, 0.8627, 0.848], mean perf=17061/20400 (0.8363%)
Round=14, per client personal pooled=[0.4684, 0.4105, 0.395, 0.4031, 0.4213, 0.4368, 0.3978, 0.4011, 0.4307, 0.4242], mean perf=85455/204000 (0.4189%)
All rounds performance of vanilla ditto global, Perf=[0.3525, 0.2521, 0.4692, 0.514, 0.3745, 0.5631, 0.6739, 0.5763, 0.6658, 0.4189, 0.7087, 0.6265, 0.724, 0.6983, 0.6228]
Mean performance of vanilla ditto global, Perf=0.6817
All rounds performance of vanilla ditto personal, Perf=[0.4009, 0.5521, 0.5991, 0.6817, 0.6884, 0.7421, 0.7695, 0.7821, 0.7963, 0.798, 0.808, 0.8108, 0.8302, 0.8319, 0.8363]
Mean performance of vanilla ditto personal, Perf=0.8328
All rounds performance of vanilla ditto pooled, Perf=[0.223, 0.2791, 0.3032, 0.3429, 0.3462, 0.3733, 0.3861, 0.393, 0.3991, 0.4009, 0.406, 0.4068, 0.4168, 0.417, 0.4189]
Mean performance of vanilla ditto pooled, Perf=0.4176
Finished seed 44
----------------------------------------
Running seed 45
learning rate =  0.001
Round=0
Round=1
Round=2
Round=3
Round=4
Round=5
Round=6
Round=7
Round=8
Round=9
Round=10
Round=11
Round=12
Round=13
Round=14
Round=14, per client global perf=[0.7083, 0.5113, 0.5338, 0.8201, 0.6873, 0.7123, 0.7936, 0.752, 0.8417, 0.623], mean perf=14246/20400 (0.6983%)
Round=14, per client personal perf=[0.9196, 0.8044, 0.75, 0.826, 0.8034, 0.8961, 0.8319, 0.7686, 0.8897, 0.8515], mean perf=17016/20400 (0.8341%)
Round=14, per client personal pooled=[0.4581, 0.4028, 0.3823, 0.4072, 0.403, 0.4479, 0.4181, 0.3922, 0.4441, 0.4275], mean perf=85336/204000 (0.4183%)
All rounds performance of vanilla ditto global, Perf=[0.4138, 0.2827, 0.49, 0.4469, 0.4511, 0.5217, 0.6391, 0.6035, 0.639, 0.6506, 0.6464, 0.7205, 0.7584, 0.6525, 0.6983]
Mean performance of vanilla ditto global, Perf=0.7031
All rounds performance of vanilla ditto personal, Perf=[0.0962, 0.1763, 0.4641, 0.5547, 0.6558, 0.7185, 0.7408, 0.7789, 0.7861, 0.7925, 0.806, 0.819, 0.8257, 0.8282, 0.8341]
Mean performance of vanilla ditto personal, Perf=0.8293
All rounds performance of vanilla ditto pooled, Perf=[0.0682, 0.1028, 0.2362, 0.2814, 0.3286, 0.3605, 0.372, 0.3908, 0.3948, 0.3977, 0.4043, 0.4108, 0.4151, 0.4151, 0.4183]
Mean performance of vanilla ditto pooled, Perf=0.4162
Finished seed 45
----------------------------------------
Running seed 46
learning rate =  0.001
Round=0
Round=1
Round=2
Round=3
Round=4
Round=5
Round=6
Round=7
Round=8
Round=9
Round=10
Round=11
Round=12
Round=13
Round=14
Round=14, per client global perf=[0.8809, 0.7701, 0.7662, 0.5657, 0.5456, 0.7608, 0.5583, 0.6735, 0.573, 0.8162], mean perf=14097/20400 (0.6910%)
Round=14, per client personal perf=[0.9309, 0.8029, 0.7667, 0.8809, 0.7966, 0.8863, 0.8412, 0.8284, 0.8833, 0.8431], mean perf=17259/20400 (0.8460%)
Round=14, per client personal pooled=[0.4631, 0.4021, 0.3864, 0.4413, 0.4042, 0.443, 0.424, 0.4197, 0.4428, 0.4211], mean perf=86654/204000 (0.4248%)
All rounds performance of vanilla ditto global, Perf=[0.1669, 0.2768, 0.5022, 0.3165, 0.6004, 0.5942, 0.6079, 0.5649, 0.5552, 0.5695, 0.5394, 0.6842, 0.7363, 0.5967, 0.691]
Mean performance of vanilla ditto global, Perf=0.6747
All rounds performance of vanilla ditto personal, Perf=[0.2451, 0.5107, 0.6111, 0.6744, 0.759, 0.7853, 0.7948, 0.8022, 0.8139, 0.8242, 0.8323, 0.8293, 0.8372, 0.8413, 0.846]
Mean performance of vanilla ditto personal, Perf=0.8415
All rounds performance of vanilla ditto pooled, Perf=[0.1664, 0.2591, 0.3075, 0.3384, 0.3819, 0.3944, 0.4003, 0.4034, 0.4089, 0.4144, 0.4173, 0.4164, 0.4209, 0.4235, 0.4248]
Mean performance of vanilla ditto pooled, Perf=0.4231
Finished seed 46
----------------------------------------
All runs complete.
