Running seed 42
learning rate =  0.001
Round=0
Round=1
Round=2
Round=3
Round=4
Round=5
Round=6
Round=7
Round=8
Round=9
Round=10
Round=11
Round=12
Round=13
Round=14
Round=14, per client global perf=[0.8153, 0.7929, 0.7701, 0.8996, 0.8716, 0.8173, 0.8788, 0.8359, 0.847, 0.7918], mean perf=17000/20406 (0.8331%)
Round=14, per client personal perf=[0.7745, 0.8592, 0.8873, 0.8845, 0.8528, 0.7789, 0.8603, 0.835, 0.8229, 0.781], mean perf=16732/20406 (0.8200%)
Round=14, per client personal pooled=[0.7094, 0.4746, 0.3889, 0.5362, 0.6806, 0.713, 0.5676, 0.6243, 0.6333, 0.4547], mean perf=117999/204060 (0.5783%)
All rounds performance of vanilla ditto global, Perf=[0.3792, 0.5814, 0.7301, 0.747, 0.7324, 0.7269, 0.7378, 0.759, 0.789, 0.7704, 0.7898, 0.7943, 0.8032, 0.8029, 0.8331]
Mean performance of vanilla ditto global, Perf=0.8131
All rounds performance of vanilla ditto personal, Perf=[0.2889, 0.4273, 0.4918, 0.6288, 0.7012, 0.7235, 0.7345, 0.7622, 0.7765, 0.7917, 0.7969, 0.8032, 0.812, 0.8169, 0.82]
Mean performance of vanilla ditto personal, Perf=0.8163
All rounds performance of vanilla ditto pooled, Perf=[0.1319, 0.1718, 0.2315, 0.313, 0.3773, 0.403, 0.4295, 0.4601, 0.4901, 0.5214, 0.5388, 0.5445, 0.5652, 0.5703, 0.5783]
Mean performance of vanilla ditto pooled, Perf=0.5713
Finished seed 42
----------------------------------------
Running seed 43
learning rate =  0.001
Round=0
Round=1
Round=2
Round=3
Round=4
Round=5
Round=6
Round=7
Round=8
Round=9
Round=10
Round=11
Round=12
Round=13
Round=14
Round=14, per client global perf=[0.8417, 0.8511, 0.8712, 0.9192, 0.7582, 0.6694, 0.8626, 0.7561, 0.6522, 0.6835], mean perf=15848/20406 (0.7766%)
Round=14, per client personal perf=[0.786, 0.8576, 0.8917, 0.8983, 0.754, 0.7706, 0.836, 0.5984, 0.75, 0.8092], mean perf=16165/20406 (0.7922%)
Round=14, per client personal pooled=[0.7155, 0.4578, 0.4226, 0.5692, 0.4436, 0.71, 0.4529, 0.3019, 0.3622, 0.4694], mean perf=100093/204060 (0.4905%)
All rounds performance of vanilla ditto global, Perf=[0.2944, 0.5777, 0.679, 0.7089, 0.7454, 0.7398, 0.7828, 0.7394, 0.7402, 0.7659, 0.7759, 0.7622, 0.7825, 0.8226, 0.7766]
Mean performance of vanilla ditto global, Perf=0.7939
All rounds performance of vanilla ditto personal, Perf=[0.3188, 0.4241, 0.5435, 0.628, 0.6802, 0.722, 0.7371, 0.7435, 0.7509, 0.7599, 0.7669, 0.7731, 0.774, 0.7865, 0.7922]
Mean performance of vanilla ditto personal, Perf=0.7842
All rounds performance of vanilla ditto pooled, Perf=[0.1342, 0.1586, 0.2182, 0.2984, 0.3415, 0.375, 0.4054, 0.4141, 0.4182, 0.4296, 0.4355, 0.4532, 0.4504, 0.4782, 0.4905]
Mean performance of vanilla ditto pooled, Perf=0.4730
Finished seed 43
----------------------------------------
Running seed 44
learning rate =  0.001
Round=0
Round=1
Round=2
Round=3
Round=4
Round=5
Round=6
Round=7
Round=8
Round=9
Round=10
Round=11
Round=12
Round=13
Round=14
Round=14, per client global perf=[0.8064, 0.7589, 0.7526, 0.893, 0.8878, 0.8438, 0.8672, 0.8468, 0.8237, 0.845], mean perf=17139/20406 (0.8399%)
Round=14, per client personal perf=[0.8024, 0.856, 0.8939, 0.8073, 0.8528, 0.7448, 0.8176, 0.8051, 0.738, 0.8036], mean perf=16422/20406 (0.8048%)
Round=14, per client personal pooled=[0.7217, 0.4673, 0.4474, 0.3571, 0.7192, 0.6666, 0.4912, 0.6055, 0.2994, 0.4656], mean perf=106944/204060 (0.5241%)
All rounds performance of vanilla ditto global, Perf=[0.4973, 0.6195, 0.7312, 0.7314, 0.7342, 0.788, 0.7763, 0.798, 0.7912, 0.711, 0.7968, 0.7967, 0.7817, 0.8229, 0.8399]
Mean performance of vanilla ditto global, Perf=0.8148
All rounds performance of vanilla ditto personal, Perf=[0.3673, 0.4428, 0.5138, 0.6624, 0.6755, 0.7182, 0.7415, 0.7569, 0.7611, 0.7634, 0.7694, 0.7803, 0.7937, 0.8035, 0.8048]
Mean performance of vanilla ditto personal, Perf=0.8007
All rounds performance of vanilla ditto pooled, Perf=[0.174, 0.1927, 0.2555, 0.3431, 0.3652, 0.3935, 0.4121, 0.4454, 0.4581, 0.4692, 0.4841, 0.4946, 0.5034, 0.5212, 0.5241]
Mean performance of vanilla ditto pooled, Perf=0.5162
Finished seed 44
----------------------------------------
Running seed 45
learning rate =  0.001
Round=0
Round=1
Round=2
Round=3
Round=4
Round=5
Round=6
Round=7
Round=8
Round=9
Round=10
Round=11
Round=12
Round=13
Round=14
Round=14, per client global perf=[0.7606, 0.6861, 0.6779, 0.8806, 0.872, 0.8336, 0.8533, 0.8459, 0.8189, 0.8055], mean perf=16590/20406 (0.8130%)
Round=14, per client personal perf=[0.7675, 0.8641, 0.8865, 0.8517, 0.824, 0.7671, 0.8372, 0.7389, 0.7957, 0.8026], mean perf=16385/20406 (0.8030%)
Round=14, per client personal pooled=[0.6904, 0.4707, 0.4231, 0.4448, 0.6043, 0.6622, 0.5164, 0.5064, 0.5324, 0.4795], mean perf=108769/204060 (0.5330%)
All rounds performance of vanilla ditto global, Perf=[0.2842, 0.4453, 0.6487, 0.6668, 0.7411, 0.7696, 0.7609, 0.7412, 0.6952, 0.787, 0.7857, 0.7893, 0.8011, 0.8113, 0.813]
Mean performance of vanilla ditto global, Perf=0.8085
All rounds performance of vanilla ditto personal, Perf=[0.0741, 0.1775, 0.4113, 0.4417, 0.5887, 0.6879, 0.7101, 0.7389, 0.7464, 0.7667, 0.7877, 0.799, 0.7985, 0.8036, 0.803]
Mean performance of vanilla ditto personal, Perf=0.8017
All rounds performance of vanilla ditto pooled, Perf=[0.0481, 0.0681, 0.1672, 0.212, 0.2662, 0.3349, 0.3636, 0.4118, 0.4312, 0.463, 0.4908, 0.5042, 0.5182, 0.5364, 0.533]
Mean performance of vanilla ditto pooled, Perf=0.5292
Finished seed 45
----------------------------------------
Running seed 46
learning rate =  0.001
Round=0
Round=1
Round=2
Round=3
Round=4
Round=5
Round=6
Round=7
Round=8
Round=9
Round=10
Round=11
Round=12
Round=13
Round=14
Round=14, per client global perf=[0.8362, 0.8544, 0.8638, 0.9139, 0.7507, 0.6627, 0.8337, 0.7262, 0.6611, 0.6788], mean perf=15701/20406 (0.7694%)
Round=14, per client personal perf=[0.7698, 0.843, 0.8902, 0.8819, 0.8243, 0.7757, 0.8522, 0.8604, 0.8013, 0.797], mean perf=16629/20406 (0.8149%)
Round=14, per client personal pooled=[0.6849, 0.4464, 0.4211, 0.5328, 0.6172, 0.7064, 0.5558, 0.6397, 0.5555, 0.4955], mean perf=115403/204060 (0.5655%)
All rounds performance of vanilla ditto global, Perf=[0.2534, 0.6049, 0.6756, 0.7213, 0.7142, 0.7628, 0.7475, 0.7684, 0.7837, 0.8026, 0.8123, 0.805, 0.7861, 0.8018, 0.7694]
Mean performance of vanilla ditto global, Perf=0.7858
All rounds performance of vanilla ditto personal, Perf=[0.1936, 0.3796, 0.4882, 0.578, 0.6836, 0.7094, 0.7294, 0.7643, 0.7773, 0.7908, 0.7989, 0.8057, 0.8116, 0.8135, 0.8149]
Mean performance of vanilla ditto personal, Perf=0.8133
All rounds performance of vanilla ditto pooled, Perf=[0.1309, 0.1708, 0.2156, 0.2596, 0.3608, 0.4017, 0.4473, 0.4793, 0.4963, 0.516, 0.5358, 0.5425, 0.5454, 0.5529, 0.5655]
Mean performance of vanilla ditto pooled, Perf=0.5546
Finished seed 46
----------------------------------------
All runs complete.
