Running seed 42
learning rate =  0.001
Round=0
Round=1
Round=2
Round=3
Round=4
Round=5
Round=6
Round=7
Round=8
Round=9
Round=10
Round=11
Round=12
Round=13
Round=14
Round=14, per client global perf=[0.9865, 0.9691, 0.9745, 0.9839, 0.98, 0.9732, 0.9841, 0.9704, 0.9752, 0.9712], mean perf=19960/20405 (0.9782%)
Round=14, per client personal perf=[0.9533, 0.9197, 0.8749, 0.9502, 0.9343, 0.9024, 0.9505, 0.949, 0.9348, 0.8812], mean perf=18973/20405 (0.9298%)
Round=14, per client personal pooled=[0.8038, 0.4424, 0.7252, 0.7436, 0.7976, 0.815, 0.7655, 0.6613, 0.7542, 0.4385], mean perf=141757/204050 (0.6947%)
All rounds performance of vanilla ditto global, Perf=[0.1568, 0.7251, 0.9034, 0.9373, 0.945, 0.9516, 0.9481, 0.9618, 0.9645, 0.9652, 0.9707, 0.9745, 0.9742, 0.9758, 0.9782]
Mean performance of vanilla ditto global, Perf=0.9761
All rounds performance of vanilla ditto personal, Perf=[0.1805, 0.2779, 0.3763, 0.5334, 0.6247, 0.699, 0.7141, 0.7842, 0.8219, 0.8753, 0.8841, 0.9017, 0.9182, 0.9237, 0.9298]
Mean performance of vanilla ditto personal, Perf=0.9239
All rounds performance of vanilla ditto pooled, Perf=[0.1022, 0.1294, 0.1502, 0.2305, 0.2773, 0.3353, 0.3546, 0.4259, 0.4871, 0.5463, 0.5669, 0.6149, 0.6599, 0.6741, 0.6947]
Mean performance of vanilla ditto pooled, Perf=0.6762
Finished seed 42
----------------------------------------
Running seed 43
learning rate =  0.001
Round=0
Round=1
Round=2
Round=3
Round=4
Round=5
Round=6
Round=7
Round=8
Round=9
Round=10
Round=11
Round=12
Round=13
Round=14
Round=14, per client global perf=[0.9787, 0.9758, 0.9762, 0.9869, 0.9621, 0.9732, 0.9642, 0.9696, 0.9736, 0.9727], mean perf=19873/20405 (0.9739%)
Round=14, per client personal perf=[0.9564, 0.9341, 0.8817, 0.9553, 0.8471, 0.9241, 0.9221, 0.6859, 0.8722, 0.9542], mean perf=18506/20405 (0.9069%)
Round=14, per client personal pooled=[0.7818, 0.4906, 0.7244, 0.7543, 0.5784, 0.8907, 0.6107, 0.2095, 0.5464, 0.6456], mean perf=127175/204050 (0.6233%)
All rounds performance of vanilla ditto global, Perf=[0.3049, 0.6744, 0.9152, 0.9361, 0.945, 0.9507, 0.9581, 0.9573, 0.9586, 0.9631, 0.9672, 0.9746, 0.9672, 0.9772, 0.9739]
Mean performance of vanilla ditto global, Perf=0.9728
All rounds performance of vanilla ditto personal, Perf=[0.2582, 0.4324, 0.5057, 0.6294, 0.7131, 0.778, 0.8252, 0.8295, 0.8371, 0.8491, 0.8638, 0.8806, 0.8832, 0.896, 0.9069]
Mean performance of vanilla ditto personal, Perf=0.8954
All rounds performance of vanilla ditto pooled, Perf=[0.1096, 0.1441, 0.1756, 0.2624, 0.3312, 0.4013, 0.4641, 0.4743, 0.4922, 0.5059, 0.5382, 0.564, 0.5825, 0.6079, 0.6233]
Mean performance of vanilla ditto pooled, Perf=0.6046
Finished seed 43
----------------------------------------
Running seed 44
learning rate =  0.001
Round=0
Round=1
Round=2
Round=3
Round=4
Round=5
Round=6
Round=7
Round=8
Round=9
Round=10
Round=11
Round=12
Round=13
Round=14
Round=14, per client global perf=[0.986, 0.9735, 0.9779, 0.9839, 0.9743, 0.9719, 0.9828, 0.9613, 0.9684, 0.9653], mean perf=19928/20405 (0.9766%)
Round=14, per client personal perf=[0.9497, 0.9543, 0.9422, 0.8273, 0.9429, 0.8928, 0.9169, 0.9359, 0.807, 0.9461], mean perf=18449/20405 (0.9041%)
Round=14, per client personal pooled=[0.8107, 0.5711, 0.8692, 0.4949, 0.8764, 0.8017, 0.6031, 0.5987, 0.432, 0.63], mean perf=136464/204050 (0.6688%)
All rounds performance of vanilla ditto global, Perf=[0.3321, 0.5419, 0.8746, 0.9312, 0.9292, 0.9543, 0.9624, 0.9621, 0.9678, 0.9637, 0.9703, 0.9708, 0.9751, 0.9738, 0.9766]
Mean performance of vanilla ditto global, Perf=0.9752
All rounds performance of vanilla ditto personal, Perf=[0.2732, 0.3689, 0.4489, 0.5958, 0.6115, 0.6681, 0.69, 0.7394, 0.803, 0.8073, 0.8345, 0.8446, 0.8799, 0.8999, 0.9041]
Mean performance of vanilla ditto personal, Perf=0.8946
All rounds performance of vanilla ditto pooled, Perf=[0.1372, 0.1535, 0.2162, 0.3105, 0.3367, 0.3761, 0.4164, 0.4515, 0.5087, 0.5298, 0.5833, 0.6003, 0.6349, 0.6643, 0.6688]
Mean performance of vanilla ditto pooled, Perf=0.6560
Finished seed 44
----------------------------------------
Running seed 45
learning rate =  0.001
Round=0
Round=1
Round=2
Round=3
Round=4
Round=5
Round=6
Round=7
Round=8
Round=9
Round=10
Round=11
Round=12
Round=13
Round=14
Round=14, per client global perf=[0.9855, 0.9641, 0.9717, 0.9764, 0.9757, 0.9694, 0.9833, 0.9605, 0.9741, 0.9661], mean perf=19881/20405 (0.9743%)
Round=14, per client personal perf=[0.9393, 0.9211, 0.8947, 0.8801, 0.925, 0.9343, 0.9328, 0.8331, 0.9255, 0.9476], mean perf=18652/20405 (0.9141%)
Round=14, per client personal pooled=[0.728, 0.4414, 0.8117, 0.599, 0.7909, 0.8963, 0.6442, 0.3518, 0.741, 0.6143], mean perf=135051/204050 (0.6619%)
All rounds performance of vanilla ditto global, Perf=[0.386, 0.6661, 0.9033, 0.9284, 0.9393, 0.9541, 0.9586, 0.961, 0.9587, 0.9668, 0.9704, 0.9718, 0.9732, 0.975, 0.9743]
Mean performance of vanilla ditto global, Perf=0.9742
All rounds performance of vanilla ditto personal, Perf=[0.1547, 0.1998, 0.3714, 0.48, 0.5532, 0.6337, 0.6719, 0.7537, 0.789, 0.8339, 0.8663, 0.8914, 0.9048, 0.9055, 0.9141]
Mean performance of vanilla ditto personal, Perf=0.9081
All rounds performance of vanilla ditto pooled, Perf=[0.128, 0.1214, 0.1415, 0.1864, 0.2211, 0.2859, 0.3301, 0.401, 0.4436, 0.5182, 0.5564, 0.6003, 0.6362, 0.6399, 0.6619]
Mean performance of vanilla ditto pooled, Perf=0.6460
Finished seed 45
----------------------------------------
Running seed 46
learning rate =  0.001
Round=0
Round=1
Round=2
Round=3
Round=4
Round=5
Round=6
Round=7
Round=8
Round=9
Round=10
Round=11
Round=12
Round=13
Round=14
Round=14, per client global perf=[0.985, 0.9686, 0.9762, 0.9851, 0.9671, 0.9572, 0.9757, 0.9572, 0.9648, 0.9506], mean perf=19825/20405 (0.9716%)
Round=14, per client personal perf=[0.9372, 0.9413, 0.9156, 0.9514, 0.8886, 0.9132, 0.9292, 0.9572, 0.9307, 0.9469], mean perf=19032/20405 (0.9327%)
Round=14, per client personal pooled=[0.7171, 0.5866, 0.7704, 0.7392, 0.6513, 0.8754, 0.6277, 0.6581, 0.8463, 0.636], mean perf=145040/204050 (0.7108%)
All rounds performance of vanilla ditto global, Perf=[0.3242, 0.8314, 0.9094, 0.9147, 0.9441, 0.9534, 0.9473, 0.9578, 0.964, 0.9688, 0.9627, 0.9693, 0.97, 0.9704, 0.9716]
Mean performance of vanilla ditto global, Perf=0.9707
All rounds performance of vanilla ditto personal, Perf=[0.1741, 0.3905, 0.4577, 0.5609, 0.6507, 0.7184, 0.7642, 0.8309, 0.8538, 0.8778, 0.8892, 0.9108, 0.9236, 0.9241, 0.9327]
Mean performance of vanilla ditto personal, Perf=0.9268
All rounds performance of vanilla ditto pooled, Perf=[0.1216, 0.1366, 0.1695, 0.2181, 0.2891, 0.3734, 0.4156, 0.4826, 0.5269, 0.5744, 0.5963, 0.6373, 0.6689, 0.6836, 0.7108]
Mean performance of vanilla ditto pooled, Perf=0.6878
Finished seed 46
----------------------------------------
All runs complete.
