Running seed 42
Round=0
Round=1
Round=2
Round=3
Round=4
Round=5
Round=6
Round=7
Round=8
Round=9
Round=10
Round=11
Round=12
Round=13
Round=14
Round=14, per client global perf=[0.9868, 0.9804, 0.9892, 0.9833, 0.9838, 0.9858, 0.9868, 0.9873, 0.9892, 0.9863], mean perf=20112/20400 (0.9859%)
Round=14, per client personal perf=[0.9373, 0.95, 0.9181, 0.9426, 0.9559, 0.9456, 0.9314, 0.9564, 0.9593, 0.9245], mean perf=19219/20400 (0.9421%)
Round=14, per client personal pooled=[0.9405, 0.9517, 0.9276, 0.9484, 0.9515, 0.9434, 0.9366, 0.9556, 0.9561, 0.9307], mean perf=192621/204000 (0.9442%)
All rounds performance of vanilla ditto global, Perf=[0.5126, 0.9607, 0.9729, 0.9774, 0.9778, 0.9806, 0.9821, 0.9816, 0.9833, 0.9836, 0.9822, 0.983, 0.9847, 0.984, 0.9859]
Mean performance of vanilla ditto global, Perf=0.9849
All rounds performance of vanilla ditto personal, Perf=[0.3115, 0.4619, 0.5871, 0.7368, 0.8268, 0.8564, 0.8659, 0.8732, 0.8802, 0.917, 0.9294, 0.9327, 0.9395, 0.9426, 0.9421]
Mean performance of vanilla ditto personal, Perf=0.9414
All rounds performance of vanilla ditto pooled, Perf=[0.3117, 0.4635, 0.5884, 0.7352, 0.8248, 0.8553, 0.8646, 0.8746, 0.8813, 0.9149, 0.9291, 0.9336, 0.9397, 0.9437, 0.9442]
Mean performance of vanilla ditto pooled, Perf=0.9425
Finished seed 42
----------------------------------------
Running seed 43
Round=0
Round=1
Round=2
Round=3
Round=4
Round=5
Round=6
Round=7
Round=8
Round=9
Round=10
Round=11
Round=12
Round=13
Round=14
Round=14, per client global perf=[0.9887, 0.9828, 0.9843, 0.9779, 0.9799, 0.9833, 0.9877, 0.9858, 0.9848, 0.9838], mean perf=20072/20400 (0.9839%)
Round=14, per client personal perf=[0.9554, 0.9549, 0.9402, 0.9289, 0.95, 0.9544, 0.9314, 0.9407, 0.9456, 0.9466], mean perf=19274/20400 (0.9448%)
Round=14, per client personal pooled=[0.9532, 0.9559, 0.9403, 0.9343, 0.9477, 0.9559, 0.9268, 0.9311, 0.9452, 0.9528], mean perf=192643/204000 (0.9443%)
All rounds performance of vanilla ditto global, Perf=[0.6652, 0.9579, 0.9713, 0.9763, 0.9769, 0.9804, 0.982, 0.9787, 0.9796, 0.98, 0.982, 0.9827, 0.9825, 0.9824, 0.9839]
Mean performance of vanilla ditto global, Perf=0.9829
All rounds performance of vanilla ditto personal, Perf=[0.4138, 0.6059, 0.7675, 0.8472, 0.8757, 0.8962, 0.9005, 0.9049, 0.907, 0.9273, 0.9302, 0.9322, 0.9357, 0.938, 0.9448]
Mean performance of vanilla ditto personal, Perf=0.9395
All rounds performance of vanilla ditto pooled, Perf=[0.4152, 0.6045, 0.7667, 0.8438, 0.8743, 0.8973, 0.9014, 0.9061, 0.9075, 0.9267, 0.9294, 0.9315, 0.9357, 0.9379, 0.9443]
Mean performance of vanilla ditto pooled, Perf=0.9393
Finished seed 43
----------------------------------------
Running seed 44
Round=0
Round=1
Round=2
Round=3
Round=4
Round=5
Round=6
Round=7
Round=8
Round=9
Round=10
Round=11
Round=12
Round=13
Round=14
Round=14, per client global perf=[0.9873, 0.9833, 0.9838, 0.9804, 0.9897, 0.9819, 0.9877, 0.9873, 0.9892, 0.9833], mean perf=20102/20400 (0.9854%)
Round=14, per client personal perf=[0.9451, 0.9618, 0.9495, 0.8667, 0.9647, 0.9157, 0.9475, 0.951, 0.9377, 0.95], mean perf=19155/20400 (0.9390%)
Round=14, per client personal pooled=[0.944, 0.9601, 0.952, 0.8778, 0.9612, 0.9223, 0.9463, 0.95, 0.9434, 0.9556], mean perf=192021/204000 (0.9413%)
All rounds performance of vanilla ditto global, Perf=[0.4404, 0.95, 0.9649, 0.9721, 0.9773, 0.9799, 0.9808, 0.9834, 0.9827, 0.9821, 0.9845, 0.9825, 0.9838, 0.9841, 0.9854]
Mean performance of vanilla ditto global, Perf=0.9844
All rounds performance of vanilla ditto personal, Perf=[0.4437, 0.5467, 0.6695, 0.7238, 0.7242, 0.8064, 0.8308, 0.8721, 0.8807, 0.8829, 0.8882, 0.8879, 0.9207, 0.9346, 0.939]
Mean performance of vanilla ditto personal, Perf=0.9314
All rounds performance of vanilla ditto pooled, Perf=[0.4458, 0.5491, 0.6676, 0.7236, 0.7235, 0.8056, 0.8284, 0.8699, 0.8796, 0.8823, 0.8876, 0.8884, 0.9217, 0.9378, 0.9413]
Mean performance of vanilla ditto pooled, Perf=0.9336
Finished seed 44
----------------------------------------
Running seed 45
Round=0
Round=1
Round=2
Round=3
Round=4
Round=5
Round=6
Round=7
Round=8
Round=9
Round=10
Round=11
Round=12
Round=13
Round=14
Round=14, per client global perf=[0.9882, 0.9853, 0.9848, 0.9789, 0.9838, 0.9838, 0.9853, 0.9873, 0.9858, 0.9819], mean perf=20084/20400 (0.9845%)
Round=14, per client personal perf=[0.9402, 0.9534, 0.95, 0.9299, 0.9534, 0.9539, 0.9461, 0.9338, 0.9417, 0.9559], mean perf=19295/20400 (0.9458%)
Round=14, per client personal pooled=[0.9387, 0.9486, 0.9492, 0.9353, 0.9497, 0.952, 0.943, 0.9281, 0.9484, 0.96], mean perf=192842/204000 (0.9453%)
All rounds performance of vanilla ditto global, Perf=[0.9214, 0.9611, 0.9703, 0.9741, 0.9743, 0.978, 0.978, 0.9814, 0.9814, 0.9821, 0.9843, 0.9833, 0.9846, 0.9848, 0.9845]
Mean performance of vanilla ditto global, Perf=0.9846
All rounds performance of vanilla ditto personal, Perf=[0.1873, 0.2817, 0.6123, 0.6842, 0.8001, 0.8567, 0.8681, 0.9039, 0.9059, 0.9127, 0.932, 0.945, 0.943, 0.9433, 0.9458]
Mean performance of vanilla ditto personal, Perf=0.9440
All rounds performance of vanilla ditto pooled, Perf=[0.1845, 0.2789, 0.6128, 0.6833, 0.8013, 0.8559, 0.868, 0.9033, 0.9055, 0.9134, 0.9326, 0.9443, 0.9425, 0.944, 0.9453]
Mean performance of vanilla ditto pooled, Perf=0.9439
Finished seed 45
----------------------------------------
Running seed 46
Round=0
Round=1
Round=2
Round=3
Round=4
Round=5
Round=6
Round=7
Round=8
Round=9
Round=10
Round=11
Round=12
Round=13
Round=14
Round=14, per client global perf=[0.9853, 0.9843, 0.9873, 0.9804, 0.9828, 0.9863, 0.9868, 0.9897, 0.9863, 0.9848], mean perf=20102/20400 (0.9854%)
Round=14, per client personal perf=[0.9373, 0.952, 0.9436, 0.9358, 0.9569, 0.9402, 0.9333, 0.9623, 0.9206, 0.9324], mean perf=19205/20400 (0.9414%)
Round=14, per client personal pooled=[0.9321, 0.9486, 0.945, 0.9381, 0.9525, 0.942, 0.9368, 0.9564, 0.9208, 0.9363], mean perf=191935/204000 (0.9409%)
All rounds performance of vanilla ditto global, Perf=[0.5314, 0.9557, 0.9707, 0.972, 0.9784, 0.98, 0.9798, 0.9816, 0.9812, 0.9823, 0.9845, 0.9858, 0.9851, 0.9847, 0.9854]
Mean performance of vanilla ditto global, Perf=0.9851
All rounds performance of vanilla ditto personal, Perf=[0.1689, 0.3691, 0.5687, 0.68, 0.8248, 0.8555, 0.8912, 0.9136, 0.9214, 0.9268, 0.9292, 0.9343, 0.9396, 0.9397, 0.9414]
Mean performance of vanilla ditto personal, Perf=0.9402
All rounds performance of vanilla ditto pooled, Perf=[0.17, 0.3713, 0.5747, 0.6816, 0.8249, 0.8563, 0.893, 0.9144, 0.9209, 0.927, 0.9301, 0.9347, 0.9395, 0.9392, 0.9409]
Mean performance of vanilla ditto pooled, Perf=0.9399
Finished seed 46
----------------------------------------
All runs complete.
