Running seed 42
learning rate =  0.001
Round=0
Round=1
Round=2
Round=3
Round=4
Round=5
Round=6
Round=7
Round=8
Round=9
Round=10
Round=11
Round=12
Round=13
Round=14
Round=15
Round=16
Round=17
Round=18
Round=19
Round=20
Round=21
Round=22
Round=23
Round=24
Round=25
Round=26
Round=27
Round=28
Round=29
Round=29, per client global perf=[0.55, 0.0, 0.5912, 0.8338, 0.4485, 0.6294, 0.2015, 0.0, 0.4191, 0.9353], mean perf=2816/6460 (0.4359%)
Round=29, per client personal perf=[0.8868, 0.7603, 0.9, 0.8809, 0.8529, 0.6971, 0.7426, 0.7809, 0.8794, 1.0], mean perf=5359/6460 (0.8296%)
Round=29, per client personal pooled=[0.3759, 0.161, 0.2873, 0.2837, 0.3687, 0.3104, 0.2745, 0.1163, 0.3571, 0.1588], mean perf=17401/64600 (0.2694%)
All rounds performance of vanilla ditto global, Perf=[0.2613, 0.2613, 0.2613, 0.2613, 0.3452, 0.2613, 0.3059, 0.2613, 0.28, 0.3464, 0.3486, 0.4368, 0.4015, 0.4421, 0.3211, 0.4181, 0.4683, 0.4107, 0.4413, 0.3681, 0.4486, 0.4557, 0.4384, 0.4238, 0.4424, 0.4995, 0.4954, 0.482, 0.4751, 0.4359]
Mean performance of vanilla ditto global, Perf=0.4643
All rounds performance of vanilla ditto personal, Perf=[0.4248, 0.5266, 0.5232, 0.5382, 0.5644, 0.6272, 0.6426, 0.693, 0.6913, 0.7358, 0.7608, 0.7498, 0.77, 0.7416, 0.7746, 0.7983, 0.8017, 0.8246, 0.8217, 0.8293, 0.8334, 0.832, 0.8344, 0.8423, 0.843, 0.8495, 0.8474, 0.8399, 0.8241, 0.8296]
Mean performance of vanilla ditto personal, Perf=0.8312
All rounds performance of vanilla ditto pooled, Perf=[0.157, 0.1837, 0.1736, 0.1657, 0.173, 0.1973, 0.2297, 0.2163, 0.2337, 0.2389, 0.2375, 0.2442, 0.2531, 0.2355, 0.2524, 0.2527, 0.2571, 0.2605, 0.2608, 0.2682, 0.2719, 0.2707, 0.2668, 0.2706, 0.2676, 0.2725, 0.268, 0.2656, 0.2682, 0.2694]
Mean performance of vanilla ditto pooled, Perf=0.2677
Finished seed 42
----------------------------------------
Running seed 43
learning rate =  0.001
Round=0
Round=1
Round=2
Round=3
Round=4
Round=5
Round=6
Round=7
Round=8
Round=9
Round=10
Round=11
Round=12
Round=13
Round=14
Round=15
Round=16
Round=17
Round=18
Round=19
Round=20
Round=21
Round=22
Round=23
Round=24
Round=25
Round=26
Round=27
Round=28
Round=29
Round=29, per client global perf=[0.7897, 0.0, 0.8103, 0.3485, 0.85, 0.4368, 0.4353, 0.0, 0.8441, 0.0], mean perf=3070/6460 (0.4752%)
Round=29, per client personal perf=[0.8529, 0.6824, 0.9206, 0.8868, 0.8838, 0.7779, 0.7294, 0.9147, 0.8765, 1.0], mean perf=5457/6460 (0.8447%)
Round=29, per client personal pooled=[0.3709, 0.1449, 0.2913, 0.2811, 0.3695, 0.3189, 0.2509, 0.1452, 0.3528, 0.1588], mean perf=17341/64600 (0.2684%)
All rounds performance of vanilla ditto global, Perf=[0.2613, 0.1588, 0.2613, 0.2613, 0.2613, 0.3452, 0.2613, 0.2613, 0.2613, 0.3816, 0.3076, 0.3935, 0.4102, 0.3867, 0.3876, 0.3571, 0.3834, 0.4098, 0.4464, 0.4025, 0.4622, 0.4084, 0.485, 0.469, 0.4159, 0.4625, 0.4395, 0.3842, 0.4731, 0.4752]
Mean performance of vanilla ditto global, Perf=0.4442
All rounds performance of vanilla ditto personal, Perf=[0.478, 0.531, 0.5266, 0.5235, 0.5559, 0.5745, 0.6079, 0.6333, 0.6658, 0.6707, 0.6854, 0.7395, 0.7348, 0.7325, 0.7556, 0.7494, 0.7492, 0.8022, 0.7876, 0.8096, 0.8232, 0.8245, 0.8193, 0.8204, 0.8263, 0.8353, 0.8265, 0.8344, 0.8449, 0.8447]
Mean performance of vanilla ditto personal, Perf=0.8413
All rounds performance of vanilla ditto pooled, Perf=[0.1488, 0.1792, 0.1837, 0.1736, 0.1568, 0.1734, 0.1929, 0.2244, 0.2148, 0.2257, 0.2271, 0.2411, 0.2347, 0.2435, 0.2444, 0.2407, 0.2317, 0.2476, 0.2577, 0.2625, 0.263, 0.2666, 0.2611, 0.2688, 0.2651, 0.2667, 0.262, 0.2676, 0.2685, 0.2684]
Mean performance of vanilla ditto pooled, Perf=0.2682
Finished seed 43
----------------------------------------
Running seed 44
learning rate =  0.001
Round=0
Round=1
Round=2
Round=3
Round=4
Round=5
Round=6
Round=7
Round=8
Round=9
Round=10
Round=11
Round=12
Round=13
Round=14
Round=15
Round=16
Round=17
Round=18
Round=19
Round=20
Round=21
Round=22
Round=23
Round=24
Round=25
Round=26
Round=27
Round=28
Round=29
Round=29, per client global perf=[0.8265, 0.0, 0.7985, 0.4103, 0.8471, 0.5088, 0.4647, 0.0, 0.8559, 0.0882], mean perf=3234/6460 (0.5006%)
Round=29, per client personal perf=[0.8882, 0.7294, 0.9147, 0.8412, 0.8471, 0.7735, 0.7294, 0.8971, 0.875, 1.0], mean perf=5437/6460 (0.8416%)
Round=29, per client personal pooled=[0.3794, 0.1525, 0.2909, 0.2669, 0.3613, 0.3068, 0.2844, 0.1407, 0.3596, 0.1588], mean perf=17450/64600 (0.2701%)
All rounds performance of vanilla ditto global, Perf=[0.2613, 0.2613, 0.2178, 0.2613, 0.2567, 0.3356, 0.3693, 0.3681, 0.3551, 0.4156, 0.3491, 0.4266, 0.442, 0.4259, 0.374, 0.4534, 0.4556, 0.4554, 0.3827, 0.4622, 0.4274, 0.469, 0.4485, 0.4259, 0.5022, 0.4554, 0.482, 0.4333, 0.4559, 0.5006]
Mean performance of vanilla ditto global, Perf=0.4633
All rounds performance of vanilla ditto personal, Perf=[0.4533, 0.5043, 0.5276, 0.5229, 0.5824, 0.5961, 0.6768, 0.6825, 0.7048, 0.7186, 0.742, 0.7266, 0.7354, 0.7769, 0.7618, 0.8084, 0.8181, 0.8163, 0.817, 0.8257, 0.8215, 0.8426, 0.8198, 0.839, 0.8449, 0.8354, 0.8488, 0.8519, 0.8517, 0.8416]
Mean performance of vanilla ditto personal, Perf=0.8484
All rounds performance of vanilla ditto pooled, Perf=[0.1663, 0.1933, 0.1531, 0.1733, 0.2112, 0.2074, 0.2371, 0.2342, 0.2287, 0.2309, 0.2292, 0.2196, 0.2229, 0.2366, 0.236, 0.262, 0.2655, 0.2643, 0.2657, 0.267, 0.2594, 0.2648, 0.2563, 0.2671, 0.2683, 0.2715, 0.2737, 0.2752, 0.2748, 0.2701]
Mean performance of vanilla ditto pooled, Perf=0.2734
Finished seed 44
----------------------------------------
Running seed 45
learning rate =  0.001
Round=0
Round=1
Round=2
Round=3
Round=4
Round=5
Round=6
Round=7
Round=8
Round=9
Round=10
Round=11
Round=12
Round=13
Round=14
Round=15
Round=16
Round=17
Round=18
Round=19
Round=20
Round=21
Round=22
Round=23
Round=24
Round=25
Round=26
Round=27
Round=28
Round=29
Round=29, per client global perf=[0.6809, 0.0, 0.5029, 0.1794, 0.7926, 0.4926, 0.5015, 0.0, 0.7779, 0.0], mean perf=2671/6460 (0.4135%)
Round=29, per client personal perf=[0.8691, 0.75, 0.9044, 0.9044, 0.8574, 0.7103, 0.7338, 0.9029, 0.8765, 1.0], mean perf=5446/6460 (0.8430%)
Round=29, per client personal pooled=[0.3766, 0.1571, 0.2887, 0.2861, 0.3584, 0.3132, 0.2655, 0.1433, 0.3707, 0.1588], mean perf=17561/64600 (0.2718%)
All rounds performance of vanilla ditto global, Perf=[0.2613, 0.158, 0.2613, 0.3437, 0.3519, 0.2613, 0.3554, 0.3288, 0.3548, 0.3356, 0.3294, 0.4277, 0.4393, 0.3786, 0.4317, 0.4515, 0.3251, 0.4138, 0.4034, 0.4601, 0.4627, 0.4717, 0.4779, 0.4587, 0.496, 0.3803, 0.481, 0.4783, 0.4503, 0.4135]
Mean performance of vanilla ditto global, Perf=0.4474
All rounds performance of vanilla ditto personal, Perf=[0.4808, 0.5511, 0.5235, 0.5288, 0.6311, 0.6539, 0.65, 0.6415, 0.6841, 0.7209, 0.7441, 0.7598, 0.791, 0.7738, 0.7755, 0.8156, 0.769, 0.8125, 0.8169, 0.8231, 0.8265, 0.8057, 0.8313, 0.8393, 0.8381, 0.8461, 0.844, 0.8517, 0.8401, 0.843]
Mean performance of vanilla ditto personal, Perf=0.8449
All rounds performance of vanilla ditto pooled, Perf=[0.1607, 0.1597, 0.1839, 0.1634, 0.2109, 0.2231, 0.21, 0.216, 0.2181, 0.2312, 0.2362, 0.2465, 0.2499, 0.2486, 0.2505, 0.2589, 0.2376, 0.2604, 0.2649, 0.2632, 0.2673, 0.2625, 0.27, 0.2691, 0.2692, 0.2713, 0.2727, 0.2679, 0.2646, 0.2718]
Mean performance of vanilla ditto pooled, Perf=0.2681
Finished seed 45
----------------------------------------
Running seed 46
learning rate =  0.001
Round=0
Round=1
Round=2
Round=3
Round=4
Round=5
Round=6
Round=7
Round=8
Round=9
Round=10
Round=11
Round=12
Round=13
Round=14
Round=15
Round=16
Round=17
Round=18
Round=19
Round=20
Round=21
Round=22
Round=23
Round=24
Round=25
Round=26
Round=27
Round=28
Round=29
Round=29, per client global perf=[0.6706, 0.0, 0.6441, 0.1985, 0.875, 0.4706, 0.4765, 0.0, 0.8721, 0.0059], mean perf=2863/6460 (0.4432%)
Round=29, per client personal perf=[0.8441, 0.8, 0.9132, 0.8765, 0.8485, 0.7059, 0.7397, 0.9074, 0.8853, 1.0], mean perf=5454/6460 (0.8443%)
Round=29, per client personal pooled=[0.3707, 0.1667, 0.2876, 0.2771, 0.3441, 0.2854, 0.2373, 0.1441, 0.3646, 0.1588], mean perf=17032/64600 (0.2637%)
All rounds performance of vanilla ditto global, Perf=[0.2613, 0.1591, 0.2613, 0.2613, 0.2613, 0.2613, 0.3003, 0.2613, 0.2613, 0.2613, 0.402, 0.3354, 0.4025, 0.4065, 0.3893, 0.3772, 0.3898, 0.4376, 0.4214, 0.4902, 0.4497, 0.4553, 0.4142, 0.4978, 0.4542, 0.3774, 0.4529, 0.3893, 0.461, 0.4432]
Mean performance of vanilla ditto global, Perf=0.4312
All rounds performance of vanilla ditto personal, Perf=[0.422, 0.4724, 0.5251, 0.532, 0.5964, 0.6172, 0.6351, 0.6851, 0.711, 0.7079, 0.7158, 0.7529, 0.7461, 0.7927, 0.795, 0.8073, 0.8119, 0.8211, 0.802, 0.805, 0.8354, 0.8159, 0.8053, 0.8378, 0.8483, 0.8488, 0.8262, 0.8387, 0.8554, 0.8443]
Mean performance of vanilla ditto personal, Perf=0.8461
All rounds performance of vanilla ditto pooled, Perf=[0.1598, 0.1616, 0.1839, 0.1645, 0.1952, 0.1829, 0.1879, 0.2242, 0.232, 0.2307, 0.2433, 0.2418, 0.2522, 0.2566, 0.2489, 0.2576, 0.2597, 0.2632, 0.2513, 0.2508, 0.268, 0.2641, 0.2599, 0.2693, 0.2705, 0.2713, 0.2646, 0.2684, 0.2728, 0.2637]
Mean performance of vanilla ditto pooled, Perf=0.2683
Finished seed 46
----------------------------------------
All runs complete.
