Running seed 42
Round=0
Round=1
Round=2
Round=3
Round=4
Round=5
Round=6
Round=7
Round=8
Round=9
Round=10
Round=11
Round=12
Round=13
Round=14
Round=14, per client global perf=[0.7692, 0.7416, 0.625, 0.5778], mean perf=182/254 (0.7165%)
Round=14, per client personal perf=[0.7308, 0.7528, 0.9375, 0.7556], mean perf=192/254 (0.7559%)
Round=14, per client personal pooled=[0.7244, 0.689, 0.5157, 0.5906], mean perf=640/1016 (0.6299%)
All rounds performance of vanilla ditto global, Perf=[0.626, 0.6496, 0.6732, 0.7008, 0.7008, 0.689, 0.7008, 0.6969, 0.7087, 0.7244, 0.7205, 0.7244, 0.7205, 0.7165, 0.7165]
Mean performance of vanilla ditto global, Perf=0.7178
All rounds performance of vanilla ditto personal, Perf=[0.6575, 0.685, 0.7165, 0.7283, 0.7559, 0.7559, 0.7559, 0.7559, 0.7598, 0.752, 0.7559, 0.7598, 0.7559, 0.7598, 0.7559]
Mean performance of vanilla ditto personal, Perf=0.7572
All rounds performance of vanilla ditto pooled, Perf=[0.6211, 0.6447, 0.6526, 0.6457, 0.6506, 0.6457, 0.6407, 0.6358, 0.6378, 0.6368, 0.6378, 0.6378, 0.6329, 0.6329, 0.6299]
Mean performance of vanilla ditto pooled, Perf=0.6319
Finished seed 42
----------------------------------------
Running seed 43
Round=0
Round=1
Round=2
Round=3
Round=4
Round=5
Round=6
Round=7
Round=8
Round=9
Round=10
Round=11
Round=12
Round=13
Round=14
Round=14, per client global perf=[0.75, 0.764, 0.75, 0.6222], mean perf=186/254 (0.7323%)
Round=14, per client personal perf=[0.7308, 0.7528, 0.9375, 0.7111], mean perf=190/254 (0.7480%)
Round=14, per client personal pooled=[0.7244, 0.6969, 0.5157, 0.5748], mean perf=638/1016 (0.6280%)
All rounds performance of vanilla ditto global, Perf=[0.6339, 0.6535, 0.689, 0.7087, 0.7205, 0.7244, 0.7244, 0.7323, 0.7441, 0.748, 0.752, 0.7559, 0.7559, 0.752, 0.7323]
Mean performance of vanilla ditto global, Perf=0.7467
All rounds performance of vanilla ditto personal, Perf=[0.6535, 0.6969, 0.7087, 0.7283, 0.748, 0.7559, 0.752, 0.7598, 0.7638, 0.7598, 0.7559, 0.748, 0.752, 0.748, 0.748]
Mean performance of vanilla ditto personal, Perf=0.7493
All rounds performance of vanilla ditto pooled, Perf=[0.6073, 0.6358, 0.6368, 0.6358, 0.6368, 0.6437, 0.6437, 0.6407, 0.6417, 0.6358, 0.6358, 0.6339, 0.6299, 0.628, 0.628]
Mean performance of vanilla ditto pooled, Perf=0.6286
Finished seed 43
----------------------------------------
Running seed 44
Round=0
Round=1
Round=2
Round=3
Round=4
Round=5
Round=6
Round=7
Round=8
Round=9
Round=10
Round=11
Round=12
Round=13
Round=14
Round=14, per client global perf=[0.7788, 0.7978, 0.625, 0.6222], mean perf=190/254 (0.7480%)
Round=14, per client personal perf=[0.7308, 0.7416, 0.9375, 0.6667], mean perf=187/254 (0.7362%)
Round=14, per client personal pooled=[0.7244, 0.7047, 0.5197, 0.6063], mean perf=649/1016 (0.6388%)
All rounds performance of vanilla ditto global, Perf=[0.4921, 0.5433, 0.6102, 0.6654, 0.6772, 0.7047, 0.7087, 0.7205, 0.7323, 0.7402, 0.7362, 0.7362, 0.7441, 0.7441, 0.748]
Mean performance of vanilla ditto global, Perf=0.7454
All rounds performance of vanilla ditto personal, Perf=[0.5472, 0.626, 0.6772, 0.7165, 0.7362, 0.7441, 0.7402, 0.7441, 0.7323, 0.7441, 0.7441, 0.7402, 0.7323, 0.7323, 0.7362]
Mean performance of vanilla ditto personal, Perf=0.7336
All rounds performance of vanilla ditto pooled, Perf=[0.4902, 0.5561, 0.5935, 0.6161, 0.6348, 0.6447, 0.6398, 0.6437, 0.6417, 0.6427, 0.6417, 0.6388, 0.6388, 0.6417, 0.6388]
Mean performance of vanilla ditto pooled, Perf=0.6398
Finished seed 44
----------------------------------------
Running seed 45
Round=0
Round=1
Round=2
Round=3
Round=4
Round=5
Round=6
Round=7
Round=8
Round=9
Round=10
Round=11
Round=12
Round=13
Round=14
Round=14, per client global perf=[0.7692, 0.7753, 0.75, 0.6222], mean perf=189/254 (0.7441%)
Round=14, per client personal perf=[0.7596, 0.7416, 0.9375, 0.6667], mean perf=190/254 (0.7480%)
Round=14, per client personal pooled=[0.7559, 0.685, 0.5157, 0.563], mean perf=640/1016 (0.6299%)
All rounds performance of vanilla ditto global, Perf=[0.4724, 0.5079, 0.563, 0.6417, 0.6772, 0.689, 0.7047, 0.7165, 0.7205, 0.7402, 0.7362, 0.7362, 0.7362, 0.7402, 0.7441]
Mean performance of vanilla ditto global, Perf=0.7402
All rounds performance of vanilla ditto personal, Perf=[0.4803, 0.5866, 0.6732, 0.6969, 0.7323, 0.748, 0.748, 0.7402, 0.752, 0.752, 0.752, 0.748, 0.7441, 0.748, 0.748]
Mean performance of vanilla ditto personal, Perf=0.7467
All rounds performance of vanilla ditto pooled, Perf=[0.4724, 0.5374, 0.5807, 0.6014, 0.6191, 0.6289, 0.6309, 0.6309, 0.6388, 0.6339, 0.6368, 0.6348, 0.6309, 0.627, 0.6299]
Mean performance of vanilla ditto pooled, Perf=0.6293
Finished seed 45
----------------------------------------
Running seed 46
Round=0
Round=1
Round=2
Round=3
Round=4
Round=5
Round=6
Round=7
Round=8
Round=9
Round=10
Round=11
Round=12
Round=13
Round=14
Round=14, per client global perf=[0.7596, 0.7753, 0.625, 0.6222], mean perf=186/254 (0.7323%)
Round=14, per client personal perf=[0.7596, 0.764, 0.9375, 0.6889], mean perf=193/254 (0.7598%)
Round=14, per client personal pooled=[0.7283, 0.689, 0.5197, 0.5984], mean perf=644/1016 (0.6339%)
All rounds performance of vanilla ditto global, Perf=[0.5591, 0.622, 0.6496, 0.6654, 0.6693, 0.685, 0.6969, 0.7165, 0.7244, 0.7283, 0.7283, 0.7283, 0.7283, 0.7362, 0.7323]
Mean performance of vanilla ditto global, Perf=0.7323
All rounds performance of vanilla ditto personal, Perf=[0.5945, 0.6614, 0.7126, 0.7165, 0.7283, 0.7559, 0.7638, 0.7559, 0.7598, 0.7598, 0.7638, 0.7756, 0.7677, 0.7598, 0.7598]
Mean performance of vanilla ditto personal, Perf=0.7624
All rounds performance of vanilla ditto pooled, Perf=[0.5591, 0.5915, 0.6132, 0.6191, 0.6309, 0.6368, 0.6388, 0.6388, 0.6467, 0.6447, 0.6417, 0.6437, 0.6378, 0.6339, 0.6339]
Mean performance of vanilla ditto pooled, Perf=0.6352
Finished seed 46
----------------------------------------
All runs complete.
