Running seed 42
learning rate =  0.001
Round=0
Round=1
Round=2
Round=3
Round=4
Round=5
Round=6
Round=7
Round=8
Round=9
Round=10
Round=11
Round=12
Round=13
Round=14
Round=15
Round=16
Round=17
Round=18
Round=19
Round=20
Round=21
Round=22
Round=23
Round=24
Round=25
Round=26
Round=27
Round=28
Round=29
Round=29, per client global perf=[0.0652, 0.6156, 0.0037, 0.7728, 0.1373, 0.168, 0.265, 0.2887, 0.6768, 0.0817], mean perf=5597/17005 (0.3291%)
Round=29, per client personal perf=[0.7777, 0.8943, 0.7724, 0.9128, 0.7459, 0.7495, 0.8137, 0.662, 0.6239, 0.6874], mean perf=12294/17005 (0.7230%)
Round=29, per client personal pooled=[0.151, 0.167, 0.2169, 0.1014, 0.1964, 0.1749, 0.1849, 0.2145, 0.2208, 0.1662], mean perf=30507/170050 (0.1794%)
All rounds performance of vanilla ditto global, Perf=[0.1014, 0.0989, 0.1648, 0.1591, 0.1475, 0.1901, 0.2099, 0.2169, 0.2162, 0.2302, 0.2286, 0.1986, 0.2371, 0.2418, 0.2465, 0.249, 0.2627, 0.2963, 0.2597, 0.275, 0.328, 0.34, 0.3459, 0.3223, 0.3139, 0.3903, 0.3424, 0.3594, 0.3624, 0.3291]
Mean performance of vanilla ditto global, Perf=0.3503
All rounds performance of vanilla ditto personal, Perf=[0.4048, 0.4759, 0.5173, 0.4927, 0.4746, 0.5867, 0.5872, 0.6083, 0.5731, 0.6152, 0.6098, 0.6455, 0.6576, 0.6623, 0.6699, 0.6703, 0.6806, 0.6829, 0.695, 0.6919, 0.7035, 0.65, 0.6989, 0.6966, 0.6808, 0.7116, 0.7253, 0.7218, 0.7089, 0.723]
Mean performance of vanilla ditto personal, Perf=0.7179
All rounds performance of vanilla ditto pooled, Perf=[0.1, 0.1001, 0.1003, 0.1, 0.1062, 0.1193, 0.128, 0.1317, 0.1351, 0.1415, 0.1337, 0.1481, 0.1435, 0.1607, 0.1632, 0.166, 0.1622, 0.1673, 0.168, 0.1699, 0.1729, 0.1676, 0.1777, 0.1724, 0.1745, 0.1721, 0.1845, 0.1793, 0.1802, 0.1794]
Mean performance of vanilla ditto pooled, Perf=0.1796
Finished seed 42
----------------------------------------
Running seed 43
learning rate =  0.001
Round=0
Round=1
Round=2
Round=3
Round=4
Round=5
Round=6
Round=7
Round=8
Round=9
Round=10
Round=11
Round=12
Round=13
Round=14
Round=15
Round=16
Round=17
Round=18
Round=19
Round=20
Round=21
Round=22
Round=23
Round=24
Round=25
Round=26
Round=27
Round=28
Round=29
Round=29, per client global perf=[0.1265, 0.8162, 0.3545, 0.4848, 0.2213, 0.3862, 0.4866, 0.7139, 0.2726, 0.1634], mean perf=6098/17005 (0.3586%)
Round=29, per client personal perf=[0.7747, 0.876, 0.7705, 0.9128, 0.7396, 0.7251, 0.8036, 0.6121, 0.6145, 0.6997], mean perf=12057/17005 (0.7090%)
Round=29, per client personal pooled=[0.1611, 0.1754, 0.2412, 0.1014, 0.2019, 0.1633, 0.1819, 0.169, 0.2173, 0.1617], mean perf=30169/170050 (0.1774%)
All rounds performance of vanilla ditto global, Perf=[0.1055, 0.1, 0.1376, 0.1692, 0.1475, 0.1687, 0.2041, 0.1919, 0.1798, 0.1885, 0.2597, 0.2081, 0.2376, 0.2171, 0.2171, 0.3131, 0.2536, 0.314, 0.3336, 0.3054, 0.3347, 0.341, 0.3516, 0.3644, 0.3783, 0.3568, 0.3832, 0.3702, 0.3677, 0.3586]
Mean performance of vanilla ditto global, Perf=0.3655
All rounds performance of vanilla ditto personal, Perf=[0.4982, 0.4946, 0.5152, 0.4948, 0.4628, 0.4618, 0.5145, 0.6168, 0.5981, 0.6308, 0.6286, 0.6056, 0.6517, 0.6428, 0.6339, 0.6584, 0.6567, 0.6742, 0.6713, 0.6714, 0.6852, 0.6874, 0.6602, 0.6844, 0.7007, 0.7061, 0.6934, 0.7164, 0.7202, 0.709]
Mean performance of vanilla ditto personal, Perf=0.7152
All rounds performance of vanilla ditto pooled, Perf=[0.1004, 0.1001, 0.1003, 0.1001, 0.1016, 0.1054, 0.1111, 0.1368, 0.1373, 0.1342, 0.1356, 0.139, 0.1455, 0.1545, 0.1531, 0.1596, 0.161, 0.1651, 0.1623, 0.1663, 0.1662, 0.1623, 0.1718, 0.1701, 0.1718, 0.1743, 0.1834, 0.1806, 0.1792, 0.1774]
Mean performance of vanilla ditto pooled, Perf=0.1791
Finished seed 43
----------------------------------------
Running seed 44
learning rate =  0.001
Round=0
Round=1
Round=2
Round=3
Round=4
Round=5
Round=6
Round=7
Round=8
Round=9
Round=10
Round=11
Round=12
Round=13
Round=14
Round=15
Round=16
Round=17
Round=18
Round=19
Round=20
Round=21
Round=22
Round=23
Round=24
Round=25
Round=26
Round=27
Round=28
Round=29
Round=29, per client global perf=[0.2347, 0.7014, 0.1082, 0.6187, 0.168, 0.3033, 0.3126, 0.5784, 0.5783, 0.2176], mean perf=6733/17005 (0.3959%)
Round=29, per client personal perf=[0.7727, 0.8989, 0.8004, 0.9128, 0.7174, 0.7604, 0.7769, 0.6272, 0.5612, 0.6394], mean perf=11839/17005 (0.6962%)
Round=29, per client personal pooled=[0.1627, 0.1816, 0.2413, 0.1014, 0.1881, 0.1884, 0.1771, 0.1798, 0.228, 0.1668], mean perf=30867/170050 (0.1815%)
All rounds performance of vanilla ditto global, Perf=[0.1014, 0.0981, 0.1328, 0.1685, 0.1554, 0.1931, 0.1955, 0.2013, 0.1951, 0.1897, 0.2306, 0.2007, 0.2389, 0.2829, 0.2233, 0.2873, 0.3405, 0.3424, 0.2498, 0.3355, 0.2939, 0.3568, 0.3555, 0.3627, 0.3341, 0.373, 0.3638, 0.3527, 0.3268, 0.3959]
Mean performance of vanilla ditto global, Perf=0.3585
All rounds performance of vanilla ditto personal, Perf=[0.4449, 0.4689, 0.4948, 0.4543, 0.5608, 0.5629, 0.5692, 0.5838, 0.6086, 0.6019, 0.6098, 0.6014, 0.6041, 0.6528, 0.6276, 0.6375, 0.6749, 0.6843, 0.6848, 0.6764, 0.6528, 0.692, 0.6971, 0.7009, 0.6926, 0.6969, 0.6999, 0.6859, 0.6564, 0.6962]
Mean performance of vanilla ditto personal, Perf=0.6795
All rounds performance of vanilla ditto pooled, Perf=[0.1009, 0.1003, 0.1001, 0.1029, 0.1066, 0.1127, 0.1266, 0.1344, 0.134, 0.142, 0.1356, 0.1317, 0.1396, 0.1572, 0.1514, 0.164, 0.1638, 0.1634, 0.1662, 0.1653, 0.1666, 0.1717, 0.1737, 0.1741, 0.1687, 0.1745, 0.1751, 0.1745, 0.1767, 0.1815]
Mean performance of vanilla ditto pooled, Perf=0.1776
Finished seed 44
----------------------------------------
Running seed 45
learning rate =  0.001
Round=0
Round=1
Round=2
Round=3
Round=4
Round=5
Round=6
Round=7
Round=8
Round=9
Round=10
Round=11
Round=12
Round=13
Round=14
Round=15
Round=16
Round=17
Round=18
Round=19
Round=20
Round=21
Round=22
Round=23
Round=24
Round=25
Round=26
Round=27
Round=28
Round=29
Round=29, per client global perf=[0.3725, 0.4456, 0.1157, 0.5152, 0.2588, 0.1491, 0.4072, 0.311, 0.6056, 0.2503], mean perf=6313/17005 (0.3712%)
Round=29, per client personal perf=[0.7179, 0.8285, 0.7164, 0.9128, 0.7549, 0.7498, 0.8007, 0.5929, 0.6047, 0.6977], mean perf=11893/17005 (0.6994%)
Round=29, per client personal pooled=[0.1884, 0.1777, 0.227, 0.1014, 0.2105, 0.179, 0.1871, 0.2056, 0.2096, 0.1421], mean perf=31093/170050 (0.1828%)
All rounds performance of vanilla ditto global, Perf=[0.1014, 0.1454, 0.1547, 0.1702, 0.1811, 0.208, 0.1921, 0.2273, 0.2137, 0.2607, 0.2272, 0.2661, 0.2684, 0.2094, 0.3077, 0.2776, 0.3157, 0.3403, 0.3448, 0.3108, 0.3535, 0.3315, 0.3687, 0.3819, 0.3304, 0.3857, 0.3818, 0.3991, 0.3856, 0.3712]
Mean performance of vanilla ditto global, Perf=0.3853
All rounds performance of vanilla ditto personal, Perf=[0.4882, 0.4967, 0.4802, 0.4866, 0.5521, 0.5728, 0.5959, 0.607, 0.6145, 0.636, 0.6182, 0.6602, 0.6582, 0.6557, 0.6691, 0.626, 0.6696, 0.6845, 0.6721, 0.6805, 0.6973, 0.6997, 0.7101, 0.7024, 0.701, 0.7053, 0.7064, 0.7016, 0.7027, 0.6994]
Mean performance of vanilla ditto personal, Perf=0.7012
All rounds performance of vanilla ditto pooled, Perf=[0.1014, 0.1001, 0.1055, 0.1085, 0.115, 0.1232, 0.129, 0.1448, 0.1359, 0.1378, 0.1455, 0.1575, 0.1485, 0.16, 0.1611, 0.1697, 0.1672, 0.1608, 0.1699, 0.1708, 0.1731, 0.1707, 0.1767, 0.1736, 0.1717, 0.1777, 0.1846, 0.1796, 0.1809, 0.1828]
Mean performance of vanilla ditto pooled, Perf=0.1811
Finished seed 45
----------------------------------------
Running seed 46
learning rate =  0.001
Round=0
Round=1
Round=2
Round=3
Round=4
Round=5
Round=6
Round=7
Round=8
Round=9
Round=10
Round=11
Round=12
Round=13
Round=14
Round=15
Round=16
Round=17
Round=18
Round=19
Round=20
Round=21
Round=22
Round=23
Round=24
Round=25
Round=26
Round=27
Round=28
Round=29
Round=29, per client global perf=[0.1542, 0.7688, 0.1269, 0.5761, 0.14, 0.3487, 0.2989, 0.6417, 0.4787, 0.2063], mean perf=6332/17005 (0.3724%)
Round=29, per client personal perf=[0.7584, 0.8484, 0.7537, 0.9128, 0.6355, 0.7607, 0.7675, 0.5862, 0.6299, 0.7007], mean perf=11866/17005 (0.6978%)
Round=29, per client personal pooled=[0.1325, 0.1795, 0.2349, 0.1014, 0.1627, 0.1798, 0.1735, 0.1448, 0.2193, 0.1521], mean perf=28577/170050 (0.1681%)
All rounds performance of vanilla ditto global, Perf=[0.1002, 0.1494, 0.105, 0.1441, 0.1678, 0.1836, 0.1991, 0.2019, 0.2276, 0.2251, 0.2303, 0.2208, 0.2386, 0.24, 0.238, 0.2478, 0.2787, 0.2725, 0.2829, 0.3193, 0.3408, 0.3417, 0.3407, 0.3554, 0.3618, 0.3105, 0.3748, 0.2568, 0.3807, 0.3724]
Mean performance of vanilla ditto global, Perf=0.3366
All rounds performance of vanilla ditto personal, Perf=[0.3455, 0.4116, 0.4772, 0.4903, 0.562, 0.5607, 0.5853, 0.5777, 0.5786, 0.6261, 0.6468, 0.6542, 0.6572, 0.6596, 0.6663, 0.6665, 0.6747, 0.6794, 0.6726, 0.6693, 0.6807, 0.6518, 0.6773, 0.709, 0.7133, 0.7001, 0.7067, 0.7167, 0.7163, 0.6978]
Mean performance of vanilla ditto personal, Perf=0.7103
All rounds performance of vanilla ditto pooled, Perf=[0.0996, 0.0999, 0.1004, 0.1029, 0.1225, 0.1115, 0.1232, 0.1221, 0.1317, 0.1346, 0.1404, 0.149, 0.1529, 0.1662, 0.1577, 0.1653, 0.1695, 0.1655, 0.1684, 0.1726, 0.1668, 0.1735, 0.1754, 0.1764, 0.1786, 0.1806, 0.1833, 0.1838, 0.1879, 0.1681]
Mean performance of vanilla ditto pooled, Perf=0.1799
Finished seed 46
----------------------------------------
All runs complete.
