Running seed 42
Round=0
Round=1
Round=2
Round=3
Round=4
Round=5
Round=6
Round=7
Round=8
Round=9
Round=10
Round=11
Round=12
Round=13
Round=14
Round=14, per client global perf=[0.8863, 0.8779, 0.8721, 0.8735, 0.8667, 0.8819, 0.8779, 0.8706, 0.8691, 0.8711], mean perf=17844/20400 (0.8747%)
Round=14, per client personal perf=[0.7843, 0.775, 0.7382, 0.7672, 0.7784, 0.8044, 0.8034, 0.8074, 0.7833, 0.7819], mean perf=15960/20400 (0.7824%)
Round=14, per client personal pooled=[0.771, 0.7799, 0.7242, 0.7587, 0.7868, 0.804, 0.8019, 0.8111, 0.7939, 0.7779], mean perf=159312/204000 (0.7809%)
All rounds performance of vanilla ditto global, Perf=[0.5243, 0.7691, 0.7982, 0.8231, 0.8411, 0.8489, 0.8575, 0.8593, 0.8601, 0.8668, 0.868, 0.8713, 0.8705, 0.87, 0.8747]
Mean performance of vanilla ditto global, Perf=0.8717
All rounds performance of vanilla ditto personal, Perf=[0.283, 0.436, 0.5286, 0.639, 0.6873, 0.7025, 0.7092, 0.7252, 0.7321, 0.7515, 0.7625, 0.7709, 0.7738, 0.78, 0.7824]
Mean performance of vanilla ditto personal, Perf=0.7787
All rounds performance of vanilla ditto pooled, Perf=[0.2831, 0.4355, 0.5313, 0.6421, 0.6875, 0.7034, 0.7103, 0.727, 0.7336, 0.7514, 0.7614, 0.7676, 0.7716, 0.7752, 0.7809]
Mean performance of vanilla ditto pooled, Perf=0.7759
Finished seed 42
----------------------------------------
Running seed 43
Round=0
Round=1
Round=2
Round=3
Round=4
Round=5
Round=6
Round=7
Round=8
Round=9
Round=10
Round=11
Round=12
Round=13
Round=14
Round=14, per client global perf=[0.8819, 0.8681, 0.8809, 0.8814, 0.8711, 0.8701, 0.8848, 0.8735, 0.877, 0.8662], mean perf=17860/20400 (0.8755%)
Round=14, per client personal perf=[0.8118, 0.7686, 0.7912, 0.8039, 0.7593, 0.8039, 0.7858, 0.7157, 0.7451, 0.826], mean perf=15935/20400 (0.7811%)
Round=14, per client personal pooled=[0.8034, 0.7759, 0.7746, 0.8052, 0.7547, 0.7932, 0.7754, 0.7246, 0.7586, 0.8163], mean perf=158754/204000 (0.7782%)
All rounds performance of vanilla ditto global, Perf=[0.5232, 0.7699, 0.8004, 0.8357, 0.8481, 0.8538, 0.8565, 0.8517, 0.8579, 0.8653, 0.8659, 0.8692, 0.8618, 0.8747, 0.8755]
Mean performance of vanilla ditto global, Perf=0.8707
All rounds performance of vanilla ditto personal, Perf=[0.408, 0.5725, 0.649, 0.6828, 0.7144, 0.7274, 0.7394, 0.7406, 0.7464, 0.7603, 0.7641, 0.7651, 0.7658, 0.7741, 0.7811]
Mean performance of vanilla ditto personal, Perf=0.7737
All rounds performance of vanilla ditto pooled, Perf=[0.4081, 0.5731, 0.6487, 0.6794, 0.7085, 0.7257, 0.7354, 0.7362, 0.7406, 0.7567, 0.7618, 0.7645, 0.7656, 0.7731, 0.7782]
Mean performance of vanilla ditto pooled, Perf=0.7723
Finished seed 43
----------------------------------------
Running seed 44
Round=0
Round=1
Round=2
Round=3
Round=4
Round=5
Round=6
Round=7
Round=8
Round=9
Round=10
Round=11
Round=12
Round=13
Round=14
Round=14, per client global perf=[0.8735, 0.8657, 0.8799, 0.8706, 0.8667, 0.8735, 0.8652, 0.8642, 0.8618, 0.8686], mean perf=17727/20400 (0.8690%)
Round=14, per client personal perf=[0.7936, 0.7598, 0.8083, 0.7402, 0.7892, 0.7588, 0.7539, 0.7627, 0.7353, 0.7887], mean perf=15689/20400 (0.7691%)
Round=14, per client personal pooled=[0.7893, 0.7713, 0.8048, 0.7379, 0.7885, 0.757, 0.7441, 0.7685, 0.7508, 0.7899], mean perf=157123/204000 (0.7702%)
All rounds performance of vanilla ditto global, Perf=[0.5401, 0.7746, 0.8073, 0.8298, 0.8325, 0.8436, 0.8434, 0.8496, 0.8558, 0.8544, 0.8625, 0.8654, 0.8661, 0.8679, 0.869]
Mean performance of vanilla ditto global, Perf=0.8677
All rounds performance of vanilla ditto personal, Perf=[0.3846, 0.506, 0.55, 0.6271, 0.6294, 0.6934, 0.7155, 0.7362, 0.7343, 0.7401, 0.7503, 0.7499, 0.7571, 0.7675, 0.7691]
Mean performance of vanilla ditto personal, Perf=0.7646
All rounds performance of vanilla ditto pooled, Perf=[0.381, 0.5051, 0.5491, 0.6288, 0.6314, 0.6925, 0.716, 0.7345, 0.7333, 0.7374, 0.7479, 0.7505, 0.7572, 0.7655, 0.7702]
Mean performance of vanilla ditto pooled, Perf=0.7643
Finished seed 44
----------------------------------------
Running seed 45
Round=0
Round=1
Round=2
Round=3
Round=4
Round=5
Round=6
Round=7
Round=8
Round=9
Round=10
Round=11
Round=12
Round=13
Round=14
Round=14, per client global perf=[0.8725, 0.8652, 0.873, 0.8662, 0.8623, 0.8696, 0.8578, 0.8534, 0.8529, 0.8647], mean perf=17621/20400 (0.8638%)
Round=14, per client personal perf=[0.7936, 0.7603, 0.7711, 0.7529, 0.7603, 0.8206, 0.8078, 0.7475, 0.7789, 0.7966], mean perf=15891/20400 (0.7790%)
Round=14, per client personal pooled=[0.7882, 0.7765, 0.7616, 0.7613, 0.7755, 0.807, 0.7995, 0.7567, 0.7911, 0.79], mean perf=159273/204000 (0.7808%)
All rounds performance of vanilla ditto global, Perf=[0.7248, 0.7425, 0.7828, 0.7936, 0.8124, 0.8289, 0.8346, 0.8416, 0.8469, 0.8524, 0.8555, 0.8603, 0.863, 0.8601, 0.8638]
Mean performance of vanilla ditto global, Perf=0.8623
All rounds performance of vanilla ditto personal, Perf=[0.0986, 0.2158, 0.5232, 0.5457, 0.6755, 0.7075, 0.718, 0.7437, 0.7514, 0.758, 0.7632, 0.7742, 0.7775, 0.7775, 0.779]
Mean performance of vanilla ditto personal, Perf=0.7780
All rounds performance of vanilla ditto pooled, Perf=[0.0981, 0.2146, 0.5227, 0.5473, 0.6754, 0.7077, 0.7175, 0.7424, 0.7502, 0.7576, 0.7637, 0.7738, 0.7769, 0.7768, 0.7808]
Mean performance of vanilla ditto pooled, Perf=0.7782
Finished seed 45
----------------------------------------
Running seed 46
Round=0
Round=1
Round=2
Round=3
Round=4
Round=5
Round=6
Round=7
Round=8
Round=9
Round=10
Round=11
Round=12
Round=13
Round=14
Round=14, per client global perf=[0.8814, 0.8696, 0.8799, 0.876, 0.8652, 0.8784, 0.8701, 0.8647, 0.8657, 0.875], mean perf=17801/20400 (0.8726%)
Round=14, per client personal perf=[0.7946, 0.7765, 0.8074, 0.774, 0.7598, 0.7368, 0.7515, 0.7995, 0.7863, 0.7642], mean perf=15811/20400 (0.7750%)
Round=14, per client personal pooled=[0.7913, 0.7836, 0.7996, 0.7801, 0.7639, 0.7358, 0.7428, 0.8101, 0.7996, 0.7626], mean perf=158496/204000 (0.7769%)
All rounds performance of vanilla ditto global, Perf=[0.5779, 0.7599, 0.8012, 0.8274, 0.8425, 0.8504, 0.851, 0.8594, 0.8608, 0.8653, 0.8691, 0.8686, 0.8708, 0.8704, 0.8726]
Mean performance of vanilla ditto global, Perf=0.8713
All rounds performance of vanilla ditto personal, Perf=[0.2133, 0.4489, 0.5774, 0.6313, 0.679, 0.6966, 0.7201, 0.7387, 0.7425, 0.7539, 0.7543, 0.7613, 0.7753, 0.7757, 0.775]
Mean performance of vanilla ditto personal, Perf=0.7753
All rounds performance of vanilla ditto pooled, Perf=[0.2139, 0.453, 0.5775, 0.6313, 0.6778, 0.6968, 0.722, 0.7372, 0.7436, 0.7548, 0.7539, 0.7631, 0.7738, 0.7759, 0.7769]
Mean performance of vanilla ditto pooled, Perf=0.7755
Finished seed 46
----------------------------------------
