PARAMS: dataset=mnist, gpu=0, data_type=niid_dir_1
=== Running reg_param=1.0, num_steps=15 ===
Running seed 42
/Users/shegao_t1/DP_Research/Personal_DP_Personal_FL/rpdp_fl/experiments/datasets/fed_mnist/dirichlet_10_alpha_1

Client 0 label distribution:
[(0, 6), (1, 85), (2, 377), (3, 2), (5, 149), (6, 282), (7, 12), (8, 1182), (9, 8)]

Client 1 label distribution:
[(1, 526), (4, 34), (6, 2), (7, 2818), (8, 2), (9, 484)]

Client 2 label distribution:
[(0, 48), (1, 1), (2, 428), (4, 13), (6, 1), (7, 1246), (9, 1005)]

Client 3 label distribution:
[(0, 1055), (1, 336), (2, 35), (3, 3632), (6, 203), (7, 2), (8, 3), (9, 2392)]

Client 4 label distribution:
[(0, 2583), (2, 107), (3, 2), (4, 12), (5, 2276), (6, 17), (8, 5)]

Client 5 label distribution:
[(0, 3), (1, 70), (4, 13), (5, 635)]

Client 6 label distribution:
[(1, 3372), (2, 6), (3, 156), (5, 391), (6, 3342), (7, 97), (9, 6)]

Client 7 label distribution:
[(0, 51), (1, 3), (2, 2968), (4, 56), (5, 1), (8, 2035)]

Client 8 label distribution:
[(0, 186), (3, 239), (4, 102), (5, 39), (6, 45), (9, 7)]

Client 9 label distribution:
[(0, 2), (1, 24), (2, 1), (4, 3621), (5, 76), (7, 1), (8, 631), (9, 44)]
Client 0: avg epsilon = 0.6245
Client 1: avg epsilon = 1.3492
Client 2: avg epsilon = 2.3049
Client 3: avg epsilon = 1.6311
Client 4: avg epsilon = 0.1009
Client 5: avg epsilon = 0.1000
Client 6: avg epsilon = 0.1158
Client 7: avg epsilon = 0.4581
Client 8: avg epsilon = 0.1555
Client 9: avg epsilon = 0.2919
 We run FedAvg with rPDP (ThreeLevels-0) ...
max_epsilon :  10.0  noise_multiplier :  9.736328125
The R-Squared value of the best-fit curve : 0.999749898528281
learning rate =  0.01
sample_rate: (min) 0.03, (max) 0.61, expected_batch_size: 214
sample_rate: (min) 0.03, (max) 0.61, expected_batch_size: 742
sample_rate: (min) 0.03, (max) 0.61, expected_batch_size: 819
sample_rate: (min) 0.03, (max) 0.61, expected_batch_size: 1584
sample_rate: (min) 0.03, (max) 0.16, expected_batch_size: 126
sample_rate: (min) 0.03, (max) 0.03, expected_batch_size: 18
sample_rate: (min) 0.03, (max) 0.61, expected_batch_size: 202
sample_rate: (min) 0.03, (max) 0.16, expected_batch_size: 399
sample_rate: (min) 0.03, (max) 0.61, expected_batch_size: 19
sample_rate: (min) 0.03, (max) 0.61, expected_batch_size: 227
initial privacy cost of all clients:  [0, 0, 0, 0, 0, 0, 0, 0, 0, 0]
Round=0
Round=1
Round=2
Round=3
Round=4
Round=5
Round=6
Round=7
Round=8
Round=9
Round=10
Round=11
Round=12
Round=13
Round=14
current privacy cost of all clients:  [3.554611437795162, 3.554611437795162, 2.8039339861853394, 3.3043856205918876, 0.7482516858029494, 0.0777036851988212, 3.8048372549984366, 0.7915678459669535, 4.305288889404985, 3.0541598033886133]
Round=14, per client global perf=[0.3155, 0.9071, 0.7723, 0.4293, 0.756, 0.6989, 0.8325, 0.2797, 0.3856, 0.1728], mean perf=11558/20406 (0.5664%)
Round=14, per client personal perf=[0.8893, 0.9413, 0.8953, 0.9374, 0.9515, 0.9785, 0.9523, 0.9526, 0.8527, 0.9594], mean perf=19196/20406 (0.9407%)
Round=14, per client personal pooled=[0.5917, 0.4799, 0.3993, 0.4426, 0.305, 0.3483, 0.4509, 0.314, 0.4328, 0.4544], mean perf=86091/204060 (0.4219%)
Mean performance of ditto rpdp global, Perf=0.4786, seed=42
Mean performance of ditto rpdp personal, Perf=0.9349, seed=42
Mean performance of ditto rpdp pooled, Perf=0.4231, seed=42
Finished seed 42
----------------------------------------
Running seed 43
/Users/shegao_t1/DP_Research/Personal_DP_Personal_FL/rpdp_fl/experiments/datasets/fed_mnist/dirichlet_10_alpha_1

Client 0 label distribution:
[(0, 6), (1, 85), (2, 377), (3, 2), (5, 149), (6, 282), (7, 12), (8, 1182), (9, 8)]

Client 1 label distribution:
[(1, 526), (4, 34), (6, 2), (7, 2818), (8, 2), (9, 484)]

Client 2 label distribution:
[(0, 48), (1, 1), (2, 428), (4, 13), (6, 1), (7, 1246), (9, 1005)]

Client 3 label distribution:
[(0, 1055), (1, 336), (2, 35), (3, 3632), (6, 203), (7, 2), (8, 3), (9, 2392)]

Client 4 label distribution:
[(0, 2583), (2, 107), (3, 2), (4, 12), (5, 2276), (6, 17), (8, 5)]

Client 5 label distribution:
[(0, 3), (1, 70), (4, 13), (5, 635)]

Client 6 label distribution:
[(1, 3372), (2, 6), (3, 156), (5, 391), (6, 3342), (7, 97), (9, 6)]

Client 7 label distribution:
[(0, 51), (1, 3), (2, 2968), (4, 56), (5, 1), (8, 2035)]

Client 8 label distribution:
[(0, 186), (3, 239), (4, 102), (5, 39), (6, 45), (9, 7)]

Client 9 label distribution:
[(0, 2), (1, 24), (2, 1), (4, 3621), (5, 76), (7, 1), (8, 631), (9, 44)]
Client 0: avg epsilon = 0.6245
Client 1: avg epsilon = 1.3492
Client 2: avg epsilon = 2.3049
Client 3: avg epsilon = 1.6311
Client 4: avg epsilon = 0.1009
Client 5: avg epsilon = 0.1000
Client 6: avg epsilon = 0.1158
Client 7: avg epsilon = 0.4581
Client 8: avg epsilon = 0.1555
Client 9: avg epsilon = 0.2919
 We run FedAvg with rPDP (ThreeLevels-0) ...
max_epsilon :  10.0  noise_multiplier :  9.736328125
The R-Squared value of the best-fit curve : 0.999749898528281
learning rate =  0.01
sample_rate: (min) 0.03, (max) 0.61, expected_batch_size: 214
sample_rate: (min) 0.03, (max) 0.61, expected_batch_size: 742
sample_rate: (min) 0.03, (max) 0.61, expected_batch_size: 819
sample_rate: (min) 0.03, (max) 0.61, expected_batch_size: 1584
sample_rate: (min) 0.03, (max) 0.16, expected_batch_size: 126
sample_rate: (min) 0.03, (max) 0.03, expected_batch_size: 18
sample_rate: (min) 0.03, (max) 0.61, expected_batch_size: 202
sample_rate: (min) 0.03, (max) 0.16, expected_batch_size: 399
sample_rate: (min) 0.03, (max) 0.61, expected_batch_size: 19
sample_rate: (min) 0.03, (max) 0.61, expected_batch_size: 227
initial privacy cost of all clients:  [0, 0, 0, 0, 0, 0, 0, 0, 0, 0]
Round=0
Round=1
Round=2
Round=3
Round=4
Round=5
Round=6
Round=7
Round=8
Round=9
Round=10
Round=11
Round=12
Round=13
Round=14
current privacy cost of all clients:  [3.8048372549984366, 3.554611437795162, 3.3043856205918876, 3.8048372549984366, 0.5558558712260362, 0.0777036851988212, 3.0541598033886133, 0.4329280232702186, 3.0541598033886133, 4.055063072201711]
Round=14, per client global perf=[0.5655, 0.7942, 0.7595, 0.5699, 0.204, 0.1075, 0.3805, 0.5939, 0.2884, 0.1631], mean perf=9556/20406 (0.4683%)
Round=14, per client personal perf=[0.8496, 0.9644, 0.9335, 0.9372, 0.9112, 0.9812, 0.9092, 0.9139, 0.815, 0.9215], mean perf=18785/20406 (0.9206%)
Round=14, per client personal pooled=[0.4292, 0.3606, 0.4421, 0.527, 0.3023, 0.2592, 0.4018, 0.3863, 0.3915, 0.4331], mean perf=80259/204060 (0.3933%)
Mean performance of ditto rpdp global, Perf=0.4172, seed=43
Mean performance of ditto rpdp personal, Perf=0.9224, seed=43
Mean performance of ditto rpdp pooled, Perf=0.3702, seed=43
Finished seed 43
----------------------------------------
Running seed 44
/Users/shegao_t1/DP_Research/Personal_DP_Personal_FL/rpdp_fl/experiments/datasets/fed_mnist/dirichlet_10_alpha_1

Client 0 label distribution:
[(0, 6), (1, 85), (2, 377), (3, 2), (5, 149), (6, 282), (7, 12), (8, 1182), (9, 8)]

Client 1 label distribution:
[(1, 526), (4, 34), (6, 2), (7, 2818), (8, 2), (9, 484)]

Client 2 label distribution:
[(0, 48), (1, 1), (2, 428), (4, 13), (6, 1), (7, 1246), (9, 1005)]

Client 3 label distribution:
[(0, 1055), (1, 336), (2, 35), (3, 3632), (6, 203), (7, 2), (8, 3), (9, 2392)]

Client 4 label distribution:
[(0, 2583), (2, 107), (3, 2), (4, 12), (5, 2276), (6, 17), (8, 5)]

Client 5 label distribution:
[(0, 3), (1, 70), (4, 13), (5, 635)]

Client 6 label distribution:
[(1, 3372), (2, 6), (3, 156), (5, 391), (6, 3342), (7, 97), (9, 6)]

Client 7 label distribution:
[(0, 51), (1, 3), (2, 2968), (4, 56), (5, 1), (8, 2035)]

Client 8 label distribution:
[(0, 186), (3, 239), (4, 102), (5, 39), (6, 45), (9, 7)]

Client 9 label distribution:
[(0, 2), (1, 24), (2, 1), (4, 3621), (5, 76), (7, 1), (8, 631), (9, 44)]
Client 0: avg epsilon = 0.6245
Client 1: avg epsilon = 1.3492
Client 2: avg epsilon = 2.3049
Client 3: avg epsilon = 1.6311
Client 4: avg epsilon = 0.1009
Client 5: avg epsilon = 0.1000
Client 6: avg epsilon = 0.1158
Client 7: avg epsilon = 0.4581
Client 8: avg epsilon = 0.1555
Client 9: avg epsilon = 0.2919
 We run FedAvg with rPDP (ThreeLevels-0) ...
max_epsilon :  10.0  noise_multiplier :  9.736328125
The R-Squared value of the best-fit curve : 0.999749898528281
learning rate =  0.01
sample_rate: (min) 0.03, (max) 0.61, expected_batch_size: 214
sample_rate: (min) 0.03, (max) 0.61, expected_batch_size: 742
sample_rate: (min) 0.03, (max) 0.61, expected_batch_size: 819
sample_rate: (min) 0.03, (max) 0.61, expected_batch_size: 1584
sample_rate: (min) 0.03, (max) 0.16, expected_batch_size: 126
sample_rate: (min) 0.03, (max) 0.03, expected_batch_size: 18
sample_rate: (min) 0.03, (max) 0.61, expected_batch_size: 202
sample_rate: (min) 0.03, (max) 0.16, expected_batch_size: 399
sample_rate: (min) 0.03, (max) 0.61, expected_batch_size: 19
sample_rate: (min) 0.03, (max) 0.61, expected_batch_size: 227
initial privacy cost of all clients:  [0, 0, 0, 0, 0, 0, 0, 0, 0, 0]
Round=0
Round=1
Round=2
Round=3
Round=4
Round=5
Round=6
Round=7
Round=8
Round=9
Round=10
Round=11
Round=12
Round=13
Round=14
current privacy cost of all clients:  [3.8048372549984366, 4.510367153745826, 3.8048372549984366, 2.1521425035466386, 0.8300921245073416, 0.06629602355155903, 2.8039339861853394, 0.6093162705378211, 2.8039339861853394, 3.554611437795162]
Round=14, per client global perf=[0.322, 0.9307, 0.8522, 0.4602, 0.5869, 0.5618, 0.7101, 0.3355, 0.2727, 0.0432], mean perf=10712/20406 (0.5249%)
Round=14, per client personal perf=[0.8561, 0.9237, 0.9052, 0.9374, 0.95, 0.9731, 0.9505, 0.9518, 0.8809, 0.9396], mean perf=19088/20406 (0.9354%)
Round=14, per client personal pooled=[0.5662, 0.3208, 0.3726, 0.5384, 0.2679, 0.2602, 0.4557, 0.3128, 0.5491, 0.3169], mean perf=80820/204060 (0.3961%)
Mean performance of ditto rpdp global, Perf=0.4965, seed=44
Mean performance of ditto rpdp personal, Perf=0.9337, seed=44
Mean performance of ditto rpdp pooled, Perf=0.3992, seed=44
Finished seed 44
----------------------------------------
Running seed 45
/Users/shegao_t1/DP_Research/Personal_DP_Personal_FL/rpdp_fl/experiments/datasets/fed_mnist/dirichlet_10_alpha_1

Client 0 label distribution:
[(0, 6), (1, 85), (2, 377), (3, 2), (5, 149), (6, 282), (7, 12), (8, 1182), (9, 8)]

Client 1 label distribution:
[(1, 526), (4, 34), (6, 2), (7, 2818), (8, 2), (9, 484)]

Client 2 label distribution:
[(0, 48), (1, 1), (2, 428), (4, 13), (6, 1), (7, 1246), (9, 1005)]

Client 3 label distribution:
[(0, 1055), (1, 336), (2, 35), (3, 3632), (6, 203), (7, 2), (8, 3), (9, 2392)]

Client 4 label distribution:
[(0, 2583), (2, 107), (3, 2), (4, 12), (5, 2276), (6, 17), (8, 5)]

Client 5 label distribution:
[(0, 3), (1, 70), (4, 13), (5, 635)]

Client 6 label distribution:
[(1, 3372), (2, 6), (3, 156), (5, 391), (6, 3342), (7, 97), (9, 6)]

Client 7 label distribution:
[(0, 51), (1, 3), (2, 2968), (4, 56), (5, 1), (8, 2035)]

Client 8 label distribution:
[(0, 186), (3, 239), (4, 102), (5, 39), (6, 45), (9, 7)]

Client 9 label distribution:
[(0, 2), (1, 24), (2, 1), (4, 3621), (5, 76), (7, 1), (8, 631), (9, 44)]
Client 0: avg epsilon = 0.6245
Client 1: avg epsilon = 1.3492
Client 2: avg epsilon = 2.3049
Client 3: avg epsilon = 1.6311
Client 4: avg epsilon = 0.1009
Client 5: avg epsilon = 0.1000
Client 6: avg epsilon = 0.1158
Client 7: avg epsilon = 0.4581
Client 8: avg epsilon = 0.1555
Client 9: avg epsilon = 0.2919
 We run FedAvg with rPDP (ThreeLevels-0) ...
max_epsilon :  10.0  noise_multiplier :  9.736328125
The R-Squared value of the best-fit curve : 0.999749898528281
learning rate =  0.01
sample_rate: (min) 0.03, (max) 0.61, expected_batch_size: 214
sample_rate: (min) 0.03, (max) 0.61, expected_batch_size: 742
sample_rate: (min) 0.03, (max) 0.61, expected_batch_size: 819
sample_rate: (min) 0.03, (max) 0.61, expected_batch_size: 1584
sample_rate: (min) 0.03, (max) 0.16, expected_batch_size: 126
sample_rate: (min) 0.03, (max) 0.03, expected_batch_size: 18
sample_rate: (min) 0.03, (max) 0.61, expected_batch_size: 202
sample_rate: (min) 0.03, (max) 0.16, expected_batch_size: 399
sample_rate: (min) 0.03, (max) 0.61, expected_batch_size: 19
sample_rate: (min) 0.03, (max) 0.61, expected_batch_size: 227
initial privacy cost of all clients:  [0, 0, 0, 0, 0, 0, 0, 0, 0, 0]
Round=0
Round=1
Round=2
Round=3
Round=4
Round=5
Round=6
Round=7
Round=8
Round=9
Round=10
Round=11
Round=12
Round=13
Round=14
current privacy cost of all clients:  [3.554611437795162, 3.554611437795162, 3.3043856205918876, 2.502378074621252, 0.7046321452486275, 0.0879752932513391, 3.554611437795162, 0.5558558712260362, 3.8048372549984366, 4.055063072201711]
Round=14, per client global perf=[0.2269, 0.8609, 0.6577, 0.388, 0.7711, 0.7876, 0.6719, 0.0672, 0.3574, 0.4414], mean perf=10547/20406 (0.5169%)
Round=14, per client personal perf=[0.8469, 0.9513, 0.9243, 0.9316, 0.9224, 0.9839, 0.9476, 0.8588, 0.837, 0.9224], mean perf=18761/20406 (0.9194%)
Round=14, per client personal pooled=[0.5316, 0.4412, 0.4293, 0.5195, 0.3657, 0.2979, 0.5382, 0.271, 0.5349, 0.3785], mean perf=87906/204060 (0.4308%)
Mean performance of ditto rpdp global, Perf=0.4807, seed=45
Mean performance of ditto rpdp personal, Perf=0.9225, seed=45
Mean performance of ditto rpdp pooled, Perf=0.4326, seed=45
Finished seed 45
----------------------------------------
Running seed 46
/Users/shegao_t1/DP_Research/Personal_DP_Personal_FL/rpdp_fl/experiments/datasets/fed_mnist/dirichlet_10_alpha_1

Client 0 label distribution:
[(0, 6), (1, 85), (2, 377), (3, 2), (5, 149), (6, 282), (7, 12), (8, 1182), (9, 8)]

Client 1 label distribution:
[(1, 526), (4, 34), (6, 2), (7, 2818), (8, 2), (9, 484)]

Client 2 label distribution:
[(0, 48), (1, 1), (2, 428), (4, 13), (6, 1), (7, 1246), (9, 1005)]

Client 3 label distribution:
[(0, 1055), (1, 336), (2, 35), (3, 3632), (6, 203), (7, 2), (8, 3), (9, 2392)]

Client 4 label distribution:
[(0, 2583), (2, 107), (3, 2), (4, 12), (5, 2276), (6, 17), (8, 5)]

Client 5 label distribution:
[(0, 3), (1, 70), (4, 13), (5, 635)]

Client 6 label distribution:
[(1, 3372), (2, 6), (3, 156), (5, 391), (6, 3342), (7, 97), (9, 6)]

Client 7 label distribution:
[(0, 51), (1, 3), (2, 2968), (4, 56), (5, 1), (8, 2035)]

Client 8 label distribution:
[(0, 186), (3, 239), (4, 102), (5, 39), (6, 45), (9, 7)]

Client 9 label distribution:
[(0, 2), (1, 24), (2, 1), (4, 3621), (5, 76), (7, 1), (8, 631), (9, 44)]
Client 0: avg epsilon = 0.6245
Client 1: avg epsilon = 1.3492
Client 2: avg epsilon = 2.3049
Client 3: avg epsilon = 1.6311
Client 4: avg epsilon = 0.1009
Client 5: avg epsilon = 0.1000
Client 6: avg epsilon = 0.1158
Client 7: avg epsilon = 0.4581
Client 8: avg epsilon = 0.1555
Client 9: avg epsilon = 0.2919
 We run FedAvg with rPDP (ThreeLevels-0) ...
max_epsilon :  10.0  noise_multiplier :  9.736328125
The R-Squared value of the best-fit curve : 0.999749898528281
learning rate =  0.01
sample_rate: (min) 0.03, (max) 0.61, expected_batch_size: 214
sample_rate: (min) 0.03, (max) 0.61, expected_batch_size: 742
sample_rate: (min) 0.03, (max) 0.61, expected_batch_size: 819
sample_rate: (min) 0.03, (max) 0.61, expected_batch_size: 1584
sample_rate: (min) 0.03, (max) 0.16, expected_batch_size: 126
sample_rate: (min) 0.03, (max) 0.03, expected_batch_size: 18
sample_rate: (min) 0.03, (max) 0.61, expected_batch_size: 202
sample_rate: (min) 0.03, (max) 0.16, expected_batch_size: 399
sample_rate: (min) 0.03, (max) 0.61, expected_batch_size: 19
sample_rate: (min) 0.03, (max) 0.61, expected_batch_size: 227
initial privacy cost of all clients:  [0, 0, 0, 0, 0, 0, 0, 0, 0, 0]
Round=0
Round=1
Round=2
Round=3
Round=4
Round=5
Round=6
Round=7
Round=8
Round=9
Round=10
Round=11
Round=12
Round=13
Round=14
current privacy cost of all clients:  [3.3043856205918876, 3.8048372549984366, 3.3043856205918876, 3.554611437795162, 0.6583580204409699, 0.0777036851988212, 3.554611437795162, 0.8300921245073416, 4.055063072201711, 3.554611437795162]
Round=14, per client global perf=[0.3976, 0.8328, 0.7779, 0.5165, 0.424, 0.121, 0.7596, 0.3791, 0.3574, 0.0551], mean perf=10489/20406 (0.5140%)
Round=14, per client personal perf=[0.8681, 0.9473, 0.918, 0.8872, 0.9569, 0.9597, 0.9452, 0.9564, 0.8621, 0.9537], mean perf=18999/20406 (0.9310%)
Round=14, per client personal pooled=[0.5033, 0.4113, 0.4225, 0.4163, 0.3835, 0.3811, 0.4011, 0.4069, 0.5584, 0.5068], mean perf=89606/204060 (0.4391%)
Mean performance of ditto rpdp global, Perf=0.5073, seed=46
Mean performance of ditto rpdp personal, Perf=0.9281, seed=46
Mean performance of ditto rpdp pooled, Perf=0.4145, seed=46
Finished seed 46
----------------------------------------
=== Running reg_param=10, num_steps=15 ===
Running seed 42
/Users/shegao_t1/DP_Research/Personal_DP_Personal_FL/rpdp_fl/experiments/datasets/fed_mnist/dirichlet_10_alpha_1

Client 0 label distribution:
[(0, 6), (1, 85), (2, 377), (3, 2), (5, 149), (6, 282), (7, 12), (8, 1182), (9, 8)]

Client 1 label distribution:
[(1, 526), (4, 34), (6, 2), (7, 2818), (8, 2), (9, 484)]

Client 2 label distribution:
[(0, 48), (1, 1), (2, 428), (4, 13), (6, 1), (7, 1246), (9, 1005)]

Client 3 label distribution:
[(0, 1055), (1, 336), (2, 35), (3, 3632), (6, 203), (7, 2), (8, 3), (9, 2392)]

Client 4 label distribution:
[(0, 2583), (2, 107), (3, 2), (4, 12), (5, 2276), (6, 17), (8, 5)]

Client 5 label distribution:
[(0, 3), (1, 70), (4, 13), (5, 635)]

Client 6 label distribution:
[(1, 3372), (2, 6), (3, 156), (5, 391), (6, 3342), (7, 97), (9, 6)]

Client 7 label distribution:
[(0, 51), (1, 3), (2, 2968), (4, 56), (5, 1), (8, 2035)]

Client 8 label distribution:
[(0, 186), (3, 239), (4, 102), (5, 39), (6, 45), (9, 7)]

Client 9 label distribution:
[(0, 2), (1, 24), (2, 1), (4, 3621), (5, 76), (7, 1), (8, 631), (9, 44)]
Client 0: avg epsilon = 0.6245
Client 1: avg epsilon = 1.3492
Client 2: avg epsilon = 2.3049
Client 3: avg epsilon = 1.6311
Client 4: avg epsilon = 0.1009
Client 5: avg epsilon = 0.1000
Client 6: avg epsilon = 0.1158
Client 7: avg epsilon = 0.4581
Client 8: avg epsilon = 0.1555
Client 9: avg epsilon = 0.2919
 We run FedAvg with rPDP (ThreeLevels-0) ...
max_epsilon :  10.0  noise_multiplier :  9.736328125
The R-Squared value of the best-fit curve : 0.999749898528281
learning rate =  0.01
sample_rate: (min) 0.03, (max) 0.61, expected_batch_size: 214
sample_rate: (min) 0.03, (max) 0.61, expected_batch_size: 742
sample_rate: (min) 0.03, (max) 0.61, expected_batch_size: 819
sample_rate: (min) 0.03, (max) 0.61, expected_batch_size: 1584
sample_rate: (min) 0.03, (max) 0.16, expected_batch_size: 126
sample_rate: (min) 0.03, (max) 0.03, expected_batch_size: 18
sample_rate: (min) 0.03, (max) 0.61, expected_batch_size: 202
sample_rate: (min) 0.03, (max) 0.16, expected_batch_size: 399
sample_rate: (min) 0.03, (max) 0.61, expected_batch_size: 19
sample_rate: (min) 0.03, (max) 0.61, expected_batch_size: 227
initial privacy cost of all clients:  [0, 0, 0, 0, 0, 0, 0, 0, 0, 0]
Round=0
Round=1
Round=2
Round=3
Round=4
Round=5
Round=6
Round=7
Round=8
Round=9
Round=10
Round=11
Round=12
Round=13
Round=14
current privacy cost of all clients:  [3.554611437795162, 3.554611437795162, 2.8039339861853394, 3.3043856205918876, 0.7482516858029494, 0.0777036851988212, 3.8048372549984366, 0.7915678459669535, 4.305288889404985, 3.0541598033886133]
Round=14, per client global perf=[0.3155, 0.9071, 0.7723, 0.4293, 0.756, 0.6989, 0.8325, 0.2797, 0.3856, 0.1728], mean perf=11558/20406 (0.5664%)
Round=14, per client personal perf=[0.7906, 0.9202, 0.8982, 0.9065, 0.9263, 0.9462, 0.8984, 0.9116, 0.7868, 0.9321], mean perf=18456/20406 (0.9044%)
Round=14, per client personal pooled=[0.538, 0.4585, 0.4477, 0.4899, 0.433, 0.4479, 0.5682, 0.4871, 0.5632, 0.3896], mean perf=98417/204060 (0.4823%)
Mean performance of ditto rpdp global, Perf=0.4786, seed=42
Mean performance of ditto rpdp personal, Perf=0.8962, seed=42
Mean performance of ditto rpdp pooled, Perf=0.4657, seed=42
Finished seed 42
----------------------------------------
Running seed 43
/Users/shegao_t1/DP_Research/Personal_DP_Personal_FL/rpdp_fl/experiments/datasets/fed_mnist/dirichlet_10_alpha_1

Client 0 label distribution:
[(0, 6), (1, 85), (2, 377), (3, 2), (5, 149), (6, 282), (7, 12), (8, 1182), (9, 8)]

Client 1 label distribution:
[(1, 526), (4, 34), (6, 2), (7, 2818), (8, 2), (9, 484)]

Client 2 label distribution:
[(0, 48), (1, 1), (2, 428), (4, 13), (6, 1), (7, 1246), (9, 1005)]

Client 3 label distribution:
[(0, 1055), (1, 336), (2, 35), (3, 3632), (6, 203), (7, 2), (8, 3), (9, 2392)]

Client 4 label distribution:
[(0, 2583), (2, 107), (3, 2), (4, 12), (5, 2276), (6, 17), (8, 5)]

Client 5 label distribution:
[(0, 3), (1, 70), (4, 13), (5, 635)]

Client 6 label distribution:
[(1, 3372), (2, 6), (3, 156), (5, 391), (6, 3342), (7, 97), (9, 6)]

Client 7 label distribution:
[(0, 51), (1, 3), (2, 2968), (4, 56), (5, 1), (8, 2035)]

Client 8 label distribution:
[(0, 186), (3, 239), (4, 102), (5, 39), (6, 45), (9, 7)]

Client 9 label distribution:
[(0, 2), (1, 24), (2, 1), (4, 3621), (5, 76), (7, 1), (8, 631), (9, 44)]
Client 0: avg epsilon = 0.6245
Client 1: avg epsilon = 1.3492
Client 2: avg epsilon = 2.3049
Client 3: avg epsilon = 1.6311
Client 4: avg epsilon = 0.1009
Client 5: avg epsilon = 0.1000
Client 6: avg epsilon = 0.1158
Client 7: avg epsilon = 0.4581
Client 8: avg epsilon = 0.1555
Client 9: avg epsilon = 0.2919
 We run FedAvg with rPDP (ThreeLevels-0) ...
max_epsilon :  10.0  noise_multiplier :  9.736328125
The R-Squared value of the best-fit curve : 0.999749898528281
learning rate =  0.01
sample_rate: (min) 0.03, (max) 0.61, expected_batch_size: 214
sample_rate: (min) 0.03, (max) 0.61, expected_batch_size: 742
sample_rate: (min) 0.03, (max) 0.61, expected_batch_size: 819
sample_rate: (min) 0.03, (max) 0.61, expected_batch_size: 1584
sample_rate: (min) 0.03, (max) 0.16, expected_batch_size: 126
sample_rate: (min) 0.03, (max) 0.03, expected_batch_size: 18
sample_rate: (min) 0.03, (max) 0.61, expected_batch_size: 202
sample_rate: (min) 0.03, (max) 0.16, expected_batch_size: 399
sample_rate: (min) 0.03, (max) 0.61, expected_batch_size: 19
sample_rate: (min) 0.03, (max) 0.61, expected_batch_size: 227
initial privacy cost of all clients:  [0, 0, 0, 0, 0, 0, 0, 0, 0, 0]
Round=0
Round=1
Round=2
Round=3
Round=4
Round=5
Round=6
Round=7
Round=8
Round=9
Round=10
Round=11
Round=12
Round=13
Round=14
current privacy cost of all clients:  [3.8048372549984366, 3.554611437795162, 3.3043856205918876, 3.8048372549984366, 0.5558558712260362, 0.0777036851988212, 3.0541598033886133, 0.4329280232702186, 3.0541598033886133, 4.055063072201711]
Round=14, per client global perf=[0.5655, 0.7942, 0.7595, 0.5699, 0.204, 0.1075, 0.3805, 0.5939, 0.2884, 0.1631], mean perf=9556/20406 (0.4683%)
Round=14, per client personal perf=[0.6679, 0.9573, 0.896, 0.8964, 0.7836, 0.914, 0.8889, 0.8778, 0.7398, 0.9056], mean perf=17774/20406 (0.8710%)
Round=14, per client personal pooled=[0.4014, 0.3541, 0.4665, 0.4668, 0.3121, 0.2874, 0.4184, 0.3555, 0.499, 0.4264], mean perf=81369/204060 (0.3988%)
Mean performance of ditto rpdp global, Perf=0.4172, seed=43
Mean performance of ditto rpdp personal, Perf=0.8660, seed=43
Mean performance of ditto rpdp pooled, Perf=0.3799, seed=43
Finished seed 43
----------------------------------------
Running seed 44
/Users/shegao_t1/DP_Research/Personal_DP_Personal_FL/rpdp_fl/experiments/datasets/fed_mnist/dirichlet_10_alpha_1

Client 0 label distribution:
[(0, 6), (1, 85), (2, 377), (3, 2), (5, 149), (6, 282), (7, 12), (8, 1182), (9, 8)]

Client 1 label distribution:
[(1, 526), (4, 34), (6, 2), (7, 2818), (8, 2), (9, 484)]

Client 2 label distribution:
[(0, 48), (1, 1), (2, 428), (4, 13), (6, 1), (7, 1246), (9, 1005)]

Client 3 label distribution:
[(0, 1055), (1, 336), (2, 35), (3, 3632), (6, 203), (7, 2), (8, 3), (9, 2392)]

Client 4 label distribution:
[(0, 2583), (2, 107), (3, 2), (4, 12), (5, 2276), (6, 17), (8, 5)]

Client 5 label distribution:
[(0, 3), (1, 70), (4, 13), (5, 635)]

Client 6 label distribution:
[(1, 3372), (2, 6), (3, 156), (5, 391), (6, 3342), (7, 97), (9, 6)]

Client 7 label distribution:
[(0, 51), (1, 3), (2, 2968), (4, 56), (5, 1), (8, 2035)]

Client 8 label distribution:
[(0, 186), (3, 239), (4, 102), (5, 39), (6, 45), (9, 7)]

Client 9 label distribution:
[(0, 2), (1, 24), (2, 1), (4, 3621), (5, 76), (7, 1), (8, 631), (9, 44)]
Client 0: avg epsilon = 0.6245
Client 1: avg epsilon = 1.3492
Client 2: avg epsilon = 2.3049
Client 3: avg epsilon = 1.6311
Client 4: avg epsilon = 0.1009
Client 5: avg epsilon = 0.1000
Client 6: avg epsilon = 0.1158
Client 7: avg epsilon = 0.4581
Client 8: avg epsilon = 0.1555
Client 9: avg epsilon = 0.2919
 We run FedAvg with rPDP (ThreeLevels-0) ...
max_epsilon :  10.0  noise_multiplier :  9.736328125
The R-Squared value of the best-fit curve : 0.999749898528281
learning rate =  0.01
sample_rate: (min) 0.03, (max) 0.61, expected_batch_size: 214
sample_rate: (min) 0.03, (max) 0.61, expected_batch_size: 742
sample_rate: (min) 0.03, (max) 0.61, expected_batch_size: 819
sample_rate: (min) 0.03, (max) 0.61, expected_batch_size: 1584
sample_rate: (min) 0.03, (max) 0.16, expected_batch_size: 126
sample_rate: (min) 0.03, (max) 0.03, expected_batch_size: 18
sample_rate: (min) 0.03, (max) 0.61, expected_batch_size: 202
sample_rate: (min) 0.03, (max) 0.16, expected_batch_size: 399
sample_rate: (min) 0.03, (max) 0.61, expected_batch_size: 19
sample_rate: (min) 0.03, (max) 0.61, expected_batch_size: 227
initial privacy cost of all clients:  [0, 0, 0, 0, 0, 0, 0, 0, 0, 0]
Round=0
Round=1
Round=2
Round=3
Round=4
Round=5
Round=6
Round=7
Round=8
Round=9
Round=10
Round=11
Round=12
Round=13
Round=14
current privacy cost of all clients:  [3.8048372549984366, 4.510367153745826, 3.8048372549984366, 2.1521425035466386, 0.8300921245073416, 0.06629602355155903, 2.8039339861853394, 0.6093162705378211, 2.8039339861853394, 3.554611437795162]
Round=14, per client global perf=[0.322, 0.9307, 0.8522, 0.4602, 0.5869, 0.5618, 0.7101, 0.3355, 0.2727, 0.0432], mean perf=10712/20406 (0.5249%)
Round=14, per client personal perf=[0.798, 0.9372, 0.9031, 0.9037, 0.9329, 0.9624, 0.9323, 0.9419, 0.7931, 0.9308], mean perf=18725/20406 (0.9176%)
Round=14, per client personal pooled=[0.5541, 0.5046, 0.4928, 0.4954, 0.4012, 0.2802, 0.5172, 0.3008, 0.5683, 0.5183], mean perf=94541/204060 (0.4633%)
Mean performance of ditto rpdp global, Perf=0.4965, seed=44
Mean performance of ditto rpdp personal, Perf=0.9113, seed=44
Mean performance of ditto rpdp pooled, Perf=0.4369, seed=44
Finished seed 44
----------------------------------------
Running seed 45
/Users/shegao_t1/DP_Research/Personal_DP_Personal_FL/rpdp_fl/experiments/datasets/fed_mnist/dirichlet_10_alpha_1

Client 0 label distribution:
[(0, 6), (1, 85), (2, 377), (3, 2), (5, 149), (6, 282), (7, 12), (8, 1182), (9, 8)]

Client 1 label distribution:
[(1, 526), (4, 34), (6, 2), (7, 2818), (8, 2), (9, 484)]

Client 2 label distribution:
[(0, 48), (1, 1), (2, 428), (4, 13), (6, 1), (7, 1246), (9, 1005)]

Client 3 label distribution:
[(0, 1055), (1, 336), (2, 35), (3, 3632), (6, 203), (7, 2), (8, 3), (9, 2392)]

Client 4 label distribution:
[(0, 2583), (2, 107), (3, 2), (4, 12), (5, 2276), (6, 17), (8, 5)]

Client 5 label distribution:
[(0, 3), (1, 70), (4, 13), (5, 635)]

Client 6 label distribution:
[(1, 3372), (2, 6), (3, 156), (5, 391), (6, 3342), (7, 97), (9, 6)]

Client 7 label distribution:
[(0, 51), (1, 3), (2, 2968), (4, 56), (5, 1), (8, 2035)]

Client 8 label distribution:
[(0, 186), (3, 239), (4, 102), (5, 39), (6, 45), (9, 7)]

Client 9 label distribution:
[(0, 2), (1, 24), (2, 1), (4, 3621), (5, 76), (7, 1), (8, 631), (9, 44)]
Client 0: avg epsilon = 0.6245
Client 1: avg epsilon = 1.3492
Client 2: avg epsilon = 2.3049
Client 3: avg epsilon = 1.6311
Client 4: avg epsilon = 0.1009
Client 5: avg epsilon = 0.1000
Client 6: avg epsilon = 0.1158
Client 7: avg epsilon = 0.4581
Client 8: avg epsilon = 0.1555
Client 9: avg epsilon = 0.2919
 We run FedAvg with rPDP (ThreeLevels-0) ...
max_epsilon :  10.0  noise_multiplier :  9.736328125
The R-Squared value of the best-fit curve : 0.999749898528281
learning rate =  0.01
sample_rate: (min) 0.03, (max) 0.61, expected_batch_size: 214
sample_rate: (min) 0.03, (max) 0.61, expected_batch_size: 742
sample_rate: (min) 0.03, (max) 0.61, expected_batch_size: 819
sample_rate: (min) 0.03, (max) 0.61, expected_batch_size: 1584
sample_rate: (min) 0.03, (max) 0.16, expected_batch_size: 126
sample_rate: (min) 0.03, (max) 0.03, expected_batch_size: 18
sample_rate: (min) 0.03, (max) 0.61, expected_batch_size: 202
sample_rate: (min) 0.03, (max) 0.16, expected_batch_size: 399
sample_rate: (min) 0.03, (max) 0.61, expected_batch_size: 19
sample_rate: (min) 0.03, (max) 0.61, expected_batch_size: 227
initial privacy cost of all clients:  [0, 0, 0, 0, 0, 0, 0, 0, 0, 0]
Round=0
Round=1
Round=2
Round=3
Round=4
Round=5
Round=6
Round=7
Round=8
Round=9
Round=10
Round=11
Round=12
Round=13
Round=14
current privacy cost of all clients:  [3.554611437795162, 3.554611437795162, 3.3043856205918876, 2.502378074621252, 0.7046321452486275, 0.0879752932513391, 3.554611437795162, 0.5558558712260362, 3.8048372549984366, 4.055063072201711]
Round=14, per client global perf=[0.2269, 0.8609, 0.6577, 0.388, 0.7711, 0.7876, 0.6719, 0.0672, 0.3574, 0.4414], mean perf=10547/20406 (0.5169%)
Round=14, per client personal perf=[0.8054, 0.9307, 0.8847, 0.8647, 0.867, 0.9247, 0.9394, 0.9013, 0.721, 0.9295], mean perf=18250/20406 (0.8943%)
Round=14, per client personal pooled=[0.5112, 0.5308, 0.4719, 0.5421, 0.4507, 0.4285, 0.4778, 0.3911, 0.534, 0.429], mean perf=97273/204060 (0.4767%)
Mean performance of ditto rpdp global, Perf=0.4807, seed=45
Mean performance of ditto rpdp personal, Perf=0.8958, seed=45
Mean performance of ditto rpdp pooled, Perf=0.4680, seed=45
Finished seed 45
----------------------------------------
Running seed 46
/Users/shegao_t1/DP_Research/Personal_DP_Personal_FL/rpdp_fl/experiments/datasets/fed_mnist/dirichlet_10_alpha_1

Client 0 label distribution:
[(0, 6), (1, 85), (2, 377), (3, 2), (5, 149), (6, 282), (7, 12), (8, 1182), (9, 8)]

Client 1 label distribution:
[(1, 526), (4, 34), (6, 2), (7, 2818), (8, 2), (9, 484)]

Client 2 label distribution:
[(0, 48), (1, 1), (2, 428), (4, 13), (6, 1), (7, 1246), (9, 1005)]

Client 3 label distribution:
[(0, 1055), (1, 336), (2, 35), (3, 3632), (6, 203), (7, 2), (8, 3), (9, 2392)]

Client 4 label distribution:
[(0, 2583), (2, 107), (3, 2), (4, 12), (5, 2276), (6, 17), (8, 5)]

Client 5 label distribution:
[(0, 3), (1, 70), (4, 13), (5, 635)]

Client 6 label distribution:
[(1, 3372), (2, 6), (3, 156), (5, 391), (6, 3342), (7, 97), (9, 6)]

Client 7 label distribution:
[(0, 51), (1, 3), (2, 2968), (4, 56), (5, 1), (8, 2035)]

Client 8 label distribution:
[(0, 186), (3, 239), (4, 102), (5, 39), (6, 45), (9, 7)]

Client 9 label distribution:
[(0, 2), (1, 24), (2, 1), (4, 3621), (5, 76), (7, 1), (8, 631), (9, 44)]
Client 0: avg epsilon = 0.6245
Client 1: avg epsilon = 1.3492
Client 2: avg epsilon = 2.3049
Client 3: avg epsilon = 1.6311
Client 4: avg epsilon = 0.1009
Client 5: avg epsilon = 0.1000
Client 6: avg epsilon = 0.1158
Client 7: avg epsilon = 0.4581
Client 8: avg epsilon = 0.1555
Client 9: avg epsilon = 0.2919
 We run FedAvg with rPDP (ThreeLevels-0) ...
max_epsilon :  10.0  noise_multiplier :  9.736328125
The R-Squared value of the best-fit curve : 0.999749898528281
learning rate =  0.01
sample_rate: (min) 0.03, (max) 0.61, expected_batch_size: 214
sample_rate: (min) 0.03, (max) 0.61, expected_batch_size: 742
sample_rate: (min) 0.03, (max) 0.61, expected_batch_size: 819
sample_rate: (min) 0.03, (max) 0.61, expected_batch_size: 1584
sample_rate: (min) 0.03, (max) 0.16, expected_batch_size: 126
sample_rate: (min) 0.03, (max) 0.03, expected_batch_size: 18
sample_rate: (min) 0.03, (max) 0.61, expected_batch_size: 202
sample_rate: (min) 0.03, (max) 0.16, expected_batch_size: 399
sample_rate: (min) 0.03, (max) 0.61, expected_batch_size: 19
sample_rate: (min) 0.03, (max) 0.61, expected_batch_size: 227
initial privacy cost of all clients:  [0, 0, 0, 0, 0, 0, 0, 0, 0, 0]
Round=0
Round=1
Round=2
Round=3
Round=4
Round=5
Round=6
Round=7
Round=8
Round=9
Round=10
Round=11
Round=12
Round=13
Round=14
current privacy cost of all clients:  [3.3043856205918876, 3.8048372549984366, 3.3043856205918876, 3.554611437795162, 0.6583580204409699, 0.0777036851988212, 3.554611437795162, 0.8300921245073416, 4.055063072201711, 3.554611437795162]
Round=14, per client global perf=[0.3976, 0.8328, 0.7779, 0.5165, 0.424, 0.121, 0.7596, 0.3791, 0.3574, 0.0551], mean perf=10489/20406 (0.5140%)
Round=14, per client personal perf=[0.8155, 0.9342, 0.8847, 0.8905, 0.9007, 0.9274, 0.9368, 0.9362, 0.815, 0.9118], mean perf=18530/20406 (0.9081%)
Round=14, per client personal pooled=[0.5413, 0.5223, 0.5267, 0.4813, 0.5106, 0.4087, 0.4825, 0.3308, 0.5542, 0.5362], mean perf=99881/204060 (0.4895%)
Mean performance of ditto rpdp global, Perf=0.5073, seed=46
Mean performance of ditto rpdp personal, Perf=0.8979, seed=46
Mean performance of ditto rpdp pooled, Perf=0.4412, seed=46
Finished seed 46
----------------------------------------
All runs complete.
