PARAMS: dataset=cifar10, gpu=0, data_type=niid_dir_1, num_steps=30
=== Running reg_param=0 ===
Running seed 42
learning rate =  0.001
Round=0
Round=1
Round=2
Round=3
Round=4
Round=5
Round=6
Round=7
Round=8
Round=9
Round=10
Round=11
Round=12
Round=13
Round=14
Round=14, per client global perf=[0.0445, 0.6095, 0.0037, 0.6552, 0.1173, 0.184, 0.278, 0.2861, 0.3484, 0.0674], mean perf=4064/17005 (0.2390%)
Round=14, per client personal perf=[0.79, 0.9005, 0.5168, 0.9128, 0.7184, 0.7567, 0.8224, 0.6116, 0.6248, 0.6966], mean perf=12082/17005 (0.7105%)
Round=14, per client personal pooled=[0.1657, 0.1789, 0.1838, 0.1014, 0.196, 0.1782, 0.1848, 0.1612, 0.2515, 0.146], mean perf=29717/170050 (0.1748%)
All rounds performance of vanilla ditto global, Perf=[0.1014, 0.0989, 0.1648, 0.1595, 0.1484, 0.1905, 0.2053, 0.2132, 0.2152, 0.2263, 0.2256, 0.1976, 0.2335, 0.24, 0.239]
Mean performance of vanilla ditto global, Perf=0.2375
All rounds performance of vanilla ditto personal, Perf=[0.3645, 0.4445, 0.5666, 0.601, 0.6211, 0.6297, 0.6583, 0.6757, 0.6666, 0.673, 0.684, 0.7096, 0.6985, 0.7137, 0.7105]
Mean performance of vanilla ditto personal, Perf=0.7076
All rounds performance of vanilla ditto pooled, Perf=[0.1, 0.1003, 0.1153, 0.1375, 0.1353, 0.1421, 0.1558, 0.1656, 0.1661, 0.1589, 0.1654, 0.177, 0.1811, 0.1812, 0.1748]
Mean performance of vanilla ditto pooled, Perf=0.1790
Finished seed 42
----------------------------------------
=== Running reg_param=0.001 ===
Running seed 42
learning rate =  0.001
Round=0
Round=1
Round=2
Round=3
Round=4
Round=5
Round=6
Round=7
Round=8
Round=9
Round=10
Round=11
Round=12
Round=13
Round=14
Round=14, per client global perf=[0.0445, 0.6095, 0.0037, 0.6552, 0.1173, 0.184, 0.278, 0.2861, 0.3484, 0.0674], mean perf=4064/17005 (0.2390%)
Round=14, per client personal perf=[0.7885, 0.8943, 0.6399, 0.9128, 0.7005, 0.7516, 0.8188, 0.6334, 0.5799, 0.6885], mean perf=11926/17005 (0.7013%)
Round=14, per client personal pooled=[0.1674, 0.1805, 0.2065, 0.1014, 0.2019, 0.18, 0.1839, 0.1738, 0.2404, 0.125], mean perf=29944/170050 (0.1761%)
All rounds performance of vanilla ditto global, Perf=[0.1014, 0.0989, 0.1648, 0.1595, 0.1484, 0.1905, 0.2053, 0.2132, 0.2152, 0.2263, 0.2256, 0.1976, 0.2335, 0.24, 0.239]
Mean performance of vanilla ditto global, Perf=0.2375
All rounds performance of vanilla ditto personal, Perf=[0.3644, 0.4444, 0.5822, 0.5515, 0.6142, 0.5922, 0.6538, 0.6564, 0.6583, 0.6118, 0.6772, 0.7006, 0.6631, 0.7079, 0.7013]
Mean performance of vanilla ditto personal, Perf=0.6908
All rounds performance of vanilla ditto pooled, Perf=[0.0999, 0.1002, 0.1195, 0.1227, 0.1362, 0.1339, 0.1542, 0.1615, 0.16, 0.1432, 0.1634, 0.1744, 0.1754, 0.1811, 0.1761]
Mean performance of vanilla ditto pooled, Perf=0.1775
Finished seed 42
----------------------------------------
=== Running reg_param=0.01 ===
Running seed 42
learning rate =  0.001
Round=0
Round=1
Round=2
Round=3
Round=4
Round=5
Round=6
Round=7
Round=8
Round=9
Round=10
Round=11
Round=12
Round=13
Round=14
Round=14, per client global perf=[0.0445, 0.6095, 0.0037, 0.6552, 0.1173, 0.184, 0.278, 0.2861, 0.3484, 0.0674], mean perf=4064/17005 (0.2390%)
Round=14, per client personal perf=[0.7777, 0.9142, 0.7183, 0.9128, 0.7427, 0.7615, 0.8152, 0.5981, 0.5577, 0.7017], mean perf=11909/17005 (0.7003%)
Round=14, per client personal pooled=[0.1625, 0.1822, 0.2094, 0.1014, 0.2086, 0.1814, 0.1894, 0.1509, 0.2352, 0.1431], mean perf=29998/170050 (0.1764%)
All rounds performance of vanilla ditto global, Perf=[0.1014, 0.0989, 0.1648, 0.1595, 0.1484, 0.1905, 0.2053, 0.2132, 0.2152, 0.2263, 0.2256, 0.1976, 0.2335, 0.24, 0.239]
Mean performance of vanilla ditto global, Perf=0.2375
All rounds performance of vanilla ditto personal, Perf=[0.3644, 0.4444, 0.5172, 0.6021, 0.6205, 0.6008, 0.6542, 0.6648, 0.6676, 0.6826, 0.6717, 0.7091, 0.688, 0.7252, 0.7003]
Mean performance of vanilla ditto personal, Perf=0.7045
All rounds performance of vanilla ditto pooled, Perf=[0.0999, 0.1002, 0.1121, 0.1263, 0.1314, 0.127, 0.1541, 0.1626, 0.1656, 0.1602, 0.1629, 0.1749, 0.1806, 0.1876, 0.1764]
Mean performance of vanilla ditto pooled, Perf=0.1815
Finished seed 42
----------------------------------------
=== Running reg_param=0.1 ===
Running seed 42
learning rate =  0.001
Round=0
Round=1
Round=2
Round=3
Round=4
Round=5
Round=6
Round=7
Round=8
Round=9
Round=10
Round=11
Round=12
Round=13
Round=14
Round=14, per client global perf=[0.0445, 0.6095, 0.0037, 0.6552, 0.1173, 0.184, 0.278, 0.2861, 0.3484, 0.0674], mean perf=4064/17005 (0.2390%)
Round=14, per client personal perf=[0.7777, 0.9188, 0.5149, 0.9128, 0.6582, 0.7589, 0.7993, 0.6386, 0.601, 0.7048], mean perf=11884/17005 (0.6989%)
Round=14, per client personal pooled=[0.1879, 0.1847, 0.2007, 0.1014, 0.1831, 0.1812, 0.1791, 0.1787, 0.2432, 0.1523], mean perf=30478/170050 (0.1792%)
All rounds performance of vanilla ditto global, Perf=[0.1014, 0.0989, 0.1648, 0.1595, 0.1484, 0.1905, 0.2053, 0.2132, 0.2152, 0.2263, 0.2256, 0.1976, 0.2335, 0.24, 0.239]
Mean performance of vanilla ditto global, Perf=0.2375
All rounds performance of vanilla ditto personal, Perf=[0.3457, 0.4159, 0.5252, 0.5834, 0.606, 0.6417, 0.6585, 0.672, 0.6708, 0.6778, 0.6873, 0.7104, 0.6859, 0.7131, 0.6989]
Mean performance of vanilla ditto personal, Perf=0.6993
All rounds performance of vanilla ditto pooled, Perf=[0.0999, 0.1001, 0.1041, 0.1218, 0.1272, 0.1429, 0.1554, 0.1628, 0.163, 0.1558, 0.1653, 0.1788, 0.1774, 0.1833, 0.1792]
Mean performance of vanilla ditto pooled, Perf=0.1800
Finished seed 42
----------------------------------------
=== Running reg_param=1.0 ===
Running seed 42
learning rate =  0.001
Round=0
Round=1
Round=2
Round=3
Round=4
Round=5
Round=6
Round=7
Round=8
Round=9
Round=10
Round=11
Round=12
Round=13
Round=14
Round=14, per client global perf=[0.0445, 0.6095, 0.0037, 0.6552, 0.1173, 0.184, 0.278, 0.2861, 0.3484, 0.0674], mean perf=4064/17005 (0.2390%)
Round=14, per client personal perf=[0.7703, 0.9127, 0.5075, 0.9128, 0.6947, 0.7513, 0.7819, 0.6402, 0.6367, 0.7068], mean perf=12046/17005 (0.7084%)
Round=14, per client personal pooled=[0.1785, 0.183, 0.1974, 0.1014, 0.1909, 0.1774, 0.1771, 0.1823, 0.2423, 0.1632], mean perf=30499/170050 (0.1794%)
All rounds performance of vanilla ditto global, Perf=[0.1014, 0.0989, 0.1648, 0.1595, 0.1484, 0.1905, 0.2053, 0.2132, 0.2152, 0.2263, 0.2256, 0.1976, 0.2335, 0.24, 0.239]
Mean performance of vanilla ditto global, Perf=0.2375
All rounds performance of vanilla ditto personal, Perf=[0.3644, 0.4444, 0.4948, 0.5423, 0.5958, 0.637, 0.6549, 0.667, 0.6751, 0.6678, 0.6827, 0.7026, 0.6943, 0.7056, 0.7084]
Mean performance of vanilla ditto personal, Perf=0.7028
All rounds performance of vanilla ditto pooled, Perf=[0.0999, 0.1002, 0.1001, 0.1119, 0.1287, 0.1451, 0.1576, 0.1592, 0.1669, 0.1587, 0.1675, 0.1751, 0.172, 0.1806, 0.1794]
Mean performance of vanilla ditto pooled, Perf=0.1773
Finished seed 42
----------------------------------------
=== Running reg_param=5 ===
Running seed 42
learning rate =  0.001
Round=0
Round=1
Round=2
Round=3
Round=4
Round=5
Round=6
Round=7
Round=8
Round=9
Round=10
Round=11
Round=12
Round=13
Round=14
Round=14, per client global perf=[0.0445, 0.6095, 0.0037, 0.6552, 0.1173, 0.184, 0.278, 0.2861, 0.3484, 0.0674], mean perf=4064/17005 (0.2390%)
Round=14, per client personal perf=[0.7628, 0.9096, 0.5877, 0.9128, 0.7258, 0.7436, 0.8058, 0.6516, 0.6228, 0.6997], mean perf=12097/17005 (0.7114%)
Round=14, per client personal pooled=[0.1638, 0.182, 0.2211, 0.1014, 0.2162, 0.1744, 0.1796, 0.1906, 0.2253, 0.1755], mean perf=31118/170050 (0.1830%)
All rounds performance of vanilla ditto global, Perf=[0.1014, 0.0989, 0.1648, 0.1595, 0.1484, 0.1905, 0.2053, 0.2132, 0.2152, 0.2263, 0.2256, 0.1976, 0.2335, 0.24, 0.239]
Mean performance of vanilla ditto global, Perf=0.2375
All rounds performance of vanilla ditto personal, Perf=[0.3685, 0.5075, 0.485, 0.5831, 0.6088, 0.6452, 0.6633, 0.6671, 0.6774, 0.6675, 0.6806, 0.7013, 0.6986, 0.7044, 0.7114]
Mean performance of vanilla ditto personal, Perf=0.7048
All rounds performance of vanilla ditto pooled, Perf=[0.0998, 0.1001, 0.0999, 0.114, 0.1302, 0.1448, 0.1621, 0.1593, 0.168, 0.1593, 0.1677, 0.1801, 0.1737, 0.1849, 0.183]
Mean performance of vanilla ditto pooled, Perf=0.1805
Finished seed 42
----------------------------------------
=== Running reg_param=10 ===
Running seed 42
learning rate =  0.001
Round=0
Round=1
Round=2
Round=3
Round=4
Round=5
Round=6
Round=7
Round=8
Round=9
Round=10
Round=11
Round=12
Round=13
Round=14
Round=14, per client global perf=[0.0445, 0.6095, 0.0037, 0.6552, 0.1173, 0.184, 0.278, 0.2861, 0.3484, 0.0674], mean perf=4064/17005 (0.2390%)
Round=14, per client personal perf=[0.7599, 0.902, 0.6119, 0.9128, 0.7084, 0.7458, 0.8043, 0.6636, 0.6143, 0.6987], mean perf=12055/17005 (0.7089%)
Round=14, per client personal pooled=[0.1733, 0.1906, 0.2393, 0.1299, 0.2281, 0.1771, 0.1799, 0.1975, 0.2212, 0.1907], mean perf=32779/170050 (0.1928%)
All rounds performance of vanilla ditto global, Perf=[0.1014, 0.0989, 0.1648, 0.1595, 0.1484, 0.1905, 0.2053, 0.2132, 0.2152, 0.2263, 0.2256, 0.1976, 0.2335, 0.24, 0.239]
Mean performance of vanilla ditto global, Perf=0.2375
All rounds performance of vanilla ditto personal, Perf=[0.3375, 0.4876, 0.5535, 0.5577, 0.6095, 0.6422, 0.6643, 0.6663, 0.677, 0.6712, 0.678, 0.6966, 0.7, 0.6959, 0.7089]
Mean performance of vanilla ditto personal, Perf=0.7016
All rounds performance of vanilla ditto pooled, Perf=[0.0998, 0.0999, 0.1055, 0.1139, 0.1306, 0.1448, 0.1618, 0.1587, 0.1672, 0.1607, 0.1705, 0.1849, 0.1797, 0.1935, 0.1928]
Mean performance of vanilla ditto pooled, Perf=0.1887
Finished seed 42
----------------------------------------
=== Running reg_param=15 ===
Running seed 42
learning rate =  0.001
Round=0
Round=1
Round=2
Round=3
Round=4
Round=5
Round=6
Round=7
Round=8
Round=9
Round=10
Round=11
Round=12
Round=13
Round=14
Round=14, per client global perf=[0.0445, 0.6095, 0.0037, 0.6552, 0.1173, 0.184, 0.278, 0.2861, 0.3484, 0.0674], mean perf=4064/17005 (0.2390%)
Round=14, per client personal perf=[0.7574, 0.9005, 0.6138, 0.9087, 0.6894, 0.7422, 0.8043, 0.6786, 0.6095, 0.6895], mean perf=12001/17005 (0.7057%)
Round=14, per client personal pooled=[0.1895, 0.1948, 0.2457, 0.1423, 0.2326, 0.1861, 0.1792, 0.2084, 0.2189, 0.1986], mean perf=33944/170050 (0.1996%)
All rounds performance of vanilla ditto global, Perf=[0.1014, 0.0989, 0.1648, 0.1595, 0.1484, 0.1905, 0.2053, 0.2132, 0.2152, 0.2263, 0.2256, 0.1976, 0.2335, 0.24, 0.239]
Mean performance of vanilla ditto global, Perf=0.2375
All rounds performance of vanilla ditto personal, Perf=[0.324, 0.4761, 0.4948, 0.5404, 0.6096, 0.6384, 0.6659, 0.6667, 0.6794, 0.6734, 0.6789, 0.6914, 0.7, 0.6897, 0.7057]
Mean performance of vanilla ditto personal, Perf=0.6985
All rounds performance of vanilla ditto pooled, Perf=[0.1, 0.1001, 0.1001, 0.1136, 0.1309, 0.145, 0.1614, 0.1586, 0.1673, 0.1626, 0.1736, 0.1942, 0.1876, 0.1994, 0.1996]
Mean performance of vanilla ditto pooled, Perf=0.1955
Finished seed 42
----------------------------------------
=== Running reg_param=20 ===
Running seed 42
learning rate =  0.001
Round=0
Round=1
Round=2
Round=3
Round=4
Round=5
Round=6
Round=7
Round=8
Round=9
Round=10
Round=11
Round=12
Round=13
Round=14
Round=14, per client global perf=[0.0445, 0.6095, 0.0037, 0.6552, 0.1173, 0.184, 0.278, 0.2861, 0.3484, 0.0674], mean perf=4064/17005 (0.2390%)
Round=14, per client personal perf=[0.7544, 0.8989, 0.6119, 0.9067, 0.6783, 0.7382, 0.8058, 0.6859, 0.6088, 0.6864], mean perf=11970/17005 (0.7039%)
Round=14, per client personal pooled=[0.1976, 0.1976, 0.2501, 0.1507, 0.2332, 0.1926, 0.1789, 0.2181, 0.2198, 0.2026], mean perf=34709/170050 (0.2041%)
All rounds performance of vanilla ditto global, Perf=[0.1014, 0.0989, 0.1648, 0.1595, 0.1484, 0.1905, 0.2053, 0.2132, 0.2152, 0.2263, 0.2256, 0.1976, 0.2335, 0.24, 0.239]
Mean performance of vanilla ditto global, Perf=0.2375
All rounds performance of vanilla ditto personal, Perf=[0.3424, 0.4708, 0.4919, 0.5394, 0.6089, 0.6355, 0.6667, 0.6674, 0.6812, 0.6737, 0.6774, 0.6803, 0.6961, 0.6854, 0.7039]
Mean performance of vanilla ditto personal, Perf=0.6951
All rounds performance of vanilla ditto pooled, Perf=[0.1, 0.1017, 0.1002, 0.1135, 0.1309, 0.1452, 0.1592, 0.1571, 0.1715, 0.1698, 0.1804, 0.2013, 0.1916, 0.2038, 0.2041]
Mean performance of vanilla ditto pooled, Perf=0.1998
Finished seed 42
----------------------------------------
