PARAMS: dataset=fashion_mnist, gpu=0, data_type=niid_dir_5, num_steps=30
=== Running reg_param=0 ===
Running seed 42
learning rate =  0.001
Round=0
Round=1
Round=2
Round=3
Round=4
Round=5
Round=6
Round=7
Round=8
Round=9
Round=10
Round=11
Round=12
Round=13
Round=14
Round=14, per client global perf=[0.8113, 0.7961, 0.7709, 0.9023, 0.8681, 0.8162, 0.8834, 0.8341, 0.8534, 0.7894], mean perf=16983/20406 (0.8323%)
Round=14, per client personal perf=[0.8104, 0.8722, 0.9041, 0.8921, 0.872, 0.8143, 0.8649, 0.8785, 0.8405, 0.8121], mean perf=17255/20406 (0.8456%)
Round=14, per client personal pooled=[0.7173, 0.4834, 0.4549, 0.5772, 0.7416, 0.7553, 0.5775, 0.7378, 0.7093, 0.5301], mean perf=128241/204060 (0.6284%)
All rounds performance of vanilla ditto global, Perf=[0.3792, 0.5814, 0.7314, 0.7459, 0.735, 0.7276, 0.7422, 0.7608, 0.7893, 0.7712, 0.7889, 0.7951, 0.8044, 0.8036, 0.8323]
Mean performance of vanilla ditto global, Perf=0.8134
All rounds performance of vanilla ditto personal, Perf=[0.3276, 0.5365, 0.6085, 0.7467, 0.7885, 0.8016, 0.8043, 0.8185, 0.8215, 0.8365, 0.8365, 0.8399, 0.8416, 0.8474, 0.8456]
Mean performance of vanilla ditto personal, Perf=0.8449
All rounds performance of vanilla ditto pooled, Perf=[0.1723, 0.2691, 0.37, 0.4639, 0.5154, 0.538, 0.5545, 0.567, 0.5802, 0.6043, 0.6018, 0.6149, 0.6202, 0.6252, 0.6284]
Mean performance of vanilla ditto pooled, Perf=0.6246
Finished seed 42
----------------------------------------
=== Running reg_param=0.001 ===
Running seed 42
learning rate =  0.001
Round=0
Round=1
Round=2
Round=3
Round=4
Round=5
Round=6
Round=7
Round=8
Round=9
Round=10
Round=11
Round=12
Round=13
Round=14
Round=14, per client global perf=[0.8113, 0.7961, 0.7709, 0.9023, 0.8681, 0.8162, 0.8834, 0.8341, 0.8534, 0.7894], mean perf=16983/20406 (0.8323%)
Round=14, per client personal perf=[0.8109, 0.8803, 0.9034, 0.8979, 0.8736, 0.8157, 0.8695, 0.8722, 0.8486, 0.8158], mean perf=17299/20406 (0.8477%)
Round=14, per client personal pooled=[0.7181, 0.5071, 0.4687, 0.5833, 0.7397, 0.7643, 0.6036, 0.7492, 0.7329, 0.5575], mean perf=131096/204060 (0.6424%)
All rounds performance of vanilla ditto global, Perf=[0.3792, 0.5814, 0.7314, 0.7459, 0.735, 0.7276, 0.7422, 0.7608, 0.7893, 0.7712, 0.7889, 0.7951, 0.8044, 0.8036, 0.8323]
Mean performance of vanilla ditto global, Perf=0.8134
All rounds performance of vanilla ditto personal, Perf=[0.3274, 0.5338, 0.6075, 0.7452, 0.7893, 0.8043, 0.8074, 0.8205, 0.8226, 0.8388, 0.8388, 0.8406, 0.8416, 0.8486, 0.8477]
Mean performance of vanilla ditto personal, Perf=0.8460
All rounds performance of vanilla ditto pooled, Perf=[0.1722, 0.2666, 0.3769, 0.4644, 0.5162, 0.5463, 0.5646, 0.5729, 0.5907, 0.6149, 0.6195, 0.6299, 0.6306, 0.6295, 0.6424]
Mean performance of vanilla ditto pooled, Perf=0.6342
Finished seed 42
----------------------------------------
=== Running reg_param=0.01 ===
Running seed 42
learning rate =  0.001
Round=0
Round=1
Round=2
Round=3
Round=4
Round=5
Round=6
Round=7
Round=8
Round=9
Round=10
Round=11
Round=12
Round=13
Round=14
Round=14, per client global perf=[0.8113, 0.7961, 0.7709, 0.9023, 0.8681, 0.8162, 0.8834, 0.8341, 0.8534, 0.7894], mean perf=16983/20406 (0.8323%)
Round=14, per client personal perf=[0.8203, 0.8786, 0.91, 0.9081, 0.882, 0.8221, 0.8776, 0.8785, 0.859, 0.8243], mean perf=17463/20406 (0.8558%)
Round=14, per client personal pooled=[0.7349, 0.5167, 0.4771, 0.6089, 0.7471, 0.7723, 0.6409, 0.7619, 0.7575, 0.5799], mean perf=134623/204060 (0.6597%)
All rounds performance of vanilla ditto global, Perf=[0.3792, 0.5814, 0.7314, 0.7459, 0.735, 0.7276, 0.7422, 0.7608, 0.7893, 0.7712, 0.7889, 0.7951, 0.8044, 0.8036, 0.8323]
Mean performance of vanilla ditto global, Perf=0.8134
All rounds performance of vanilla ditto personal, Perf=[0.3267, 0.5416, 0.6176, 0.7537, 0.7976, 0.8072, 0.8117, 0.8256, 0.8278, 0.8433, 0.8438, 0.8482, 0.8487, 0.8532, 0.8558]
Mean performance of vanilla ditto personal, Perf=0.8526
All rounds performance of vanilla ditto pooled, Perf=[0.1732, 0.2834, 0.3987, 0.4955, 0.5439, 0.5619, 0.5847, 0.5945, 0.612, 0.6395, 0.6422, 0.6514, 0.6539, 0.6556, 0.6597]
Mean performance of vanilla ditto pooled, Perf=0.6564
Finished seed 42
----------------------------------------
=== Running reg_param=0.1 ===
Running seed 42
learning rate =  0.001
Round=0
Round=1
Round=2
Round=3
Round=4
Round=5
Round=6
Round=7
Round=8
Round=9
Round=10
Round=11
Round=12
Round=13
Round=14
Round=14, per client global perf=[0.8113, 0.7961, 0.7709, 0.9023, 0.8681, 0.8162, 0.8834, 0.8341, 0.8534, 0.7894], mean perf=16983/20406 (0.8323%)
Round=14, per client personal perf=[0.843, 0.8883, 0.9158, 0.9196, 0.895, 0.8374, 0.8811, 0.903, 0.8622, 0.8596], mean perf=17800/20406 (0.8723%)
Round=14, per client personal pooled=[0.7588, 0.6073, 0.6024, 0.6588, 0.7753, 0.7961, 0.6855, 0.7722, 0.7874, 0.6606], mean perf=144975/204060 (0.7105%)
All rounds performance of vanilla ditto global, Perf=[0.3792, 0.5814, 0.7314, 0.7459, 0.735, 0.7276, 0.7422, 0.7608, 0.7893, 0.7712, 0.7889, 0.7951, 0.8044, 0.8036, 0.8323]
Mean performance of vanilla ditto global, Perf=0.8134
All rounds performance of vanilla ditto personal, Perf=[0.3262, 0.5641, 0.6309, 0.7727, 0.8133, 0.8203, 0.8243, 0.8418, 0.8441, 0.8553, 0.8549, 0.8586, 0.8593, 0.8696, 0.8723]
Mean performance of vanilla ditto personal, Perf=0.8671
All rounds performance of vanilla ditto pooled, Perf=[0.1729, 0.3078, 0.4213, 0.536, 0.5936, 0.6074, 0.628, 0.6422, 0.656, 0.68, 0.6788, 0.6914, 0.7073, 0.7049, 0.7105]
Mean performance of vanilla ditto pooled, Perf=0.7076
Finished seed 42
----------------------------------------
=== Running reg_param=1.0 ===
Running seed 42
learning rate =  0.001
Round=0
Round=1
Round=2
Round=3
Round=4
Round=5
Round=6
Round=7
Round=8
Round=9
Round=10
Round=11
Round=12
Round=13
Round=14
Round=14, per client global perf=[0.8113, 0.7961, 0.7709, 0.9023, 0.8681, 0.8162, 0.8834, 0.8341, 0.8534, 0.7894], mean perf=16983/20406 (0.8323%)
Round=14, per client personal perf=[0.8467, 0.8997, 0.9297, 0.9214, 0.8992, 0.8476, 0.9065, 0.9003, 0.8654, 0.8676], mean perf=17936/20406 (0.8790%)
Round=14, per client personal pooled=[0.7683, 0.6864, 0.6147, 0.7027, 0.7896, 0.8025, 0.7296, 0.776, 0.7799, 0.7209], mean perf=150404/204060 (0.7371%)
All rounds performance of vanilla ditto global, Perf=[0.3792, 0.5814, 0.7314, 0.7459, 0.735, 0.7276, 0.7422, 0.7608, 0.7893, 0.7712, 0.7889, 0.7951, 0.8044, 0.8036, 0.8323]
Mean performance of vanilla ditto global, Perf=0.8134
All rounds performance of vanilla ditto personal, Perf=[0.3145, 0.561, 0.6262, 0.7777, 0.8228, 0.8311, 0.8333, 0.8516, 0.8528, 0.8607, 0.8601, 0.8645, 0.8683, 0.8756, 0.879]
Mean performance of vanilla ditto personal, Perf=0.8743
All rounds performance of vanilla ditto pooled, Perf=[0.1618, 0.308, 0.4457, 0.5656, 0.6241, 0.6473, 0.6543, 0.6709, 0.68, 0.7103, 0.705, 0.7099, 0.7209, 0.726, 0.7371]
Mean performance of vanilla ditto pooled, Perf=0.7280
Finished seed 42
----------------------------------------
=== Running reg_param=5 ===
Running seed 42
learning rate =  0.001
Round=0
Round=1
Round=2
Round=3
Round=4
Round=5
Round=6
Round=7
Round=8
Round=9
Round=10
Round=11
Round=12
Round=13
Round=14
Round=14, per client global perf=[0.8113, 0.7961, 0.7709, 0.9023, 0.8681, 0.8162, 0.8834, 0.8341, 0.8534, 0.7894], mean perf=16983/20406 (0.8323%)
Round=14, per client personal perf=[0.8444, 0.8997, 0.9231, 0.9258, 0.8969, 0.8479, 0.9134, 0.9012, 0.8606, 0.8686], mean perf=17925/20406 (0.8784%)
Round=14, per client personal pooled=[0.77, 0.71, 0.6482, 0.7438, 0.7929, 0.7934, 0.7575, 0.776, 0.784, 0.7625], mean perf=153826/204060 (0.7538%)
All rounds performance of vanilla ditto global, Perf=[0.3792, 0.5814, 0.7314, 0.7459, 0.735, 0.7276, 0.7422, 0.7608, 0.7893, 0.7712, 0.7889, 0.7951, 0.8044, 0.8036, 0.8323]
Mean performance of vanilla ditto global, Perf=0.8134
All rounds performance of vanilla ditto personal, Perf=[0.2168, 0.483, 0.5763, 0.7374, 0.8237, 0.8318, 0.8334, 0.8498, 0.8523, 0.8577, 0.858, 0.8622, 0.8693, 0.8756, 0.8784]
Mean performance of vanilla ditto personal, Perf=0.8744
All rounds performance of vanilla ditto pooled, Perf=[0.1017, 0.2394, 0.4124, 0.5452, 0.6401, 0.6673, 0.6703, 0.6901, 0.6995, 0.725, 0.7237, 0.7272, 0.7377, 0.7438, 0.7538]
Mean performance of vanilla ditto pooled, Perf=0.7451
Finished seed 42
----------------------------------------
=== Running reg_param=10 ===
Running seed 42
learning rate =  0.001
Round=0
Round=1
Round=2
Round=3
Round=4
Round=5
Round=6
Round=7
Round=8
Round=9
Round=10
Round=11
Round=12
Round=13
Round=14
Round=14, per client global perf=[0.8113, 0.7961, 0.7709, 0.9023, 0.8681, 0.8162, 0.8834, 0.8341, 0.8534, 0.7894], mean perf=16983/20406 (0.8323%)
Round=14, per client personal perf=[0.8462, 0.8964, 0.9209, 0.9218, 0.8956, 0.846, 0.9169, 0.9012, 0.8606, 0.8643], mean perf=17901/20406 (0.8772%)
Round=14, per client personal pooled=[0.7769, 0.7219, 0.6646, 0.7664, 0.795, 0.7933, 0.7685, 0.7792, 0.7957, 0.7835], mean perf=156004/204060 (0.7645%)
All rounds performance of vanilla ditto global, Perf=[0.3792, 0.5814, 0.7314, 0.7459, 0.735, 0.7276, 0.7422, 0.7608, 0.7893, 0.7712, 0.7889, 0.7951, 0.8044, 0.8036, 0.8323]
Mean performance of vanilla ditto global, Perf=0.8134
All rounds performance of vanilla ditto personal, Perf=[0.1939, 0.4576, 0.5491, 0.7099, 0.8221, 0.8305, 0.8338, 0.8487, 0.853, 0.8569, 0.858, 0.8611, 0.8685, 0.875, 0.8772]
Mean performance of vanilla ditto personal, Perf=0.8736
All rounds performance of vanilla ditto pooled, Perf=[0.105, 0.2491, 0.4168, 0.5609, 0.6525, 0.6797, 0.683, 0.7035, 0.7142, 0.7362, 0.7359, 0.7396, 0.749, 0.7567, 0.7645]
Mean performance of vanilla ditto pooled, Perf=0.7567
Finished seed 42
----------------------------------------
=== Running reg_param=15 ===
Running seed 42
learning rate =  0.001
Round=0
Round=1
Round=2
Round=3
Round=4
Round=5
Round=6
Round=7
Round=8
Round=9
Round=10
Round=11
Round=12
Round=13
Round=14
Round=14, per client global perf=[0.8113, 0.7961, 0.7709, 0.9023, 0.8681, 0.8162, 0.8834, 0.8341, 0.8534, 0.7894], mean perf=16983/20406 (0.8323%)
Round=14, per client personal perf=[0.8467, 0.8916, 0.9195, 0.9174, 0.8947, 0.8465, 0.9215, 0.9012, 0.8622, 0.8606], mean perf=17885/20406 (0.8765%)
Round=14, per client personal pooled=[0.7816, 0.7333, 0.6755, 0.777, 0.7995, 0.7946, 0.7744, 0.7841, 0.8022, 0.7969], mean perf=157515/204060 (0.7719%)
All rounds performance of vanilla ditto global, Perf=[0.3792, 0.5814, 0.7314, 0.7459, 0.735, 0.7276, 0.7422, 0.7608, 0.7893, 0.7712, 0.7889, 0.7951, 0.8044, 0.8036, 0.8323]
Mean performance of vanilla ditto global, Perf=0.8134
All rounds performance of vanilla ditto personal, Perf=[0.1598, 0.4134, 0.5248, 0.6878, 0.8227, 0.8303, 0.8334, 0.8482, 0.8536, 0.8571, 0.8581, 0.8612, 0.8676, 0.8737, 0.8765]
Mean performance of vanilla ditto personal, Perf=0.8726
All rounds performance of vanilla ditto pooled, Perf=[0.1032, 0.2507, 0.4116, 0.5684, 0.6629, 0.6873, 0.6914, 0.7129, 0.7239, 0.7451, 0.7445, 0.7478, 0.7568, 0.7651, 0.7719]
Mean performance of vanilla ditto pooled, Perf=0.7646
Finished seed 42
----------------------------------------
=== Running reg_param=20 ===
Running seed 42
learning rate =  0.001
Round=0
Round=1
Round=2
Round=3
Round=4
Round=5
Round=6
Round=7
Round=8
Round=9
Round=10
Round=11
Round=12
Round=13
Round=14
Round=14, per client global perf=[0.8113, 0.7961, 0.7709, 0.9023, 0.8681, 0.8162, 0.8834, 0.8341, 0.8534, 0.7894], mean perf=16983/20406 (0.8323%)
Round=14, per client personal perf=[0.8472, 0.8916, 0.9165, 0.9165, 0.8943, 0.8481, 0.9192, 0.9012, 0.8646, 0.8587], mean perf=17883/20406 (0.8764%)
Round=14, per client personal pooled=[0.7857, 0.7417, 0.6883, 0.7835, 0.805, 0.7983, 0.7781, 0.7868, 0.8065, 0.8078], mean perf=158793/204060 (0.7782%)
All rounds performance of vanilla ditto global, Perf=[0.3792, 0.5814, 0.7314, 0.7459, 0.735, 0.7276, 0.7422, 0.7608, 0.7893, 0.7712, 0.7889, 0.7951, 0.8044, 0.8036, 0.8323]
Mean performance of vanilla ditto global, Perf=0.8134
All rounds performance of vanilla ditto personal, Perf=[0.1545, 0.3998, 0.5169, 0.6811, 0.8213, 0.8296, 0.8323, 0.8457, 0.8515, 0.8559, 0.8564, 0.8594, 0.8648, 0.8718, 0.8764]
Mean performance of vanilla ditto personal, Perf=0.8710
All rounds performance of vanilla ditto pooled, Perf=[0.1025, 0.2505, 0.4118, 0.5744, 0.6698, 0.6933, 0.6981, 0.7205, 0.7316, 0.7521, 0.7509, 0.7538, 0.7629, 0.7711, 0.7782]
Mean performance of vanilla ditto pooled, Perf=0.7707
Finished seed 42
----------------------------------------
All runs complete.
