PARAMS: dataset=fashion_mnist, gpu=0, data_type=niid_dir_1, num_steps=30
=== Running reg_param=0 ===
Running seed 42
learning rate =  0.001
Round=0
Round=1
Round=2
Round=3
Round=4
Round=5
Round=6
Round=7
Round=8
Round=9
Round=10
Round=11
Round=12
Round=13
Round=14
Round=14, per client global perf=[0.8615, 0.8519, 0.2753, 0.3124, 0.7992, 0.7142, 0.859, 0.8056, 0.4915, 0.0325], mean perf=13504/20405 (0.6618%)
Round=14, per client personal perf=[0.9379, 0.9631, 0.9898, 0.9594, 0.8914, 0.8396, 0.9482, 0.9839, 0.99, 0.9771], mean perf=19087/20405 (0.9354%)
Round=14, per client personal pooled=[0.3799, 0.4171, 0.1884, 0.4716, 0.3437, 0.3748, 0.4011, 0.3834, 0.2483, 0.134], mean perf=68200/204050 (0.3342%)
All rounds performance of vanilla ditto global, Perf=[0.1434, 0.2708, 0.3435, 0.3841, 0.4646, 0.4989, 0.4356, 0.4712, 0.6104, 0.4856, 0.5319, 0.4884, 0.5959, 0.644, 0.6618]
Mean performance of vanilla ditto global, Perf=0.6339
All rounds performance of vanilla ditto personal, Perf=[0.5064, 0.7561, 0.812, 0.8961, 0.9045, 0.9101, 0.9144, 0.9162, 0.9222, 0.9265, 0.9291, 0.9326, 0.9345, 0.9352, 0.9354]
Mean performance of vanilla ditto personal, Perf=0.9350
All rounds performance of vanilla ditto pooled, Perf=[0.1302, 0.1793, 0.2183, 0.2434, 0.2688, 0.2727, 0.287, 0.289, 0.301, 0.3047, 0.3138, 0.3202, 0.322, 0.3261, 0.3342]
Mean performance of vanilla ditto pooled, Perf=0.3274
Finished seed 42
----------------------------------------
=== Running reg_param=0.001 ===
Running seed 42
learning rate =  0.001
Round=0
Round=1
Round=2
Round=3
Round=4
Round=5
Round=6
Round=7
Round=8
Round=9
Round=10
Round=11
Round=12
Round=13
Round=14
Round=14, per client global perf=[0.8615, 0.8519, 0.2753, 0.3124, 0.7992, 0.7142, 0.859, 0.8056, 0.4915, 0.0325], mean perf=13504/20405 (0.6618%)
Round=14, per client personal perf=[0.9384, 0.9637, 0.9924, 0.9594, 0.8921, 0.841, 0.9482, 0.9839, 0.9925, 0.9783], mean perf=19109/20405 (0.9365%)
Round=14, per client personal pooled=[0.3906, 0.4189, 0.1904, 0.4741, 0.3459, 0.3868, 0.4107, 0.4353, 0.271, 0.2818], mean perf=73571/204050 (0.3606%)
All rounds performance of vanilla ditto global, Perf=[0.1434, 0.2708, 0.3435, 0.3841, 0.4646, 0.4989, 0.4356, 0.4712, 0.6104, 0.4856, 0.5319, 0.4884, 0.5959, 0.644, 0.6618]
Mean performance of vanilla ditto global, Perf=0.6339
All rounds performance of vanilla ditto personal, Perf=[0.5064, 0.7571, 0.8137, 0.8984, 0.9059, 0.9106, 0.9157, 0.9181, 0.9192, 0.9211, 0.9242, 0.9279, 0.9347, 0.937, 0.9365]
Mean performance of vanilla ditto personal, Perf=0.9361
All rounds performance of vanilla ditto pooled, Perf=[0.1302, 0.18, 0.2206, 0.2482, 0.2709, 0.2779, 0.3, 0.3025, 0.3196, 0.3185, 0.333, 0.3375, 0.3358, 0.3466, 0.3606]
Mean performance of vanilla ditto pooled, Perf=0.3477
Finished seed 42
----------------------------------------
=== Running reg_param=0.01 ===
Running seed 42
learning rate =  0.001
Round=0
Round=1
Round=2
Round=3
Round=4
Round=5
Round=6
Round=7
Round=8
Round=9
Round=10
Round=11
Round=12
Round=13
Round=14
Round=14, per client global perf=[0.8615, 0.8519, 0.2753, 0.3124, 0.7992, 0.7142, 0.859, 0.8056, 0.4915, 0.0325], mean perf=13504/20405 (0.6618%)
Round=14, per client personal perf=[0.9366, 0.9633, 0.9936, 0.9615, 0.8935, 0.8511, 0.9518, 0.9825, 0.9935, 0.9807], mean perf=19152/20405 (0.9386%)
Round=14, per client personal pooled=[0.4323, 0.4237, 0.193, 0.4774, 0.3688, 0.3975, 0.4039, 0.4666, 0.2899, 0.2876], mean perf=76331/204050 (0.3741%)
All rounds performance of vanilla ditto global, Perf=[0.1434, 0.2708, 0.3435, 0.3841, 0.4646, 0.4989, 0.4356, 0.4712, 0.6104, 0.4856, 0.5319, 0.4884, 0.5959, 0.644, 0.6618]
Mean performance of vanilla ditto global, Perf=0.6339
All rounds performance of vanilla ditto personal, Perf=[0.5067, 0.7586, 0.813, 0.8993, 0.9075, 0.9145, 0.9184, 0.921, 0.9247, 0.9283, 0.9307, 0.9334, 0.9354, 0.9373, 0.9386]
Mean performance of vanilla ditto personal, Perf=0.9371
All rounds performance of vanilla ditto pooled, Perf=[0.1302, 0.1821, 0.2215, 0.2586, 0.282, 0.2942, 0.3085, 0.3128, 0.3262, 0.3327, 0.3412, 0.3431, 0.3477, 0.3606, 0.3741]
Mean performance of vanilla ditto pooled, Perf=0.3608
Finished seed 42
----------------------------------------
=== Running reg_param=0.1 ===
Running seed 42
learning rate =  0.001
Round=0
Round=1
Round=2
Round=3
Round=4
Round=5
Round=6
Round=7
Round=8
Round=9
Round=10
Round=11
Round=12
Round=13
Round=14
Round=14, per client global perf=[0.8615, 0.8519, 0.2753, 0.3124, 0.7992, 0.7142, 0.859, 0.8056, 0.4915, 0.0325], mean perf=13504/20405 (0.6618%)
Round=14, per client personal perf=[0.9384, 0.965, 0.993, 0.9675, 0.8952, 0.8295, 0.9494, 0.9825, 0.9955, 0.9813], mean perf=19101/20405 (0.9361%)
Round=14, per client personal pooled=[0.4602, 0.432, 0.1906, 0.479, 0.3731, 0.3876, 0.4702, 0.4733, 0.4391, 0.4964], mean perf=85731/204050 (0.4201%)
All rounds performance of vanilla ditto global, Perf=[0.1434, 0.2708, 0.3435, 0.3841, 0.4646, 0.4989, 0.4356, 0.4712, 0.6104, 0.4856, 0.5319, 0.4884, 0.5959, 0.644, 0.6618]
Mean performance of vanilla ditto global, Perf=0.6339
All rounds performance of vanilla ditto personal, Perf=[0.5054, 0.7648, 0.8142, 0.9002, 0.906, 0.9155, 0.9184, 0.9232, 0.9259, 0.9332, 0.9328, 0.9335, 0.9358, 0.9376, 0.9361]
Mean performance of vanilla ditto personal, Perf=0.9365
All rounds performance of vanilla ditto pooled, Perf=[0.1294, 0.19, 0.2238, 0.2866, 0.3056, 0.321, 0.3496, 0.3556, 0.3744, 0.3829, 0.3935, 0.3905, 0.4046, 0.412, 0.4201]
Mean performance of vanilla ditto pooled, Perf=0.4122
Finished seed 42
----------------------------------------
=== Running reg_param=1.0 ===
Running seed 42
learning rate =  0.001
Round=0
Round=1
Round=2
Round=3
Round=4
Round=5
Round=6
Round=7
Round=8
Round=9
Round=10
Round=11
Round=12
Round=13
Round=14
Round=14, per client global perf=[0.8615, 0.8519, 0.2753, 0.3124, 0.7992, 0.7142, 0.859, 0.8056, 0.4915, 0.0325], mean perf=13504/20405 (0.6618%)
Round=14, per client personal perf=[0.9371, 0.9624, 0.9943, 0.9675, 0.8952, 0.8396, 0.9434, 0.9781, 0.9945, 0.9801], mean perf=19110/20405 (0.9365%)
Round=14, per client personal pooled=[0.4567, 0.4855, 0.2194, 0.485, 0.4405, 0.429, 0.4849, 0.4492, 0.6027, 0.5679], mean perf=94287/204050 (0.4621%)
All rounds performance of vanilla ditto global, Perf=[0.1434, 0.2708, 0.3435, 0.3841, 0.4646, 0.4989, 0.4356, 0.4712, 0.6104, 0.4856, 0.5319, 0.4884, 0.5959, 0.644, 0.6618]
Mean performance of vanilla ditto global, Perf=0.6339
All rounds performance of vanilla ditto personal, Perf=[0.4898, 0.7516, 0.8082, 0.8988, 0.9041, 0.912, 0.9178, 0.922, 0.9235, 0.9295, 0.9286, 0.9283, 0.9294, 0.9311, 0.9365]
Mean performance of vanilla ditto personal, Perf=0.9323
All rounds performance of vanilla ditto pooled, Perf=[0.126, 0.1872, 0.2343, 0.2931, 0.3102, 0.3229, 0.3769, 0.3996, 0.4152, 0.423, 0.4251, 0.4177, 0.4427, 0.4376, 0.4621]
Mean performance of vanilla ditto pooled, Perf=0.4475
Finished seed 42
----------------------------------------
=== Running reg_param=5 ===
Running seed 42
learning rate =  0.001
Round=0
Round=1
Round=2
Round=3
Round=4
Round=5
Round=6
Round=7
Round=8
Round=9
Round=10
Round=11
Round=12
Round=13
Round=14
Round=14, per client global perf=[0.8615, 0.8519, 0.2753, 0.3124, 0.7992, 0.7142, 0.859, 0.8056, 0.4915, 0.0325], mean perf=13504/20405 (0.6618%)
Round=14, per client personal perf=[0.9339, 0.9519, 0.9943, 0.9655, 0.8774, 0.8419, 0.9422, 0.9781, 0.9925, 0.9789], mean perf=19002/20405 (0.9312%)
Round=14, per client personal pooled=[0.4831, 0.5717, 0.3095, 0.5495, 0.4661, 0.4673, 0.5183, 0.5236, 0.6337, 0.5858], mean perf=104241/204050 (0.5109%)
All rounds performance of vanilla ditto global, Perf=[0.1434, 0.2708, 0.3435, 0.3841, 0.4646, 0.4989, 0.4356, 0.4712, 0.6104, 0.4856, 0.5319, 0.4884, 0.5959, 0.644, 0.6618]
Mean performance of vanilla ditto global, Perf=0.6339
All rounds performance of vanilla ditto personal, Perf=[0.4408, 0.6903, 0.7941, 0.8891, 0.8923, 0.9003, 0.908, 0.9174, 0.9237, 0.9253, 0.9247, 0.9261, 0.9278, 0.9287, 0.9312]
Mean performance of vanilla ditto personal, Perf=0.9292
All rounds performance of vanilla ditto pooled, Perf=[0.1198, 0.1749, 0.232, 0.3103, 0.3459, 0.3505, 0.3998, 0.4307, 0.4733, 0.4799, 0.4765, 0.4774, 0.5019, 0.4894, 0.5109]
Mean performance of vanilla ditto pooled, Perf=0.5007
Finished seed 42
----------------------------------------
=== Running reg_param=10 ===
Running seed 42
learning rate =  0.001
Round=0
Round=1
Round=2
Round=3
Round=4
Round=5
Round=6
Round=7
Round=8
Round=9
Round=10
Round=11
Round=12
Round=13
Round=14
Round=14, per client global perf=[0.8615, 0.8519, 0.2753, 0.3124, 0.7992, 0.7142, 0.859, 0.8056, 0.4915, 0.0325], mean perf=13504/20405 (0.6618%)
Round=14, per client personal perf=[0.933, 0.9452, 0.9936, 0.9635, 0.8729, 0.8387, 0.9361, 0.9708, 0.991, 0.9795], mean perf=18931/20405 (0.9278%)
Round=14, per client personal pooled=[0.5402, 0.6021, 0.3469, 0.5941, 0.506, 0.4942, 0.5347, 0.5453, 0.6381, 0.591], mean perf=110036/204050 (0.5393%)
All rounds performance of vanilla ditto global, Perf=[0.1434, 0.2708, 0.3435, 0.3841, 0.4646, 0.4989, 0.4356, 0.4712, 0.6104, 0.4856, 0.5319, 0.4884, 0.5959, 0.644, 0.6618]
Mean performance of vanilla ditto global, Perf=0.6339
All rounds performance of vanilla ditto personal, Perf=[0.3245, 0.6157, 0.7869, 0.883, 0.886, 0.8951, 0.9036, 0.9129, 0.9142, 0.916, 0.9146, 0.9202, 0.9241, 0.9252, 0.9278]
Mean performance of vanilla ditto personal, Perf=0.9257
All rounds performance of vanilla ditto pooled, Perf=[0.1003, 0.1565, 0.2473, 0.3484, 0.3922, 0.3842, 0.4335, 0.469, 0.5064, 0.5036, 0.5017, 0.5032, 0.5278, 0.5213, 0.5393]
Mean performance of vanilla ditto pooled, Perf=0.5295
Finished seed 42
----------------------------------------
=== Running reg_param=15 ===
Running seed 42
learning rate =  0.001
Round=0
Round=1
Round=2
Round=3
Round=4
Round=5
Round=6
Round=7
Round=8
Round=9
Round=10
Round=11
Round=12
Round=13
Round=14
Round=14, per client global perf=[0.8615, 0.8519, 0.2753, 0.3124, 0.7992, 0.7142, 0.859, 0.8056, 0.4915, 0.0325], mean perf=13504/20405 (0.6618%)
Round=14, per client personal perf=[0.9317, 0.9398, 0.993, 0.9615, 0.8715, 0.8399, 0.9289, 0.962, 0.989, 0.9801], mean perf=18886/20405 (0.9256%)
Round=14, per client personal pooled=[0.5777, 0.6173, 0.3687, 0.6153, 0.5285, 0.5246, 0.5498, 0.554, 0.6591, 0.596], mean perf=114087/204050 (0.5591%)
All rounds performance of vanilla ditto global, Perf=[0.1434, 0.2708, 0.3435, 0.3841, 0.4646, 0.4989, 0.4356, 0.4712, 0.6104, 0.4856, 0.5319, 0.4884, 0.5959, 0.644, 0.6618]
Mean performance of vanilla ditto global, Perf=0.6339
All rounds performance of vanilla ditto personal, Perf=[0.3245, 0.6147, 0.765, 0.8634, 0.8637, 0.8824, 0.8935, 0.9043, 0.9017, 0.91, 0.9086, 0.9179, 0.9213, 0.9218, 0.9256]
Mean performance of vanilla ditto personal, Perf=0.9229
All rounds performance of vanilla ditto pooled, Perf=[0.1003, 0.1597, 0.2521, 0.3608, 0.3987, 0.3884, 0.44, 0.4838, 0.5147, 0.5133, 0.511, 0.5147, 0.5384, 0.5373, 0.5591]
Mean performance of vanilla ditto pooled, Perf=0.5449
Finished seed 42
----------------------------------------
=== Running reg_param=20 ===
Running seed 42
learning rate =  0.001
Round=0
Round=1
Round=2
Round=3
Round=4
Round=5
Round=6
Round=7
Round=8
Round=9
Round=10
Round=11
Round=12
Round=13
Round=14
Round=14, per client global perf=[0.8615, 0.8519, 0.2753, 0.3124, 0.7992, 0.7142, 0.859, 0.8056, 0.4915, 0.0325], mean perf=13504/20405 (0.6618%)
Round=14, per client personal perf=[0.9267, 0.9348, 0.993, 0.9615, 0.8674, 0.8405, 0.9181, 0.9561, 0.989, 0.9801], mean perf=18829/20405 (0.9228%)
Round=14, per client personal pooled=[0.5972, 0.6296, 0.3837, 0.6299, 0.543, 0.5537, 0.5587, 0.5632, 0.6744, 0.5994], mean perf=116977/204050 (0.5733%)
All rounds performance of vanilla ditto global, Perf=[0.1434, 0.2708, 0.3435, 0.3841, 0.4646, 0.4989, 0.4356, 0.4712, 0.6104, 0.4856, 0.5319, 0.4884, 0.5959, 0.644, 0.6618]
Mean performance of vanilla ditto global, Perf=0.6339
All rounds performance of vanilla ditto personal, Perf=[0.3241, 0.6068, 0.7465, 0.8309, 0.8317, 0.8606, 0.8721, 0.8826, 0.8785, 0.9064, 0.9047, 0.9146, 0.9185, 0.9207, 0.9228]
Mean performance of vanilla ditto personal, Perf=0.9207
All rounds performance of vanilla ditto pooled, Perf=[0.1009, 0.167, 0.2485, 0.3673, 0.4066, 0.3954, 0.448, 0.498, 0.5218, 0.5232, 0.5196, 0.5218, 0.5445, 0.5476, 0.5733]
Mean performance of vanilla ditto pooled, Perf=0.5551
Finished seed 42
----------------------------------------
