PARAMS: dataset=mnist, gpu=0, data_type=niid_10_5
=== Running reg_param=0, num_steps=15 ===
Running seed 42
/Users/shegao_t1/DP_Research/Personal_DP_Personal_FL/rpdp_fl/experiments/datasets/fed_mnist/niid_10_5way_1200shot
 We run FedAvg with rPDP (ThreeLevels-0) ...
max_epsilon :  10.0  noise_multiplier :  9.736328125
The R-Squared value of the best-fit curve : 0.999749898528281
learning rate =  0.01
sample_rate: (min) 0.03, (max) 0.61, expected_batch_size: 435
sample_rate: (min) 0.03, (max) 0.61, expected_batch_size: 435
sample_rate: (min) 0.03, (max) 0.61, expected_batch_size: 435
sample_rate: (min) 0.03, (max) 0.61, expected_batch_size: 435
sample_rate: (min) 0.03, (max) 0.61, expected_batch_size: 435
sample_rate: (min) 0.03, (max) 0.61, expected_batch_size: 435
sample_rate: (min) 0.03, (max) 0.61, expected_batch_size: 421
sample_rate: (min) 0.03, (max) 0.61, expected_batch_size: 435
sample_rate: (min) 0.03, (max) 0.61, expected_batch_size: 426
sample_rate: (min) 0.03, (max) 0.61, expected_batch_size: 376
initial privacy cost of all clients:  [0, 0, 0, 0, 0, 0, 0, 0, 0, 0]
Round=0
Round=1
Round=2
Round=3
Round=4
Round=5
Round=6
Round=7
Round=8
Round=9
Round=10
Round=11
Round=12
Round=13
Round=14
current privacy cost of all clients:  [3.554611437795162, 3.554611437795162, 2.8039339861853394, 3.3043856205918876, 3.8048372549984366, 3.554611437795162, 3.8048372549984366, 4.055063072201711, 4.305288889404985, 3.0541598033886133]
Round=14, per client global perf=[0.7304, 0.873, 0.7103, 0.7034, 0.9284, 0.8814, 0.9011, 0.7137, 0.7116, 0.7292], mean perf=15788/20014 (0.7888%)
Round=14, per client personal perf=[0.9755, 0.9676, 0.9632, 0.974, 0.9814, 0.9804, 0.9691, 0.9828, 0.9399, 0.8374], mean perf=19189/20014 (0.9588%)
Round=14, per client personal pooled=[0.4662, 0.4784, 0.4892, 0.4887, 0.4855, 0.4859, 0.4889, 0.4787, 0.4727, 0.372], mean perf=94188/200140 (0.4706%)
Mean performance of ditto rpdp global, Perf=0.7762
Mean performance of ditto rpdp personal, Perf=0.9596
Mean performance of ditto rpdp pooled, Perf=0.4719
 We run FedAvg with rPDP (BoundedPareto-0) ...
max_epsilon :  10.0  noise_multiplier :  9.736328125
The R-Squared value of the best-fit curve : 0.999749898528281
learning rate =  0.01
sample_rate: (min) 0.03, (max) 0.76, expected_batch_size: 293
sample_rate: (min) 0.03, (max) 0.67, expected_batch_size: 288
sample_rate: (min) 0.03, (max) 0.74, expected_batch_size: 289
sample_rate: (min) 0.03, (max) 0.98, expected_batch_size: 296
sample_rate: (min) 0.03, (max) 0.89, expected_batch_size: 303
sample_rate: (min) 0.03, (max) 0.93, expected_batch_size: 304
sample_rate: (min) 0.03, (max) 0.71, expected_batch_size: 282
sample_rate: (min) 0.03, (max) 0.77, expected_batch_size: 288
sample_rate: (min) 0.03, (max) 0.81, expected_batch_size: 285
sample_rate: (min) 0.03, (max) 0.62, expected_batch_size: 253
initial privacy cost of all clients:  [0, 0, 0, 0, 0, 0, 0, 0, 0, 0]
Round=0
Round=1
Round=2
Round=3
Round=4
Round=5
Round=6
Round=7
Round=8
Round=9
Round=10
Round=11
Round=12
Round=13
Round=14
current privacy cost of all clients:  [4.752415310075706, 4.054591694157598, 3.568320227772049, 6.0748074655109106, 6.1328811134891685, 6.124702222350012, 4.644301020258078, 5.38567160950761, 6.049312363510402, 3.1533820324004593]
Round=14, per client global perf=[0.6922, 0.8275, 0.6858, 0.6676, 0.9137, 0.8363, 0.8524, 0.6314, 0.639, 0.6788], mean perf=14874/20014 (0.7432%)
Round=14, per client personal perf=[0.9838, 0.9819, 0.9706, 0.9706, 0.9897, 0.9681, 0.9696, 0.9799, 0.9434, 0.8748], mean perf=19303/20014 (0.9645%)
Round=14, per client personal pooled=[0.4685, 0.4814, 0.4935, 0.4909, 0.4865, 0.4796, 0.4878, 0.4786, 0.4731, 0.3755], mean perf=94372/200140 (0.4715%)
Mean performance of ditto rpdp global, Perf=0.7327
Mean performance of ditto rpdp personal, Perf=0.9636
Mean performance of ditto rpdp pooled, Perf=0.4714
 We run FedAvg with rPDP (BoundedMixGauss-0) ...
max_epsilon :  10.0  noise_multiplier :  9.736328125
The R-Squared value of the best-fit curve : 0.999749898528281
learning rate =  0.01
sample_rate: (min) 0.03, (max) 0.72, expected_batch_size: 410
sample_rate: (min) 0.03, (max) 0.79, expected_batch_size: 452
sample_rate: (min) 0.03, (max) 0.71, expected_batch_size: 444
sample_rate: (min) 0.03, (max) 0.72, expected_batch_size: 429
sample_rate: (min) 0.03, (max) 0.72, expected_batch_size: 439
sample_rate: (min) 0.03, (max) 0.74, expected_batch_size: 447
sample_rate: (min) 0.03, (max) 0.73, expected_batch_size: 435
sample_rate: (min) 0.03, (max) 0.71, expected_batch_size: 444
sample_rate: (min) 0.03, (max) 0.74, expected_batch_size: 435
sample_rate: (min) 0.03, (max) 0.73, expected_batch_size: 368
initial privacy cost of all clients:  [0, 0, 0, 0, 0, 0, 0, 0, 0, 0]
Round=0
Round=1
Round=2
Round=3
Round=4
Round=5
Round=6
Round=7
Round=8
Round=9
Round=10
Round=11
Round=12
Round=13
Round=14
current privacy cost of all clients:  [4.452560630310308, 4.989186002268105, 3.3873239087081313, 4.232126556619421, 4.743771711921414, 4.635185435148208, 4.820354613545777, 4.869430286915287, 5.357871969683328, 3.8727212988002124]
Round=14, per client global perf=[0.7162, 0.873, 0.7196, 0.7044, 0.9245, 0.877, 0.8996, 0.7074, 0.699, 0.7314], mean perf=15726/20014 (0.7857%)
Round=14, per client personal perf=[0.9784, 0.9721, 0.9657, 0.9784, 0.9828, 0.9716, 0.9716, 0.9691, 0.9459, 0.881], mean perf=19269/20014 (0.9628%)
Round=14, per client personal pooled=[0.4662, 0.4844, 0.4896, 0.4954, 0.4851, 0.4823, 0.4892, 0.4751, 0.4748, 0.3808], mean perf=94522/200140 (0.4723%)
Mean performance of ditto rpdp global, Perf=0.7673
Mean performance of ditto rpdp personal, Perf=0.9613
Mean performance of ditto rpdp pooled, Perf=0.4717
Finished seed 42
----------------------------------------
=== Running reg_param=0, num_steps=30 ===
Running seed 42
/Users/shegao_t1/DP_Research/Personal_DP_Personal_FL/rpdp_fl/experiments/datasets/fed_mnist/niid_10_5way_1200shot
 We run FedAvg with rPDP (ThreeLevels-0) ...
max_epsilon :  10.0  noise_multiplier :  9.736328125
The R-Squared value of the best-fit curve : 0.999749898528281
learning rate =  0.01
sample_rate: (min) 0.03, (max) 0.61, expected_batch_size: 435
sample_rate: (min) 0.03, (max) 0.61, expected_batch_size: 435
sample_rate: (min) 0.03, (max) 0.61, expected_batch_size: 435
sample_rate: (min) 0.03, (max) 0.61, expected_batch_size: 435
sample_rate: (min) 0.03, (max) 0.61, expected_batch_size: 435
sample_rate: (min) 0.03, (max) 0.61, expected_batch_size: 435
sample_rate: (min) 0.03, (max) 0.61, expected_batch_size: 421
sample_rate: (min) 0.03, (max) 0.61, expected_batch_size: 435
sample_rate: (min) 0.03, (max) 0.61, expected_batch_size: 426
sample_rate: (min) 0.03, (max) 0.61, expected_batch_size: 376
initial privacy cost of all clients:  [0, 0, 0, 0, 0, 0, 0, 0, 0, 0]
Round=0
Round=1
Round=2
Round=3
Round=4
Round=5
Round=6
Round=7
Round=8
Round=9
Round=10
Round=11
Round=12
Round=13
Round=14
current privacy cost of all clients:  [3.554611437795162, 3.554611437795162, 2.8039339861853394, 3.3043856205918876, 3.8048372549984366, 3.554611437795162, 3.8048372549984366, 4.055063072201711, 4.305288889404985, 3.0541598033886133]
Round=14, per client global perf=[0.7304, 0.8725, 0.7093, 0.7029, 0.9289, 0.8828, 0.9021, 0.7123, 0.7121, 0.7292], mean perf=15788/20014 (0.7888%)
Round=14, per client personal perf=[0.9828, 0.9779, 0.9623, 0.9799, 0.9902, 0.9819, 0.9711, 0.9853, 0.9274, 0.864], mean perf=19287/20014 (0.9637%)
Round=14, per client personal pooled=[0.4678, 0.4861, 0.4887, 0.4938, 0.4863, 0.4869, 0.4869, 0.4798, 0.4647, 0.3739], mean perf=94364/200140 (0.4715%)
Mean performance of ditto rpdp global, Perf=0.7767
Mean performance of ditto rpdp personal, Perf=0.9618
Mean performance of ditto rpdp pooled, Perf=0.4707
 We run FedAvg with rPDP (BoundedPareto-0) ...
max_epsilon :  10.0  noise_multiplier :  9.736328125
The R-Squared value of the best-fit curve : 0.999749898528281
learning rate =  0.01
sample_rate: (min) 0.03, (max) 0.76, expected_batch_size: 293
sample_rate: (min) 0.03, (max) 0.67, expected_batch_size: 288
sample_rate: (min) 0.03, (max) 0.74, expected_batch_size: 289
sample_rate: (min) 0.03, (max) 0.98, expected_batch_size: 296
sample_rate: (min) 0.03, (max) 0.89, expected_batch_size: 303
sample_rate: (min) 0.03, (max) 0.93, expected_batch_size: 304
sample_rate: (min) 0.03, (max) 0.71, expected_batch_size: 282
sample_rate: (min) 0.03, (max) 0.77, expected_batch_size: 288
sample_rate: (min) 0.03, (max) 0.81, expected_batch_size: 285
sample_rate: (min) 0.03, (max) 0.62, expected_batch_size: 253
initial privacy cost of all clients:  [0, 0, 0, 0, 0, 0, 0, 0, 0, 0]
Round=0
Round=1
Round=2
Round=3
Round=4
Round=5
Round=6
Round=7
Round=8
Round=9
Round=10
Round=11
Round=12
Round=13
Round=14
current privacy cost of all clients:  [4.752415310075706, 4.054591694157598, 3.568320227772049, 6.0748074655109106, 6.1328811134891685, 6.124702222350012, 4.644301020258078, 5.38567160950761, 6.049312363510402, 3.1533820324004593]
Round=14, per client global perf=[0.6922, 0.825, 0.6853, 0.6667, 0.9098, 0.8368, 0.8524, 0.6279, 0.637, 0.6759], mean perf=14843/20014 (0.7416%)
Round=14, per client personal perf=[0.9824, 0.9755, 0.9725, 0.9706, 0.9887, 0.9809, 0.9691, 0.9819, 0.9329, 0.8839], mean perf=19313/20014 (0.9650%)
Round=14, per client personal pooled=[0.4689, 0.4795, 0.4929, 0.4881, 0.4894, 0.4858, 0.4904, 0.4789, 0.4681, 0.3846], mean perf=94595/200140 (0.4726%)
Mean performance of ditto rpdp global, Perf=0.7328
Mean performance of ditto rpdp personal, Perf=0.9653
Mean performance of ditto rpdp pooled, Perf=0.4724
 We run FedAvg with rPDP (BoundedMixGauss-0) ...
max_epsilon :  10.0  noise_multiplier :  9.736328125
The R-Squared value of the best-fit curve : 0.999749898528281
learning rate =  0.01
sample_rate: (min) 0.03, (max) 0.72, expected_batch_size: 410
sample_rate: (min) 0.03, (max) 0.79, expected_batch_size: 452
sample_rate: (min) 0.03, (max) 0.71, expected_batch_size: 444
sample_rate: (min) 0.03, (max) 0.72, expected_batch_size: 429
sample_rate: (min) 0.03, (max) 0.72, expected_batch_size: 439
sample_rate: (min) 0.03, (max) 0.74, expected_batch_size: 447
sample_rate: (min) 0.03, (max) 0.73, expected_batch_size: 435
sample_rate: (min) 0.03, (max) 0.71, expected_batch_size: 444
sample_rate: (min) 0.03, (max) 0.74, expected_batch_size: 435
sample_rate: (min) 0.03, (max) 0.73, expected_batch_size: 368
initial privacy cost of all clients:  [0, 0, 0, 0, 0, 0, 0, 0, 0, 0]
Round=0
Round=1
Round=2
Round=3
Round=4
Round=5
Round=6
Round=7
Round=8
Round=9
Round=10
Round=11
Round=12
Round=13
Round=14
current privacy cost of all clients:  [4.452560630310308, 4.989186002268105, 3.3873239087081313, 4.232126556619421, 4.743771711921414, 4.635185435148208, 4.820354613545777, 4.869430286915287, 5.357871969683328, 3.8727212988002124]
Round=14, per client global perf=[0.7211, 0.874, 0.7211, 0.7098, 0.9275, 0.8814, 0.8981, 0.7093, 0.7006, 0.7371], mean perf=15781/20014 (0.7885%)
Round=14, per client personal perf=[0.9701, 0.9794, 0.9696, 0.9789, 0.9892, 0.9819, 0.9701, 0.9843, 0.9379, 0.8771], mean perf=19315/20014 (0.9651%)
Round=14, per client personal pooled=[0.4609, 0.48, 0.4941, 0.4918, 0.4896, 0.4857, 0.49, 0.4797, 0.4709, 0.3794], mean perf=94508/200140 (0.4722%)
Mean performance of ditto rpdp global, Perf=0.7734
Mean performance of ditto rpdp personal, Perf=0.9648
Mean performance of ditto rpdp pooled, Perf=0.4729
Finished seed 42
----------------------------------------
=== Running reg_param=0.001, num_steps=15 ===
Running seed 42
/Users/shegao_t1/DP_Research/Personal_DP_Personal_FL/rpdp_fl/experiments/datasets/fed_mnist/niid_10_5way_1200shot
 We run FedAvg with rPDP (ThreeLevels-0) ...
max_epsilon :  10.0  noise_multiplier :  9.736328125
The R-Squared value of the best-fit curve : 0.999749898528281
learning rate =  0.01
sample_rate: (min) 0.03, (max) 0.61, expected_batch_size: 435
sample_rate: (min) 0.03, (max) 0.61, expected_batch_size: 435
sample_rate: (min) 0.03, (max) 0.61, expected_batch_size: 435
sample_rate: (min) 0.03, (max) 0.61, expected_batch_size: 435
sample_rate: (min) 0.03, (max) 0.61, expected_batch_size: 435
sample_rate: (min) 0.03, (max) 0.61, expected_batch_size: 435
sample_rate: (min) 0.03, (max) 0.61, expected_batch_size: 421
sample_rate: (min) 0.03, (max) 0.61, expected_batch_size: 435
sample_rate: (min) 0.03, (max) 0.61, expected_batch_size: 426
sample_rate: (min) 0.03, (max) 0.61, expected_batch_size: 376
initial privacy cost of all clients:  [0, 0, 0, 0, 0, 0, 0, 0, 0, 0]
Round=0
Round=1
Round=2
Round=3
Round=4
Round=5
Round=6
Round=7
Round=8
Round=9
Round=10
Round=11
Round=12
Round=13
Round=14
current privacy cost of all clients:  [3.554611437795162, 3.554611437795162, 2.8039339861853394, 3.3043856205918876, 3.8048372549984366, 3.554611437795162, 3.8048372549984366, 4.055063072201711, 4.305288889404985, 3.0541598033886133]
Round=14, per client global perf=[0.7304, 0.873, 0.7103, 0.7034, 0.9284, 0.8814, 0.9011, 0.7137, 0.7116, 0.7292], mean perf=15788/20014 (0.7888%)
Round=14, per client personal perf=[0.9701, 0.9652, 0.9672, 0.974, 0.9721, 0.9804, 0.9549, 0.9784, 0.9424, 0.8312], mean perf=19119/20014 (0.9553%)
Round=14, per client personal pooled=[0.463, 0.4805, 0.4899, 0.4902, 0.4834, 0.4874, 0.4792, 0.4764, 0.473, 0.3695], mean perf=93917/200140 (0.4693%)
Mean performance of ditto rpdp global, Perf=0.7762
Mean performance of ditto rpdp personal, Perf=0.9595
Mean performance of ditto rpdp pooled, Perf=0.4709
 We run FedAvg with rPDP (BoundedPareto-0) ...
max_epsilon :  10.0  noise_multiplier :  9.736328125
The R-Squared value of the best-fit curve : 0.999749898528281
learning rate =  0.01
sample_rate: (min) 0.03, (max) 0.76, expected_batch_size: 293
sample_rate: (min) 0.03, (max) 0.67, expected_batch_size: 288
sample_rate: (min) 0.03, (max) 0.74, expected_batch_size: 289
sample_rate: (min) 0.03, (max) 0.98, expected_batch_size: 296
sample_rate: (min) 0.03, (max) 0.89, expected_batch_size: 303
sample_rate: (min) 0.03, (max) 0.93, expected_batch_size: 304
sample_rate: (min) 0.03, (max) 0.71, expected_batch_size: 282
sample_rate: (min) 0.03, (max) 0.77, expected_batch_size: 288
sample_rate: (min) 0.03, (max) 0.81, expected_batch_size: 285
sample_rate: (min) 0.03, (max) 0.62, expected_batch_size: 253
initial privacy cost of all clients:  [0, 0, 0, 0, 0, 0, 0, 0, 0, 0]
Round=0
Round=1
Round=2
Round=3
Round=4
Round=5
Round=6
Round=7
Round=8
Round=9
Round=10
Round=11
Round=12
Round=13
Round=14
current privacy cost of all clients:  [4.752415310075706, 4.054591694157598, 3.568320227772049, 6.0748074655109106, 6.1328811134891685, 6.124702222350012, 4.644301020258078, 5.38567160950761, 6.049312363510402, 3.1533820324004593]
Round=14, per client global perf=[0.6922, 0.8275, 0.6858, 0.6676, 0.9137, 0.8363, 0.8524, 0.6314, 0.639, 0.6788], mean perf=14874/20014 (0.7432%)
Round=14, per client personal perf=[0.9843, 0.9755, 0.9691, 0.9721, 0.9799, 0.9794, 0.9696, 0.9863, 0.9404, 0.8737], mean perf=19299/20014 (0.9643%)
Round=14, per client personal pooled=[0.4691, 0.4788, 0.4934, 0.4898, 0.4803, 0.4849, 0.4878, 0.4807, 0.472, 0.3741], mean perf=94281/200140 (0.4711%)
Mean performance of ditto rpdp global, Perf=0.7327
Mean performance of ditto rpdp personal, Perf=0.9625
Mean performance of ditto rpdp pooled, Perf=0.4715
 We run FedAvg with rPDP (BoundedMixGauss-0) ...
max_epsilon :  10.0  noise_multiplier :  9.736328125
The R-Squared value of the best-fit curve : 0.999749898528281
learning rate =  0.01
sample_rate: (min) 0.03, (max) 0.72, expected_batch_size: 410
sample_rate: (min) 0.03, (max) 0.79, expected_batch_size: 452
sample_rate: (min) 0.03, (max) 0.71, expected_batch_size: 444
sample_rate: (min) 0.03, (max) 0.72, expected_batch_size: 429
sample_rate: (min) 0.03, (max) 0.72, expected_batch_size: 439
sample_rate: (min) 0.03, (max) 0.74, expected_batch_size: 447
sample_rate: (min) 0.03, (max) 0.73, expected_batch_size: 435
sample_rate: (min) 0.03, (max) 0.71, expected_batch_size: 444
sample_rate: (min) 0.03, (max) 0.74, expected_batch_size: 435
sample_rate: (min) 0.03, (max) 0.73, expected_batch_size: 368
initial privacy cost of all clients:  [0, 0, 0, 0, 0, 0, 0, 0, 0, 0]
Round=0
Round=1
Round=2
Round=3
Round=4
Round=5
Round=6
Round=7
Round=8
Round=9
Round=10
Round=11
Round=12
Round=13
Round=14
current privacy cost of all clients:  [4.452560630310308, 4.989186002268105, 3.3873239087081313, 4.232126556619421, 4.743771711921414, 4.635185435148208, 4.820354613545777, 4.869430286915287, 5.357871969683328, 3.8727212988002124]
Round=14, per client global perf=[0.7162, 0.873, 0.7196, 0.7044, 0.9245, 0.877, 0.8996, 0.7074, 0.699, 0.7314], mean perf=15726/20014 (0.7857%)
Round=14, per client personal perf=[0.976, 0.976, 0.9691, 0.9809, 0.9877, 0.9853, 0.9686, 0.974, 0.9429, 0.8856], mean perf=19328/20014 (0.9657%)
Round=14, per client personal pooled=[0.4663, 0.4803, 0.4901, 0.4921, 0.4892, 0.4876, 0.4901, 0.4772, 0.4738, 0.3856], mean perf=94709/200140 (0.4732%)
Mean performance of ditto rpdp global, Perf=0.7673
Mean performance of ditto rpdp personal, Perf=0.9621
Mean performance of ditto rpdp pooled, Perf=0.4720
Finished seed 42
----------------------------------------
=== Running reg_param=0.001, num_steps=30 ===
Running seed 42
/Users/shegao_t1/DP_Research/Personal_DP_Personal_FL/rpdp_fl/experiments/datasets/fed_mnist/niid_10_5way_1200shot
 We run FedAvg with rPDP (ThreeLevels-0) ...
max_epsilon :  10.0  noise_multiplier :  9.736328125
The R-Squared value of the best-fit curve : 0.999749898528281
learning rate =  0.01
sample_rate: (min) 0.03, (max) 0.61, expected_batch_size: 435
sample_rate: (min) 0.03, (max) 0.61, expected_batch_size: 435
sample_rate: (min) 0.03, (max) 0.61, expected_batch_size: 435
sample_rate: (min) 0.03, (max) 0.61, expected_batch_size: 435
sample_rate: (min) 0.03, (max) 0.61, expected_batch_size: 435
sample_rate: (min) 0.03, (max) 0.61, expected_batch_size: 435
sample_rate: (min) 0.03, (max) 0.61, expected_batch_size: 421
sample_rate: (min) 0.03, (max) 0.61, expected_batch_size: 435
sample_rate: (min) 0.03, (max) 0.61, expected_batch_size: 426
sample_rate: (min) 0.03, (max) 0.61, expected_batch_size: 376
initial privacy cost of all clients:  [0, 0, 0, 0, 0, 0, 0, 0, 0, 0]
Round=0
Round=1
Round=2
Round=3
Round=4
Round=5
Round=6
Round=7
Round=8
Round=9
Round=10
Round=11
Round=12
Round=13
Round=14
current privacy cost of all clients:  [3.554611437795162, 3.554611437795162, 2.8039339861853394, 3.3043856205918876, 3.8048372549984366, 3.554611437795162, 3.8048372549984366, 4.055063072201711, 4.305288889404985, 3.0541598033886133]
Round=14, per client global perf=[0.7304, 0.8725, 0.7093, 0.7029, 0.9289, 0.8828, 0.9021, 0.7123, 0.7121, 0.7292], mean perf=15788/20014 (0.7888%)
Round=14, per client personal perf=[0.9833, 0.9578, 0.975, 0.9794, 0.9868, 0.9853, 0.9696, 0.9824, 0.9224, 0.8782], mean perf=19278/20014 (0.9632%)
Round=14, per client personal pooled=[0.4699, 0.4732, 0.4938, 0.4902, 0.4872, 0.4875, 0.4892, 0.4794, 0.4633, 0.383], mean perf=94399/200140 (0.4717%)
Mean performance of ditto rpdp global, Perf=0.7767
Mean performance of ditto rpdp personal, Perf=0.9643
Mean performance of ditto rpdp pooled, Perf=0.4727
 We run FedAvg with rPDP (BoundedPareto-0) ...
max_epsilon :  10.0  noise_multiplier :  9.736328125
The R-Squared value of the best-fit curve : 0.999749898528281
learning rate =  0.01
sample_rate: (min) 0.03, (max) 0.76, expected_batch_size: 293
sample_rate: (min) 0.03, (max) 0.67, expected_batch_size: 288
sample_rate: (min) 0.03, (max) 0.74, expected_batch_size: 289
sample_rate: (min) 0.03, (max) 0.98, expected_batch_size: 296
sample_rate: (min) 0.03, (max) 0.89, expected_batch_size: 303
sample_rate: (min) 0.03, (max) 0.93, expected_batch_size: 304
sample_rate: (min) 0.03, (max) 0.71, expected_batch_size: 282
sample_rate: (min) 0.03, (max) 0.77, expected_batch_size: 288
sample_rate: (min) 0.03, (max) 0.81, expected_batch_size: 285
sample_rate: (min) 0.03, (max) 0.62, expected_batch_size: 253
initial privacy cost of all clients:  [0, 0, 0, 0, 0, 0, 0, 0, 0, 0]
Round=0
Round=1
Round=2
Round=3
Round=4
Round=5
Round=6
Round=7
Round=8
Round=9
Round=10
Round=11
Round=12
Round=13
Round=14
current privacy cost of all clients:  [4.752415310075706, 4.054591694157598, 3.568320227772049, 6.0748074655109106, 6.1328811134891685, 6.124702222350012, 4.644301020258078, 5.38567160950761, 6.049312363510402, 3.1533820324004593]
Round=14, per client global perf=[0.6922, 0.825, 0.6853, 0.6667, 0.9098, 0.8368, 0.8524, 0.6279, 0.637, 0.6759], mean perf=14843/20014 (0.7416%)
Round=14, per client personal perf=[0.9828, 0.9809, 0.9711, 0.9809, 0.9907, 0.9843, 0.9721, 0.9819, 0.9414, 0.8533], mean perf=19323/20014 (0.9655%)
Round=14, per client personal pooled=[0.4682, 0.4808, 0.4919, 0.4928, 0.4853, 0.4871, 0.4884, 0.4784, 0.472, 0.3925], mean perf=94812/200140 (0.4737%)
Mean performance of ditto rpdp global, Perf=0.7328
Mean performance of ditto rpdp personal, Perf=0.9637
Mean performance of ditto rpdp pooled, Perf=0.4713
 We run FedAvg with rPDP (BoundedMixGauss-0) ...
max_epsilon :  10.0  noise_multiplier :  9.736328125
The R-Squared value of the best-fit curve : 0.999749898528281
learning rate =  0.01
sample_rate: (min) 0.03, (max) 0.72, expected_batch_size: 410
sample_rate: (min) 0.03, (max) 0.79, expected_batch_size: 452
sample_rate: (min) 0.03, (max) 0.71, expected_batch_size: 444
sample_rate: (min) 0.03, (max) 0.72, expected_batch_size: 429
sample_rate: (min) 0.03, (max) 0.72, expected_batch_size: 439
sample_rate: (min) 0.03, (max) 0.74, expected_batch_size: 447
sample_rate: (min) 0.03, (max) 0.73, expected_batch_size: 435
sample_rate: (min) 0.03, (max) 0.71, expected_batch_size: 444
sample_rate: (min) 0.03, (max) 0.74, expected_batch_size: 435
sample_rate: (min) 0.03, (max) 0.73, expected_batch_size: 368
initial privacy cost of all clients:  [0, 0, 0, 0, 0, 0, 0, 0, 0, 0]
Round=0
Round=1
Round=2
Round=3
Round=4
Round=5
Round=6
Round=7
Round=8
Round=9
Round=10
Round=11
Round=12
Round=13
Round=14
current privacy cost of all clients:  [4.452560630310308, 4.989186002268105, 3.3873239087081313, 4.232126556619421, 4.743771711921414, 4.635185435148208, 4.820354613545777, 4.869430286915287, 5.357871969683328, 3.8727212988002124]
Round=14, per client global perf=[0.7211, 0.874, 0.7211, 0.7098, 0.9275, 0.8814, 0.8981, 0.7093, 0.7006, 0.7371], mean perf=15781/20014 (0.7885%)
Round=14, per client personal perf=[0.9725, 0.9784, 0.9779, 0.975, 0.9873, 0.9784, 0.9787, 0.976, 0.9314, 0.8873], mean perf=19321/20014 (0.9654%)
Round=14, per client personal pooled=[0.4634, 0.4803, 0.4955, 0.4963, 0.4865, 0.4862, 0.4927, 0.475, 0.4659, 0.3852], mean perf=94605/200140 (0.4727%)
Mean performance of ditto rpdp global, Perf=0.7734
Mean performance of ditto rpdp personal, Perf=0.9642
Mean performance of ditto rpdp pooled, Perf=0.4732
Finished seed 42
----------------------------------------
=== Running reg_param=0.01, num_steps=15 ===
Running seed 42
/Users/shegao_t1/DP_Research/Personal_DP_Personal_FL/rpdp_fl/experiments/datasets/fed_mnist/niid_10_5way_1200shot
 We run FedAvg with rPDP (ThreeLevels-0) ...
max_epsilon :  10.0  noise_multiplier :  9.736328125
The R-Squared value of the best-fit curve : 0.999749898528281
learning rate =  0.01
sample_rate: (min) 0.03, (max) 0.61, expected_batch_size: 435
sample_rate: (min) 0.03, (max) 0.61, expected_batch_size: 435
sample_rate: (min) 0.03, (max) 0.61, expected_batch_size: 435
sample_rate: (min) 0.03, (max) 0.61, expected_batch_size: 435
sample_rate: (min) 0.03, (max) 0.61, expected_batch_size: 435
sample_rate: (min) 0.03, (max) 0.61, expected_batch_size: 435
sample_rate: (min) 0.03, (max) 0.61, expected_batch_size: 421
sample_rate: (min) 0.03, (max) 0.61, expected_batch_size: 435
sample_rate: (min) 0.03, (max) 0.61, expected_batch_size: 426
sample_rate: (min) 0.03, (max) 0.61, expected_batch_size: 376
initial privacy cost of all clients:  [0, 0, 0, 0, 0, 0, 0, 0, 0, 0]
Round=0
Round=1
Round=2
Round=3
Round=4
Round=5
Round=6
Round=7
Round=8
Round=9
Round=10
Round=11
Round=12
Round=13
Round=14
current privacy cost of all clients:  [3.554611437795162, 3.554611437795162, 2.8039339861853394, 3.3043856205918876, 3.8048372549984366, 3.554611437795162, 3.8048372549984366, 4.055063072201711, 4.305288889404985, 3.0541598033886133]
Round=14, per client global perf=[0.7304, 0.873, 0.7103, 0.7034, 0.9284, 0.8814, 0.9011, 0.7137, 0.7116, 0.7292], mean perf=15788/20014 (0.7888%)
Round=14, per client personal perf=[0.9642, 0.9721, 0.9623, 0.975, 0.9873, 0.975, 0.9559, 0.9574, 0.9339, 0.8618], mean perf=19129/20014 (0.9558%)
Round=14, per client personal pooled=[0.4601, 0.4784, 0.4873, 0.4971, 0.4868, 0.4815, 0.484, 0.4659, 0.4707, 0.3721], mean perf=93743/200140 (0.4684%)
Mean performance of ditto rpdp global, Perf=0.7762
Mean performance of ditto rpdp personal, Perf=0.9552
Mean performance of ditto rpdp pooled, Perf=0.4680
 We run FedAvg with rPDP (BoundedPareto-0) ...
max_epsilon :  10.0  noise_multiplier :  9.736328125
The R-Squared value of the best-fit curve : 0.999749898528281
learning rate =  0.01
sample_rate: (min) 0.03, (max) 0.76, expected_batch_size: 293
sample_rate: (min) 0.03, (max) 0.67, expected_batch_size: 288
sample_rate: (min) 0.03, (max) 0.74, expected_batch_size: 289
sample_rate: (min) 0.03, (max) 0.98, expected_batch_size: 296
sample_rate: (min) 0.03, (max) 0.89, expected_batch_size: 303
sample_rate: (min) 0.03, (max) 0.93, expected_batch_size: 304
sample_rate: (min) 0.03, (max) 0.71, expected_batch_size: 282
sample_rate: (min) 0.03, (max) 0.77, expected_batch_size: 288
sample_rate: (min) 0.03, (max) 0.81, expected_batch_size: 285
sample_rate: (min) 0.03, (max) 0.62, expected_batch_size: 253
initial privacy cost of all clients:  [0, 0, 0, 0, 0, 0, 0, 0, 0, 0]
Round=0
Round=1
Round=2
Round=3
Round=4
Round=5
Round=6
Round=7
Round=8
Round=9
Round=10
Round=11
Round=12
Round=13
Round=14
current privacy cost of all clients:  [4.752415310075706, 4.054591694157598, 3.568320227772049, 6.0748074655109106, 6.1328811134891685, 6.124702222350012, 4.644301020258078, 5.38567160950761, 6.049312363510402, 3.1533820324004593]
Round=14, per client global perf=[0.6922, 0.8275, 0.6858, 0.6676, 0.9137, 0.8363, 0.8524, 0.6314, 0.639, 0.6788], mean perf=14874/20014 (0.7432%)
Round=14, per client personal perf=[0.9809, 0.9662, 0.9657, 0.9613, 0.9824, 0.974, 0.9655, 0.9711, 0.9374, 0.8759], mean perf=19197/20014 (0.9592%)
Round=14, per client personal pooled=[0.4686, 0.4755, 0.4907, 0.4805, 0.4847, 0.4822, 0.4871, 0.4732, 0.4708, 0.3832], mean perf=93996/200140 (0.4697%)
Mean performance of ditto rpdp global, Perf=0.7327
Mean performance of ditto rpdp personal, Perf=0.9575
Mean performance of ditto rpdp pooled, Perf=0.4691
 We run FedAvg with rPDP (BoundedMixGauss-0) ...
max_epsilon :  10.0  noise_multiplier :  9.736328125
The R-Squared value of the best-fit curve : 0.999749898528281
learning rate =  0.01
sample_rate: (min) 0.03, (max) 0.72, expected_batch_size: 410
sample_rate: (min) 0.03, (max) 0.79, expected_batch_size: 452
sample_rate: (min) 0.03, (max) 0.71, expected_batch_size: 444
sample_rate: (min) 0.03, (max) 0.72, expected_batch_size: 429
sample_rate: (min) 0.03, (max) 0.72, expected_batch_size: 439
sample_rate: (min) 0.03, (max) 0.74, expected_batch_size: 447
sample_rate: (min) 0.03, (max) 0.73, expected_batch_size: 435
sample_rate: (min) 0.03, (max) 0.71, expected_batch_size: 444
sample_rate: (min) 0.03, (max) 0.74, expected_batch_size: 435
sample_rate: (min) 0.03, (max) 0.73, expected_batch_size: 368
initial privacy cost of all clients:  [0, 0, 0, 0, 0, 0, 0, 0, 0, 0]
Round=0
Round=1
Round=2
Round=3
Round=4
Round=5
Round=6
Round=7
Round=8
Round=9
Round=10
Round=11
Round=12
Round=13
Round=14
current privacy cost of all clients:  [4.452560630310308, 4.989186002268105, 3.3873239087081313, 4.232126556619421, 4.743771711921414, 4.635185435148208, 4.820354613545777, 4.869430286915287, 5.357871969683328, 3.8727212988002124]
Round=14, per client global perf=[0.7162, 0.873, 0.7196, 0.7044, 0.9245, 0.877, 0.8996, 0.7074, 0.699, 0.7314], mean perf=15726/20014 (0.7857%)
Round=14, per client personal perf=[0.975, 0.976, 0.9701, 0.9676, 0.9809, 0.9755, 0.9696, 0.9721, 0.9314, 0.881], mean perf=19234/20014 (0.9610%)
Round=14, per client personal pooled=[0.4655, 0.4786, 0.4904, 0.4894, 0.4798, 0.4835, 0.4874, 0.4744, 0.4702, 0.3863], mean perf=94172/200140 (0.4705%)
Mean performance of ditto rpdp global, Perf=0.7673
Mean performance of ditto rpdp personal, Perf=0.9569
Mean performance of ditto rpdp pooled, Perf=0.4701
Finished seed 42
----------------------------------------
=== Running reg_param=0.01, num_steps=30 ===
Running seed 42
/Users/shegao_t1/DP_Research/Personal_DP_Personal_FL/rpdp_fl/experiments/datasets/fed_mnist/niid_10_5way_1200shot
 We run FedAvg with rPDP (ThreeLevels-0) ...
max_epsilon :  10.0  noise_multiplier :  9.736328125
The R-Squared value of the best-fit curve : 0.999749898528281
learning rate =  0.01
sample_rate: (min) 0.03, (max) 0.61, expected_batch_size: 435
sample_rate: (min) 0.03, (max) 0.61, expected_batch_size: 435
sample_rate: (min) 0.03, (max) 0.61, expected_batch_size: 435
sample_rate: (min) 0.03, (max) 0.61, expected_batch_size: 435
sample_rate: (min) 0.03, (max) 0.61, expected_batch_size: 435
sample_rate: (min) 0.03, (max) 0.61, expected_batch_size: 435
sample_rate: (min) 0.03, (max) 0.61, expected_batch_size: 421
sample_rate: (min) 0.03, (max) 0.61, expected_batch_size: 435
sample_rate: (min) 0.03, (max) 0.61, expected_batch_size: 426
sample_rate: (min) 0.03, (max) 0.61, expected_batch_size: 376
initial privacy cost of all clients:  [0, 0, 0, 0, 0, 0, 0, 0, 0, 0]
Round=0
Round=1
Round=2
Round=3
Round=4
Round=5
Round=6
Round=7
Round=8
Round=9
Round=10
Round=11
Round=12
Round=13
Round=14
current privacy cost of all clients:  [3.554611437795162, 3.554611437795162, 2.8039339861853394, 3.3043856205918876, 3.8048372549984366, 3.554611437795162, 3.8048372549984366, 4.055063072201711, 4.305288889404985, 3.0541598033886133]
Round=14, per client global perf=[0.7304, 0.8725, 0.7093, 0.7029, 0.9289, 0.8828, 0.9021, 0.7123, 0.7121, 0.7292], mean perf=15788/20014 (0.7888%)
Round=14, per client personal perf=[0.9799, 0.9627, 0.9721, 0.9716, 0.9775, 0.9696, 0.9564, 0.9775, 0.9289, 0.8657], mean perf=19163/20014 (0.9575%)
Round=14, per client personal pooled=[0.4687, 0.4751, 0.4921, 0.4991, 0.4795, 0.4791, 0.4791, 0.4749, 0.467, 0.3628], mean perf=93613/200140 (0.4677%)
Mean performance of ditto rpdp global, Perf=0.7767
Mean performance of ditto rpdp personal, Perf=0.9568
Mean performance of ditto rpdp pooled, Perf=0.4692
 We run FedAvg with rPDP (BoundedPareto-0) ...
max_epsilon :  10.0  noise_multiplier :  9.736328125
The R-Squared value of the best-fit curve : 0.999749898528281
learning rate =  0.01
sample_rate: (min) 0.03, (max) 0.76, expected_batch_size: 293
sample_rate: (min) 0.03, (max) 0.67, expected_batch_size: 288
sample_rate: (min) 0.03, (max) 0.74, expected_batch_size: 289
sample_rate: (min) 0.03, (max) 0.98, expected_batch_size: 296
sample_rate: (min) 0.03, (max) 0.89, expected_batch_size: 303
sample_rate: (min) 0.03, (max) 0.93, expected_batch_size: 304
sample_rate: (min) 0.03, (max) 0.71, expected_batch_size: 282
sample_rate: (min) 0.03, (max) 0.77, expected_batch_size: 288
sample_rate: (min) 0.03, (max) 0.81, expected_batch_size: 285
sample_rate: (min) 0.03, (max) 0.62, expected_batch_size: 253
initial privacy cost of all clients:  [0, 0, 0, 0, 0, 0, 0, 0, 0, 0]
Round=0
Round=1
Round=2
Round=3
Round=4
Round=5
Round=6
Round=7
Round=8
Round=9
Round=10
Round=11
Round=12
Round=13
Round=14
current privacy cost of all clients:  [4.752415310075706, 4.054591694157598, 3.568320227772049, 6.0748074655109106, 6.1328811134891685, 6.124702222350012, 4.644301020258078, 5.38567160950761, 6.049312363510402, 3.1533820324004593]
Round=14, per client global perf=[0.6922, 0.825, 0.6853, 0.6667, 0.9098, 0.8368, 0.8524, 0.6279, 0.637, 0.6759], mean perf=14843/20014 (0.7416%)
Round=14, per client personal perf=[0.9667, 0.9686, 0.9598, 0.9667, 0.9877, 0.9789, 0.9584, 0.9569, 0.9414, 0.8448], mean perf=19103/20014 (0.9545%)
Round=14, per client personal pooled=[0.4609, 0.4774, 0.4885, 0.4948, 0.4851, 0.4848, 0.4822, 0.4683, 0.4736, 0.3723], mean perf=93820/200140 (0.4688%)
Mean performance of ditto rpdp global, Perf=0.7328
Mean performance of ditto rpdp personal, Perf=0.9525
Mean performance of ditto rpdp pooled, Perf=0.4680
 We run FedAvg with rPDP (BoundedMixGauss-0) ...
max_epsilon :  10.0  noise_multiplier :  9.736328125
The R-Squared value of the best-fit curve : 0.999749898528281
learning rate =  0.01
sample_rate: (min) 0.03, (max) 0.72, expected_batch_size: 410
sample_rate: (min) 0.03, (max) 0.79, expected_batch_size: 452
sample_rate: (min) 0.03, (max) 0.71, expected_batch_size: 444
sample_rate: (min) 0.03, (max) 0.72, expected_batch_size: 429
sample_rate: (min) 0.03, (max) 0.72, expected_batch_size: 439
sample_rate: (min) 0.03, (max) 0.74, expected_batch_size: 447
sample_rate: (min) 0.03, (max) 0.73, expected_batch_size: 435
sample_rate: (min) 0.03, (max) 0.71, expected_batch_size: 444
sample_rate: (min) 0.03, (max) 0.74, expected_batch_size: 435
sample_rate: (min) 0.03, (max) 0.73, expected_batch_size: 368
initial privacy cost of all clients:  [0, 0, 0, 0, 0, 0, 0, 0, 0, 0]
Round=0
Round=1
Round=2
Round=3
Round=4
Round=5
Round=6
Round=7
Round=8
Round=9
Round=10
Round=11
Round=12
Round=13
Round=14
current privacy cost of all clients:  [4.452560630310308, 4.989186002268105, 3.3873239087081313, 4.232126556619421, 4.743771711921414, 4.635185435148208, 4.820354613545777, 4.869430286915287, 5.357871969683328, 3.8727212988002124]
Round=14, per client global perf=[0.7211, 0.874, 0.7211, 0.7098, 0.9275, 0.8814, 0.8981, 0.7093, 0.7006, 0.7371], mean perf=15781/20014 (0.7885%)
Round=14, per client personal perf=[0.9789, 0.9775, 0.9686, 0.9676, 0.9779, 0.9485, 0.9711, 0.9603, 0.9379, 0.8759], mean perf=19164/20014 (0.9575%)
Round=14, per client personal pooled=[0.4649, 0.4838, 0.4914, 0.4917, 0.4806, 0.4851, 0.4886, 0.467, 0.4714, 0.3784], mean perf=94124/200140 (0.4703%)
Mean performance of ditto rpdp global, Perf=0.7734
Mean performance of ditto rpdp personal, Perf=0.9560
Mean performance of ditto rpdp pooled, Perf=0.4711
Finished seed 42
----------------------------------------
=== Running reg_param=0.1, num_steps=15 ===
Running seed 42
/Users/shegao_t1/DP_Research/Personal_DP_Personal_FL/rpdp_fl/experiments/datasets/fed_mnist/niid_10_5way_1200shot
 We run FedAvg with rPDP (ThreeLevels-0) ...
max_epsilon :  10.0  noise_multiplier :  9.736328125
The R-Squared value of the best-fit curve : 0.999749898528281
learning rate =  0.01
sample_rate: (min) 0.03, (max) 0.61, expected_batch_size: 435
sample_rate: (min) 0.03, (max) 0.61, expected_batch_size: 435
sample_rate: (min) 0.03, (max) 0.61, expected_batch_size: 435
sample_rate: (min) 0.03, (max) 0.61, expected_batch_size: 435
sample_rate: (min) 0.03, (max) 0.61, expected_batch_size: 435
sample_rate: (min) 0.03, (max) 0.61, expected_batch_size: 435
sample_rate: (min) 0.03, (max) 0.61, expected_batch_size: 421
sample_rate: (min) 0.03, (max) 0.61, expected_batch_size: 435
sample_rate: (min) 0.03, (max) 0.61, expected_batch_size: 426
sample_rate: (min) 0.03, (max) 0.61, expected_batch_size: 376
initial privacy cost of all clients:  [0, 0, 0, 0, 0, 0, 0, 0, 0, 0]
Round=0
Round=1
Round=2
Round=3
Round=4
Round=5
Round=6
Round=7
Round=8
Round=9
Round=10
Round=11
Round=12
Round=13
Round=14
current privacy cost of all clients:  [3.554611437795162, 3.554611437795162, 2.8039339861853394, 3.3043856205918876, 3.8048372549984366, 3.554611437795162, 3.8048372549984366, 4.055063072201711, 4.305288889404985, 3.0541598033886133]
Round=14, per client global perf=[0.7304, 0.873, 0.7103, 0.7034, 0.9284, 0.8814, 0.9011, 0.7137, 0.7116, 0.7292], mean perf=15788/20014 (0.7888%)
Round=14, per client personal perf=[0.948, 0.8789, 0.9363, 0.9446, 0.901, 0.9363, 0.9539, 0.9569, 0.9074, 0.8351], mean perf=18431/20014 (0.9209%)
Round=14, per client personal pooled=[0.4889, 0.5238, 0.593, 0.6164, 0.4868, 0.4741, 0.5679, 0.539, 0.4723, 0.4646], mean perf=104607/200140 (0.5227%)
Mean performance of ditto rpdp global, Perf=0.7762
Mean performance of ditto rpdp personal, Perf=0.9282
Mean performance of ditto rpdp pooled, Perf=0.5296
 We run FedAvg with rPDP (BoundedPareto-0) ...
max_epsilon :  10.0  noise_multiplier :  9.736328125
The R-Squared value of the best-fit curve : 0.999749898528281
learning rate =  0.01
sample_rate: (min) 0.03, (max) 0.76, expected_batch_size: 293
sample_rate: (min) 0.03, (max) 0.67, expected_batch_size: 288
sample_rate: (min) 0.03, (max) 0.74, expected_batch_size: 289
sample_rate: (min) 0.03, (max) 0.98, expected_batch_size: 296
sample_rate: (min) 0.03, (max) 0.89, expected_batch_size: 303
sample_rate: (min) 0.03, (max) 0.93, expected_batch_size: 304
sample_rate: (min) 0.03, (max) 0.71, expected_batch_size: 282
sample_rate: (min) 0.03, (max) 0.77, expected_batch_size: 288
sample_rate: (min) 0.03, (max) 0.81, expected_batch_size: 285
sample_rate: (min) 0.03, (max) 0.62, expected_batch_size: 253
initial privacy cost of all clients:  [0, 0, 0, 0, 0, 0, 0, 0, 0, 0]
Round=0
Round=1
Round=2
Round=3
Round=4
Round=5
Round=6
Round=7
Round=8
Round=9
Round=10
Round=11
Round=12
Round=13
Round=14
current privacy cost of all clients:  [4.752415310075706, 4.054591694157598, 3.568320227772049, 6.0748074655109106, 6.1328811134891685, 6.124702222350012, 4.644301020258078, 5.38567160950761, 6.049312363510402, 3.1533820324004593]
Round=14, per client global perf=[0.6922, 0.8275, 0.6858, 0.6676, 0.9137, 0.8363, 0.8524, 0.6314, 0.639, 0.6788], mean perf=14874/20014 (0.7432%)
Round=14, per client personal perf=[0.9221, 0.9471, 0.9358, 0.9265, 0.9275, 0.9618, 0.9508, 0.9564, 0.8793, 0.8017], mean perf=18463/20014 (0.9225%)
Round=14, per client personal pooled=[0.5516, 0.4956, 0.5014, 0.563, 0.4614, 0.5314, 0.5229, 0.4709, 0.5341, 0.372], mean perf=100156/200140 (0.5004%)
Mean performance of ditto rpdp global, Perf=0.7327
Mean performance of ditto rpdp personal, Perf=0.9285
Mean performance of ditto rpdp pooled, Perf=0.5014
 We run FedAvg with rPDP (BoundedMixGauss-0) ...
max_epsilon :  10.0  noise_multiplier :  9.736328125
The R-Squared value of the best-fit curve : 0.999749898528281
learning rate =  0.01
sample_rate: (min) 0.03, (max) 0.72, expected_batch_size: 410
sample_rate: (min) 0.03, (max) 0.79, expected_batch_size: 452
sample_rate: (min) 0.03, (max) 0.71, expected_batch_size: 444
sample_rate: (min) 0.03, (max) 0.72, expected_batch_size: 429
sample_rate: (min) 0.03, (max) 0.72, expected_batch_size: 439
sample_rate: (min) 0.03, (max) 0.74, expected_batch_size: 447
sample_rate: (min) 0.03, (max) 0.73, expected_batch_size: 435
sample_rate: (min) 0.03, (max) 0.71, expected_batch_size: 444
sample_rate: (min) 0.03, (max) 0.74, expected_batch_size: 435
sample_rate: (min) 0.03, (max) 0.73, expected_batch_size: 368
initial privacy cost of all clients:  [0, 0, 0, 0, 0, 0, 0, 0, 0, 0]
Round=0
Round=1
Round=2
Round=3
Round=4
Round=5
Round=6
Round=7
Round=8
Round=9
Round=10
Round=11
Round=12
Round=13
Round=14
current privacy cost of all clients:  [4.452560630310308, 4.989186002268105, 3.3873239087081313, 4.232126556619421, 4.743771711921414, 4.635185435148208, 4.820354613545777, 4.869430286915287, 5.357871969683328, 3.8727212988002124]
Round=14, per client global perf=[0.7162, 0.873, 0.7196, 0.7044, 0.9245, 0.877, 0.8996, 0.7074, 0.699, 0.7314], mean perf=15726/20014 (0.7857%)
Round=14, per client personal perf=[0.9309, 0.9167, 0.9, 0.9147, 0.9441, 0.9676, 0.8824, 0.9304, 0.9109, 0.8504], mean perf=18329/20014 (0.9158%)
Round=14, per client personal pooled=[0.4898, 0.5189, 0.5657, 0.5735, 0.4654, 0.4908, 0.5242, 0.5069, 0.4639, 0.4744], mean perf=101540/200140 (0.5073%)
Mean performance of ditto rpdp global, Perf=0.7673
Mean performance of ditto rpdp personal, Perf=0.9174
Mean performance of ditto rpdp pooled, Perf=0.5116
Finished seed 42
----------------------------------------
=== Running reg_param=0.1, num_steps=30 ===
Running seed 42
/Users/shegao_t1/DP_Research/Personal_DP_Personal_FL/rpdp_fl/experiments/datasets/fed_mnist/niid_10_5way_1200shot
 We run FedAvg with rPDP (ThreeLevels-0) ...
max_epsilon :  10.0  noise_multiplier :  9.736328125
The R-Squared value of the best-fit curve : 0.999749898528281
learning rate =  0.01
sample_rate: (min) 0.03, (max) 0.61, expected_batch_size: 435
sample_rate: (min) 0.03, (max) 0.61, expected_batch_size: 435
sample_rate: (min) 0.03, (max) 0.61, expected_batch_size: 435
sample_rate: (min) 0.03, (max) 0.61, expected_batch_size: 435
sample_rate: (min) 0.03, (max) 0.61, expected_batch_size: 435
sample_rate: (min) 0.03, (max) 0.61, expected_batch_size: 435
sample_rate: (min) 0.03, (max) 0.61, expected_batch_size: 421
sample_rate: (min) 0.03, (max) 0.61, expected_batch_size: 435
sample_rate: (min) 0.03, (max) 0.61, expected_batch_size: 426
sample_rate: (min) 0.03, (max) 0.61, expected_batch_size: 376
initial privacy cost of all clients:  [0, 0, 0, 0, 0, 0, 0, 0, 0, 0]
Round=0
Round=1
Round=2
Round=3
Round=4
Round=5
Round=6
Round=7
Round=8
Round=9
Round=10
Round=11
Round=12
Round=13
Round=14
current privacy cost of all clients:  [3.554611437795162, 3.554611437795162, 2.8039339861853394, 3.3043856205918876, 3.8048372549984366, 3.554611437795162, 3.8048372549984366, 4.055063072201711, 4.305288889404985, 3.0541598033886133]
Round=14, per client global perf=[0.7304, 0.8725, 0.7093, 0.7029, 0.9289, 0.8828, 0.9021, 0.7123, 0.7121, 0.7292], mean perf=15788/20014 (0.7888%)
Round=14, per client personal perf=[0.9049, 0.9387, 0.926, 0.9181, 0.9676, 0.9652, 0.9457, 0.9186, 0.9139, 0.8567], mean perf=18542/20014 (0.9265%)
Round=14, per client personal pooled=[0.5787, 0.5209, 0.6079, 0.5966, 0.5123, 0.5959, 0.4987, 0.5111, 0.4587, 0.3574], mean perf=104840/200140 (0.5238%)
Mean performance of ditto rpdp global, Perf=0.7767
Mean performance of ditto rpdp personal, Perf=0.9235
Mean performance of ditto rpdp pooled, Perf=0.5379
 We run FedAvg with rPDP (BoundedPareto-0) ...
max_epsilon :  10.0  noise_multiplier :  9.736328125
The R-Squared value of the best-fit curve : 0.999749898528281
learning rate =  0.01
sample_rate: (min) 0.03, (max) 0.76, expected_batch_size: 293
sample_rate: (min) 0.03, (max) 0.67, expected_batch_size: 288
sample_rate: (min) 0.03, (max) 0.74, expected_batch_size: 289
sample_rate: (min) 0.03, (max) 0.98, expected_batch_size: 296
sample_rate: (min) 0.03, (max) 0.89, expected_batch_size: 303
sample_rate: (min) 0.03, (max) 0.93, expected_batch_size: 304
sample_rate: (min) 0.03, (max) 0.71, expected_batch_size: 282
sample_rate: (min) 0.03, (max) 0.77, expected_batch_size: 288
sample_rate: (min) 0.03, (max) 0.81, expected_batch_size: 285
sample_rate: (min) 0.03, (max) 0.62, expected_batch_size: 253
initial privacy cost of all clients:  [0, 0, 0, 0, 0, 0, 0, 0, 0, 0]
Round=0
Round=1
Round=2
Round=3
Round=4
Round=5
Round=6
Round=7
Round=8
Round=9
Round=10
Round=11
Round=12
Round=13
Round=14
current privacy cost of all clients:  [4.752415310075706, 4.054591694157598, 3.568320227772049, 6.0748074655109106, 6.1328811134891685, 6.124702222350012, 4.644301020258078, 5.38567160950761, 6.049312363510402, 3.1533820324004593]
Round=14, per client global perf=[0.6922, 0.825, 0.6853, 0.6667, 0.9098, 0.8368, 0.8524, 0.6279, 0.637, 0.6759], mean perf=14843/20014 (0.7416%)
Round=14, per client personal perf=[0.9412, 0.8779, 0.9412, 0.9353, 0.9309, 0.9304, 0.9407, 0.9618, 0.9289, 0.8385], mean perf=18488/20014 (0.9238%)
Round=14, per client personal pooled=[0.5285, 0.4915, 0.508, 0.5889, 0.5026, 0.4638, 0.5838, 0.5325, 0.4879, 0.4492], mean perf=102808/200140 (0.5137%)
Mean performance of ditto rpdp global, Perf=0.7328
Mean performance of ditto rpdp personal, Perf=0.9279
Mean performance of ditto rpdp pooled, Perf=0.5103
 We run FedAvg with rPDP (BoundedMixGauss-0) ...
max_epsilon :  10.0  noise_multiplier :  9.736328125
The R-Squared value of the best-fit curve : 0.999749898528281
learning rate =  0.01
sample_rate: (min) 0.03, (max) 0.72, expected_batch_size: 410
sample_rate: (min) 0.03, (max) 0.79, expected_batch_size: 452
sample_rate: (min) 0.03, (max) 0.71, expected_batch_size: 444
sample_rate: (min) 0.03, (max) 0.72, expected_batch_size: 429
sample_rate: (min) 0.03, (max) 0.72, expected_batch_size: 439
sample_rate: (min) 0.03, (max) 0.74, expected_batch_size: 447
sample_rate: (min) 0.03, (max) 0.73, expected_batch_size: 435
sample_rate: (min) 0.03, (max) 0.71, expected_batch_size: 444
sample_rate: (min) 0.03, (max) 0.74, expected_batch_size: 435
sample_rate: (min) 0.03, (max) 0.73, expected_batch_size: 368
initial privacy cost of all clients:  [0, 0, 0, 0, 0, 0, 0, 0, 0, 0]
Round=0
Round=1
Round=2
Round=3
Round=4
Round=5
Round=6
Round=7
Round=8
Round=9
Round=10
Round=11
Round=12
Round=13
Round=14
current privacy cost of all clients:  [4.452560630310308, 4.989186002268105, 3.3873239087081313, 4.232126556619421, 4.743771711921414, 4.635185435148208, 4.820354613545777, 4.869430286915287, 5.357871969683328, 3.8727212988002124]
Round=14, per client global perf=[0.7211, 0.874, 0.7211, 0.7098, 0.9275, 0.8814, 0.8981, 0.7093, 0.7006, 0.7371], mean perf=15781/20014 (0.7885%)
Round=14, per client personal perf=[0.8975, 0.9265, 0.9309, 0.9343, 0.9696, 0.9275, 0.961, 0.8922, 0.9184, 0.872], mean perf=18484/20014 (0.9236%)
Round=14, per client personal pooled=[0.4895, 0.4615, 0.6032, 0.687, 0.5512, 0.5482, 0.5746, 0.4392, 0.4646, 0.4244], mean perf=104941/200140 (0.5243%)
Mean performance of ditto rpdp global, Perf=0.7734
Mean performance of ditto rpdp personal, Perf=0.9232
Mean performance of ditto rpdp pooled, Perf=0.5168
Finished seed 42
----------------------------------------
=== Running reg_param=1.0, num_steps=15 ===
Running seed 42
/Users/shegao_t1/DP_Research/Personal_DP_Personal_FL/rpdp_fl/experiments/datasets/fed_mnist/niid_10_5way_1200shot
 We run FedAvg with rPDP (ThreeLevels-0) ...
max_epsilon :  10.0  noise_multiplier :  9.736328125
The R-Squared value of the best-fit curve : 0.999749898528281
learning rate =  0.01
sample_rate: (min) 0.03, (max) 0.61, expected_batch_size: 435
sample_rate: (min) 0.03, (max) 0.61, expected_batch_size: 435
sample_rate: (min) 0.03, (max) 0.61, expected_batch_size: 435
sample_rate: (min) 0.03, (max) 0.61, expected_batch_size: 435
sample_rate: (min) 0.03, (max) 0.61, expected_batch_size: 435
sample_rate: (min) 0.03, (max) 0.61, expected_batch_size: 435
sample_rate: (min) 0.03, (max) 0.61, expected_batch_size: 421
sample_rate: (min) 0.03, (max) 0.61, expected_batch_size: 435
sample_rate: (min) 0.03, (max) 0.61, expected_batch_size: 426
sample_rate: (min) 0.03, (max) 0.61, expected_batch_size: 376
initial privacy cost of all clients:  [0, 0, 0, 0, 0, 0, 0, 0, 0, 0]
Round=0
Round=1
Round=2
Round=3
Round=4
Round=5
Round=6
Round=7
Round=8
Round=9
Round=10
Round=11
Round=12
Round=13
Round=14
current privacy cost of all clients:  [3.554611437795162, 3.554611437795162, 2.8039339861853394, 3.3043856205918876, 3.8048372549984366, 3.554611437795162, 3.8048372549984366, 4.055063072201711, 4.305288889404985, 3.0541598033886133]
Round=14, per client global perf=[0.7304, 0.873, 0.7103, 0.7034, 0.9284, 0.8814, 0.9011, 0.7137, 0.7116, 0.7292], mean perf=15788/20014 (0.7888%)
Round=14, per client personal perf=[0.8422, 0.8809, 0.8853, 0.9127, 0.9353, 0.9392, 0.824, 0.9176, 0.8868, 0.7858], mean perf=17662/20014 (0.8825%)
Round=14, per client personal pooled=[0.5591, 0.642, 0.5925, 0.6805, 0.5889, 0.575, 0.5546, 0.5956, 0.6045, 0.533], mean perf=118596/200140 (0.5926%)
Mean performance of ditto rpdp global, Perf=0.7762
Mean performance of ditto rpdp personal, Perf=0.8997
Mean performance of ditto rpdp pooled, Perf=0.5912
 We run FedAvg with rPDP (BoundedPareto-0) ...
max_epsilon :  10.0  noise_multiplier :  9.736328125
The R-Squared value of the best-fit curve : 0.999749898528281
learning rate =  0.01
sample_rate: (min) 0.03, (max) 0.76, expected_batch_size: 293
sample_rate: (min) 0.03, (max) 0.67, expected_batch_size: 288
sample_rate: (min) 0.03, (max) 0.74, expected_batch_size: 289
sample_rate: (min) 0.03, (max) 0.98, expected_batch_size: 296
sample_rate: (min) 0.03, (max) 0.89, expected_batch_size: 303
sample_rate: (min) 0.03, (max) 0.93, expected_batch_size: 304
sample_rate: (min) 0.03, (max) 0.71, expected_batch_size: 282
sample_rate: (min) 0.03, (max) 0.77, expected_batch_size: 288
sample_rate: (min) 0.03, (max) 0.81, expected_batch_size: 285
sample_rate: (min) 0.03, (max) 0.62, expected_batch_size: 253
initial privacy cost of all clients:  [0, 0, 0, 0, 0, 0, 0, 0, 0, 0]
Round=0
Round=1
Round=2
Round=3
Round=4
Round=5
Round=6
Round=7
Round=8
Round=9
Round=10
Round=11
Round=12
Round=13
Round=14
current privacy cost of all clients:  [4.752415310075706, 4.054591694157598, 3.568320227772049, 6.0748074655109106, 6.1328811134891685, 6.124702222350012, 4.644301020258078, 5.38567160950761, 6.049312363510402, 3.1533820324004593]
Round=14, per client global perf=[0.6922, 0.8275, 0.6858, 0.6676, 0.9137, 0.8363, 0.8524, 0.6314, 0.639, 0.6788], mean perf=14874/20014 (0.7432%)
Round=14, per client personal perf=[0.7637, 0.8196, 0.8843, 0.902, 0.9029, 0.9539, 0.9102, 0.9118, 0.8473, 0.8261], mean perf=17467/20014 (0.8727%)
Round=14, per client personal pooled=[0.5785, 0.6342, 0.6077, 0.7358, 0.5761, 0.59, 0.622, 0.5918, 0.4773, 0.5507], mean perf=119367/200140 (0.5964%)
Mean performance of ditto rpdp global, Perf=0.7327
Mean performance of ditto rpdp personal, Perf=0.8762
Mean performance of ditto rpdp pooled, Perf=0.5852
 We run FedAvg with rPDP (BoundedMixGauss-0) ...
max_epsilon :  10.0  noise_multiplier :  9.736328125
The R-Squared value of the best-fit curve : 0.999749898528281
learning rate =  0.01
sample_rate: (min) 0.03, (max) 0.72, expected_batch_size: 410
sample_rate: (min) 0.03, (max) 0.79, expected_batch_size: 452
sample_rate: (min) 0.03, (max) 0.71, expected_batch_size: 444
sample_rate: (min) 0.03, (max) 0.72, expected_batch_size: 429
sample_rate: (min) 0.03, (max) 0.72, expected_batch_size: 439
sample_rate: (min) 0.03, (max) 0.74, expected_batch_size: 447
sample_rate: (min) 0.03, (max) 0.73, expected_batch_size: 435
sample_rate: (min) 0.03, (max) 0.71, expected_batch_size: 444
sample_rate: (min) 0.03, (max) 0.74, expected_batch_size: 435
sample_rate: (min) 0.03, (max) 0.73, expected_batch_size: 368
initial privacy cost of all clients:  [0, 0, 0, 0, 0, 0, 0, 0, 0, 0]
Round=0
Round=1
Round=2
Round=3
Round=4
Round=5
Round=6
Round=7
Round=8
Round=9
Round=10
Round=11
Round=12
Round=13
Round=14
current privacy cost of all clients:  [4.452560630310308, 4.989186002268105, 3.3873239087081313, 4.232126556619421, 4.743771711921414, 4.635185435148208, 4.820354613545777, 4.869430286915287, 5.357871969683328, 3.8727212988002124]
Round=14, per client global perf=[0.7162, 0.873, 0.7196, 0.7044, 0.9245, 0.877, 0.8996, 0.7074, 0.699, 0.7314], mean perf=15726/20014 (0.7857%)
Round=14, per client personal perf=[0.9387, 0.8358, 0.8779, 0.9078, 0.925, 0.9451, 0.9118, 0.9186, 0.8798, 0.8045], mean perf=17927/20014 (0.8957%)
Round=14, per client personal pooled=[0.6795, 0.6479, 0.6518, 0.7954, 0.537, 0.6663, 0.5596, 0.63, 0.4871, 0.5397], mean perf=123973/200140 (0.6194%)
Mean performance of ditto rpdp global, Perf=0.7673
Mean performance of ditto rpdp personal, Perf=0.8821
Mean performance of ditto rpdp pooled, Perf=0.6096
Finished seed 42
----------------------------------------
=== Running reg_param=1.0, num_steps=30 ===
Running seed 42
/Users/shegao_t1/DP_Research/Personal_DP_Personal_FL/rpdp_fl/experiments/datasets/fed_mnist/niid_10_5way_1200shot
 We run FedAvg with rPDP (ThreeLevels-0) ...
max_epsilon :  10.0  noise_multiplier :  9.736328125
The R-Squared value of the best-fit curve : 0.999749898528281
learning rate =  0.01
sample_rate: (min) 0.03, (max) 0.61, expected_batch_size: 435
sample_rate: (min) 0.03, (max) 0.61, expected_batch_size: 435
sample_rate: (min) 0.03, (max) 0.61, expected_batch_size: 435
sample_rate: (min) 0.03, (max) 0.61, expected_batch_size: 435
sample_rate: (min) 0.03, (max) 0.61, expected_batch_size: 435
sample_rate: (min) 0.03, (max) 0.61, expected_batch_size: 435
sample_rate: (min) 0.03, (max) 0.61, expected_batch_size: 421
sample_rate: (min) 0.03, (max) 0.61, expected_batch_size: 435
sample_rate: (min) 0.03, (max) 0.61, expected_batch_size: 426
sample_rate: (min) 0.03, (max) 0.61, expected_batch_size: 376
initial privacy cost of all clients:  [0, 0, 0, 0, 0, 0, 0, 0, 0, 0]
Round=0
Round=1
Round=2
Round=3
Round=4
Round=5
Round=6
Round=7
Round=8
Round=9
Round=10
Round=11
Round=12
Round=13
Round=14
current privacy cost of all clients:  [3.554611437795162, 3.554611437795162, 2.8039339861853394, 3.3043856205918876, 3.8048372549984366, 3.554611437795162, 3.8048372549984366, 4.055063072201711, 4.305288889404985, 3.0541598033886133]
Round=14, per client global perf=[0.7304, 0.8725, 0.7093, 0.7029, 0.9289, 0.8828, 0.9021, 0.7123, 0.7121, 0.7292], mean perf=15788/20014 (0.7888%)
Round=14, per client personal perf=[0.9235, 0.902, 0.876, 0.8956, 0.9377, 0.9049, 0.9452, 0.8868, 0.8678, 0.851], mean perf=18005/20014 (0.8996%)
Round=14, per client personal pooled=[0.7652, 0.6748, 0.611, 0.6838, 0.6808, 0.5591, 0.6226, 0.5713, 0.5097, 0.5325], mean perf=124302/200140 (0.6211%)
Mean performance of ditto rpdp global, Perf=0.7767
Mean performance of ditto rpdp personal, Perf=0.8914
Mean performance of ditto rpdp pooled, Perf=0.6060
 We run FedAvg with rPDP (BoundedPareto-0) ...
max_epsilon :  10.0  noise_multiplier :  9.736328125
The R-Squared value of the best-fit curve : 0.999749898528281
learning rate =  0.01
sample_rate: (min) 0.03, (max) 0.76, expected_batch_size: 293
sample_rate: (min) 0.03, (max) 0.67, expected_batch_size: 288
sample_rate: (min) 0.03, (max) 0.74, expected_batch_size: 289
sample_rate: (min) 0.03, (max) 0.98, expected_batch_size: 296
sample_rate: (min) 0.03, (max) 0.89, expected_batch_size: 303
sample_rate: (min) 0.03, (max) 0.93, expected_batch_size: 304
sample_rate: (min) 0.03, (max) 0.71, expected_batch_size: 282
sample_rate: (min) 0.03, (max) 0.77, expected_batch_size: 288
sample_rate: (min) 0.03, (max) 0.81, expected_batch_size: 285
sample_rate: (min) 0.03, (max) 0.62, expected_batch_size: 253
initial privacy cost of all clients:  [0, 0, 0, 0, 0, 0, 0, 0, 0, 0]
Round=0
Round=1
Round=2
Round=3
Round=4
Round=5
Round=6
Round=7
Round=8
Round=9
Round=10
Round=11
Round=12
Round=13
Round=14
current privacy cost of all clients:  [4.752415310075706, 4.054591694157598, 3.568320227772049, 6.0748074655109106, 6.1328811134891685, 6.124702222350012, 4.644301020258078, 5.38567160950761, 6.049312363510402, 3.1533820324004593]
Round=14, per client global perf=[0.6922, 0.825, 0.6853, 0.6667, 0.9098, 0.8368, 0.8524, 0.6279, 0.637, 0.6759], mean perf=14843/20014 (0.7416%)
Round=14, per client personal perf=[0.8206, 0.876, 0.9, 0.8539, 0.9186, 0.9456, 0.9168, 0.9069, 0.8958, 0.7904], mean perf=17684/20014 (0.8836%)
Round=14, per client personal pooled=[0.5958, 0.6242, 0.5996, 0.5115, 0.5817, 0.5891, 0.5614, 0.5219, 0.5529, 0.5224], mean perf=113291/200140 (0.5661%)
Mean performance of ditto rpdp global, Perf=0.7328
Mean performance of ditto rpdp personal, Perf=0.8636
Mean performance of ditto rpdp pooled, Perf=0.5379
 We run FedAvg with rPDP (BoundedMixGauss-0) ...
max_epsilon :  10.0  noise_multiplier :  9.736328125
The R-Squared value of the best-fit curve : 0.999749898528281
learning rate =  0.01
sample_rate: (min) 0.03, (max) 0.72, expected_batch_size: 410
sample_rate: (min) 0.03, (max) 0.79, expected_batch_size: 452
sample_rate: (min) 0.03, (max) 0.71, expected_batch_size: 444
sample_rate: (min) 0.03, (max) 0.72, expected_batch_size: 429
sample_rate: (min) 0.03, (max) 0.72, expected_batch_size: 439
sample_rate: (min) 0.03, (max) 0.74, expected_batch_size: 447
sample_rate: (min) 0.03, (max) 0.73, expected_batch_size: 435
sample_rate: (min) 0.03, (max) 0.71, expected_batch_size: 444
sample_rate: (min) 0.03, (max) 0.74, expected_batch_size: 435
sample_rate: (min) 0.03, (max) 0.73, expected_batch_size: 368
initial privacy cost of all clients:  [0, 0, 0, 0, 0, 0, 0, 0, 0, 0]
Round=0
Round=1
Round=2
Round=3
Round=4
Round=5
Round=6
Round=7
Round=8
Round=9
Round=10
Round=11
Round=12
Round=13
Round=14
current privacy cost of all clients:  [4.452560630310308, 4.989186002268105, 3.3873239087081313, 4.232126556619421, 4.743771711921414, 4.635185435148208, 4.820354613545777, 4.869430286915287, 5.357871969683328, 3.8727212988002124]
Round=14, per client global perf=[0.7211, 0.874, 0.7211, 0.7098, 0.9275, 0.8814, 0.8981, 0.7093, 0.7006, 0.7371], mean perf=15781/20014 (0.7885%)
Round=14, per client personal perf=[0.8765, 0.7985, 0.9064, 0.8887, 0.9348, 0.8868, 0.931, 0.9064, 0.6234, 0.796], mean perf=17130/20014 (0.8559%)
Round=14, per client personal pooled=[0.6357, 0.5265, 0.6594, 0.6889, 0.6953, 0.5071, 0.7163, 0.4979, 0.3395, 0.4894], mean perf=115201/200140 (0.5756%)
Mean performance of ditto rpdp global, Perf=0.7734
Mean performance of ditto rpdp personal, Perf=0.8604
Mean performance of ditto rpdp pooled, Perf=0.5679
Finished seed 42
----------------------------------------
=== Running reg_param=10, num_steps=15 ===
Running seed 42
/Users/shegao_t1/DP_Research/Personal_DP_Personal_FL/rpdp_fl/experiments/datasets/fed_mnist/niid_10_5way_1200shot
 We run FedAvg with rPDP (ThreeLevels-0) ...
max_epsilon :  10.0  noise_multiplier :  9.736328125
The R-Squared value of the best-fit curve : 0.999749898528281
learning rate =  0.01
sample_rate: (min) 0.03, (max) 0.61, expected_batch_size: 435
sample_rate: (min) 0.03, (max) 0.61, expected_batch_size: 435
sample_rate: (min) 0.03, (max) 0.61, expected_batch_size: 435
sample_rate: (min) 0.03, (max) 0.61, expected_batch_size: 435
sample_rate: (min) 0.03, (max) 0.61, expected_batch_size: 435
sample_rate: (min) 0.03, (max) 0.61, expected_batch_size: 435
sample_rate: (min) 0.03, (max) 0.61, expected_batch_size: 421
sample_rate: (min) 0.03, (max) 0.61, expected_batch_size: 435
sample_rate: (min) 0.03, (max) 0.61, expected_batch_size: 426
sample_rate: (min) 0.03, (max) 0.61, expected_batch_size: 376
initial privacy cost of all clients:  [0, 0, 0, 0, 0, 0, 0, 0, 0, 0]
Round=0
Round=1
Round=2
Round=3
Round=4
Round=5
Round=6
Round=7
Round=8
Round=9
Round=10
Round=11
Round=12
Round=13
Round=14
current privacy cost of all clients:  [3.554611437795162, 3.554611437795162, 2.8039339861853394, 3.3043856205918876, 3.8048372549984366, 3.554611437795162, 3.8048372549984366, 4.055063072201711, 4.305288889404985, 3.0541598033886133]
Round=14, per client global perf=[0.7304, 0.873, 0.7103, 0.7034, 0.9284, 0.8814, 0.9011, 0.7137, 0.7116, 0.7292], mean perf=15788/20014 (0.7888%)
Round=14, per client personal perf=[0.8917, 0.8711, 0.9015, 0.8672, 0.9118, 0.9265, 0.9052, 0.9382, 0.9034, 0.8034], mean perf=17875/20014 (0.8931%)
Round=14, per client personal pooled=[0.7639, 0.7983, 0.6629, 0.7304, 0.6842, 0.7011, 0.692, 0.63, 0.7247, 0.7036], mean perf=141920/200140 (0.7091%)
Mean performance of ditto rpdp global, Perf=0.7762
Mean performance of ditto rpdp personal, Perf=0.8894
Mean performance of ditto rpdp pooled, Perf=0.6961
 We run FedAvg with rPDP (BoundedPareto-0) ...
max_epsilon :  10.0  noise_multiplier :  9.736328125
The R-Squared value of the best-fit curve : 0.999749898528281
learning rate =  0.01
sample_rate: (min) 0.03, (max) 0.76, expected_batch_size: 293
sample_rate: (min) 0.03, (max) 0.67, expected_batch_size: 288
sample_rate: (min) 0.03, (max) 0.74, expected_batch_size: 289
sample_rate: (min) 0.03, (max) 0.98, expected_batch_size: 296
sample_rate: (min) 0.03, (max) 0.89, expected_batch_size: 303
sample_rate: (min) 0.03, (max) 0.93, expected_batch_size: 304
sample_rate: (min) 0.03, (max) 0.71, expected_batch_size: 282
sample_rate: (min) 0.03, (max) 0.77, expected_batch_size: 288
sample_rate: (min) 0.03, (max) 0.81, expected_batch_size: 285
sample_rate: (min) 0.03, (max) 0.62, expected_batch_size: 253
initial privacy cost of all clients:  [0, 0, 0, 0, 0, 0, 0, 0, 0, 0]
Round=0
Round=1
Round=2
Round=3
Round=4
Round=5
Round=6
Round=7
Round=8
Round=9
Round=10
Round=11
Round=12
Round=13
Round=14
current privacy cost of all clients:  [4.752415310075706, 4.054591694157598, 3.568320227772049, 6.0748074655109106, 6.1328811134891685, 6.124702222350012, 4.644301020258078, 5.38567160950761, 6.049312363510402, 3.1533820324004593]
Round=14, per client global perf=[0.6922, 0.8275, 0.6858, 0.6676, 0.9137, 0.8363, 0.8524, 0.6314, 0.639, 0.6788], mean perf=14874/20014 (0.7432%)
Round=14, per client personal perf=[0.875, 0.7711, 0.8211, 0.8642, 0.9245, 0.9172, 0.9189, 0.8637, 0.8823, 0.7904], mean perf=17284/20014 (0.8636%)
Round=14, per client personal pooled=[0.7317, 0.69, 0.5772, 0.7068, 0.6855, 0.6302, 0.7062, 0.6124, 0.6797, 0.6184], mean perf=132853/200140 (0.6638%)
Mean performance of ditto rpdp global, Perf=0.7327
Mean performance of ditto rpdp personal, Perf=0.8595
Mean performance of ditto rpdp pooled, Perf=0.6483
 We run FedAvg with rPDP (BoundedMixGauss-0) ...
max_epsilon :  10.0  noise_multiplier :  9.736328125
The R-Squared value of the best-fit curve : 0.999749898528281
learning rate =  0.01
sample_rate: (min) 0.03, (max) 0.72, expected_batch_size: 410
sample_rate: (min) 0.03, (max) 0.79, expected_batch_size: 452
sample_rate: (min) 0.03, (max) 0.71, expected_batch_size: 444
sample_rate: (min) 0.03, (max) 0.72, expected_batch_size: 429
sample_rate: (min) 0.03, (max) 0.72, expected_batch_size: 439
sample_rate: (min) 0.03, (max) 0.74, expected_batch_size: 447
sample_rate: (min) 0.03, (max) 0.73, expected_batch_size: 435
sample_rate: (min) 0.03, (max) 0.71, expected_batch_size: 444
sample_rate: (min) 0.03, (max) 0.74, expected_batch_size: 435
sample_rate: (min) 0.03, (max) 0.73, expected_batch_size: 368
initial privacy cost of all clients:  [0, 0, 0, 0, 0, 0, 0, 0, 0, 0]
Round=0
Round=1
Round=2
Round=3
Round=4
Round=5
Round=6
Round=7
Round=8
Round=9
Round=10
Round=11
Round=12
Round=13
Round=14
current privacy cost of all clients:  [4.452560630310308, 4.989186002268105, 3.3873239087081313, 4.232126556619421, 4.743771711921414, 4.635185435148208, 4.820354613545777, 4.869430286915287, 5.357871969683328, 3.8727212988002124]
Round=14, per client global perf=[0.7162, 0.873, 0.7196, 0.7044, 0.9245, 0.877, 0.8996, 0.7074, 0.699, 0.7314], mean perf=15726/20014 (0.7857%)
Round=14, per client personal perf=[0.9034, 0.8691, 0.8848, 0.8505, 0.9186, 0.9441, 0.9229, 0.9157, 0.8853, 0.8419], mean perf=17898/20014 (0.8943%)
Round=14, per client personal pooled=[0.7526, 0.7731, 0.6758, 0.7885, 0.662, 0.7883, 0.7218, 0.6472, 0.6722, 0.6231], mean perf=142193/200140 (0.7105%)
Mean performance of ditto rpdp global, Perf=0.7673
Mean performance of ditto rpdp personal, Perf=0.8818
Mean performance of ditto rpdp pooled, Perf=0.6929
Finished seed 42
----------------------------------------
=== Running reg_param=10, num_steps=30 ===
Running seed 42
/Users/shegao_t1/DP_Research/Personal_DP_Personal_FL/rpdp_fl/experiments/datasets/fed_mnist/niid_10_5way_1200shot
 We run FedAvg with rPDP (ThreeLevels-0) ...
max_epsilon :  10.0  noise_multiplier :  9.736328125
The R-Squared value of the best-fit curve : 0.999749898528281
learning rate =  0.01
sample_rate: (min) 0.03, (max) 0.61, expected_batch_size: 435
sample_rate: (min) 0.03, (max) 0.61, expected_batch_size: 435
sample_rate: (min) 0.03, (max) 0.61, expected_batch_size: 435
sample_rate: (min) 0.03, (max) 0.61, expected_batch_size: 435
sample_rate: (min) 0.03, (max) 0.61, expected_batch_size: 435
sample_rate: (min) 0.03, (max) 0.61, expected_batch_size: 435
sample_rate: (min) 0.03, (max) 0.61, expected_batch_size: 421
sample_rate: (min) 0.03, (max) 0.61, expected_batch_size: 435
sample_rate: (min) 0.03, (max) 0.61, expected_batch_size: 426
sample_rate: (min) 0.03, (max) 0.61, expected_batch_size: 376
initial privacy cost of all clients:  [0, 0, 0, 0, 0, 0, 0, 0, 0, 0]
Round=0
Round=1
Round=2
Round=3
Round=4
Round=5
Round=6
Round=7
Round=8
Round=9
Round=10
Round=11
Round=12
Round=13
Round=14
current privacy cost of all clients:  [3.554611437795162, 3.554611437795162, 2.8039339861853394, 3.3043856205918876, 3.8048372549984366, 3.554611437795162, 3.8048372549984366, 4.055063072201711, 4.305288889404985, 3.0541598033886133]
Round=14, per client global perf=[0.7304, 0.8725, 0.7093, 0.7029, 0.9289, 0.8828, 0.9021, 0.7123, 0.7121, 0.7292], mean perf=15788/20014 (0.7888%)
Round=14, per client personal perf=[0.876, 0.9034, 0.874, 0.8397, 0.924, 0.9377, 0.9011, 0.8559, 0.8738, 0.8482], mean perf=17689/20014 (0.8838%)
Round=14, per client personal pooled=[0.7892, 0.8161, 0.641, 0.7834, 0.766, 0.7972, 0.6867, 0.6073, 0.5679, 0.7043], mean perf=143279/200140 (0.7159%)
Mean performance of ditto rpdp global, Perf=0.7767
Mean performance of ditto rpdp personal, Perf=0.8709
Mean performance of ditto rpdp pooled, Perf=0.7176
 We run FedAvg with rPDP (BoundedPareto-0) ...
max_epsilon :  10.0  noise_multiplier :  9.736328125
The R-Squared value of the best-fit curve : 0.999749898528281
learning rate =  0.01
sample_rate: (min) 0.03, (max) 0.76, expected_batch_size: 293
sample_rate: (min) 0.03, (max) 0.67, expected_batch_size: 288
sample_rate: (min) 0.03, (max) 0.74, expected_batch_size: 289
sample_rate: (min) 0.03, (max) 0.98, expected_batch_size: 296
sample_rate: (min) 0.03, (max) 0.89, expected_batch_size: 303
sample_rate: (min) 0.03, (max) 0.93, expected_batch_size: 304
sample_rate: (min) 0.03, (max) 0.71, expected_batch_size: 282
sample_rate: (min) 0.03, (max) 0.77, expected_batch_size: 288
sample_rate: (min) 0.03, (max) 0.81, expected_batch_size: 285
sample_rate: (min) 0.03, (max) 0.62, expected_batch_size: 253
initial privacy cost of all clients:  [0, 0, 0, 0, 0, 0, 0, 0, 0, 0]
Round=0
Round=1
Round=2
Round=3
Round=4
Round=5
Round=6
Round=7
Round=8
Round=9
Round=10
Round=11
Round=12
Round=13
Round=14
current privacy cost of all clients:  [4.752415310075706, 4.054591694157598, 3.568320227772049, 6.0748074655109106, 6.1328811134891685, 6.124702222350012, 4.644301020258078, 5.38567160950761, 6.049312363510402, 3.1533820324004593]
Round=14, per client global perf=[0.6922, 0.825, 0.6853, 0.6667, 0.9098, 0.8368, 0.8524, 0.6279, 0.637, 0.6759], mean perf=14843/20014 (0.7416%)
Round=14, per client personal perf=[0.8583, 0.8368, 0.8877, 0.8206, 0.9078, 0.9078, 0.9133, 0.9005, 0.8903, 0.7632], mean perf=17410/20014 (0.8699%)
Round=14, per client personal pooled=[0.7008, 0.7325, 0.6239, 0.7097, 0.699, 0.6403, 0.6689, 0.6657, 0.5616, 0.5613], mean perf=131364/200140 (0.6564%)
Mean performance of ditto rpdp global, Perf=0.7328
Mean performance of ditto rpdp personal, Perf=0.8600
Mean performance of ditto rpdp pooled, Perf=0.6658
 We run FedAvg with rPDP (BoundedMixGauss-0) ...
max_epsilon :  10.0  noise_multiplier :  9.736328125
The R-Squared value of the best-fit curve : 0.999749898528281
learning rate =  0.01
sample_rate: (min) 0.03, (max) 0.72, expected_batch_size: 410
sample_rate: (min) 0.03, (max) 0.79, expected_batch_size: 452
sample_rate: (min) 0.03, (max) 0.71, expected_batch_size: 444
sample_rate: (min) 0.03, (max) 0.72, expected_batch_size: 429
sample_rate: (min) 0.03, (max) 0.72, expected_batch_size: 439
sample_rate: (min) 0.03, (max) 0.74, expected_batch_size: 447
sample_rate: (min) 0.03, (max) 0.73, expected_batch_size: 435
sample_rate: (min) 0.03, (max) 0.71, expected_batch_size: 444
sample_rate: (min) 0.03, (max) 0.74, expected_batch_size: 435
sample_rate: (min) 0.03, (max) 0.73, expected_batch_size: 368
initial privacy cost of all clients:  [0, 0, 0, 0, 0, 0, 0, 0, 0, 0]
Round=0
Round=1
Round=2
Round=3
Round=4
Round=5
Round=6
Round=7
Round=8
Round=9
Round=10
Round=11
Round=12
Round=13
Round=14
current privacy cost of all clients:  [4.452560630310308, 4.989186002268105, 3.3873239087081313, 4.232126556619421, 4.743771711921414, 4.635185435148208, 4.820354613545777, 4.869430286915287, 5.357871969683328, 3.8727212988002124]
Round=14, per client global perf=[0.7211, 0.874, 0.7211, 0.7098, 0.9275, 0.8814, 0.8981, 0.7093, 0.7006, 0.7371], mean perf=15781/20014 (0.7885%)
Round=14, per client personal perf=[0.8578, 0.7343, 0.8824, 0.8917, 0.923, 0.9333, 0.9336, 0.8672, 0.8973, 0.8215], mean perf=17506/20014 (0.8747%)
Round=14, per client personal pooled=[0.7817, 0.7113, 0.7375, 0.7947, 0.7991, 0.7855, 0.7496, 0.6669, 0.7423, 0.6009], mean perf=147491/200140 (0.7369%)
Mean performance of ditto rpdp global, Perf=0.7734
Mean performance of ditto rpdp personal, Perf=0.8806
Mean performance of ditto rpdp pooled, Perf=0.7294
Finished seed 42
----------------------------------------
=== Running reg_param=20, num_steps=15 ===
Running seed 42
/Users/shegao_t1/DP_Research/Personal_DP_Personal_FL/rpdp_fl/experiments/datasets/fed_mnist/niid_10_5way_1200shot
 We run FedAvg with rPDP (ThreeLevels-0) ...
max_epsilon :  10.0  noise_multiplier :  9.736328125
The R-Squared value of the best-fit curve : 0.999749898528281
learning rate =  0.01
sample_rate: (min) 0.03, (max) 0.61, expected_batch_size: 435
sample_rate: (min) 0.03, (max) 0.61, expected_batch_size: 435
sample_rate: (min) 0.03, (max) 0.61, expected_batch_size: 435
sample_rate: (min) 0.03, (max) 0.61, expected_batch_size: 435
sample_rate: (min) 0.03, (max) 0.61, expected_batch_size: 435
sample_rate: (min) 0.03, (max) 0.61, expected_batch_size: 435
sample_rate: (min) 0.03, (max) 0.61, expected_batch_size: 421
sample_rate: (min) 0.03, (max) 0.61, expected_batch_size: 435
sample_rate: (min) 0.03, (max) 0.61, expected_batch_size: 426
sample_rate: (min) 0.03, (max) 0.61, expected_batch_size: 376
initial privacy cost of all clients:  [0, 0, 0, 0, 0, 0, 0, 0, 0, 0]
Round=0
Round=1
Round=2
Round=3
Round=4
Round=5
Round=6
Round=7
Round=8
Round=9
Round=10
Round=11
Round=12
Round=13
Round=14
current privacy cost of all clients:  [3.554611437795162, 3.554611437795162, 2.8039339861853394, 3.3043856205918876, 3.8048372549984366, 3.554611437795162, 3.8048372549984366, 4.055063072201711, 4.305288889404985, 3.0541598033886133]
Round=14, per client global perf=[0.7304, 0.873, 0.7103, 0.7034, 0.9284, 0.8814, 0.9011, 0.7137, 0.7116, 0.7292], mean perf=15788/20014 (0.7888%)
Round=14, per client personal perf=[0.9127, 0.8725, 0.8941, 0.876, 0.9181, 0.9235, 0.9315, 0.9368, 0.9029, 0.7819], mean perf=17941/20014 (0.8964%)
Round=14, per client personal pooled=[0.8108, 0.8231, 0.7053, 0.7856, 0.7677, 0.7795, 0.7955, 0.6394, 0.7542, 0.7012], mean perf=151349/200140 (0.7562%)
Mean performance of ditto rpdp global, Perf=0.7762
Mean performance of ditto rpdp personal, Perf=0.8871
Mean performance of ditto rpdp pooled, Perf=0.7319
 We run FedAvg with rPDP (BoundedPareto-0) ...
max_epsilon :  10.0  noise_multiplier :  9.736328125
The R-Squared value of the best-fit curve : 0.999749898528281
learning rate =  0.01
sample_rate: (min) 0.03, (max) 0.76, expected_batch_size: 293
sample_rate: (min) 0.03, (max) 0.67, expected_batch_size: 288
sample_rate: (min) 0.03, (max) 0.74, expected_batch_size: 289
sample_rate: (min) 0.03, (max) 0.98, expected_batch_size: 296
sample_rate: (min) 0.03, (max) 0.89, expected_batch_size: 303
sample_rate: (min) 0.03, (max) 0.93, expected_batch_size: 304
sample_rate: (min) 0.03, (max) 0.71, expected_batch_size: 282
sample_rate: (min) 0.03, (max) 0.77, expected_batch_size: 288
sample_rate: (min) 0.03, (max) 0.81, expected_batch_size: 285
sample_rate: (min) 0.03, (max) 0.62, expected_batch_size: 253
initial privacy cost of all clients:  [0, 0, 0, 0, 0, 0, 0, 0, 0, 0]
Round=0
Round=1
Round=2
Round=3
Round=4
Round=5
Round=6
Round=7
Round=8
Round=9
Round=10
Round=11
Round=12
Round=13
Round=14
current privacy cost of all clients:  [4.752415310075706, 4.054591694157598, 3.568320227772049, 6.0748074655109106, 6.1328811134891685, 6.124702222350012, 4.644301020258078, 5.38567160950761, 6.049312363510402, 3.1533820324004593]
Round=14, per client global perf=[0.6922, 0.8275, 0.6858, 0.6676, 0.9137, 0.8363, 0.8524, 0.6314, 0.639, 0.6788], mean perf=14874/20014 (0.7432%)
Round=14, per client personal perf=[0.8681, 0.8338, 0.8642, 0.8422, 0.9216, 0.9176, 0.9173, 0.9152, 0.8733, 0.8125], mean perf=17559/20014 (0.8773%)
Round=14, per client personal pooled=[0.7392, 0.7522, 0.6676, 0.72, 0.7185, 0.7108, 0.7341, 0.6456, 0.685, 0.69], mean perf=141358/200140 (0.7063%)
Mean performance of ditto rpdp global, Perf=0.7327
Mean performance of ditto rpdp personal, Perf=0.8680
Mean performance of ditto rpdp pooled, Perf=0.6868
 We run FedAvg with rPDP (BoundedMixGauss-0) ...
max_epsilon :  10.0  noise_multiplier :  9.736328125
The R-Squared value of the best-fit curve : 0.999749898528281
learning rate =  0.01
sample_rate: (min) 0.03, (max) 0.72, expected_batch_size: 410
sample_rate: (min) 0.03, (max) 0.79, expected_batch_size: 452
sample_rate: (min) 0.03, (max) 0.71, expected_batch_size: 444
sample_rate: (min) 0.03, (max) 0.72, expected_batch_size: 429
sample_rate: (min) 0.03, (max) 0.72, expected_batch_size: 439
sample_rate: (min) 0.03, (max) 0.74, expected_batch_size: 447
sample_rate: (min) 0.03, (max) 0.73, expected_batch_size: 435
sample_rate: (min) 0.03, (max) 0.71, expected_batch_size: 444
sample_rate: (min) 0.03, (max) 0.74, expected_batch_size: 435
sample_rate: (min) 0.03, (max) 0.73, expected_batch_size: 368
initial privacy cost of all clients:  [0, 0, 0, 0, 0, 0, 0, 0, 0, 0]
Round=0
Round=1
Round=2
Round=3
Round=4
Round=5
Round=6
Round=7
Round=8
Round=9
Round=10
Round=11
Round=12
Round=13
Round=14
current privacy cost of all clients:  [4.452560630310308, 4.989186002268105, 3.3873239087081313, 4.232126556619421, 4.743771711921414, 4.635185435148208, 4.820354613545777, 4.869430286915287, 5.357871969683328, 3.8727212988002124]
Round=14, per client global perf=[0.7162, 0.873, 0.7196, 0.7044, 0.9245, 0.877, 0.8996, 0.7074, 0.699, 0.7314], mean perf=15726/20014 (0.7857%)
Round=14, per client personal perf=[0.8922, 0.8422, 0.8907, 0.875, 0.9211, 0.9196, 0.9184, 0.8995, 0.9029, 0.8459], mean perf=17837/20014 (0.8912%)
Round=14, per client personal pooled=[0.8132, 0.7932, 0.7203, 0.7931, 0.7367, 0.8053, 0.7888, 0.7013, 0.751, 0.7085], mean perf=152339/200140 (0.7612%)
Mean performance of ditto rpdp global, Perf=0.7673
Mean performance of ditto rpdp personal, Perf=0.8809
Mean performance of ditto rpdp pooled, Perf=0.7322
Finished seed 42
----------------------------------------
=== Running reg_param=20, num_steps=30 ===
Running seed 42
/Users/shegao_t1/DP_Research/Personal_DP_Personal_FL/rpdp_fl/experiments/datasets/fed_mnist/niid_10_5way_1200shot
 We run FedAvg with rPDP (ThreeLevels-0) ...
max_epsilon :  10.0  noise_multiplier :  9.736328125
The R-Squared value of the best-fit curve : 0.999749898528281
learning rate =  0.01
sample_rate: (min) 0.03, (max) 0.61, expected_batch_size: 435
sample_rate: (min) 0.03, (max) 0.61, expected_batch_size: 435
sample_rate: (min) 0.03, (max) 0.61, expected_batch_size: 435
sample_rate: (min) 0.03, (max) 0.61, expected_batch_size: 435
sample_rate: (min) 0.03, (max) 0.61, expected_batch_size: 435
sample_rate: (min) 0.03, (max) 0.61, expected_batch_size: 435
sample_rate: (min) 0.03, (max) 0.61, expected_batch_size: 421
sample_rate: (min) 0.03, (max) 0.61, expected_batch_size: 435
sample_rate: (min) 0.03, (max) 0.61, expected_batch_size: 426
sample_rate: (min) 0.03, (max) 0.61, expected_batch_size: 376
initial privacy cost of all clients:  [0, 0, 0, 0, 0, 0, 0, 0, 0, 0]
Round=0
Round=1
Round=2
Round=3
Round=4
Round=5
Round=6
Round=7
Round=8
Round=9
Round=10
Round=11
Round=12
Round=13
Round=14
current privacy cost of all clients:  [3.554611437795162, 3.554611437795162, 2.8039339861853394, 3.3043856205918876, 3.8048372549984366, 3.554611437795162, 3.8048372549984366, 4.055063072201711, 4.305288889404985, 3.0541598033886133]
Round=14, per client global perf=[0.7304, 0.8725, 0.7093, 0.7029, 0.9289, 0.8828, 0.9021, 0.7123, 0.7121, 0.7292], mean perf=15788/20014 (0.7888%)
Round=14, per client personal perf=[0.9025, 0.8931, 0.8912, 0.8721, 0.9309, 0.9029, 0.9178, 0.926, 0.8908, 0.8266], mean perf=17938/20014 (0.8963%)
Round=14, per client personal pooled=[0.8218, 0.8131, 0.7449, 0.8154, 0.8211, 0.7495, 0.8004, 0.669, 0.7712, 0.7085], mean perf=154409/200140 (0.7715%)
Mean performance of ditto rpdp global, Perf=0.7767
Mean performance of ditto rpdp personal, Perf=0.8783
Mean performance of ditto rpdp pooled, Perf=0.7547
 We run FedAvg with rPDP (BoundedPareto-0) ...
max_epsilon :  10.0  noise_multiplier :  9.736328125
The R-Squared value of the best-fit curve : 0.999749898528281
learning rate =  0.01
sample_rate: (min) 0.03, (max) 0.76, expected_batch_size: 293
sample_rate: (min) 0.03, (max) 0.67, expected_batch_size: 288
sample_rate: (min) 0.03, (max) 0.74, expected_batch_size: 289
sample_rate: (min) 0.03, (max) 0.98, expected_batch_size: 296
sample_rate: (min) 0.03, (max) 0.89, expected_batch_size: 303
sample_rate: (min) 0.03, (max) 0.93, expected_batch_size: 304
sample_rate: (min) 0.03, (max) 0.71, expected_batch_size: 282
sample_rate: (min) 0.03, (max) 0.77, expected_batch_size: 288
sample_rate: (min) 0.03, (max) 0.81, expected_batch_size: 285
sample_rate: (min) 0.03, (max) 0.62, expected_batch_size: 253
initial privacy cost of all clients:  [0, 0, 0, 0, 0, 0, 0, 0, 0, 0]
Round=0
Round=1
Round=2
Round=3
Round=4
Round=5
Round=6
Round=7
Round=8
Round=9
Round=10
Round=11
Round=12
Round=13
Round=14
current privacy cost of all clients:  [4.752415310075706, 4.054591694157598, 3.568320227772049, 6.0748074655109106, 6.1328811134891685, 6.124702222350012, 4.644301020258078, 5.38567160950761, 6.049312363510402, 3.1533820324004593]
Round=14, per client global perf=[0.6922, 0.825, 0.6853, 0.6667, 0.9098, 0.8368, 0.8524, 0.6279, 0.637, 0.6759], mean perf=14843/20014 (0.7416%)
Round=14, per client personal perf=[0.8662, 0.7951, 0.8706, 0.8686, 0.9034, 0.9299, 0.9108, 0.9132, 0.8783, 0.7513], mean perf=17416/20014 (0.8702%)
Round=14, per client personal pooled=[0.758, 0.7489, 0.7017, 0.7496, 0.7469, 0.736, 0.7046, 0.686, 0.5976, 0.5961], mean perf=140606/200140 (0.7025%)
Mean performance of ditto rpdp global, Perf=0.7328
Mean performance of ditto rpdp personal, Perf=0.8565
Mean performance of ditto rpdp pooled, Perf=0.7020
 We run FedAvg with rPDP (BoundedMixGauss-0) ...
max_epsilon :  10.0  noise_multiplier :  9.736328125
The R-Squared value of the best-fit curve : 0.999749898528281
learning rate =  0.01
sample_rate: (min) 0.03, (max) 0.72, expected_batch_size: 410
sample_rate: (min) 0.03, (max) 0.79, expected_batch_size: 452
sample_rate: (min) 0.03, (max) 0.71, expected_batch_size: 444
sample_rate: (min) 0.03, (max) 0.72, expected_batch_size: 429
sample_rate: (min) 0.03, (max) 0.72, expected_batch_size: 439
sample_rate: (min) 0.03, (max) 0.74, expected_batch_size: 447
sample_rate: (min) 0.03, (max) 0.73, expected_batch_size: 435
sample_rate: (min) 0.03, (max) 0.71, expected_batch_size: 444
sample_rate: (min) 0.03, (max) 0.74, expected_batch_size: 435
sample_rate: (min) 0.03, (max) 0.73, expected_batch_size: 368
initial privacy cost of all clients:  [0, 0, 0, 0, 0, 0, 0, 0, 0, 0]
Round=0
Round=1
Round=2
Round=3
Round=4
Round=5
Round=6
Round=7
Round=8
Round=9
Round=10
Round=11
Round=12
Round=13
Round=14
current privacy cost of all clients:  [4.452560630310308, 4.989186002268105, 3.3873239087081313, 4.232126556619421, 4.743771711921414, 4.635185435148208, 4.820354613545777, 4.869430286915287, 5.357871969683328, 3.8727212988002124]
Round=14, per client global perf=[0.7211, 0.874, 0.7211, 0.7098, 0.9275, 0.8814, 0.8981, 0.7093, 0.7006, 0.7371], mean perf=15781/20014 (0.7885%)
Round=14, per client personal perf=[0.8956, 0.8926, 0.8917, 0.8804, 0.9255, 0.9333, 0.929, 0.9319, 0.8983, 0.8482], mean perf=18079/20014 (0.9033%)
Round=14, per client personal pooled=[0.8046, 0.8031, 0.7367, 0.8094, 0.7857, 0.8182, 0.7991, 0.7442, 0.7941, 0.7333], mean perf=156683/200140 (0.7829%)
Mean performance of ditto rpdp global, Perf=0.7734
Mean performance of ditto rpdp personal, Perf=0.8904
Mean performance of ditto rpdp pooled, Perf=0.7621
Finished seed 42
----------------------------------------
