PARAMS: dataset=mnist, gpu=0, data_type=niid_10_5, num_steps=15
=== Running reg_param=1 ===
Running seed 42
learning rate =  0.01
Round=0
Round=1
Round=2
Round=3
Round=4
Round=5
Round=6
Round=7
Round=8
Round=9
Round=10
Round=11
Round=12
Round=13
Round=14
Round=14, per client global perf=[0.9289, 0.9559, 0.8794, 0.8819, 0.9676, 0.9172, 0.9665, 0.8824, 0.9094, 0.7558], mean perf=18139/20014 (0.9063%)
Round=14, per client personal perf=[0.9775, 0.9667, 0.9588, 0.9642, 0.9784, 0.9765, 0.962, 0.9765, 0.9369, 0.8516], mean perf=19140/20014 (0.9563%)
Round=14, per client personal pooled=[0.8139, 0.7516, 0.8048, 0.8574, 0.8752, 0.8961, 0.8642, 0.7361, 0.7862, 0.6348], mean perf=160518/200140 (0.8020%)
All rounds performance of vanilla ditto global, Perf=[0.1608, 0.5947, 0.5258, 0.7164, 0.6361, 0.7113, 0.5478, 0.5778, 0.6343, 0.9027, 0.7837, 0.6805, 0.874, 0.8945, 0.9063]
Mean performance of vanilla ditto global, Perf=0.8916
All rounds performance of vanilla ditto personal, Perf=[0.2255, 0.5038, 0.7019, 0.8611, 0.9285, 0.9434, 0.9479, 0.942, 0.9441, 0.9498, 0.953, 0.9503, 0.946, 0.9497, 0.9563]
Mean performance of vanilla ditto personal, Perf=0.9507
All rounds performance of vanilla ditto pooled, Perf=[0.1333, 0.2562, 0.3772, 0.5168, 0.5837, 0.6295, 0.6667, 0.7181, 0.678, 0.671, 0.7594, 0.8152, 0.8009, 0.7781, 0.802]
Mean performance of vanilla ditto pooled, Perf=0.7937
Finished seed 42
----------------------------------------
Running seed 43
learning rate =  0.01
Round=0
Round=1
Round=2
Round=3
Round=4
Round=5
Round=6
Round=7
Round=8
Round=9
Round=10
Round=11
Round=12
Round=13
Round=14
Round=14, per client global perf=[0.923, 0.8755, 0.8985, 0.9603, 0.8422, 0.8279, 0.82, 0.9637, 0.8593, 0.7938], mean perf=17568/20014 (0.8778%)
Round=14, per client personal perf=[0.9525, 0.9642, 0.9618, 0.9642, 0.973, 0.9784, 0.9625, 0.9642, 0.9074, 0.8714], mean perf=19035/20014 (0.9511%)
Round=14, per client personal pooled=[0.827, 0.8186, 0.7905, 0.7916, 0.6787, 0.6437, 0.6118, 0.5832, 0.8207, 0.7186], mean perf=145793/200140 (0.7285%)
All rounds performance of vanilla ditto global, Perf=[0.1213, 0.4063, 0.3893, 0.6072, 0.7738, 0.7385, 0.8392, 0.7307, 0.6512, 0.8199, 0.8366, 0.7986, 0.5748, 0.8286, 0.8778]
Mean performance of vanilla ditto global, Perf=0.7604
All rounds performance of vanilla ditto personal, Perf=[0.2755, 0.6195, 0.7943, 0.8228, 0.8784, 0.891, 0.8988, 0.9025, 0.9034, 0.9555, 0.9562, 0.955, 0.9555, 0.9429, 0.9511]
Mean performance of vanilla ditto personal, Perf=0.9498
All rounds performance of vanilla ditto pooled, Perf=[0.1404, 0.3018, 0.4393, 0.5121, 0.543, 0.6299, 0.6448, 0.639, 0.6281, 0.6592, 0.7255, 0.7713, 0.7717, 0.6997, 0.7285]
Mean performance of vanilla ditto pooled, Perf=0.7333
Finished seed 43
----------------------------------------
Running seed 44
learning rate =  0.01
Round=0
Round=1
Round=2
Round=3
Round=4
Round=5
Round=6
Round=7
Round=8
Round=9
Round=10
Round=11
Round=12
Round=13
Round=14
Round=14, per client global perf=[0.8353, 0.9623, 0.9338, 0.9123, 0.9706, 0.8578, 0.9777, 0.8078, 0.7987, 0.7694], mean perf=17692/20014 (0.8840%)
Round=14, per client personal perf=[0.9745, 0.9608, 0.9608, 0.976, 0.9887, 0.9824, 0.9701, 0.9681, 0.9379, 0.8776], mean perf=19230/20014 (0.9608%)
Round=14, per client personal pooled=[0.8866, 0.85, 0.9377, 0.6205, 0.8377, 0.8387, 0.8864, 0.9235, 0.7754, 0.6849], mean perf=164944/200140 (0.8241%)
All rounds performance of vanilla ditto global, Perf=[0.152, 0.4529, 0.5545, 0.5914, 0.6563, 0.7786, 0.8502, 0.7315, 0.7805, 0.7857, 0.8224, 0.7973, 0.8108, 0.9091, 0.884]
Mean performance of vanilla ditto global, Perf=0.8680
All rounds performance of vanilla ditto personal, Perf=[0.3101, 0.4949, 0.7095, 0.8074, 0.8123, 0.9128, 0.9183, 0.9543, 0.9522, 0.9507, 0.9552, 0.9555, 0.9621, 0.9624, 0.9608]
Mean performance of vanilla ditto personal, Perf=0.9618
All rounds performance of vanilla ditto pooled, Perf=[0.1723, 0.2485, 0.4014, 0.5336, 0.5211, 0.6332, 0.6409, 0.7037, 0.7372, 0.7627, 0.7889, 0.8006, 0.8068, 0.7979, 0.8241]
Mean performance of vanilla ditto pooled, Perf=0.8096
Finished seed 44
----------------------------------------
Running seed 45
learning rate =  0.01
Round=0
Round=1
Round=2
Round=3
Round=4
Round=5
Round=6
Round=7
Round=8
Round=9
Round=10
Round=11
Round=12
Round=13
Round=14
Round=14, per client global perf=[0.8069, 0.7554, 0.8176, 0.7245, 0.8529, 0.8706, 0.8682, 0.8971, 0.8838, 0.7428], mean perf=16467/20014 (0.8228%)
Round=14, per client personal perf=[0.9618, 0.9191, 0.9235, 0.9118, 0.9681, 0.9637, 0.9559, 0.9554, 0.9019, 0.8527], mean perf=18662/20014 (0.9324%)
Round=14, per client personal pooled=[0.7271, 0.7974, 0.8285, 0.6867, 0.7679, 0.6608, 0.7531, 0.6913, 0.826, 0.6935], mean perf=148754/200140 (0.7432%)
All rounds performance of vanilla ditto global, Perf=[0.4626, 0.1711, 0.4403, 0.2674, 0.3385, 0.4478, 0.4724, 0.605, 0.4866, 0.5164, 0.6504, 0.7643, 0.6782, 0.7691, 0.8228]
Mean performance of vanilla ditto global, Perf=0.7567
All rounds performance of vanilla ditto personal, Perf=[0.1445, 0.2609, 0.5301, 0.5726, 0.731, 0.7629, 0.7917, 0.8492, 0.8739, 0.8998, 0.9125, 0.9246, 0.9271, 0.9283, 0.9324]
Mean performance of vanilla ditto personal, Perf=0.9293
All rounds performance of vanilla ditto pooled, Perf=[0.1301, 0.206, 0.281, 0.3164, 0.3854, 0.4035, 0.4237, 0.473, 0.5238, 0.5761, 0.5939, 0.6146, 0.7247, 0.704, 0.7432]
Mean performance of vanilla ditto pooled, Perf=0.7240
Finished seed 45
----------------------------------------
Running seed 46
learning rate =  0.01
Round=0
Round=1
Round=2
Round=3
Round=4
Round=5
Round=6
Round=7
Round=8
Round=9
Round=10
Round=11
Round=12
Round=13
Round=14
Round=14, per client global perf=[0.949, 0.8858, 0.8456, 0.9176, 0.8701, 0.8201, 0.8291, 0.9662, 0.8638, 0.8198], mean perf=17566/20014 (0.8777%)
Round=14, per client personal perf=[0.9784, 0.9613, 0.976, 0.9681, 0.9794, 0.9725, 0.9726, 0.9652, 0.9369, 0.8572], mean perf=19176/20014 (0.9581%)
Round=14, per client personal pooled=[0.8044, 0.8539, 0.922, 0.919, 0.8851, 0.8731, 0.7125, 0.8955, 0.7881, 0.789], mean perf=168969/200140 (0.8443%)
All rounds performance of vanilla ditto global, Perf=[0.2729, 0.1926, 0.5391, 0.4663, 0.6051, 0.809, 0.8466, 0.8148, 0.7074, 0.6904, 0.8191, 0.8563, 0.8736, 0.9005, 0.8777]
Mean performance of vanilla ditto global, Perf=0.8839
All rounds performance of vanilla ditto personal, Perf=[0.1975, 0.5133, 0.7401, 0.9005, 0.9314, 0.9391, 0.9451, 0.9526, 0.9563, 0.9548, 0.9505, 0.9532, 0.9537, 0.9578, 0.9581]
Mean performance of vanilla ditto personal, Perf=0.9565
All rounds performance of vanilla ditto pooled, Perf=[0.1383, 0.2923, 0.4194, 0.5418, 0.6194, 0.6258, 0.6671, 0.7462, 0.7691, 0.7956, 0.7428, 0.7902, 0.789, 0.8215, 0.8443]
Mean performance of vanilla ditto pooled, Perf=0.8183
Finished seed 46
----------------------------------------
All runs complete.
