PARAMS: dataset=mnist, gpu=0, data_type=niid_10_2
=== Running reg_param=0, num_steps=15 ===
Running seed 42
/Users/shegao_t1/DP_Research/Personal_DP_Personal_FL/rpdp_fl/experiments/datasets/fed_mnist/niid_10_2way_3000shot

Client 0 label distribution:
[(5, 1996), (6, 1964)]

Client 1 label distribution:
[(7, 1995), (9, 1965)]

Client 2 label distribution:
[(0, 1983), (8, 1977)]

Client 3 label distribution:
[(2, 1954), (9, 1972)]

Client 4 label distribution:
[(2, 1973), (3, 1959)]

Client 5 label distribution:
[(4, 2007), (6, 1898)]

Client 6 label distribution:
[(4, 1761), (8, 1996)]

Client 7 label distribution:
[(0, 1989), (1, 1920)]

Client 8 label distribution:
[(1, 1984), (5, 1593)]

Client 9 label distribution:
[(3, 1988), (7, 1972)]
Client 0: avg epsilon = 5.0000
Client 1: avg epsilon = 5.0000
Client 2: avg epsilon = 2.5463
Client 3: avg epsilon = 3.0092
Client 4: avg epsilon = 3.1455
Client 5: avg epsilon = 5.0000
Client 6: avg epsilon = 5.0000
Client 7: avg epsilon = 0.5623
Client 8: avg epsilon = 2.7814
Client 9: avg epsilon = 5.0000
 We run FedAvg with rPDP (ThreeLevels-0) ...
max_epsilon :  10.0  noise_multiplier :  9.736328125
The R-Squared value of the best-fit curve : 0.999749898528281
learning rate =  0.01
sample_rate: (min) 0.61, (max) 0.61, expected_batch_size: 2402
sample_rate: (min) 0.61, (max) 0.61, expected_batch_size: 2402
sample_rate: (min) 0.03, (max) 0.61, expected_batch_size: 1249
sample_rate: (min) 0.16, (max) 0.61, expected_batch_size: 1505
sample_rate: (min) 0.16, (max) 0.61, expected_batch_size: 1567
sample_rate: (min) 0.61, (max) 0.61, expected_batch_size: 2369
sample_rate: (min) 0.61, (max) 0.61, expected_batch_size: 2279
sample_rate: (min) 0.03, (max) 0.16, expected_batch_size: 365
sample_rate: (min) 0.16, (max) 0.61, expected_batch_size: 1280
sample_rate: (min) 0.61, (max) 0.61, expected_batch_size: 2402
initial privacy cost of all clients:  [0, 0, 0, 0, 0, 0, 0, 0, 0, 0]
Round=0
Round=1
Round=2
Round=3
Round=4
Round=5
Round=6
Round=7
Round=8
Round=9
Round=10
Round=11
Round=12
Round=13
Round=14
current privacy cost of all clients:  [3.554611437795162, 3.554611437795162, 2.8039339861853394, 3.3043856205918876, 3.8048372549984366, 3.554611437795162, 3.8048372549984366, 0.7915678459669535, 4.305288889404985, 3.0541598033886133]
Round=14, per client global perf=[0.5338, 0.3701, 0.0049, 0.0697, 0.0706, 0.5509, 0.484, 0.2671, 0.7099, 0.348], mean perf=6741/20016 (0.3368%)
Round=14, per client personal perf=[0.9931, 0.9853, 0.9985, 0.9881, 0.9822, 0.9925, 0.9721, 0.9871, 0.9995, 0.9917], mean perf=19796/20016 (0.9890%)
Round=14, per client personal pooled=[0.1931, 0.2009, 0.2007, 0.2022, 0.1987, 0.1976, 0.1939, 0.2009, 0.1921, 0.2004], mean perf=39646/200160 (0.1981%)
Mean performance of ditto rpdp global, Perf=0.3323, seed=42
Mean performance of ditto rpdp personal, Perf=0.9879, seed=42
Mean performance of ditto rpdp pooled, Perf=0.1978, seed=42
Finished seed 42
----------------------------------------
Running seed 43
/Users/shegao_t1/DP_Research/Personal_DP_Personal_FL/rpdp_fl/experiments/datasets/fed_mnist/niid_10_2way_3000shot

Client 0 label distribution:
[(5, 1996), (6, 1964)]

Client 1 label distribution:
[(7, 1995), (9, 1965)]

Client 2 label distribution:
[(0, 1983), (8, 1977)]

Client 3 label distribution:
[(2, 1954), (9, 1972)]

Client 4 label distribution:
[(2, 1973), (3, 1959)]

Client 5 label distribution:
[(4, 2007), (6, 1898)]

Client 6 label distribution:
[(4, 1761), (8, 1996)]

Client 7 label distribution:
[(0, 1989), (1, 1920)]

Client 8 label distribution:
[(1, 1984), (5, 1593)]

Client 9 label distribution:
[(3, 1988), (7, 1972)]
Client 0: avg epsilon = 5.0000
Client 1: avg epsilon = 5.0000
Client 2: avg epsilon = 2.5463
Client 3: avg epsilon = 3.0092
Client 4: avg epsilon = 3.1455
Client 5: avg epsilon = 5.0000
Client 6: avg epsilon = 5.0000
Client 7: avg epsilon = 0.5623
Client 8: avg epsilon = 2.7814
Client 9: avg epsilon = 5.0000
 We run FedAvg with rPDP (ThreeLevels-0) ...
max_epsilon :  10.0  noise_multiplier :  9.736328125
The R-Squared value of the best-fit curve : 0.999749898528281
learning rate =  0.01
sample_rate: (min) 0.61, (max) 0.61, expected_batch_size: 2402
sample_rate: (min) 0.61, (max) 0.61, expected_batch_size: 2402
sample_rate: (min) 0.03, (max) 0.61, expected_batch_size: 1249
sample_rate: (min) 0.16, (max) 0.61, expected_batch_size: 1505
sample_rate: (min) 0.16, (max) 0.61, expected_batch_size: 1567
sample_rate: (min) 0.61, (max) 0.61, expected_batch_size: 2369
sample_rate: (min) 0.61, (max) 0.61, expected_batch_size: 2279
sample_rate: (min) 0.03, (max) 0.16, expected_batch_size: 365
sample_rate: (min) 0.16, (max) 0.61, expected_batch_size: 1280
sample_rate: (min) 0.61, (max) 0.61, expected_batch_size: 2402
initial privacy cost of all clients:  [0, 0, 0, 0, 0, 0, 0, 0, 0, 0]
Round=0
Round=1
Round=2
Round=3
Round=4
Round=5
Round=6
Round=7
Round=8
Round=9
Round=10
Round=11
Round=12
Round=13
Round=14
current privacy cost of all clients:  [3.8048372549984366, 3.554611437795162, 3.3043856205918876, 3.8048372549984366, 2.8039339861853394, 3.554611437795162, 3.0541598033886133, 0.4329280232702186, 3.0541598033886133, 4.055063072201711]
Round=14, per client global perf=[0.9794, 0.5049, 0.0, 0.1349, 0.0039, 0.4968, 0.0, 0.422, 0.9046, 0.3529], mean perf=7547/20016 (0.3770%)
Round=14, per client personal perf=[0.9971, 0.9941, 0.9975, 0.9876, 0.9763, 0.994, 0.9711, 0.9861, 0.9978, 0.9966], mean perf=19813/20016 (0.9899%)
Round=14, per client personal pooled=[0.1935, 0.202, 0.2006, 0.202, 0.1976, 0.198, 0.1939, 0.2005, 0.1918, 0.2011], mean perf=39656/200160 (0.1981%)
Mean performance of ditto rpdp global, Perf=0.3224, seed=43
Mean performance of ditto rpdp personal, Perf=0.9888, seed=43
Mean performance of ditto rpdp pooled, Perf=0.1980, seed=43
Finished seed 43
----------------------------------------
Running seed 44
/Users/shegao_t1/DP_Research/Personal_DP_Personal_FL/rpdp_fl/experiments/datasets/fed_mnist/niid_10_2way_3000shot

Client 0 label distribution:
[(5, 1996), (6, 1964)]

Client 1 label distribution:
[(7, 1995), (9, 1965)]

Client 2 label distribution:
[(0, 1983), (8, 1977)]

Client 3 label distribution:
[(2, 1954), (9, 1972)]

Client 4 label distribution:
[(2, 1973), (3, 1959)]

Client 5 label distribution:
[(4, 2007), (6, 1898)]

Client 6 label distribution:
[(4, 1761), (8, 1996)]

Client 7 label distribution:
[(0, 1989), (1, 1920)]

Client 8 label distribution:
[(1, 1984), (5, 1593)]

Client 9 label distribution:
[(3, 1988), (7, 1972)]
Client 0: avg epsilon = 5.0000
Client 1: avg epsilon = 5.0000
Client 2: avg epsilon = 2.5463
Client 3: avg epsilon = 3.0092
Client 4: avg epsilon = 3.1455
Client 5: avg epsilon = 5.0000
Client 6: avg epsilon = 5.0000
Client 7: avg epsilon = 0.5623
Client 8: avg epsilon = 2.7814
Client 9: avg epsilon = 5.0000
 We run FedAvg with rPDP (ThreeLevels-0) ...
max_epsilon :  10.0  noise_multiplier :  9.736328125
The R-Squared value of the best-fit curve : 0.999749898528281
learning rate =  0.01
sample_rate: (min) 0.61, (max) 0.61, expected_batch_size: 2402
sample_rate: (min) 0.61, (max) 0.61, expected_batch_size: 2402
sample_rate: (min) 0.03, (max) 0.61, expected_batch_size: 1249
sample_rate: (min) 0.16, (max) 0.61, expected_batch_size: 1505
sample_rate: (min) 0.16, (max) 0.61, expected_batch_size: 1567
sample_rate: (min) 0.61, (max) 0.61, expected_batch_size: 2369
sample_rate: (min) 0.61, (max) 0.61, expected_batch_size: 2279
sample_rate: (min) 0.03, (max) 0.16, expected_batch_size: 365
sample_rate: (min) 0.16, (max) 0.61, expected_batch_size: 1280
sample_rate: (min) 0.61, (max) 0.61, expected_batch_size: 2402
initial privacy cost of all clients:  [0, 0, 0, 0, 0, 0, 0, 0, 0, 0]
Round=0
Round=1
Round=2
Round=3
Round=4
Round=5
Round=6
Round=7
Round=8
Round=9
Round=10
Round=11
Round=12
Round=13
Round=14
current privacy cost of all clients:  [3.8048372549984366, 4.510367153745826, 3.8048372549984366, 2.1521425035466386, 4.305288889404985, 3.0541598033886133, 2.8039339861853394, 0.6093162705378211, 2.8039339861853394, 3.554611437795162]
Round=14, per client global perf=[0.0, 0.3912, 0.6152, 0.004, 0.3189, 0.0959, 0.6049, 0.1976, 0.0873, 0.7069], mean perf=6072/20016 (0.3034%)
Round=14, per client personal perf=[0.9941, 0.9922, 0.998, 0.9817, 0.9867, 0.9901, 0.9638, 0.9856, 0.9962, 0.9946], mean perf=19783/20016 (0.9884%)
Round=14, per client personal pooled=[0.1932, 0.2022, 0.2001, 0.2014, 0.1992, 0.1973, 0.1923, 0.2005, 0.1912, 0.201], mean perf=39604/200160 (0.1979%)
Mean performance of ditto rpdp global, Perf=0.4071, seed=44
Mean performance of ditto rpdp personal, Perf=0.9877, seed=44
Mean performance of ditto rpdp pooled, Perf=0.1977, seed=44
Finished seed 44
----------------------------------------
Running seed 45
/Users/shegao_t1/DP_Research/Personal_DP_Personal_FL/rpdp_fl/experiments/datasets/fed_mnist/niid_10_2way_3000shot

Client 0 label distribution:
[(5, 1996), (6, 1964)]

Client 1 label distribution:
[(7, 1995), (9, 1965)]

Client 2 label distribution:
[(0, 1983), (8, 1977)]

Client 3 label distribution:
[(2, 1954), (9, 1972)]

Client 4 label distribution:
[(2, 1973), (3, 1959)]

Client 5 label distribution:
[(4, 2007), (6, 1898)]

Client 6 label distribution:
[(4, 1761), (8, 1996)]

Client 7 label distribution:
[(0, 1989), (1, 1920)]

Client 8 label distribution:
[(1, 1984), (5, 1593)]

Client 9 label distribution:
[(3, 1988), (7, 1972)]
Client 0: avg epsilon = 5.0000
Client 1: avg epsilon = 5.0000
Client 2: avg epsilon = 2.5463
Client 3: avg epsilon = 3.0092
Client 4: avg epsilon = 3.1455
Client 5: avg epsilon = 5.0000
Client 6: avg epsilon = 5.0000
Client 7: avg epsilon = 0.5623
Client 8: avg epsilon = 2.7814
Client 9: avg epsilon = 5.0000
 We run FedAvg with rPDP (ThreeLevels-0) ...
max_epsilon :  10.0  noise_multiplier :  9.736328125
The R-Squared value of the best-fit curve : 0.999749898528281
learning rate =  0.01
sample_rate: (min) 0.61, (max) 0.61, expected_batch_size: 2402
sample_rate: (min) 0.61, (max) 0.61, expected_batch_size: 2402
sample_rate: (min) 0.03, (max) 0.61, expected_batch_size: 1249
sample_rate: (min) 0.16, (max) 0.61, expected_batch_size: 1505
sample_rate: (min) 0.16, (max) 0.61, expected_batch_size: 1567
sample_rate: (min) 0.61, (max) 0.61, expected_batch_size: 2369
sample_rate: (min) 0.61, (max) 0.61, expected_batch_size: 2279
sample_rate: (min) 0.03, (max) 0.16, expected_batch_size: 365
sample_rate: (min) 0.16, (max) 0.61, expected_batch_size: 1280
sample_rate: (min) 0.61, (max) 0.61, expected_batch_size: 2402
initial privacy cost of all clients:  [0, 0, 0, 0, 0, 0, 0, 0, 0, 0]
Round=0
Round=1
Round=2
Round=3
Round=4
Round=5
Round=6
Round=7
Round=8
Round=9
Round=10
Round=11
Round=12
Round=13
Round=14
current privacy cost of all clients:  [3.554611437795162, 3.554611437795162, 3.3043856205918876, 2.502378074621252, 3.554611437795162, 4.055063072201711, 3.554611437795162, 0.5558558712260362, 3.8048372549984366, 4.055063072201711]
Round=14, per client global perf=[0.8525, 0.4706, 0.4422, 0.0074, 0.3416, 0.8122, 0.8554, 0.357, 0.7852, 0.801], mean perf=11400/20016 (0.5695%)
Round=14, per client personal perf=[0.9946, 0.9922, 0.999, 0.9857, 0.9827, 0.9921, 0.9721, 0.9856, 0.9995, 0.9941], mean perf=19811/20016 (0.9898%)
Round=14, per client personal pooled=[0.1932, 0.2019, 0.2007, 0.2018, 0.1986, 0.1974, 0.194, 0.2004, 0.1921, 0.2011], mean perf=39658/200160 (0.1981%)
Mean performance of ditto rpdp global, Perf=0.5173, seed=45
Mean performance of ditto rpdp personal, Perf=0.9895, seed=45
Mean performance of ditto rpdp pooled, Perf=0.1981, seed=45
Finished seed 45
----------------------------------------
Running seed 46
/Users/shegao_t1/DP_Research/Personal_DP_Personal_FL/rpdp_fl/experiments/datasets/fed_mnist/niid_10_2way_3000shot

Client 0 label distribution:
[(5, 1996), (6, 1964)]

Client 1 label distribution:
[(7, 1995), (9, 1965)]

Client 2 label distribution:
[(0, 1983), (8, 1977)]

Client 3 label distribution:
[(2, 1954), (9, 1972)]

Client 4 label distribution:
[(2, 1973), (3, 1959)]

Client 5 label distribution:
[(4, 2007), (6, 1898)]

Client 6 label distribution:
[(4, 1761), (8, 1996)]

Client 7 label distribution:
[(0, 1989), (1, 1920)]

Client 8 label distribution:
[(1, 1984), (5, 1593)]

Client 9 label distribution:
[(3, 1988), (7, 1972)]
Client 0: avg epsilon = 5.0000
Client 1: avg epsilon = 5.0000
Client 2: avg epsilon = 2.5463
Client 3: avg epsilon = 3.0092
Client 4: avg epsilon = 3.1455
Client 5: avg epsilon = 5.0000
Client 6: avg epsilon = 5.0000
Client 7: avg epsilon = 0.5623
Client 8: avg epsilon = 2.7814
Client 9: avg epsilon = 5.0000
 We run FedAvg with rPDP (ThreeLevels-0) ...
max_epsilon :  10.0  noise_multiplier :  9.736328125
The R-Squared value of the best-fit curve : 0.999749898528281
learning rate =  0.01
sample_rate: (min) 0.61, (max) 0.61, expected_batch_size: 2402
sample_rate: (min) 0.61, (max) 0.61, expected_batch_size: 2402
sample_rate: (min) 0.03, (max) 0.61, expected_batch_size: 1249
sample_rate: (min) 0.16, (max) 0.61, expected_batch_size: 1505
sample_rate: (min) 0.16, (max) 0.61, expected_batch_size: 1567
sample_rate: (min) 0.61, (max) 0.61, expected_batch_size: 2369
sample_rate: (min) 0.61, (max) 0.61, expected_batch_size: 2279
sample_rate: (min) 0.03, (max) 0.16, expected_batch_size: 365
sample_rate: (min) 0.16, (max) 0.61, expected_batch_size: 1280
sample_rate: (min) 0.61, (max) 0.61, expected_batch_size: 2402
initial privacy cost of all clients:  [0, 0, 0, 0, 0, 0, 0, 0, 0, 0]
Round=0
Round=1
Round=2
Round=3
Round=4
Round=5
Round=6
Round=7
Round=8
Round=9
Round=10
Round=11
Round=12
Round=13
Round=14
current privacy cost of all clients:  [3.3043856205918876, 3.8048372549984366, 3.3043856205918876, 3.554611437795162, 3.3043856205918876, 3.554611437795162, 3.554611437795162, 0.8300921245073416, 4.055063072201711, 3.554611437795162]
Round=14, per client global perf=[0.7632, 0.9642, 0.0088, 0.8072, 0.3653, 0.4719, 0.0031, 0.4419, 0.7505, 0.4892], mean perf=10143/20016 (0.5067%)
Round=14, per client personal perf=[0.9951, 0.9868, 0.9971, 0.9881, 0.9827, 0.994, 0.9711, 0.9871, 0.9984, 0.9956], mean perf=19808/20016 (0.9896%)
Round=14, per client personal pooled=[0.1933, 0.2013, 0.2003, 0.2018, 0.1991, 0.1978, 0.1938, 0.2008, 0.1919, 0.2012], mean perf=39660/200160 (0.1981%)
Mean performance of ditto rpdp global, Perf=0.4789, seed=46
Mean performance of ditto rpdp personal, Perf=0.9891, seed=46
Mean performance of ditto rpdp pooled, Perf=0.1979, seed=46
Finished seed 46
----------------------------------------
=== Running reg_param=10, num_steps=15 ===
Running seed 42
/Users/shegao_t1/DP_Research/Personal_DP_Personal_FL/rpdp_fl/experiments/datasets/fed_mnist/niid_10_2way_3000shot

Client 0 label distribution:
[(5, 1996), (6, 1964)]

Client 1 label distribution:
[(7, 1995), (9, 1965)]

Client 2 label distribution:
[(0, 1983), (8, 1977)]

Client 3 label distribution:
[(2, 1954), (9, 1972)]

Client 4 label distribution:
[(2, 1973), (3, 1959)]

Client 5 label distribution:
[(4, 2007), (6, 1898)]

Client 6 label distribution:
[(4, 1761), (8, 1996)]

Client 7 label distribution:
[(0, 1989), (1, 1920)]

Client 8 label distribution:
[(1, 1984), (5, 1593)]

Client 9 label distribution:
[(3, 1988), (7, 1972)]
Client 0: avg epsilon = 5.0000
Client 1: avg epsilon = 5.0000
Client 2: avg epsilon = 2.5463
Client 3: avg epsilon = 3.0092
Client 4: avg epsilon = 3.1455
Client 5: avg epsilon = 5.0000
Client 6: avg epsilon = 5.0000
Client 7: avg epsilon = 0.5623
Client 8: avg epsilon = 2.7814
Client 9: avg epsilon = 5.0000
 We run FedAvg with rPDP (ThreeLevels-0) ...
max_epsilon :  10.0  noise_multiplier :  9.736328125
The R-Squared value of the best-fit curve : 0.999749898528281
learning rate =  0.01
sample_rate: (min) 0.61, (max) 0.61, expected_batch_size: 2402
sample_rate: (min) 0.61, (max) 0.61, expected_batch_size: 2402
sample_rate: (min) 0.03, (max) 0.61, expected_batch_size: 1249
sample_rate: (min) 0.16, (max) 0.61, expected_batch_size: 1505
sample_rate: (min) 0.16, (max) 0.61, expected_batch_size: 1567
sample_rate: (min) 0.61, (max) 0.61, expected_batch_size: 2369
sample_rate: (min) 0.61, (max) 0.61, expected_batch_size: 2279
sample_rate: (min) 0.03, (max) 0.16, expected_batch_size: 365
sample_rate: (min) 0.16, (max) 0.61, expected_batch_size: 1280
sample_rate: (min) 0.61, (max) 0.61, expected_batch_size: 2402
initial privacy cost of all clients:  [0, 0, 0, 0, 0, 0, 0, 0, 0, 0]
Round=0
Round=1
Round=2
Round=3
Round=4
Round=5
Round=6
Round=7
Round=8
Round=9
Round=10
Round=11
Round=12
Round=13
Round=14
current privacy cost of all clients:  [3.554611437795162, 3.554611437795162, 2.8039339861853394, 3.3043856205918876, 3.8048372549984366, 3.554611437795162, 3.8048372549984366, 0.7915678459669535, 4.305288889404985, 3.0541598033886133]
Round=14, per client global perf=[0.5338, 0.3701, 0.0049, 0.0697, 0.0706, 0.5509, 0.484, 0.2671, 0.7099, 0.348], mean perf=6741/20016 (0.3368%)
Round=14, per client personal perf=[0.9706, 0.9363, 0.8794, 0.9703, 0.9353, 0.9503, 0.8724, 0.9752, 0.9778, 0.9181], mean perf=18784/20016 (0.9384%)
Round=14, per client personal pooled=[0.516, 0.3634, 0.5318, 0.219, 0.4692, 0.4574, 0.5713, 0.2986, 0.4759, 0.3641], mean perf=85403/200160 (0.4267%)
Mean performance of ditto rpdp global, Perf=0.3323, seed=42
Mean performance of ditto rpdp personal, Perf=0.9371, seed=42
Mean performance of ditto rpdp pooled, Perf=0.4048, seed=42
Finished seed 42
----------------------------------------
Running seed 43
/Users/shegao_t1/DP_Research/Personal_DP_Personal_FL/rpdp_fl/experiments/datasets/fed_mnist/niid_10_2way_3000shot

Client 0 label distribution:
[(5, 1996), (6, 1964)]

Client 1 label distribution:
[(7, 1995), (9, 1965)]

Client 2 label distribution:
[(0, 1983), (8, 1977)]

Client 3 label distribution:
[(2, 1954), (9, 1972)]

Client 4 label distribution:
[(2, 1973), (3, 1959)]

Client 5 label distribution:
[(4, 2007), (6, 1898)]

Client 6 label distribution:
[(4, 1761), (8, 1996)]

Client 7 label distribution:
[(0, 1989), (1, 1920)]

Client 8 label distribution:
[(1, 1984), (5, 1593)]

Client 9 label distribution:
[(3, 1988), (7, 1972)]
Client 0: avg epsilon = 5.0000
Client 1: avg epsilon = 5.0000
Client 2: avg epsilon = 2.5463
Client 3: avg epsilon = 3.0092
Client 4: avg epsilon = 3.1455
Client 5: avg epsilon = 5.0000
Client 6: avg epsilon = 5.0000
Client 7: avg epsilon = 0.5623
Client 8: avg epsilon = 2.7814
Client 9: avg epsilon = 5.0000
 We run FedAvg with rPDP (ThreeLevels-0) ...
max_epsilon :  10.0  noise_multiplier :  9.736328125
The R-Squared value of the best-fit curve : 0.999749898528281
learning rate =  0.01
sample_rate: (min) 0.61, (max) 0.61, expected_batch_size: 2402
sample_rate: (min) 0.61, (max) 0.61, expected_batch_size: 2402
sample_rate: (min) 0.03, (max) 0.61, expected_batch_size: 1249
sample_rate: (min) 0.16, (max) 0.61, expected_batch_size: 1505
sample_rate: (min) 0.16, (max) 0.61, expected_batch_size: 1567
sample_rate: (min) 0.61, (max) 0.61, expected_batch_size: 2369
sample_rate: (min) 0.61, (max) 0.61, expected_batch_size: 2279
sample_rate: (min) 0.03, (max) 0.16, expected_batch_size: 365
sample_rate: (min) 0.16, (max) 0.61, expected_batch_size: 1280
sample_rate: (min) 0.61, (max) 0.61, expected_batch_size: 2402
initial privacy cost of all clients:  [0, 0, 0, 0, 0, 0, 0, 0, 0, 0]
Round=0
Round=1
Round=2
Round=3
Round=4
Round=5
Round=6
Round=7
Round=8
Round=9
Round=10
Round=11
Round=12
Round=13
Round=14
current privacy cost of all clients:  [3.8048372549984366, 3.554611437795162, 3.3043856205918876, 3.8048372549984366, 2.8039339861853394, 3.554611437795162, 3.0541598033886133, 0.4329280232702186, 3.0541598033886133, 4.055063072201711]
Round=14, per client global perf=[0.9794, 0.5049, 0.0, 0.1349, 0.0039, 0.4968, 0.0, 0.422, 0.9046, 0.3529], mean perf=7547/20016 (0.3770%)
Round=14, per client personal perf=[0.9603, 0.9672, 0.9152, 0.9229, 0.8337, 0.9791, 0.9452, 0.8416, 0.8839, 0.9461], mean perf=18411/20016 (0.9198%)
Round=14, per client personal pooled=[0.2225, 0.3057, 0.1897, 0.2739, 0.4439, 0.2924, 0.2921, 0.4238, 0.4914, 0.2281], mean perf=63322/200160 (0.3164%)
Mean performance of ditto rpdp global, Perf=0.3224, seed=43
Mean performance of ditto rpdp personal, Perf=0.8954, seed=43
Mean performance of ditto rpdp pooled, Perf=0.3554, seed=43
Finished seed 43
----------------------------------------
Running seed 44
/Users/shegao_t1/DP_Research/Personal_DP_Personal_FL/rpdp_fl/experiments/datasets/fed_mnist/niid_10_2way_3000shot

Client 0 label distribution:
[(5, 1996), (6, 1964)]

Client 1 label distribution:
[(7, 1995), (9, 1965)]

Client 2 label distribution:
[(0, 1983), (8, 1977)]

Client 3 label distribution:
[(2, 1954), (9, 1972)]

Client 4 label distribution:
[(2, 1973), (3, 1959)]

Client 5 label distribution:
[(4, 2007), (6, 1898)]

Client 6 label distribution:
[(4, 1761), (8, 1996)]

Client 7 label distribution:
[(0, 1989), (1, 1920)]

Client 8 label distribution:
[(1, 1984), (5, 1593)]

Client 9 label distribution:
[(3, 1988), (7, 1972)]
Client 0: avg epsilon = 5.0000
Client 1: avg epsilon = 5.0000
Client 2: avg epsilon = 2.5463
Client 3: avg epsilon = 3.0092
Client 4: avg epsilon = 3.1455
Client 5: avg epsilon = 5.0000
Client 6: avg epsilon = 5.0000
Client 7: avg epsilon = 0.5623
Client 8: avg epsilon = 2.7814
Client 9: avg epsilon = 5.0000
 We run FedAvg with rPDP (ThreeLevels-0) ...
max_epsilon :  10.0  noise_multiplier :  9.736328125
The R-Squared value of the best-fit curve : 0.999749898528281
learning rate =  0.01
sample_rate: (min) 0.61, (max) 0.61, expected_batch_size: 2402
sample_rate: (min) 0.61, (max) 0.61, expected_batch_size: 2402
sample_rate: (min) 0.03, (max) 0.61, expected_batch_size: 1249
sample_rate: (min) 0.16, (max) 0.61, expected_batch_size: 1505
sample_rate: (min) 0.16, (max) 0.61, expected_batch_size: 1567
sample_rate: (min) 0.61, (max) 0.61, expected_batch_size: 2369
sample_rate: (min) 0.61, (max) 0.61, expected_batch_size: 2279
sample_rate: (min) 0.03, (max) 0.16, expected_batch_size: 365
sample_rate: (min) 0.16, (max) 0.61, expected_batch_size: 1280
sample_rate: (min) 0.61, (max) 0.61, expected_batch_size: 2402
initial privacy cost of all clients:  [0, 0, 0, 0, 0, 0, 0, 0, 0, 0]
Round=0
Round=1
Round=2
Round=3
Round=4
Round=5
Round=6
Round=7
Round=8
Round=9
Round=10
Round=11
Round=12
Round=13
Round=14
current privacy cost of all clients:  [3.8048372549984366, 4.510367153745826, 3.8048372549984366, 2.1521425035466386, 4.305288889404985, 3.0541598033886133, 2.8039339861853394, 0.6093162705378211, 2.8039339861853394, 3.554611437795162]
Round=14, per client global perf=[0.0, 0.3912, 0.6152, 0.004, 0.3189, 0.0959, 0.6049, 0.1976, 0.0873, 0.7069], mean perf=6072/20016 (0.3034%)
Round=14, per client personal perf=[0.9863, 0.9681, 0.9377, 0.9417, 0.923, 0.9712, 0.8135, 0.9618, 0.9767, 0.9446], mean perf=18870/20016 (0.9427%)
Round=14, per client personal pooled=[0.3555, 0.4415, 0.5692, 0.5801, 0.4614, 0.4035, 0.4879, 0.3415, 0.3226, 0.4747], mean perf=88831/200160 (0.4438%)
Mean performance of ditto rpdp global, Perf=0.4071, seed=44
Mean performance of ditto rpdp personal, Perf=0.9480, seed=44
Mean performance of ditto rpdp pooled, Perf=0.4162, seed=44
Finished seed 44
----------------------------------------
Running seed 45
/Users/shegao_t1/DP_Research/Personal_DP_Personal_FL/rpdp_fl/experiments/datasets/fed_mnist/niid_10_2way_3000shot

Client 0 label distribution:
[(5, 1996), (6, 1964)]

Client 1 label distribution:
[(7, 1995), (9, 1965)]

Client 2 label distribution:
[(0, 1983), (8, 1977)]

Client 3 label distribution:
[(2, 1954), (9, 1972)]

Client 4 label distribution:
[(2, 1973), (3, 1959)]

Client 5 label distribution:
[(4, 2007), (6, 1898)]

Client 6 label distribution:
[(4, 1761), (8, 1996)]

Client 7 label distribution:
[(0, 1989), (1, 1920)]

Client 8 label distribution:
[(1, 1984), (5, 1593)]

Client 9 label distribution:
[(3, 1988), (7, 1972)]
Client 0: avg epsilon = 5.0000
Client 1: avg epsilon = 5.0000
Client 2: avg epsilon = 2.5463
Client 3: avg epsilon = 3.0092
Client 4: avg epsilon = 3.1455
Client 5: avg epsilon = 5.0000
Client 6: avg epsilon = 5.0000
Client 7: avg epsilon = 0.5623
Client 8: avg epsilon = 2.7814
Client 9: avg epsilon = 5.0000
 We run FedAvg with rPDP (ThreeLevels-0) ...
max_epsilon :  10.0  noise_multiplier :  9.736328125
The R-Squared value of the best-fit curve : 0.999749898528281
learning rate =  0.01
sample_rate: (min) 0.61, (max) 0.61, expected_batch_size: 2402
sample_rate: (min) 0.61, (max) 0.61, expected_batch_size: 2402
sample_rate: (min) 0.03, (max) 0.61, expected_batch_size: 1249
sample_rate: (min) 0.16, (max) 0.61, expected_batch_size: 1505
sample_rate: (min) 0.16, (max) 0.61, expected_batch_size: 1567
sample_rate: (min) 0.61, (max) 0.61, expected_batch_size: 2369
sample_rate: (min) 0.61, (max) 0.61, expected_batch_size: 2279
sample_rate: (min) 0.03, (max) 0.16, expected_batch_size: 365
sample_rate: (min) 0.16, (max) 0.61, expected_batch_size: 1280
sample_rate: (min) 0.61, (max) 0.61, expected_batch_size: 2402
initial privacy cost of all clients:  [0, 0, 0, 0, 0, 0, 0, 0, 0, 0]
Round=0
Round=1
Round=2
Round=3
Round=4
Round=5
Round=6
Round=7
Round=8
Round=9
Round=10
Round=11
Round=12
Round=13
Round=14
current privacy cost of all clients:  [3.554611437795162, 3.554611437795162, 3.3043856205918876, 2.502378074621252, 3.554611437795162, 4.055063072201711, 3.554611437795162, 0.5558558712260362, 3.8048372549984366, 4.055063072201711]
Round=14, per client global perf=[0.8525, 0.4706, 0.4422, 0.0074, 0.3416, 0.8122, 0.8554, 0.357, 0.7852, 0.801], mean perf=11400/20016 (0.5695%)
Round=14, per client personal perf=[0.9882, 0.9534, 0.8779, 0.916, 0.9329, 0.9836, 0.9556, 0.9379, 0.9447, 0.9324], mean perf=18858/20016 (0.9421%)
Round=14, per client personal pooled=[0.3405, 0.4816, 0.4604, 0.466, 0.464, 0.4355, 0.3952, 0.4893, 0.6107, 0.4883], mean perf=92703/200160 (0.4631%)
Mean performance of ditto rpdp global, Perf=0.5173, seed=45
Mean performance of ditto rpdp personal, Perf=0.9340, seed=45
Mean performance of ditto rpdp pooled, Perf=0.4458, seed=45
Finished seed 45
----------------------------------------
Running seed 46
/Users/shegao_t1/DP_Research/Personal_DP_Personal_FL/rpdp_fl/experiments/datasets/fed_mnist/niid_10_2way_3000shot

Client 0 label distribution:
[(5, 1996), (6, 1964)]

Client 1 label distribution:
[(7, 1995), (9, 1965)]

Client 2 label distribution:
[(0, 1983), (8, 1977)]

Client 3 label distribution:
[(2, 1954), (9, 1972)]

Client 4 label distribution:
[(2, 1973), (3, 1959)]

Client 5 label distribution:
[(4, 2007), (6, 1898)]

Client 6 label distribution:
[(4, 1761), (8, 1996)]

Client 7 label distribution:
[(0, 1989), (1, 1920)]

Client 8 label distribution:
[(1, 1984), (5, 1593)]

Client 9 label distribution:
[(3, 1988), (7, 1972)]
Client 0: avg epsilon = 5.0000
Client 1: avg epsilon = 5.0000
Client 2: avg epsilon = 2.5463
Client 3: avg epsilon = 3.0092
Client 4: avg epsilon = 3.1455
Client 5: avg epsilon = 5.0000
Client 6: avg epsilon = 5.0000
Client 7: avg epsilon = 0.5623
Client 8: avg epsilon = 2.7814
Client 9: avg epsilon = 5.0000
 We run FedAvg with rPDP (ThreeLevels-0) ...
max_epsilon :  10.0  noise_multiplier :  9.736328125
The R-Squared value of the best-fit curve : 0.999749898528281
learning rate =  0.01
sample_rate: (min) 0.61, (max) 0.61, expected_batch_size: 2402
sample_rate: (min) 0.61, (max) 0.61, expected_batch_size: 2402
sample_rate: (min) 0.03, (max) 0.61, expected_batch_size: 1249
sample_rate: (min) 0.16, (max) 0.61, expected_batch_size: 1505
sample_rate: (min) 0.16, (max) 0.61, expected_batch_size: 1567
sample_rate: (min) 0.61, (max) 0.61, expected_batch_size: 2369
sample_rate: (min) 0.61, (max) 0.61, expected_batch_size: 2279
sample_rate: (min) 0.03, (max) 0.16, expected_batch_size: 365
sample_rate: (min) 0.16, (max) 0.61, expected_batch_size: 1280
sample_rate: (min) 0.61, (max) 0.61, expected_batch_size: 2402
initial privacy cost of all clients:  [0, 0, 0, 0, 0, 0, 0, 0, 0, 0]
Round=0
Round=1
Round=2
Round=3
Round=4
Round=5
Round=6
Round=7
Round=8
Round=9
Round=10
Round=11
Round=12
Round=13
Round=14
current privacy cost of all clients:  [3.3043856205918876, 3.8048372549984366, 3.3043856205918876, 3.554611437795162, 3.3043856205918876, 3.554611437795162, 3.554611437795162, 0.8300921245073416, 4.055063072201711, 3.554611437795162]
Round=14, per client global perf=[0.7632, 0.9642, 0.0088, 0.8072, 0.3653, 0.4719, 0.0031, 0.4419, 0.7505, 0.4892], mean perf=10143/20016 (0.5067%)
Round=14, per client personal perf=[0.9436, 0.9373, 0.8897, 0.9565, 0.9042, 0.9573, 0.9463, 0.9449, 0.9886, 0.9475], mean perf=18837/20016 (0.9411%)
Round=14, per client personal pooled=[0.6184, 0.5648, 0.4162, 0.364, 0.5874, 0.5288, 0.3301, 0.4324, 0.3993, 0.5357], mean perf=95617/200160 (0.4777%)
Mean performance of ditto rpdp global, Perf=0.4789, seed=46
Mean performance of ditto rpdp personal, Perf=0.9439, seed=46
Mean performance of ditto rpdp pooled, Perf=0.4306, seed=46
Finished seed 46
----------------------------------------
All runs complete.
