PARAMS: dataset=mnist, gpu=0, data_type=iid_10, num_steps=15
=== Running epsilon=0.1 ===
=== Running reg_param=0 ===
Running seed 42
default_sample_rate: 0.03232323232323232
noise_multiplier :  13.75
learning rate =  0.01
sample_rate: 0.03, expected_batch_size: 128
sample_rate: 0.03, expected_batch_size: 128
sample_rate: 0.03, expected_batch_size: 128
sample_rate: 0.03, expected_batch_size: 128
sample_rate: 0.03, expected_batch_size: 128
sample_rate: 0.03, expected_batch_size: 128
sample_rate: 0.03, expected_batch_size: 128
sample_rate: 0.03, expected_batch_size: 128
sample_rate: 0.03, expected_batch_size: 128
sample_rate: 0.03, expected_batch_size: 128
initial privacy cost of all clients:  [0, 0, 0, 0, 0, 0, 0, 0, 0, 0]
Round=0
Round=1
Round=2
Round=3
Round=4
Round=5
Round=6
Round=7
Round=8
Round=9
Round=10
Round=11
Round=12
Round=13
Round=14
current privacy cost of all clients:  [0.06861627244984228, 0.06861627244984228, 0.052721685568101175, 0.0636130274845621, 0.07323580287115607, 0.06861627244984228, 0.07323580287115607, 0.07775445513440044, 0.08199366248919779, 0.05835482563852214]
Round=14, per client global perf=[0.777, 0.7637, 0.7559, 0.7608, 0.7686, 0.7588, 0.7623, 0.7608, 0.7623, 0.775], mean perf=15596/20400 (0.7645%)
Round=14, per client personal perf=[0.9431, 0.9436, 0.9358, 0.9456, 0.9549, 0.9525, 0.9525, 0.9603, 0.949, 0.9392], mean perf=19332/20400 (0.9476%)
Round=14, per client personal pooled=[0.9472, 0.945, 0.941, 0.9467, 0.9564, 0.9541, 0.9514, 0.9585, 0.9405, 0.9431], mean perf=193474/204000 (0.9484%)
Mean performance of unidp ditto global,  eps=0.1, Perf=0.7276
Mean performance of unidp ditto personal,  eps=0.1, Perf=0.9455
Mean performance of unidp ditto pooled,  eps=0.1, Perf=0.9455
Finished seed 42
----------------------------------------
=== Running reg_param=0.001 ===
Running seed 42
default_sample_rate: 0.03232323232323232
noise_multiplier :  13.75
learning rate =  0.01
sample_rate: 0.03, expected_batch_size: 128
sample_rate: 0.03, expected_batch_size: 128
sample_rate: 0.03, expected_batch_size: 128
sample_rate: 0.03, expected_batch_size: 128
sample_rate: 0.03, expected_batch_size: 128
sample_rate: 0.03, expected_batch_size: 128
sample_rate: 0.03, expected_batch_size: 128
sample_rate: 0.03, expected_batch_size: 128
sample_rate: 0.03, expected_batch_size: 128
sample_rate: 0.03, expected_batch_size: 128
initial privacy cost of all clients:  [0, 0, 0, 0, 0, 0, 0, 0, 0, 0]
Round=0
Round=1
Round=2
Round=3
Round=4
Round=5
Round=6
Round=7
Round=8
Round=9
Round=10
Round=11
Round=12
Round=13
Round=14
current privacy cost of all clients:  [0.06861627244984228, 0.06861627244984228, 0.052721685568101175, 0.0636130274845621, 0.07323580287115607, 0.06861627244984228, 0.07323580287115607, 0.07775445513440044, 0.08199366248919779, 0.05835482563852214]
Round=14, per client global perf=[0.777, 0.7637, 0.7559, 0.7608, 0.7686, 0.7588, 0.7623, 0.7608, 0.7623, 0.775], mean perf=15596/20400 (0.7645%)
Round=14, per client personal perf=[0.9495, 0.9505, 0.9196, 0.949, 0.9539, 0.9495, 0.9475, 0.951, 0.9387, 0.9358], mean perf=19268/20400 (0.9445%)
Round=14, per client personal pooled=[0.9485, 0.9477, 0.9244, 0.9533, 0.9502, 0.9456, 0.9505, 0.9537, 0.9355, 0.9452], mean perf=192880/204000 (0.9455%)
Mean performance of unidp ditto global,  eps=0.1, Perf=0.7276
Mean performance of unidp ditto personal,  eps=0.1, Perf=0.9457
Mean performance of unidp ditto pooled,  eps=0.1, Perf=0.9460
Finished seed 42
----------------------------------------
=== Running reg_param=0.01 ===
Running seed 42
default_sample_rate: 0.03232323232323232
noise_multiplier :  13.75
learning rate =  0.01
sample_rate: 0.03, expected_batch_size: 128
sample_rate: 0.03, expected_batch_size: 128
sample_rate: 0.03, expected_batch_size: 128
sample_rate: 0.03, expected_batch_size: 128
sample_rate: 0.03, expected_batch_size: 128
sample_rate: 0.03, expected_batch_size: 128
sample_rate: 0.03, expected_batch_size: 128
sample_rate: 0.03, expected_batch_size: 128
sample_rate: 0.03, expected_batch_size: 128
sample_rate: 0.03, expected_batch_size: 128
initial privacy cost of all clients:  [0, 0, 0, 0, 0, 0, 0, 0, 0, 0]
Round=0
Round=1
Round=2
Round=3
Round=4
Round=5
Round=6
Round=7
Round=8
Round=9
Round=10
Round=11
Round=12
Round=13
Round=14
current privacy cost of all clients:  [0.06861627244984228, 0.06861627244984228, 0.052721685568101175, 0.0636130274845621, 0.07323580287115607, 0.06861627244984228, 0.07323580287115607, 0.07775445513440044, 0.08199366248919779, 0.05835482563852214]
Round=14, per client global perf=[0.777, 0.7637, 0.7559, 0.7608, 0.7686, 0.7588, 0.7623, 0.7608, 0.7623, 0.775], mean perf=15596/20400 (0.7645%)
Round=14, per client personal perf=[0.9505, 0.9525, 0.9426, 0.9441, 0.9505, 0.9475, 0.9431, 0.948, 0.9485, 0.9137], mean perf=19260/20400 (0.9441%)
Round=14, per client personal pooled=[0.9448, 0.9494, 0.9386, 0.9488, 0.9408, 0.9467, 0.9473, 0.9507, 0.9446, 0.9255], mean perf=192517/204000 (0.9437%)
Mean performance of unidp ditto global,  eps=0.1, Perf=0.7276
Mean performance of unidp ditto personal,  eps=0.1, Perf=0.9428
Mean performance of unidp ditto pooled,  eps=0.1, Perf=0.9419
Finished seed 42
----------------------------------------
=== Running reg_param=0.1 ===
Running seed 42
default_sample_rate: 0.03232323232323232
noise_multiplier :  13.75
learning rate =  0.01
sample_rate: 0.03, expected_batch_size: 128
sample_rate: 0.03, expected_batch_size: 128
sample_rate: 0.03, expected_batch_size: 128
sample_rate: 0.03, expected_batch_size: 128
sample_rate: 0.03, expected_batch_size: 128
sample_rate: 0.03, expected_batch_size: 128
sample_rate: 0.03, expected_batch_size: 128
sample_rate: 0.03, expected_batch_size: 128
sample_rate: 0.03, expected_batch_size: 128
sample_rate: 0.03, expected_batch_size: 128
initial privacy cost of all clients:  [0, 0, 0, 0, 0, 0, 0, 0, 0, 0]
Round=0
Round=1
Round=2
Round=3
Round=4
Round=5
Round=6
Round=7
Round=8
Round=9
Round=10
Round=11
Round=12
Round=13
Round=14
current privacy cost of all clients:  [0.06861627244984228, 0.06861627244984228, 0.052721685568101175, 0.0636130274845621, 0.07323580287115607, 0.06861627244984228, 0.07323580287115607, 0.07775445513440044, 0.08199366248919779, 0.05835482563852214]
Round=14, per client global perf=[0.777, 0.7637, 0.7559, 0.7608, 0.7686, 0.7588, 0.7623, 0.7608, 0.7623, 0.775], mean perf=15596/20400 (0.7645%)
Round=14, per client personal perf=[0.8814, 0.8877, 0.8907, 0.902, 0.8838, 0.9088, 0.9191, 0.8941, 0.8828, 0.8941], mean perf=18247/20400 (0.8945%)
Round=14, per client personal pooled=[0.8808, 0.887, 0.9036, 0.9103, 0.8839, 0.9087, 0.921, 0.8894, 0.8766, 0.8963], mean perf=182734/204000 (0.8958%)
Mean performance of unidp ditto global,  eps=0.1, Perf=0.7276
Mean performance of unidp ditto personal,  eps=0.1, Perf=0.8920
Mean performance of unidp ditto pooled,  eps=0.1, Perf=0.8904
Finished seed 42
----------------------------------------
=== Running reg_param=1.0 ===
Running seed 42
default_sample_rate: 0.03232323232323232
noise_multiplier :  13.75
learning rate =  0.01
sample_rate: 0.03, expected_batch_size: 128
sample_rate: 0.03, expected_batch_size: 128
sample_rate: 0.03, expected_batch_size: 128
sample_rate: 0.03, expected_batch_size: 128
sample_rate: 0.03, expected_batch_size: 128
sample_rate: 0.03, expected_batch_size: 128
sample_rate: 0.03, expected_batch_size: 128
sample_rate: 0.03, expected_batch_size: 128
sample_rate: 0.03, expected_batch_size: 128
sample_rate: 0.03, expected_batch_size: 128
initial privacy cost of all clients:  [0, 0, 0, 0, 0, 0, 0, 0, 0, 0]
Round=0
Round=1
Round=2
Round=3
Round=4
Round=5
Round=6
Round=7
Round=8
Round=9
Round=10
Round=11
Round=12
Round=13
Round=14
current privacy cost of all clients:  [0.06861627244984228, 0.06861627244984228, 0.052721685568101175, 0.0636130274845621, 0.07323580287115607, 0.06861627244984228, 0.07323580287115607, 0.07775445513440044, 0.08199366248919779, 0.05835482563852214]
Round=14, per client global perf=[0.777, 0.7637, 0.7559, 0.7608, 0.7686, 0.7588, 0.7623, 0.7608, 0.7623, 0.775], mean perf=15596/20400 (0.7645%)
Round=14, per client personal perf=[0.7588, 0.8157, 0.8, 0.7922, 0.7314, 0.7971, 0.7809, 0.7946, 0.7931, 0.8294], mean perf=16102/20400 (0.7893%)
Round=14, per client personal pooled=[0.756, 0.8248, 0.8054, 0.801, 0.7336, 0.7997, 0.7902, 0.8003, 0.7921, 0.8275], mean perf=161785/204000 (0.7931%)
Mean performance of unidp ditto global,  eps=0.1, Perf=0.7276
Mean performance of unidp ditto personal,  eps=0.1, Perf=0.7756
Mean performance of unidp ditto pooled,  eps=0.1, Perf=0.7766
Finished seed 42
----------------------------------------
=== Running reg_param=10 ===
Running seed 42
default_sample_rate: 0.03232323232323232
noise_multiplier :  13.75
learning rate =  0.01
sample_rate: 0.03, expected_batch_size: 128
sample_rate: 0.03, expected_batch_size: 128
sample_rate: 0.03, expected_batch_size: 128
sample_rate: 0.03, expected_batch_size: 128
sample_rate: 0.03, expected_batch_size: 128
sample_rate: 0.03, expected_batch_size: 128
sample_rate: 0.03, expected_batch_size: 128
sample_rate: 0.03, expected_batch_size: 128
sample_rate: 0.03, expected_batch_size: 128
sample_rate: 0.03, expected_batch_size: 128
initial privacy cost of all clients:  [0, 0, 0, 0, 0, 0, 0, 0, 0, 0]
Round=0
Round=1
Round=2
Round=3
Round=4
Round=5
Round=6
Round=7
Round=8
Round=9
Round=10
Round=11
Round=12
Round=13
Round=14
current privacy cost of all clients:  [0.06861627244984228, 0.06861627244984228, 0.052721685568101175, 0.0636130274845621, 0.07323580287115607, 0.06861627244984228, 0.07323580287115607, 0.07775445513440044, 0.08199366248919779, 0.05835482563852214]
Round=14, per client global perf=[0.777, 0.7637, 0.7559, 0.7608, 0.7686, 0.7588, 0.7623, 0.7608, 0.7623, 0.775], mean perf=15596/20400 (0.7645%)
Round=14, per client personal perf=[0.7505, 0.752, 0.7289, 0.7603, 0.7426, 0.751, 0.7275, 0.7299, 0.7088, 0.7814], mean perf=15163/20400 (0.7433%)
Round=14, per client personal pooled=[0.7425, 0.756, 0.7344, 0.7561, 0.7421, 0.7576, 0.7347, 0.7316, 0.7197, 0.7643], mean perf=151753/204000 (0.7439%)
Mean performance of unidp ditto global,  eps=0.1, Perf=0.7276
Mean performance of unidp ditto personal,  eps=0.1, Perf=0.7235
Mean performance of unidp ditto pooled,  eps=0.1, Perf=0.7229
Finished seed 42
----------------------------------------
=== Running epsilon=0.5 ===
=== Running reg_param=0 ===
Running seed 42
default_sample_rate: 0.03232323232323232
noise_multiplier :  3.671875
learning rate =  0.01
sample_rate: 0.03, expected_batch_size: 128
sample_rate: 0.03, expected_batch_size: 128
sample_rate: 0.03, expected_batch_size: 128
sample_rate: 0.03, expected_batch_size: 128
sample_rate: 0.03, expected_batch_size: 128
sample_rate: 0.03, expected_batch_size: 128
sample_rate: 0.03, expected_batch_size: 128
sample_rate: 0.03, expected_batch_size: 128
sample_rate: 0.03, expected_batch_size: 128
sample_rate: 0.03, expected_batch_size: 128
initial privacy cost of all clients:  [0, 0, 0, 0, 0, 0, 0, 0, 0, 0]
Round=0
Round=1
Round=2
Round=3
Round=4
Round=5
Round=6
Round=7
Round=8
Round=9
Round=10
Round=11
Round=12
Round=13
Round=14
current privacy cost of all clients:  [0.3537320706559622, 0.3537320706559622, 0.279070325668136, 0.33033357372458066, 0.37555379650408366, 0.3537320706559622, 0.37555379650408366, 0.39649964853357994, 0.41674618847529443, 0.30557517331204553]
Round=14, per client global perf=[0.8922, 0.8897, 0.8838, 0.8784, 0.8907, 0.8902, 0.8887, 0.8995, 0.8961, 0.8755], mean perf=18125/20400 (0.8885%)
Round=14, per client personal perf=[0.9431, 0.9436, 0.9358, 0.9456, 0.9549, 0.9525, 0.9525, 0.9603, 0.949, 0.9392], mean perf=19332/20400 (0.9476%)
Round=14, per client personal pooled=[0.9472, 0.945, 0.941, 0.9467, 0.9564, 0.9541, 0.9514, 0.9585, 0.9405, 0.9431], mean perf=193474/204000 (0.9484%)
Mean performance of unidp ditto global,  eps=0.5, Perf=0.8869
Mean performance of unidp ditto personal,  eps=0.5, Perf=0.9455
Mean performance of unidp ditto pooled,  eps=0.5, Perf=0.9455
Finished seed 42
----------------------------------------
=== Running reg_param=0.001 ===
Running seed 42
default_sample_rate: 0.03232323232323232
noise_multiplier :  3.671875
learning rate =  0.01
sample_rate: 0.03, expected_batch_size: 128
sample_rate: 0.03, expected_batch_size: 128
sample_rate: 0.03, expected_batch_size: 128
sample_rate: 0.03, expected_batch_size: 128
sample_rate: 0.03, expected_batch_size: 128
sample_rate: 0.03, expected_batch_size: 128
sample_rate: 0.03, expected_batch_size: 128
sample_rate: 0.03, expected_batch_size: 128
sample_rate: 0.03, expected_batch_size: 128
sample_rate: 0.03, expected_batch_size: 128
initial privacy cost of all clients:  [0, 0, 0, 0, 0, 0, 0, 0, 0, 0]
Round=0
Round=1
Round=2
Round=3
Round=4
Round=5
Round=6
Round=7
Round=8
Round=9
Round=10
Round=11
Round=12
Round=13
Round=14
current privacy cost of all clients:  [0.3537320706559622, 0.3537320706559622, 0.279070325668136, 0.33033357372458066, 0.37555379650408366, 0.3537320706559622, 0.37555379650408366, 0.39649964853357994, 0.41674618847529443, 0.30557517331204553]
Round=14, per client global perf=[0.8922, 0.8897, 0.8838, 0.8784, 0.8907, 0.8902, 0.8887, 0.8995, 0.8961, 0.8755], mean perf=18125/20400 (0.8885%)
Round=14, per client personal perf=[0.9368, 0.9515, 0.9422, 0.9461, 0.9583, 0.9485, 0.9505, 0.9583, 0.9377, 0.9422], mean perf=19323/20400 (0.9472%)
Round=14, per client personal pooled=[0.9302, 0.9509, 0.942, 0.9507, 0.9541, 0.9484, 0.9483, 0.9532, 0.9383, 0.9429], mean perf=192969/204000 (0.9459%)
Mean performance of unidp ditto global,  eps=0.5, Perf=0.8869
Mean performance of unidp ditto personal,  eps=0.5, Perf=0.9472
Mean performance of unidp ditto pooled,  eps=0.5, Perf=0.9467
Finished seed 42
----------------------------------------
=== Running reg_param=0.01 ===
Running seed 42
default_sample_rate: 0.03232323232323232
noise_multiplier :  3.671875
learning rate =  0.01
sample_rate: 0.03, expected_batch_size: 128
sample_rate: 0.03, expected_batch_size: 128
sample_rate: 0.03, expected_batch_size: 128
sample_rate: 0.03, expected_batch_size: 128
sample_rate: 0.03, expected_batch_size: 128
sample_rate: 0.03, expected_batch_size: 128
sample_rate: 0.03, expected_batch_size: 128
sample_rate: 0.03, expected_batch_size: 128
sample_rate: 0.03, expected_batch_size: 128
sample_rate: 0.03, expected_batch_size: 128
initial privacy cost of all clients:  [0, 0, 0, 0, 0, 0, 0, 0, 0, 0]
Round=0
Round=1
Round=2
Round=3
Round=4
Round=5
Round=6
Round=7
Round=8
Round=9
Round=10
Round=11
Round=12
Round=13
Round=14
current privacy cost of all clients:  [0.3537320706559622, 0.3537320706559622, 0.279070325668136, 0.33033357372458066, 0.37555379650408366, 0.3537320706559622, 0.37555379650408366, 0.39649964853357994, 0.41674618847529443, 0.30557517331204553]
Round=14, per client global perf=[0.8922, 0.8897, 0.8838, 0.8784, 0.8907, 0.8902, 0.8887, 0.8995, 0.8961, 0.8755], mean perf=18125/20400 (0.8885%)
Round=14, per client personal perf=[0.9137, 0.9475, 0.9574, 0.9485, 0.9426, 0.9515, 0.9446, 0.9475, 0.9534, 0.926], mean perf=19243/20400 (0.9433%)
Round=14, per client personal pooled=[0.91, 0.9476, 0.9536, 0.9514, 0.9355, 0.9527, 0.9469, 0.9493, 0.9512, 0.9361], mean perf=192458/204000 (0.9434%)
Mean performance of unidp ditto global,  eps=0.5, Perf=0.8869
Mean performance of unidp ditto personal,  eps=0.5, Perf=0.9428
Mean performance of unidp ditto pooled,  eps=0.5, Perf=0.9421
Finished seed 42
----------------------------------------
=== Running reg_param=0.1 ===
Running seed 42
default_sample_rate: 0.03232323232323232
noise_multiplier :  3.671875
learning rate =  0.01
sample_rate: 0.03, expected_batch_size: 128
sample_rate: 0.03, expected_batch_size: 128
sample_rate: 0.03, expected_batch_size: 128
sample_rate: 0.03, expected_batch_size: 128
sample_rate: 0.03, expected_batch_size: 128
sample_rate: 0.03, expected_batch_size: 128
sample_rate: 0.03, expected_batch_size: 128
sample_rate: 0.03, expected_batch_size: 128
sample_rate: 0.03, expected_batch_size: 128
sample_rate: 0.03, expected_batch_size: 128
initial privacy cost of all clients:  [0, 0, 0, 0, 0, 0, 0, 0, 0, 0]
Round=0
Round=1
Round=2
Round=3
Round=4
Round=5
Round=6
Round=7
Round=8
Round=9
Round=10
Round=11
Round=12
Round=13
Round=14
current privacy cost of all clients:  [0.3537320706559622, 0.3537320706559622, 0.279070325668136, 0.33033357372458066, 0.37555379650408366, 0.3537320706559622, 0.37555379650408366, 0.39649964853357994, 0.41674618847529443, 0.30557517331204553]
Round=14, per client global perf=[0.8922, 0.8897, 0.8838, 0.8784, 0.8907, 0.8902, 0.8887, 0.8995, 0.8961, 0.8755], mean perf=18125/20400 (0.8885%)
Round=14, per client personal perf=[0.9235, 0.8897, 0.898, 0.8618, 0.9044, 0.9137, 0.9108, 0.8828, 0.8897, 0.8907], mean perf=18289/20400 (0.8965%)
Round=14, per client personal pooled=[0.9143, 0.8832, 0.9097, 0.8694, 0.9005, 0.9094, 0.9182, 0.8814, 0.8831, 0.8938], mean perf=182845/204000 (0.8963%)
Mean performance of unidp ditto global,  eps=0.5, Perf=0.8869
Mean performance of unidp ditto personal,  eps=0.5, Perf=0.8992
Mean performance of unidp ditto pooled,  eps=0.5, Perf=0.8993
Finished seed 42
----------------------------------------
=== Running reg_param=1.0 ===
Running seed 42
default_sample_rate: 0.03232323232323232
noise_multiplier :  3.671875
learning rate =  0.01
sample_rate: 0.03, expected_batch_size: 128
sample_rate: 0.03, expected_batch_size: 128
sample_rate: 0.03, expected_batch_size: 128
sample_rate: 0.03, expected_batch_size: 128
sample_rate: 0.03, expected_batch_size: 128
sample_rate: 0.03, expected_batch_size: 128
sample_rate: 0.03, expected_batch_size: 128
sample_rate: 0.03, expected_batch_size: 128
sample_rate: 0.03, expected_batch_size: 128
sample_rate: 0.03, expected_batch_size: 128
initial privacy cost of all clients:  [0, 0, 0, 0, 0, 0, 0, 0, 0, 0]
Round=0
Round=1
Round=2
Round=3
Round=4
Round=5
Round=6
Round=7
Round=8
Round=9
Round=10
Round=11
Round=12
Round=13
Round=14
current privacy cost of all clients:  [0.3537320706559622, 0.3537320706559622, 0.279070325668136, 0.33033357372458066, 0.37555379650408366, 0.3537320706559622, 0.37555379650408366, 0.39649964853357994, 0.41674618847529443, 0.30557517331204553]
Round=14, per client global perf=[0.8922, 0.8897, 0.8838, 0.8784, 0.8907, 0.8902, 0.8887, 0.8995, 0.8961, 0.8755], mean perf=18125/20400 (0.8885%)
Round=14, per client personal perf=[0.8191, 0.8441, 0.8431, 0.8034, 0.8294, 0.8809, 0.8691, 0.8132, 0.8309, 0.8583], mean perf=17119/20400 (0.8392%)
Round=14, per client personal pooled=[0.817, 0.8456, 0.8529, 0.8125, 0.8268, 0.8793, 0.8754, 0.8097, 0.8233, 0.8642], mean perf=171498/204000 (0.8407%)
Mean performance of unidp ditto global,  eps=0.5, Perf=0.8869
Mean performance of unidp ditto personal,  eps=0.5, Perf=0.8366
Mean performance of unidp ditto pooled,  eps=0.5, Perf=0.8350
Finished seed 42
----------------------------------------
=== Running reg_param=10 ===
Running seed 42
default_sample_rate: 0.03232323232323232
noise_multiplier :  3.671875
learning rate =  0.01
sample_rate: 0.03, expected_batch_size: 128
sample_rate: 0.03, expected_batch_size: 128
sample_rate: 0.03, expected_batch_size: 128
sample_rate: 0.03, expected_batch_size: 128
sample_rate: 0.03, expected_batch_size: 128
sample_rate: 0.03, expected_batch_size: 128
sample_rate: 0.03, expected_batch_size: 128
sample_rate: 0.03, expected_batch_size: 128
sample_rate: 0.03, expected_batch_size: 128
sample_rate: 0.03, expected_batch_size: 128
initial privacy cost of all clients:  [0, 0, 0, 0, 0, 0, 0, 0, 0, 0]
Round=0
Round=1
Round=2
Round=3
Round=4
Round=5
Round=6
Round=7
Round=8
Round=9
Round=10
Round=11
Round=12
Round=13
Round=14
current privacy cost of all clients:  [0.3537320706559622, 0.3537320706559622, 0.279070325668136, 0.33033357372458066, 0.37555379650408366, 0.3537320706559622, 0.37555379650408366, 0.39649964853357994, 0.41674618847529443, 0.30557517331204553]
Round=14, per client global perf=[0.8922, 0.8897, 0.8838, 0.8784, 0.8907, 0.8902, 0.8887, 0.8995, 0.8961, 0.8755], mean perf=18125/20400 (0.8885%)
Round=14, per client personal perf=[0.8735, 0.8672, 0.8608, 0.851, 0.849, 0.8569, 0.8485, 0.8716, 0.8319, 0.8716], mean perf=17507/20400 (0.8582%)
Round=14, per client personal pooled=[0.8649, 0.8662, 0.8712, 0.8633, 0.8462, 0.8599, 0.8509, 0.8661, 0.8303, 0.8684], mean perf=175184/204000 (0.8587%)
Mean performance of unidp ditto global,  eps=0.5, Perf=0.8869
Mean performance of unidp ditto personal,  eps=0.5, Perf=0.8485
Mean performance of unidp ditto pooled,  eps=0.5, Perf=0.8474
Finished seed 42
----------------------------------------
=== Running epsilon=1 ===
=== Running reg_param=0 ===
Running seed 42
default_sample_rate: 0.03232323232323232
noise_multiplier :  2.12890625
learning rate =  0.01
sample_rate: 0.03, expected_batch_size: 128
sample_rate: 0.03, expected_batch_size: 128
sample_rate: 0.03, expected_batch_size: 128
sample_rate: 0.03, expected_batch_size: 128
sample_rate: 0.03, expected_batch_size: 128
sample_rate: 0.03, expected_batch_size: 128
sample_rate: 0.03, expected_batch_size: 128
sample_rate: 0.03, expected_batch_size: 128
sample_rate: 0.03, expected_batch_size: 128
sample_rate: 0.03, expected_batch_size: 128
initial privacy cost of all clients:  [0, 0, 0, 0, 0, 0, 0, 0, 0, 0]
Round=0
Round=1
Round=2
Round=3
Round=4
Round=5
Round=6
Round=7
Round=8
Round=9
Round=10
Round=11
Round=12
Round=13
Round=14
current privacy cost of all clients:  [0.7206619146809711, 0.7206619146809711, 0.5742281727082242, 0.6750386529476061, 0.7653858016873494, 0.7206619146809711, 0.7653858016873494, 0.8052814395900469, 0.8451770774927443, 0.6260606530260836]
Round=14, per client global perf=[0.9225, 0.9221, 0.9127, 0.9074, 0.9235, 0.9172, 0.9181, 0.9279, 0.9235, 0.9137], mean perf=18745/20400 (0.9189%)
Round=14, per client personal perf=[0.9431, 0.9436, 0.9358, 0.9456, 0.9549, 0.9525, 0.9525, 0.9603, 0.949, 0.9392], mean perf=19332/20400 (0.9476%)
Round=14, per client personal pooled=[0.9472, 0.945, 0.941, 0.9467, 0.9564, 0.9541, 0.9514, 0.9585, 0.9405, 0.9431], mean perf=193474/204000 (0.9484%)
Mean performance of unidp ditto global,  eps=1.0, Perf=0.9153
Mean performance of unidp ditto personal,  eps=1.0, Perf=0.9455
Mean performance of unidp ditto pooled,  eps=1.0, Perf=0.9455
Finished seed 42
----------------------------------------
=== Running reg_param=0.001 ===
Running seed 42
default_sample_rate: 0.03232323232323232
noise_multiplier :  2.12890625
learning rate =  0.01
sample_rate: 0.03, expected_batch_size: 128
sample_rate: 0.03, expected_batch_size: 128
sample_rate: 0.03, expected_batch_size: 128
sample_rate: 0.03, expected_batch_size: 128
sample_rate: 0.03, expected_batch_size: 128
sample_rate: 0.03, expected_batch_size: 128
sample_rate: 0.03, expected_batch_size: 128
sample_rate: 0.03, expected_batch_size: 128
sample_rate: 0.03, expected_batch_size: 128
sample_rate: 0.03, expected_batch_size: 128
initial privacy cost of all clients:  [0, 0, 0, 0, 0, 0, 0, 0, 0, 0]
Round=0
Round=1
Round=2
Round=3
Round=4
Round=5
Round=6
Round=7
Round=8
Round=9
Round=10
Round=11
Round=12
Round=13
Round=14
current privacy cost of all clients:  [0.7206619146809711, 0.7206619146809711, 0.5742281727082242, 0.6750386529476061, 0.7653858016873494, 0.7206619146809711, 0.7653858016873494, 0.8052814395900469, 0.8451770774927443, 0.6260606530260836]
Round=14, per client global perf=[0.9225, 0.9221, 0.9127, 0.9074, 0.9235, 0.9172, 0.9181, 0.9279, 0.9235, 0.9137], mean perf=18745/20400 (0.9189%)
Round=14, per client personal perf=[0.9363, 0.9515, 0.9216, 0.951, 0.9598, 0.949, 0.9368, 0.9588, 0.9554, 0.9333], mean perf=19285/20400 (0.9453%)
Round=14, per client personal pooled=[0.935, 0.9489, 0.9284, 0.9553, 0.9563, 0.9509, 0.9321, 0.9563, 0.9449, 0.9355], mean perf=192648/204000 (0.9444%)
Mean performance of unidp ditto global,  eps=1.0, Perf=0.9153
Mean performance of unidp ditto personal,  eps=1.0, Perf=0.9464
Mean performance of unidp ditto pooled,  eps=1.0, Perf=0.9457
Finished seed 42
----------------------------------------
=== Running reg_param=0.01 ===
Running seed 42
default_sample_rate: 0.03232323232323232
noise_multiplier :  2.12890625
learning rate =  0.01
sample_rate: 0.03, expected_batch_size: 128
sample_rate: 0.03, expected_batch_size: 128
sample_rate: 0.03, expected_batch_size: 128
sample_rate: 0.03, expected_batch_size: 128
sample_rate: 0.03, expected_batch_size: 128
sample_rate: 0.03, expected_batch_size: 128
sample_rate: 0.03, expected_batch_size: 128
sample_rate: 0.03, expected_batch_size: 128
sample_rate: 0.03, expected_batch_size: 128
sample_rate: 0.03, expected_batch_size: 128
initial privacy cost of all clients:  [0, 0, 0, 0, 0, 0, 0, 0, 0, 0]
Round=0
Round=1
Round=2
Round=3
Round=4
Round=5
Round=6
Round=7
Round=8
Round=9
Round=10
Round=11
Round=12
Round=13
Round=14
current privacy cost of all clients:  [0.7206619146809711, 0.7206619146809711, 0.5742281727082242, 0.6750386529476061, 0.7653858016873494, 0.7206619146809711, 0.7653858016873494, 0.8052814395900469, 0.8451770774927443, 0.6260606530260836]
Round=14, per client global perf=[0.9225, 0.9221, 0.9127, 0.9074, 0.9235, 0.9172, 0.9181, 0.9279, 0.9235, 0.9137], mean perf=18745/20400 (0.9189%)
Round=14, per client personal perf=[0.9216, 0.9623, 0.9466, 0.949, 0.95, 0.9515, 0.9485, 0.9539, 0.949, 0.9436], mean perf=19331/20400 (0.9476%)
Round=14, per client personal pooled=[0.9203, 0.9585, 0.9469, 0.9499, 0.9474, 0.9506, 0.9449, 0.9525, 0.9515, 0.95], mean perf=193237/204000 (0.9472%)
Mean performance of unidp ditto global,  eps=1.0, Perf=0.9153
Mean performance of unidp ditto personal,  eps=1.0, Perf=0.9471
Mean performance of unidp ditto pooled,  eps=1.0, Perf=0.9469
Finished seed 42
----------------------------------------
=== Running reg_param=0.1 ===
Running seed 42
default_sample_rate: 0.03232323232323232
noise_multiplier :  2.12890625
learning rate =  0.01
sample_rate: 0.03, expected_batch_size: 128
sample_rate: 0.03, expected_batch_size: 128
sample_rate: 0.03, expected_batch_size: 128
sample_rate: 0.03, expected_batch_size: 128
sample_rate: 0.03, expected_batch_size: 128
sample_rate: 0.03, expected_batch_size: 128
sample_rate: 0.03, expected_batch_size: 128
sample_rate: 0.03, expected_batch_size: 128
sample_rate: 0.03, expected_batch_size: 128
sample_rate: 0.03, expected_batch_size: 128
initial privacy cost of all clients:  [0, 0, 0, 0, 0, 0, 0, 0, 0, 0]
Round=0
Round=1
Round=2
Round=3
Round=4
Round=5
Round=6
Round=7
Round=8
Round=9
Round=10
Round=11
Round=12
Round=13
Round=14
current privacy cost of all clients:  [0.7206619146809711, 0.7206619146809711, 0.5742281727082242, 0.6750386529476061, 0.7653858016873494, 0.7206619146809711, 0.7653858016873494, 0.8052814395900469, 0.8451770774927443, 0.6260606530260836]
Round=14, per client global perf=[0.9225, 0.9221, 0.9127, 0.9074, 0.9235, 0.9172, 0.9181, 0.9279, 0.9235, 0.9137], mean perf=18745/20400 (0.9189%)
Round=14, per client personal perf=[0.9049, 0.8814, 0.9088, 0.9127, 0.8804, 0.9132, 0.8917, 0.8882, 0.9275, 0.9], mean perf=18378/20400 (0.9009%)
Round=14, per client personal pooled=[0.9047, 0.8898, 0.9124, 0.9187, 0.8829, 0.9115, 0.9, 0.891, 0.9182, 0.898], mean perf=184158/204000 (0.9027%)
Mean performance of unidp ditto global,  eps=1.0, Perf=0.9153
Mean performance of unidp ditto personal,  eps=1.0, Perf=0.8992
Mean performance of unidp ditto pooled,  eps=1.0, Perf=0.8992
Finished seed 42
----------------------------------------
=== Running reg_param=1.0 ===
Running seed 42
default_sample_rate: 0.03232323232323232
noise_multiplier :  2.12890625
learning rate =  0.01
sample_rate: 0.03, expected_batch_size: 128
sample_rate: 0.03, expected_batch_size: 128
sample_rate: 0.03, expected_batch_size: 128
sample_rate: 0.03, expected_batch_size: 128
sample_rate: 0.03, expected_batch_size: 128
sample_rate: 0.03, expected_batch_size: 128
sample_rate: 0.03, expected_batch_size: 128
sample_rate: 0.03, expected_batch_size: 128
sample_rate: 0.03, expected_batch_size: 128
sample_rate: 0.03, expected_batch_size: 128
initial privacy cost of all clients:  [0, 0, 0, 0, 0, 0, 0, 0, 0, 0]
Round=0
Round=1
Round=2
Round=3
Round=4
Round=5
Round=6
Round=7
Round=8
Round=9
Round=10
Round=11
Round=12
Round=13
Round=14
current privacy cost of all clients:  [0.7206619146809711, 0.7206619146809711, 0.5742281727082242, 0.6750386529476061, 0.7653858016873494, 0.7206619146809711, 0.7653858016873494, 0.8052814395900469, 0.8451770774927443, 0.6260606530260836]
Round=14, per client global perf=[0.9225, 0.9221, 0.9127, 0.9074, 0.9235, 0.9172, 0.9181, 0.9279, 0.9235, 0.9137], mean perf=18745/20400 (0.9189%)
Round=14, per client personal perf=[0.8809, 0.8461, 0.8755, 0.8618, 0.851, 0.8598, 0.9078, 0.8044, 0.8824, 0.8701], mean perf=17625/20400 (0.8640%)
Round=14, per client personal pooled=[0.8804, 0.855, 0.8811, 0.8718, 0.8418, 0.8584, 0.9022, 0.7991, 0.8807, 0.8687], mean perf=176239/204000 (0.8639%)
Mean performance of unidp ditto global,  eps=1.0, Perf=0.9153
Mean performance of unidp ditto personal,  eps=1.0, Perf=0.8620
Mean performance of unidp ditto pooled,  eps=1.0, Perf=0.8611
Finished seed 42
----------------------------------------
=== Running reg_param=10 ===
Running seed 42
default_sample_rate: 0.03232323232323232
noise_multiplier :  2.12890625
learning rate =  0.01
sample_rate: 0.03, expected_batch_size: 128
sample_rate: 0.03, expected_batch_size: 128
sample_rate: 0.03, expected_batch_size: 128
sample_rate: 0.03, expected_batch_size: 128
sample_rate: 0.03, expected_batch_size: 128
sample_rate: 0.03, expected_batch_size: 128
sample_rate: 0.03, expected_batch_size: 128
sample_rate: 0.03, expected_batch_size: 128
sample_rate: 0.03, expected_batch_size: 128
sample_rate: 0.03, expected_batch_size: 128
initial privacy cost of all clients:  [0, 0, 0, 0, 0, 0, 0, 0, 0, 0]
Round=0
Round=1
Round=2
Round=3
Round=4
Round=5
Round=6
Round=7
Round=8
Round=9
Round=10
Round=11
Round=12
Round=13
Round=14
current privacy cost of all clients:  [0.7206619146809711, 0.7206619146809711, 0.5742281727082242, 0.6750386529476061, 0.7653858016873494, 0.7206619146809711, 0.7653858016873494, 0.8052814395900469, 0.8451770774927443, 0.6260606530260836]
Round=14, per client global perf=[0.9225, 0.9221, 0.9127, 0.9074, 0.9235, 0.9172, 0.9181, 0.9279, 0.9235, 0.9137], mean perf=18745/20400 (0.9189%)
Round=14, per client personal perf=[0.9088, 0.8995, 0.8735, 0.8368, 0.9172, 0.8475, 0.8926, 0.9044, 0.8931, 0.8882], mean perf=18078/20400 (0.8862%)
Round=14, per client personal pooled=[0.9014, 0.9006, 0.8674, 0.8527, 0.9071, 0.8502, 0.8979, 0.8992, 0.8862, 0.891], mean perf=180615/204000 (0.8854%)
Mean performance of unidp ditto global,  eps=1.0, Perf=0.9153
Mean performance of unidp ditto personal,  eps=1.0, Perf=0.8839
Mean performance of unidp ditto pooled,  eps=1.0, Perf=0.8818
Finished seed 42
----------------------------------------
=== Running epsilon=8 ===
=== Running reg_param=0 ===
Running seed 42
default_sample_rate: 0.03232323232323232
noise_multiplier :  0.72021484375
learning rate =  0.01
sample_rate: 0.03, expected_batch_size: 128
sample_rate: 0.03, expected_batch_size: 128
sample_rate: 0.03, expected_batch_size: 128
sample_rate: 0.03, expected_batch_size: 128
sample_rate: 0.03, expected_batch_size: 128
sample_rate: 0.03, expected_batch_size: 128
sample_rate: 0.03, expected_batch_size: 128
sample_rate: 0.03, expected_batch_size: 128
sample_rate: 0.03, expected_batch_size: 128
sample_rate: 0.03, expected_batch_size: 128
initial privacy cost of all clients:  [0, 0, 0, 0, 0, 0, 0, 0, 0, 0]
Round=0
Round=1
Round=2
Round=3
Round=4
Round=5
Round=6
Round=7
Round=8
Round=9
Round=10
Round=11
Round=12
Round=13
Round=14
current privacy cost of all clients:  [6.264765677912597, 6.264765677912597, 4.852643443838692, 5.794058266554629, 6.735473089270566, 6.264765677912597, 6.735473089270566, 7.167814057514629, 7.332449371479868, 5.323350855196661]
Round=14, per client global perf=[0.952, 0.9505, 0.95, 0.9534, 0.9549, 0.9529, 0.951, 0.9544, 0.9559, 0.949], mean perf=19429/20400 (0.9524%)
Round=14, per client personal perf=[0.9431, 0.9436, 0.9358, 0.9456, 0.9549, 0.9525, 0.9525, 0.9603, 0.949, 0.9392], mean perf=19332/20400 (0.9476%)
Round=14, per client personal pooled=[0.9472, 0.945, 0.941, 0.9467, 0.9564, 0.9541, 0.9514, 0.9585, 0.9405, 0.9431], mean perf=193474/204000 (0.9484%)
Mean performance of unidp ditto global,  eps=8.0, Perf=0.9507
Mean performance of unidp ditto personal,  eps=8.0, Perf=0.9455
Mean performance of unidp ditto pooled,  eps=8.0, Perf=0.9455
Finished seed 42
----------------------------------------
=== Running reg_param=0.001 ===
Running seed 42
default_sample_rate: 0.03232323232323232
noise_multiplier :  0.72021484375
learning rate =  0.01
sample_rate: 0.03, expected_batch_size: 128
sample_rate: 0.03, expected_batch_size: 128
sample_rate: 0.03, expected_batch_size: 128
sample_rate: 0.03, expected_batch_size: 128
sample_rate: 0.03, expected_batch_size: 128
sample_rate: 0.03, expected_batch_size: 128
sample_rate: 0.03, expected_batch_size: 128
sample_rate: 0.03, expected_batch_size: 128
sample_rate: 0.03, expected_batch_size: 128
sample_rate: 0.03, expected_batch_size: 128
initial privacy cost of all clients:  [0, 0, 0, 0, 0, 0, 0, 0, 0, 0]
Round=0
Round=1
Round=2
Round=3
Round=4
Round=5
Round=6
Round=7
Round=8
Round=9
Round=10
Round=11
Round=12
Round=13
Round=14
current privacy cost of all clients:  [6.264765677912597, 6.264765677912597, 4.852643443838692, 5.794058266554629, 6.735473089270566, 6.264765677912597, 6.735473089270566, 7.167814057514629, 7.332449371479868, 5.323350855196661]
Round=14, per client global perf=[0.952, 0.9505, 0.95, 0.9534, 0.9549, 0.9529, 0.951, 0.9544, 0.9559, 0.949], mean perf=19429/20400 (0.9524%)
Round=14, per client personal perf=[0.9284, 0.9598, 0.9466, 0.949, 0.9691, 0.9515, 0.952, 0.95, 0.95, 0.9412], mean perf=19375/20400 (0.9498%)
Round=14, per client personal pooled=[0.9332, 0.9538, 0.9512, 0.9469, 0.9635, 0.955, 0.9561, 0.9518, 0.9455, 0.9472], mean perf=193885/204000 (0.9504%)
Mean performance of unidp ditto global,  eps=8.0, Perf=0.9507
Mean performance of unidp ditto personal,  eps=8.0, Perf=0.9475
Mean performance of unidp ditto pooled,  eps=8.0, Perf=0.9480
Finished seed 42
----------------------------------------
=== Running reg_param=0.01 ===
Running seed 42
default_sample_rate: 0.03232323232323232
noise_multiplier :  0.72021484375
learning rate =  0.01
sample_rate: 0.03, expected_batch_size: 128
sample_rate: 0.03, expected_batch_size: 128
sample_rate: 0.03, expected_batch_size: 128
sample_rate: 0.03, expected_batch_size: 128
sample_rate: 0.03, expected_batch_size: 128
sample_rate: 0.03, expected_batch_size: 128
sample_rate: 0.03, expected_batch_size: 128
sample_rate: 0.03, expected_batch_size: 128
sample_rate: 0.03, expected_batch_size: 128
sample_rate: 0.03, expected_batch_size: 128
initial privacy cost of all clients:  [0, 0, 0, 0, 0, 0, 0, 0, 0, 0]
Round=0
Round=1
Round=2
Round=3
Round=4
Round=5
Round=6
Round=7
Round=8
Round=9
Round=10
Round=11
Round=12
Round=13
Round=14
current privacy cost of all clients:  [6.264765677912597, 6.264765677912597, 4.852643443838692, 5.794058266554629, 6.735473089270566, 6.264765677912597, 6.735473089270566, 7.167814057514629, 7.332449371479868, 5.323350855196661]
Round=14, per client global perf=[0.952, 0.9505, 0.95, 0.9534, 0.9549, 0.9529, 0.951, 0.9544, 0.9559, 0.949], mean perf=19429/20400 (0.9524%)
Round=14, per client personal perf=[0.9564, 0.9431, 0.9309, 0.9529, 0.9343, 0.9206, 0.9338, 0.9593, 0.9314, 0.9279], mean perf=19157/20400 (0.9391%)
Round=14, per client personal pooled=[0.9453, 0.944, 0.9336, 0.9502, 0.9313, 0.9225, 0.9411, 0.957, 0.9231, 0.931], mean perf=191332/204000 (0.9379%)
Mean performance of unidp ditto global,  eps=8.0, Perf=0.9507
Mean performance of unidp ditto personal,  eps=8.0, Perf=0.9438
Mean performance of unidp ditto pooled,  eps=8.0, Perf=0.9428
Finished seed 42
----------------------------------------
=== Running reg_param=0.1 ===
Running seed 42
default_sample_rate: 0.03232323232323232
noise_multiplier :  0.72021484375
learning rate =  0.01
sample_rate: 0.03, expected_batch_size: 128
sample_rate: 0.03, expected_batch_size: 128
sample_rate: 0.03, expected_batch_size: 128
sample_rate: 0.03, expected_batch_size: 128
sample_rate: 0.03, expected_batch_size: 128
sample_rate: 0.03, expected_batch_size: 128
sample_rate: 0.03, expected_batch_size: 128
sample_rate: 0.03, expected_batch_size: 128
sample_rate: 0.03, expected_batch_size: 128
sample_rate: 0.03, expected_batch_size: 128
initial privacy cost of all clients:  [0, 0, 0, 0, 0, 0, 0, 0, 0, 0]
Round=0
Round=1
Round=2
Round=3
Round=4
Round=5
Round=6
Round=7
Round=8
Round=9
Round=10
Round=11
Round=12
Round=13
Round=14
current privacy cost of all clients:  [6.264765677912597, 6.264765677912597, 4.852643443838692, 5.794058266554629, 6.735473089270566, 6.264765677912597, 6.735473089270566, 7.167814057514629, 7.332449371479868, 5.323350855196661]
Round=14, per client global perf=[0.952, 0.9505, 0.95, 0.9534, 0.9549, 0.9529, 0.951, 0.9544, 0.9559, 0.949], mean perf=19429/20400 (0.9524%)
Round=14, per client personal perf=[0.9225, 0.8784, 0.8848, 0.9044, 0.9245, 0.9475, 0.9324, 0.925, 0.8956, 0.9206], mean perf=18637/20400 (0.9136%)
Round=14, per client personal pooled=[0.9228, 0.8842, 0.8775, 0.9061, 0.916, 0.9435, 0.9317, 0.9206, 0.885, 0.9275], mean perf=185947/204000 (0.9115%)
Mean performance of unidp ditto global,  eps=8.0, Perf=0.9507
Mean performance of unidp ditto personal,  eps=8.0, Perf=0.9128
Mean performance of unidp ditto pooled,  eps=8.0, Perf=0.9109
Finished seed 42
----------------------------------------
=== Running reg_param=1.0 ===
Running seed 42
default_sample_rate: 0.03232323232323232
noise_multiplier :  0.72021484375
learning rate =  0.01
sample_rate: 0.03, expected_batch_size: 128
sample_rate: 0.03, expected_batch_size: 128
sample_rate: 0.03, expected_batch_size: 128
sample_rate: 0.03, expected_batch_size: 128
sample_rate: 0.03, expected_batch_size: 128
sample_rate: 0.03, expected_batch_size: 128
sample_rate: 0.03, expected_batch_size: 128
sample_rate: 0.03, expected_batch_size: 128
sample_rate: 0.03, expected_batch_size: 128
sample_rate: 0.03, expected_batch_size: 128
initial privacy cost of all clients:  [0, 0, 0, 0, 0, 0, 0, 0, 0, 0]
Round=0
Round=1
Round=2
Round=3
Round=4
Round=5
Round=6
Round=7
Round=8
Round=9
Round=10
Round=11
Round=12
Round=13
Round=14
current privacy cost of all clients:  [6.264765677912597, 6.264765677912597, 4.852643443838692, 5.794058266554629, 6.735473089270566, 6.264765677912597, 6.735473089270566, 7.167814057514629, 7.332449371479868, 5.323350855196661]
Round=14, per client global perf=[0.952, 0.9505, 0.95, 0.9534, 0.9549, 0.9529, 0.951, 0.9544, 0.9559, 0.949], mean perf=19429/20400 (0.9524%)
Round=14, per client personal perf=[0.8613, 0.9093, 0.9186, 0.8926, 0.9069, 0.902, 0.9103, 0.8436, 0.9167, 0.8971], mean perf=18275/20400 (0.8958%)
Round=14, per client personal pooled=[0.863, 0.9033, 0.9251, 0.8992, 0.9082, 0.9078, 0.9148, 0.8367, 0.9156, 0.8957], mean perf=182977/204000 (0.8969%)
Mean performance of unidp ditto global,  eps=8.0, Perf=0.9507
Mean performance of unidp ditto personal,  eps=8.0, Perf=0.8989
Mean performance of unidp ditto pooled,  eps=8.0, Perf=0.8989
Finished seed 42
----------------------------------------
=== Running reg_param=10 ===
Running seed 42
default_sample_rate: 0.03232323232323232
noise_multiplier :  0.72021484375
learning rate =  0.01
sample_rate: 0.03, expected_batch_size: 128
sample_rate: 0.03, expected_batch_size: 128
sample_rate: 0.03, expected_batch_size: 128
sample_rate: 0.03, expected_batch_size: 128
sample_rate: 0.03, expected_batch_size: 128
sample_rate: 0.03, expected_batch_size: 128
sample_rate: 0.03, expected_batch_size: 128
sample_rate: 0.03, expected_batch_size: 128
sample_rate: 0.03, expected_batch_size: 128
sample_rate: 0.03, expected_batch_size: 128
initial privacy cost of all clients:  [0, 0, 0, 0, 0, 0, 0, 0, 0, 0]
Round=0
Round=1
Round=2
Round=3
Round=4
Round=5
Round=6
Round=7
Round=8
Round=9
Round=10
Round=11
Round=12
Round=13
Round=14
current privacy cost of all clients:  [6.264765677912597, 6.264765677912597, 4.852643443838692, 5.794058266554629, 6.735473089270566, 6.264765677912597, 6.735473089270566, 7.167814057514629, 7.332449371479868, 5.323350855196661]
Round=14, per client global perf=[0.952, 0.9505, 0.95, 0.9534, 0.9549, 0.9529, 0.951, 0.9544, 0.9559, 0.949], mean perf=19429/20400 (0.9524%)
Round=14, per client personal perf=[0.9191, 0.9368, 0.9426, 0.9431, 0.924, 0.9422, 0.9304, 0.9348, 0.9324, 0.9387], mean perf=19062/20400 (0.9344%)
Round=14, per client personal pooled=[0.9202, 0.9354, 0.9436, 0.9441, 0.9168, 0.9435, 0.9363, 0.933, 0.9359, 0.9443], mean perf=190801/204000 (0.9353%)
Mean performance of unidp ditto global,  eps=8.0, Perf=0.9507
Mean performance of unidp ditto personal,  eps=8.0, Perf=0.9322
Mean performance of unidp ditto pooled,  eps=8.0, Perf=0.9324
Finished seed 42
----------------------------------------
