=== Data type: niid_10_2 ===
--- Seed: 42 ---
--- Personal steps: 15 ---
---EPSILON 0.1 ---
default_sample_rate: 0.048484848484848485
noise_multiplier :  25.0
default_sample_rate: 0.048484848484848485
noise_multiplier :  13.75
learning rate =  0.001
sample_rate: 0.05, expected_batch_size: 64
sample_rate: 0.05, expected_batch_size: 64
sample_rate: 0.05, expected_batch_size: 64
sample_rate: 0.05, expected_batch_size: 64
sample_rate: 0.05, expected_batch_size: 64
sample_rate: 0.05, expected_batch_size: 64
sample_rate: 0.05, expected_batch_size: 64
sample_rate: 0.05, expected_batch_size: 64
sample_rate: 0.05, expected_batch_size: 64
sample_rate: 0.05, expected_batch_size: 32
sample_rate: 0.05, expected_batch_size: 64
sample_rate: 0.05, expected_batch_size: 64
sample_rate: 0.05, expected_batch_size: 64
sample_rate: 0.05, expected_batch_size: 64
sample_rate: 0.05, expected_batch_size: 64
sample_rate: 0.05, expected_batch_size: 64
sample_rate: 0.05, expected_batch_size: 64
sample_rate: 0.05, expected_batch_size: 64
sample_rate: 0.05, expected_batch_size: 64
sample_rate: 0.05, expected_batch_size: 32
initial privacy cost of all clients:  [0, 0, 0, 0, 0, 0, 0, 0, 0, 0]
Round=0
Round=1
Round=2
Round=3
Round=4
Round=5
Traceback (most recent call last):
  File "dp_ditto_unidp.py", line 192, in <module>
    cm, perf_global, perf_personal, perf_pooled = s.run()
  File "/Volumes/Users/shegao_t1/DP_Research/Personal_DP_Personal_FL/rpdp_fl/myopacus/strategies/ditto.py", line 436, in run
    self.perform_round()
  File "/Volumes/Users/shegao_t1/DP_Research/Personal_DP_Personal_FL/rpdp_fl/myopacus/strategies/ditto.py", line 363, in perform_round
    self._personal_optimization(personal_model, global_snapshot)            
  File "/Volumes/Users/shegao_t1/DP_Research/Personal_DP_Personal_FL/rpdp_fl/myopacus/strategies/ditto.py", line 287, in _personal_optimization
    personal_model._ditto_local_train(global_params, \
  File "/Volumes/Users/shegao_t1/DP_Research/Personal_DP_Personal_FL/rpdp_fl/myopacus/strategies/strategies_utils.py", line 299, in _ditto_local_train
    loss.backward()
  File "/Volumes/Users/shegao_t1/.conda/envs/rpdp/lib/python3.8/site-packages/torch/_tensor.py", line 488, in backward
    torch.autograd.backward(
  File "/Volumes/Users/shegao_t1/.conda/envs/rpdp/lib/python3.8/site-packages/torch/autograd/__init__.py", line 197, in backward
    Variable._execution_engine.run_backward(  # Calls into the C++ engine to run the backward pass
  File "/Volumes/Users/shegao_t1/.conda/envs/rpdp/lib/python3.8/site-packages/torch/nn/modules/module.py", line 62, in __call__
    return self.hook(module, *args, **kwargs)
  File "/Volumes/Users/shegao_t1/DP_Research/Personal_DP_Personal_FL/rpdp_fl/myopacus/grad_sample/grad_sample_module.py", line 340, in capture_backprops_hook
    create_or_accumulate_grad_sample(
  File "/Volumes/Users/shegao_t1/DP_Research/Personal_DP_Personal_FL/rpdp_fl/myopacus/grad_sample/grad_sample_module.py", line 57, in create_or_accumulate_grad_sample
    param._current_grad_sample = torch.zeros(
torch.cuda.OutOfMemoryError: CUDA out of memory. Tried to allocate 288.00 MiB (GPU 0; 9.66 GiB total capacity; 3.58 GiB already allocated; 221.06 MiB free; 8.98 GiB reserved in total by PyTorch) If reserved memory is >> allocated memory try setting max_split_size_mb to avoid fragmentation.  See documentation for Memory Management and PYTORCH_CUDA_ALLOC_CONF
---EPSILON 0.5 ---
default_sample_rate: 0.048484848484848485
noise_multiplier :  6.5625
default_sample_rate: 0.048484848484848485
noise_multiplier :  3.671875
learning rate =  0.001
sample_rate: 0.05, expected_batch_size: 64
sample_rate: 0.05, expected_batch_size: 64
sample_rate: 0.05, expected_batch_size: 64
sample_rate: 0.05, expected_batch_size: 64
sample_rate: 0.05, expected_batch_size: 64
sample_rate: 0.05, expected_batch_size: 64
sample_rate: 0.05, expected_batch_size: 64
sample_rate: 0.05, expected_batch_size: 64
sample_rate: 0.05, expected_batch_size: 64
sample_rate: 0.05, expected_batch_size: 32
sample_rate: 0.05, expected_batch_size: 64
sample_rate: 0.05, expected_batch_size: 64
sample_rate: 0.05, expected_batch_size: 64
sample_rate: 0.05, expected_batch_size: 64
sample_rate: 0.05, expected_batch_size: 64
sample_rate: 0.05, expected_batch_size: 64
sample_rate: 0.05, expected_batch_size: 64
sample_rate: 0.05, expected_batch_size: 64
sample_rate: 0.05, expected_batch_size: 64
sample_rate: 0.05, expected_batch_size: 32
initial privacy cost of all clients:  [0, 0, 0, 0, 0, 0, 0, 0, 0, 0]
Round=0
Round=1
Round=2
Round=3
Round=4
Round=5
Traceback (most recent call last):
  File "dp_ditto_unidp.py", line 192, in <module>
    cm, perf_global, perf_personal, perf_pooled = s.run()
  File "/Volumes/Users/shegao_t1/DP_Research/Personal_DP_Personal_FL/rpdp_fl/myopacus/strategies/ditto.py", line 436, in run
    self.perform_round()
  File "/Volumes/Users/shegao_t1/DP_Research/Personal_DP_Personal_FL/rpdp_fl/myopacus/strategies/ditto.py", line 363, in perform_round
    self._personal_optimization(personal_model, global_snapshot)            
  File "/Volumes/Users/shegao_t1/DP_Research/Personal_DP_Personal_FL/rpdp_fl/myopacus/strategies/ditto.py", line 287, in _personal_optimization
    personal_model._ditto_local_train(global_params, \
  File "/Volumes/Users/shegao_t1/DP_Research/Personal_DP_Personal_FL/rpdp_fl/myopacus/strategies/strategies_utils.py", line 299, in _ditto_local_train
    loss.backward()
  File "/Volumes/Users/shegao_t1/.conda/envs/rpdp/lib/python3.8/site-packages/torch/_tensor.py", line 488, in backward
    torch.autograd.backward(
  File "/Volumes/Users/shegao_t1/.conda/envs/rpdp/lib/python3.8/site-packages/torch/autograd/__init__.py", line 197, in backward
    Variable._execution_engine.run_backward(  # Calls into the C++ engine to run the backward pass
  File "/Volumes/Users/shegao_t1/.conda/envs/rpdp/lib/python3.8/site-packages/torch/nn/modules/module.py", line 62, in __call__
    return self.hook(module, *args, **kwargs)
  File "/Volumes/Users/shegao_t1/DP_Research/Personal_DP_Personal_FL/rpdp_fl/myopacus/grad_sample/grad_sample_module.py", line 340, in capture_backprops_hook
    create_or_accumulate_grad_sample(
  File "/Volumes/Users/shegao_t1/DP_Research/Personal_DP_Personal_FL/rpdp_fl/myopacus/grad_sample/grad_sample_module.py", line 57, in create_or_accumulate_grad_sample
    param._current_grad_sample = torch.zeros(
torch.cuda.OutOfMemoryError: CUDA out of memory. Tried to allocate 288.00 MiB (GPU 0; 9.66 GiB total capacity; 3.58 GiB already allocated; 221.06 MiB free; 8.98 GiB reserved in total by PyTorch) If reserved memory is >> allocated memory try setting max_split_size_mb to avoid fragmentation.  See documentation for Memory Management and PYTORCH_CUDA_ALLOC_CONF
---EPSILON 1 ---
default_sample_rate: 0.048484848484848485
noise_multiplier :  3.65234375
default_sample_rate: 0.048484848484848485
noise_multiplier :  2.1484375
learning rate =  0.001
sample_rate: 0.05, expected_batch_size: 64
sample_rate: 0.05, expected_batch_size: 64
sample_rate: 0.05, expected_batch_size: 64
sample_rate: 0.05, expected_batch_size: 64
sample_rate: 0.05, expected_batch_size: 64
sample_rate: 0.05, expected_batch_size: 64
sample_rate: 0.05, expected_batch_size: 64
sample_rate: 0.05, expected_batch_size: 64
sample_rate: 0.05, expected_batch_size: 64
sample_rate: 0.05, expected_batch_size: 32
sample_rate: 0.05, expected_batch_size: 64
sample_rate: 0.05, expected_batch_size: 64
sample_rate: 0.05, expected_batch_size: 64
sample_rate: 0.05, expected_batch_size: 64
sample_rate: 0.05, expected_batch_size: 64
sample_rate: 0.05, expected_batch_size: 64
sample_rate: 0.05, expected_batch_size: 64
sample_rate: 0.05, expected_batch_size: 64
sample_rate: 0.05, expected_batch_size: 64
sample_rate: 0.05, expected_batch_size: 32
initial privacy cost of all clients:  [0, 0, 0, 0, 0, 0, 0, 0, 0, 0]
Round=0
Round=1
Round=2
Round=3
Round=4
Round=5
Traceback (most recent call last):
  File "dp_ditto_unidp.py", line 192, in <module>
    cm, perf_global, perf_personal, perf_pooled = s.run()
  File "/Volumes/Users/shegao_t1/DP_Research/Personal_DP_Personal_FL/rpdp_fl/myopacus/strategies/ditto.py", line 436, in run
    self.perform_round()
  File "/Volumes/Users/shegao_t1/DP_Research/Personal_DP_Personal_FL/rpdp_fl/myopacus/strategies/ditto.py", line 363, in perform_round
    self._personal_optimization(personal_model, global_snapshot)            
  File "/Volumes/Users/shegao_t1/DP_Research/Personal_DP_Personal_FL/rpdp_fl/myopacus/strategies/ditto.py", line 287, in _personal_optimization
    personal_model._ditto_local_train(global_params, \
  File "/Volumes/Users/shegao_t1/DP_Research/Personal_DP_Personal_FL/rpdp_fl/myopacus/strategies/strategies_utils.py", line 299, in _ditto_local_train
    loss.backward()
  File "/Volumes/Users/shegao_t1/.conda/envs/rpdp/lib/python3.8/site-packages/torch/_tensor.py", line 488, in backward
    torch.autograd.backward(
  File "/Volumes/Users/shegao_t1/.conda/envs/rpdp/lib/python3.8/site-packages/torch/autograd/__init__.py", line 197, in backward
    Variable._execution_engine.run_backward(  # Calls into the C++ engine to run the backward pass
  File "/Volumes/Users/shegao_t1/.conda/envs/rpdp/lib/python3.8/site-packages/torch/nn/modules/module.py", line 62, in __call__
    return self.hook(module, *args, **kwargs)
  File "/Volumes/Users/shegao_t1/DP_Research/Personal_DP_Personal_FL/rpdp_fl/myopacus/grad_sample/grad_sample_module.py", line 340, in capture_backprops_hook
    create_or_accumulate_grad_sample(
  File "/Volumes/Users/shegao_t1/DP_Research/Personal_DP_Personal_FL/rpdp_fl/myopacus/grad_sample/grad_sample_module.py", line 57, in create_or_accumulate_grad_sample
    param._current_grad_sample = torch.zeros(
torch.cuda.OutOfMemoryError: CUDA out of memory. Tried to allocate 288.00 MiB (GPU 0; 9.66 GiB total capacity; 3.58 GiB already allocated; 221.06 MiB free; 8.98 GiB reserved in total by PyTorch) If reserved memory is >> allocated memory try setting max_split_size_mb to avoid fragmentation.  See documentation for Memory Management and PYTORCH_CUDA_ALLOC_CONF
---EPSILON 4 ---
default_sample_rate: 0.048484848484848485
noise_multiplier :  1.334228515625
default_sample_rate: 0.048484848484848485
noise_multiplier :  0.95458984375
learning rate =  0.001
sample_rate: 0.05, expected_batch_size: 64
sample_rate: 0.05, expected_batch_size: 64
sample_rate: 0.05, expected_batch_size: 64
sample_rate: 0.05, expected_batch_size: 64
sample_rate: 0.05, expected_batch_size: 64
sample_rate: 0.05, expected_batch_size: 64
sample_rate: 0.05, expected_batch_size: 64
sample_rate: 0.05, expected_batch_size: 64
sample_rate: 0.05, expected_batch_size: 64
sample_rate: 0.05, expected_batch_size: 32
sample_rate: 0.05, expected_batch_size: 64
sample_rate: 0.05, expected_batch_size: 64
sample_rate: 0.05, expected_batch_size: 64
sample_rate: 0.05, expected_batch_size: 64
sample_rate: 0.05, expected_batch_size: 64
sample_rate: 0.05, expected_batch_size: 64
sample_rate: 0.05, expected_batch_size: 64
sample_rate: 0.05, expected_batch_size: 64
sample_rate: 0.05, expected_batch_size: 64
sample_rate: 0.05, expected_batch_size: 32
initial privacy cost of all clients:  [0, 0, 0, 0, 0, 0, 0, 0, 0, 0]
Round=0
Round=1
Round=2
Round=3
Round=4
Round=5
Traceback (most recent call last):
  File "dp_ditto_unidp.py", line 192, in <module>
    cm, perf_global, perf_personal, perf_pooled = s.run()
  File "/Volumes/Users/shegao_t1/DP_Research/Personal_DP_Personal_FL/rpdp_fl/myopacus/strategies/ditto.py", line 436, in run
    self.perform_round()
  File "/Volumes/Users/shegao_t1/DP_Research/Personal_DP_Personal_FL/rpdp_fl/myopacus/strategies/ditto.py", line 363, in perform_round
    self._personal_optimization(personal_model, global_snapshot)            
  File "/Volumes/Users/shegao_t1/DP_Research/Personal_DP_Personal_FL/rpdp_fl/myopacus/strategies/ditto.py", line 287, in _personal_optimization
    personal_model._ditto_local_train(global_params, \
  File "/Volumes/Users/shegao_t1/DP_Research/Personal_DP_Personal_FL/rpdp_fl/myopacus/strategies/strategies_utils.py", line 299, in _ditto_local_train
    loss.backward()
  File "/Volumes/Users/shegao_t1/.conda/envs/rpdp/lib/python3.8/site-packages/torch/_tensor.py", line 488, in backward
    torch.autograd.backward(
  File "/Volumes/Users/shegao_t1/.conda/envs/rpdp/lib/python3.8/site-packages/torch/autograd/__init__.py", line 197, in backward
    Variable._execution_engine.run_backward(  # Calls into the C++ engine to run the backward pass
  File "/Volumes/Users/shegao_t1/.conda/envs/rpdp/lib/python3.8/site-packages/torch/nn/modules/module.py", line 62, in __call__
    return self.hook(module, *args, **kwargs)
  File "/Volumes/Users/shegao_t1/DP_Research/Personal_DP_Personal_FL/rpdp_fl/myopacus/grad_sample/grad_sample_module.py", line 340, in capture_backprops_hook
    create_or_accumulate_grad_sample(
  File "/Volumes/Users/shegao_t1/DP_Research/Personal_DP_Personal_FL/rpdp_fl/myopacus/grad_sample/grad_sample_module.py", line 57, in create_or_accumulate_grad_sample
    param._current_grad_sample = torch.zeros(
torch.cuda.OutOfMemoryError: CUDA out of memory. Tried to allocate 288.00 MiB (GPU 0; 9.66 GiB total capacity; 3.58 GiB already allocated; 221.06 MiB free; 8.98 GiB reserved in total by PyTorch) If reserved memory is >> allocated memory try setting max_split_size_mb to avoid fragmentation.  See documentation for Memory Management and PYTORCH_CUDA_ALLOC_CONF
---EPSILON 8 ---
default_sample_rate: 0.048484848484848485
noise_multiplier :  0.9417724609375
default_sample_rate: 0.048484848484848485
noise_multiplier :  0.7232666015625
learning rate =  0.001
sample_rate: 0.05, expected_batch_size: 64
sample_rate: 0.05, expected_batch_size: 64
sample_rate: 0.05, expected_batch_size: 64
sample_rate: 0.05, expected_batch_size: 64
sample_rate: 0.05, expected_batch_size: 64
sample_rate: 0.05, expected_batch_size: 64
sample_rate: 0.05, expected_batch_size: 64
sample_rate: 0.05, expected_batch_size: 64
sample_rate: 0.05, expected_batch_size: 64
sample_rate: 0.05, expected_batch_size: 32
sample_rate: 0.05, expected_batch_size: 64
sample_rate: 0.05, expected_batch_size: 64
sample_rate: 0.05, expected_batch_size: 64
sample_rate: 0.05, expected_batch_size: 64
sample_rate: 0.05, expected_batch_size: 64
sample_rate: 0.05, expected_batch_size: 64
sample_rate: 0.05, expected_batch_size: 64
sample_rate: 0.05, expected_batch_size: 64
sample_rate: 0.05, expected_batch_size: 64
sample_rate: 0.05, expected_batch_size: 32
initial privacy cost of all clients:  [0, 0, 0, 0, 0, 0, 0, 0, 0, 0]
Round=0
Round=1
Round=2
Round=3
Round=4
Round=5
Traceback (most recent call last):
  File "dp_ditto_unidp.py", line 192, in <module>
    cm, perf_global, perf_personal, perf_pooled = s.run()
  File "/Volumes/Users/shegao_t1/DP_Research/Personal_DP_Personal_FL/rpdp_fl/myopacus/strategies/ditto.py", line 436, in run
    self.perform_round()
  File "/Volumes/Users/shegao_t1/DP_Research/Personal_DP_Personal_FL/rpdp_fl/myopacus/strategies/ditto.py", line 363, in perform_round
    self._personal_optimization(personal_model, global_snapshot)            
  File "/Volumes/Users/shegao_t1/DP_Research/Personal_DP_Personal_FL/rpdp_fl/myopacus/strategies/ditto.py", line 287, in _personal_optimization
    personal_model._ditto_local_train(global_params, \
  File "/Volumes/Users/shegao_t1/DP_Research/Personal_DP_Personal_FL/rpdp_fl/myopacus/strategies/strategies_utils.py", line 299, in _ditto_local_train
    loss.backward()
  File "/Volumes/Users/shegao_t1/.conda/envs/rpdp/lib/python3.8/site-packages/torch/_tensor.py", line 488, in backward
    torch.autograd.backward(
  File "/Volumes/Users/shegao_t1/.conda/envs/rpdp/lib/python3.8/site-packages/torch/autograd/__init__.py", line 197, in backward
    Variable._execution_engine.run_backward(  # Calls into the C++ engine to run the backward pass
  File "/Volumes/Users/shegao_t1/.conda/envs/rpdp/lib/python3.8/site-packages/torch/nn/modules/module.py", line 62, in __call__
    return self.hook(module, *args, **kwargs)
  File "/Volumes/Users/shegao_t1/DP_Research/Personal_DP_Personal_FL/rpdp_fl/myopacus/grad_sample/grad_sample_module.py", line 340, in capture_backprops_hook
    create_or_accumulate_grad_sample(
  File "/Volumes/Users/shegao_t1/DP_Research/Personal_DP_Personal_FL/rpdp_fl/myopacus/grad_sample/grad_sample_module.py", line 57, in create_or_accumulate_grad_sample
    param._current_grad_sample = torch.zeros(
torch.cuda.OutOfMemoryError: CUDA out of memory. Tried to allocate 288.00 MiB (GPU 0; 9.66 GiB total capacity; 3.58 GiB already allocated; 221.06 MiB free; 8.98 GiB reserved in total by PyTorch) If reserved memory is >> allocated memory try setting max_split_size_mb to avoid fragmentation.  See documentation for Memory Management and PYTORCH_CUDA_ALLOC_CONF
---EPSILON 16 ---
default_sample_rate: 0.048484848484848485
noise_multiplier :  0.693359375
default_sample_rate: 0.048484848484848485
noise_multiplier :  0.5580902099609375
learning rate =  0.001
sample_rate: 0.05, expected_batch_size: 64
sample_rate: 0.05, expected_batch_size: 64
sample_rate: 0.05, expected_batch_size: 64
sample_rate: 0.05, expected_batch_size: 64
sample_rate: 0.05, expected_batch_size: 64
sample_rate: 0.05, expected_batch_size: 64
sample_rate: 0.05, expected_batch_size: 64
sample_rate: 0.05, expected_batch_size: 64
sample_rate: 0.05, expected_batch_size: 64
sample_rate: 0.05, expected_batch_size: 32
sample_rate: 0.05, expected_batch_size: 64
sample_rate: 0.05, expected_batch_size: 64
sample_rate: 0.05, expected_batch_size: 64
sample_rate: 0.05, expected_batch_size: 64
sample_rate: 0.05, expected_batch_size: 64
sample_rate: 0.05, expected_batch_size: 64
sample_rate: 0.05, expected_batch_size: 64
sample_rate: 0.05, expected_batch_size: 64
sample_rate: 0.05, expected_batch_size: 64
sample_rate: 0.05, expected_batch_size: 32
initial privacy cost of all clients:  [0, 0, 0, 0, 0, 0, 0, 0, 0, 0]
Round=0
Round=1
Round=2
Round=3
Round=4
Round=5
Traceback (most recent call last):
  File "dp_ditto_unidp.py", line 192, in <module>
    cm, perf_global, perf_personal, perf_pooled = s.run()
  File "/Volumes/Users/shegao_t1/DP_Research/Personal_DP_Personal_FL/rpdp_fl/myopacus/strategies/ditto.py", line 436, in run
    self.perform_round()
  File "/Volumes/Users/shegao_t1/DP_Research/Personal_DP_Personal_FL/rpdp_fl/myopacus/strategies/ditto.py", line 363, in perform_round
    self._personal_optimization(personal_model, global_snapshot)            
  File "/Volumes/Users/shegao_t1/DP_Research/Personal_DP_Personal_FL/rpdp_fl/myopacus/strategies/ditto.py", line 287, in _personal_optimization
    personal_model._ditto_local_train(global_params, \
  File "/Volumes/Users/shegao_t1/DP_Research/Personal_DP_Personal_FL/rpdp_fl/myopacus/strategies/strategies_utils.py", line 299, in _ditto_local_train
    loss.backward()
  File "/Volumes/Users/shegao_t1/.conda/envs/rpdp/lib/python3.8/site-packages/torch/_tensor.py", line 488, in backward
    torch.autograd.backward(
  File "/Volumes/Users/shegao_t1/.conda/envs/rpdp/lib/python3.8/site-packages/torch/autograd/__init__.py", line 197, in backward
    Variable._execution_engine.run_backward(  # Calls into the C++ engine to run the backward pass
  File "/Volumes/Users/shegao_t1/.conda/envs/rpdp/lib/python3.8/site-packages/torch/nn/modules/module.py", line 62, in __call__
    return self.hook(module, *args, **kwargs)
  File "/Volumes/Users/shegao_t1/DP_Research/Personal_DP_Personal_FL/rpdp_fl/myopacus/grad_sample/grad_sample_module.py", line 340, in capture_backprops_hook
    create_or_accumulate_grad_sample(
  File "/Volumes/Users/shegao_t1/DP_Research/Personal_DP_Personal_FL/rpdp_fl/myopacus/grad_sample/grad_sample_module.py", line 57, in create_or_accumulate_grad_sample
    param._current_grad_sample = torch.zeros(
torch.cuda.OutOfMemoryError: CUDA out of memory. Tried to allocate 288.00 MiB (GPU 0; 9.66 GiB total capacity; 3.58 GiB already allocated; 221.06 MiB free; 8.98 GiB reserved in total by PyTorch) If reserved memory is >> allocated memory try setting max_split_size_mb to avoid fragmentation.  See documentation for Memory Management and PYTORCH_CUDA_ALLOC_CONF
--- Finished seed: 42 ---
--- Seed: 43 ---
--- Personal steps: 15 ---
---EPSILON 0.1 ---
default_sample_rate: 0.048484848484848485
noise_multiplier :  25.0
default_sample_rate: 0.048484848484848485
noise_multiplier :  13.75
learning rate =  0.001
sample_rate: 0.05, expected_batch_size: 64
sample_rate: 0.05, expected_batch_size: 64
sample_rate: 0.05, expected_batch_size: 64
sample_rate: 0.05, expected_batch_size: 64
sample_rate: 0.05, expected_batch_size: 64
sample_rate: 0.05, expected_batch_size: 64
sample_rate: 0.05, expected_batch_size: 64
sample_rate: 0.05, expected_batch_size: 64
sample_rate: 0.05, expected_batch_size: 64
sample_rate: 0.05, expected_batch_size: 32
sample_rate: 0.05, expected_batch_size: 64
sample_rate: 0.05, expected_batch_size: 64
sample_rate: 0.05, expected_batch_size: 64
sample_rate: 0.05, expected_batch_size: 64
sample_rate: 0.05, expected_batch_size: 64
sample_rate: 0.05, expected_batch_size: 64
sample_rate: 0.05, expected_batch_size: 64
sample_rate: 0.05, expected_batch_size: 64
sample_rate: 0.05, expected_batch_size: 64
sample_rate: 0.05, expected_batch_size: 32
initial privacy cost of all clients:  [0, 0, 0, 0, 0, 0, 0, 0, 0, 0]
Round=0
Round=1
Round=2
Round=3
Round=4
Round=5
Round=6
Round=7
Round=8
Round=9
Round=10
Round=11
Traceback (most recent call last):
  File "dp_ditto_unidp.py", line 192, in <module>
    cm, perf_global, perf_personal, perf_pooled = s.run()
  File "/Volumes/Users/shegao_t1/DP_Research/Personal_DP_Personal_FL/rpdp_fl/myopacus/strategies/ditto.py", line 436, in run
    self.perform_round()
  File "/Volumes/Users/shegao_t1/DP_Research/Personal_DP_Personal_FL/rpdp_fl/myopacus/strategies/ditto.py", line 363, in perform_round
    self._personal_optimization(personal_model, global_snapshot)            
  File "/Volumes/Users/shegao_t1/DP_Research/Personal_DP_Personal_FL/rpdp_fl/myopacus/strategies/ditto.py", line 287, in _personal_optimization
    personal_model._ditto_local_train(global_params, \
  File "/Volumes/Users/shegao_t1/DP_Research/Personal_DP_Personal_FL/rpdp_fl/myopacus/strategies/strategies_utils.py", line 299, in _ditto_local_train
    loss.backward()
  File "/Volumes/Users/shegao_t1/.conda/envs/rpdp/lib/python3.8/site-packages/torch/_tensor.py", line 488, in backward
    torch.autograd.backward(
  File "/Volumes/Users/shegao_t1/.conda/envs/rpdp/lib/python3.8/site-packages/torch/autograd/__init__.py", line 197, in backward
    Variable._execution_engine.run_backward(  # Calls into the C++ engine to run the backward pass
  File "/Volumes/Users/shegao_t1/.conda/envs/rpdp/lib/python3.8/site-packages/torch/nn/modules/module.py", line 62, in __call__
    return self.hook(module, *args, **kwargs)
  File "/Volumes/Users/shegao_t1/DP_Research/Personal_DP_Personal_FL/rpdp_fl/myopacus/grad_sample/grad_sample_module.py", line 340, in capture_backprops_hook
    create_or_accumulate_grad_sample(
  File "/Volumes/Users/shegao_t1/DP_Research/Personal_DP_Personal_FL/rpdp_fl/myopacus/grad_sample/grad_sample_module.py", line 57, in create_or_accumulate_grad_sample
    param._current_grad_sample = torch.zeros(
torch.cuda.OutOfMemoryError: CUDA out of memory. Tried to allocate 288.00 MiB (GPU 0; 9.66 GiB total capacity; 3.57 GiB already allocated; 19.06 MiB free; 9.18 GiB reserved in total by PyTorch) If reserved memory is >> allocated memory try setting max_split_size_mb to avoid fragmentation.  See documentation for Memory Management and PYTORCH_CUDA_ALLOC_CONF
---EPSILON 0.5 ---
default_sample_rate: 0.048484848484848485
noise_multiplier :  6.5625
default_sample_rate: 0.048484848484848485
noise_multiplier :  3.671875
learning rate =  0.001
sample_rate: 0.05, expected_batch_size: 64
sample_rate: 0.05, expected_batch_size: 64
sample_rate: 0.05, expected_batch_size: 64
sample_rate: 0.05, expected_batch_size: 64
sample_rate: 0.05, expected_batch_size: 64
sample_rate: 0.05, expected_batch_size: 64
sample_rate: 0.05, expected_batch_size: 64
sample_rate: 0.05, expected_batch_size: 64
sample_rate: 0.05, expected_batch_size: 64
sample_rate: 0.05, expected_batch_size: 32
sample_rate: 0.05, expected_batch_size: 64
sample_rate: 0.05, expected_batch_size: 64
sample_rate: 0.05, expected_batch_size: 64
sample_rate: 0.05, expected_batch_size: 64
sample_rate: 0.05, expected_batch_size: 64
sample_rate: 0.05, expected_batch_size: 64
sample_rate: 0.05, expected_batch_size: 64
sample_rate: 0.05, expected_batch_size: 64
sample_rate: 0.05, expected_batch_size: 64
sample_rate: 0.05, expected_batch_size: 32
initial privacy cost of all clients:  [0, 0, 0, 0, 0, 0, 0, 0, 0, 0]
Round=0
Round=1
Round=2
Round=3
Round=4
Round=5
Round=6
Round=7
Round=8
Round=9
Round=10
Round=11
Traceback (most recent call last):
  File "dp_ditto_unidp.py", line 192, in <module>
    cm, perf_global, perf_personal, perf_pooled = s.run()
  File "/Volumes/Users/shegao_t1/DP_Research/Personal_DP_Personal_FL/rpdp_fl/myopacus/strategies/ditto.py", line 436, in run
    self.perform_round()
  File "/Volumes/Users/shegao_t1/DP_Research/Personal_DP_Personal_FL/rpdp_fl/myopacus/strategies/ditto.py", line 363, in perform_round
    self._personal_optimization(personal_model, global_snapshot)            
  File "/Volumes/Users/shegao_t1/DP_Research/Personal_DP_Personal_FL/rpdp_fl/myopacus/strategies/ditto.py", line 287, in _personal_optimization
    personal_model._ditto_local_train(global_params, \
  File "/Volumes/Users/shegao_t1/DP_Research/Personal_DP_Personal_FL/rpdp_fl/myopacus/strategies/strategies_utils.py", line 299, in _ditto_local_train
    loss.backward()
  File "/Volumes/Users/shegao_t1/.conda/envs/rpdp/lib/python3.8/site-packages/torch/_tensor.py", line 488, in backward
    torch.autograd.backward(
  File "/Volumes/Users/shegao_t1/.conda/envs/rpdp/lib/python3.8/site-packages/torch/autograd/__init__.py", line 197, in backward
    Variable._execution_engine.run_backward(  # Calls into the C++ engine to run the backward pass
  File "/Volumes/Users/shegao_t1/.conda/envs/rpdp/lib/python3.8/site-packages/torch/nn/modules/module.py", line 62, in __call__
    return self.hook(module, *args, **kwargs)
  File "/Volumes/Users/shegao_t1/DP_Research/Personal_DP_Personal_FL/rpdp_fl/myopacus/grad_sample/grad_sample_module.py", line 340, in capture_backprops_hook
    create_or_accumulate_grad_sample(
  File "/Volumes/Users/shegao_t1/DP_Research/Personal_DP_Personal_FL/rpdp_fl/myopacus/grad_sample/grad_sample_module.py", line 57, in create_or_accumulate_grad_sample
    param._current_grad_sample = torch.zeros(
torch.cuda.OutOfMemoryError: CUDA out of memory. Tried to allocate 288.00 MiB (GPU 0; 9.66 GiB total capacity; 3.57 GiB already allocated; 19.06 MiB free; 9.18 GiB reserved in total by PyTorch) If reserved memory is >> allocated memory try setting max_split_size_mb to avoid fragmentation.  See documentation for Memory Management and PYTORCH_CUDA_ALLOC_CONF
---EPSILON 1 ---
default_sample_rate: 0.048484848484848485
noise_multiplier :  3.65234375
default_sample_rate: 0.048484848484848485
noise_multiplier :  2.1484375
learning rate =  0.001
sample_rate: 0.05, expected_batch_size: 64
sample_rate: 0.05, expected_batch_size: 64
sample_rate: 0.05, expected_batch_size: 64
sample_rate: 0.05, expected_batch_size: 64
sample_rate: 0.05, expected_batch_size: 64
sample_rate: 0.05, expected_batch_size: 64
sample_rate: 0.05, expected_batch_size: 64
sample_rate: 0.05, expected_batch_size: 64
sample_rate: 0.05, expected_batch_size: 64
sample_rate: 0.05, expected_batch_size: 32
sample_rate: 0.05, expected_batch_size: 64
sample_rate: 0.05, expected_batch_size: 64
sample_rate: 0.05, expected_batch_size: 64
sample_rate: 0.05, expected_batch_size: 64
sample_rate: 0.05, expected_batch_size: 64
sample_rate: 0.05, expected_batch_size: 64
sample_rate: 0.05, expected_batch_size: 64
sample_rate: 0.05, expected_batch_size: 64
sample_rate: 0.05, expected_batch_size: 64
sample_rate: 0.05, expected_batch_size: 32
initial privacy cost of all clients:  [0, 0, 0, 0, 0, 0, 0, 0, 0, 0]
Round=0
Round=1
Round=2
Round=3
Round=4
Round=5
Round=6
Round=7
Round=8
Round=9
Round=10
Round=11
Traceback (most recent call last):
  File "dp_ditto_unidp.py", line 192, in <module>
    cm, perf_global, perf_personal, perf_pooled = s.run()
  File "/Volumes/Users/shegao_t1/DP_Research/Personal_DP_Personal_FL/rpdp_fl/myopacus/strategies/ditto.py", line 436, in run
    self.perform_round()
  File "/Volumes/Users/shegao_t1/DP_Research/Personal_DP_Personal_FL/rpdp_fl/myopacus/strategies/ditto.py", line 363, in perform_round
    self._personal_optimization(personal_model, global_snapshot)            
  File "/Volumes/Users/shegao_t1/DP_Research/Personal_DP_Personal_FL/rpdp_fl/myopacus/strategies/ditto.py", line 287, in _personal_optimization
    personal_model._ditto_local_train(global_params, \
  File "/Volumes/Users/shegao_t1/DP_Research/Personal_DP_Personal_FL/rpdp_fl/myopacus/strategies/strategies_utils.py", line 299, in _ditto_local_train
    loss.backward()
  File "/Volumes/Users/shegao_t1/.conda/envs/rpdp/lib/python3.8/site-packages/torch/_tensor.py", line 488, in backward
    torch.autograd.backward(
  File "/Volumes/Users/shegao_t1/.conda/envs/rpdp/lib/python3.8/site-packages/torch/autograd/__init__.py", line 197, in backward
    Variable._execution_engine.run_backward(  # Calls into the C++ engine to run the backward pass
  File "/Volumes/Users/shegao_t1/.conda/envs/rpdp/lib/python3.8/site-packages/torch/nn/modules/module.py", line 62, in __call__
    return self.hook(module, *args, **kwargs)
  File "/Volumes/Users/shegao_t1/DP_Research/Personal_DP_Personal_FL/rpdp_fl/myopacus/grad_sample/grad_sample_module.py", line 340, in capture_backprops_hook
    create_or_accumulate_grad_sample(
  File "/Volumes/Users/shegao_t1/DP_Research/Personal_DP_Personal_FL/rpdp_fl/myopacus/grad_sample/grad_sample_module.py", line 57, in create_or_accumulate_grad_sample
    param._current_grad_sample = torch.zeros(
torch.cuda.OutOfMemoryError: CUDA out of memory. Tried to allocate 288.00 MiB (GPU 0; 9.66 GiB total capacity; 3.57 GiB already allocated; 19.06 MiB free; 9.18 GiB reserved in total by PyTorch) If reserved memory is >> allocated memory try setting max_split_size_mb to avoid fragmentation.  See documentation for Memory Management and PYTORCH_CUDA_ALLOC_CONF
---EPSILON 4 ---
default_sample_rate: 0.048484848484848485
noise_multiplier :  1.334228515625
default_sample_rate: 0.048484848484848485
noise_multiplier :  0.95458984375
learning rate =  0.001
sample_rate: 0.05, expected_batch_size: 64
sample_rate: 0.05, expected_batch_size: 64
sample_rate: 0.05, expected_batch_size: 64
sample_rate: 0.05, expected_batch_size: 64
sample_rate: 0.05, expected_batch_size: 64
sample_rate: 0.05, expected_batch_size: 64
sample_rate: 0.05, expected_batch_size: 64
sample_rate: 0.05, expected_batch_size: 64
sample_rate: 0.05, expected_batch_size: 64
sample_rate: 0.05, expected_batch_size: 32
sample_rate: 0.05, expected_batch_size: 64
sample_rate: 0.05, expected_batch_size: 64
sample_rate: 0.05, expected_batch_size: 64
sample_rate: 0.05, expected_batch_size: 64
sample_rate: 0.05, expected_batch_size: 64
sample_rate: 0.05, expected_batch_size: 64
sample_rate: 0.05, expected_batch_size: 64
sample_rate: 0.05, expected_batch_size: 64
sample_rate: 0.05, expected_batch_size: 64
sample_rate: 0.05, expected_batch_size: 32
initial privacy cost of all clients:  [0, 0, 0, 0, 0, 0, 0, 0, 0, 0]
Round=0
Round=1
Round=2
Round=3
Round=4
Round=5
Round=6
Round=7
Round=8
Round=9
Round=10
Round=11
Traceback (most recent call last):
  File "dp_ditto_unidp.py", line 192, in <module>
    cm, perf_global, perf_personal, perf_pooled = s.run()
  File "/Volumes/Users/shegao_t1/DP_Research/Personal_DP_Personal_FL/rpdp_fl/myopacus/strategies/ditto.py", line 436, in run
    self.perform_round()
  File "/Volumes/Users/shegao_t1/DP_Research/Personal_DP_Personal_FL/rpdp_fl/myopacus/strategies/ditto.py", line 363, in perform_round
    self._personal_optimization(personal_model, global_snapshot)            
  File "/Volumes/Users/shegao_t1/DP_Research/Personal_DP_Personal_FL/rpdp_fl/myopacus/strategies/ditto.py", line 287, in _personal_optimization
    personal_model._ditto_local_train(global_params, \
  File "/Volumes/Users/shegao_t1/DP_Research/Personal_DP_Personal_FL/rpdp_fl/myopacus/strategies/strategies_utils.py", line 299, in _ditto_local_train
    loss.backward()
  File "/Volumes/Users/shegao_t1/.conda/envs/rpdp/lib/python3.8/site-packages/torch/_tensor.py", line 488, in backward
    torch.autograd.backward(
  File "/Volumes/Users/shegao_t1/.conda/envs/rpdp/lib/python3.8/site-packages/torch/autograd/__init__.py", line 197, in backward
    Variable._execution_engine.run_backward(  # Calls into the C++ engine to run the backward pass
  File "/Volumes/Users/shegao_t1/.conda/envs/rpdp/lib/python3.8/site-packages/torch/nn/modules/module.py", line 62, in __call__
    return self.hook(module, *args, **kwargs)
  File "/Volumes/Users/shegao_t1/DP_Research/Personal_DP_Personal_FL/rpdp_fl/myopacus/grad_sample/grad_sample_module.py", line 340, in capture_backprops_hook
    create_or_accumulate_grad_sample(
  File "/Volumes/Users/shegao_t1/DP_Research/Personal_DP_Personal_FL/rpdp_fl/myopacus/grad_sample/grad_sample_module.py", line 57, in create_or_accumulate_grad_sample
    param._current_grad_sample = torch.zeros(
torch.cuda.OutOfMemoryError: CUDA out of memory. Tried to allocate 288.00 MiB (GPU 0; 9.66 GiB total capacity; 3.57 GiB already allocated; 19.06 MiB free; 9.18 GiB reserved in total by PyTorch) If reserved memory is >> allocated memory try setting max_split_size_mb to avoid fragmentation.  See documentation for Memory Management and PYTORCH_CUDA_ALLOC_CONF
---EPSILON 8 ---
default_sample_rate: 0.048484848484848485
noise_multiplier :  0.9417724609375
default_sample_rate: 0.048484848484848485
noise_multiplier :  0.7232666015625
learning rate =  0.001
sample_rate: 0.05, expected_batch_size: 64
sample_rate: 0.05, expected_batch_size: 64
sample_rate: 0.05, expected_batch_size: 64
sample_rate: 0.05, expected_batch_size: 64
sample_rate: 0.05, expected_batch_size: 64
sample_rate: 0.05, expected_batch_size: 64
sample_rate: 0.05, expected_batch_size: 64
sample_rate: 0.05, expected_batch_size: 64
sample_rate: 0.05, expected_batch_size: 64
sample_rate: 0.05, expected_batch_size: 32
sample_rate: 0.05, expected_batch_size: 64
sample_rate: 0.05, expected_batch_size: 64
sample_rate: 0.05, expected_batch_size: 64
sample_rate: 0.05, expected_batch_size: 64
sample_rate: 0.05, expected_batch_size: 64
sample_rate: 0.05, expected_batch_size: 64
sample_rate: 0.05, expected_batch_size: 64
sample_rate: 0.05, expected_batch_size: 64
sample_rate: 0.05, expected_batch_size: 64
sample_rate: 0.05, expected_batch_size: 32
initial privacy cost of all clients:  [0, 0, 0, 0, 0, 0, 0, 0, 0, 0]
Round=0
Round=1
Round=2
Round=3
Round=4
Round=5
Round=6
Round=7
Round=8
Round=9
Round=10
Round=11
Traceback (most recent call last):
  File "dp_ditto_unidp.py", line 192, in <module>
    cm, perf_global, perf_personal, perf_pooled = s.run()
  File "/Volumes/Users/shegao_t1/DP_Research/Personal_DP_Personal_FL/rpdp_fl/myopacus/strategies/ditto.py", line 436, in run
    self.perform_round()
  File "/Volumes/Users/shegao_t1/DP_Research/Personal_DP_Personal_FL/rpdp_fl/myopacus/strategies/ditto.py", line 363, in perform_round
    self._personal_optimization(personal_model, global_snapshot)            
  File "/Volumes/Users/shegao_t1/DP_Research/Personal_DP_Personal_FL/rpdp_fl/myopacus/strategies/ditto.py", line 287, in _personal_optimization
    personal_model._ditto_local_train(global_params, \
  File "/Volumes/Users/shegao_t1/DP_Research/Personal_DP_Personal_FL/rpdp_fl/myopacus/strategies/strategies_utils.py", line 299, in _ditto_local_train
    loss.backward()
  File "/Volumes/Users/shegao_t1/.conda/envs/rpdp/lib/python3.8/site-packages/torch/_tensor.py", line 488, in backward
    torch.autograd.backward(
  File "/Volumes/Users/shegao_t1/.conda/envs/rpdp/lib/python3.8/site-packages/torch/autograd/__init__.py", line 197, in backward
    Variable._execution_engine.run_backward(  # Calls into the C++ engine to run the backward pass
  File "/Volumes/Users/shegao_t1/.conda/envs/rpdp/lib/python3.8/site-packages/torch/nn/modules/module.py", line 62, in __call__
    return self.hook(module, *args, **kwargs)
  File "/Volumes/Users/shegao_t1/DP_Research/Personal_DP_Personal_FL/rpdp_fl/myopacus/grad_sample/grad_sample_module.py", line 340, in capture_backprops_hook
    create_or_accumulate_grad_sample(
  File "/Volumes/Users/shegao_t1/DP_Research/Personal_DP_Personal_FL/rpdp_fl/myopacus/grad_sample/grad_sample_module.py", line 57, in create_or_accumulate_grad_sample
    param._current_grad_sample = torch.zeros(
torch.cuda.OutOfMemoryError: CUDA out of memory. Tried to allocate 288.00 MiB (GPU 0; 9.66 GiB total capacity; 3.57 GiB already allocated; 19.06 MiB free; 9.18 GiB reserved in total by PyTorch) If reserved memory is >> allocated memory try setting max_split_size_mb to avoid fragmentation.  See documentation for Memory Management and PYTORCH_CUDA_ALLOC_CONF
---EPSILON 16 ---
default_sample_rate: 0.048484848484848485
noise_multiplier :  0.693359375
default_sample_rate: 0.048484848484848485
noise_multiplier :  0.5580902099609375
learning rate =  0.001
sample_rate: 0.05, expected_batch_size: 64
sample_rate: 0.05, expected_batch_size: 64
sample_rate: 0.05, expected_batch_size: 64
sample_rate: 0.05, expected_batch_size: 64
sample_rate: 0.05, expected_batch_size: 64
sample_rate: 0.05, expected_batch_size: 64
sample_rate: 0.05, expected_batch_size: 64
sample_rate: 0.05, expected_batch_size: 64
sample_rate: 0.05, expected_batch_size: 64
sample_rate: 0.05, expected_batch_size: 32
sample_rate: 0.05, expected_batch_size: 64
sample_rate: 0.05, expected_batch_size: 64
sample_rate: 0.05, expected_batch_size: 64
sample_rate: 0.05, expected_batch_size: 64
sample_rate: 0.05, expected_batch_size: 64
sample_rate: 0.05, expected_batch_size: 64
sample_rate: 0.05, expected_batch_size: 64
sample_rate: 0.05, expected_batch_size: 64
sample_rate: 0.05, expected_batch_size: 64
sample_rate: 0.05, expected_batch_size: 32
initial privacy cost of all clients:  [0, 0, 0, 0, 0, 0, 0, 0, 0, 0]
Round=0
Round=1
Round=2
Round=3
Round=4
Round=5
Round=6
Round=7
Round=8
Round=9
Round=10
Round=11
Traceback (most recent call last):
  File "dp_ditto_unidp.py", line 192, in <module>
    cm, perf_global, perf_personal, perf_pooled = s.run()
  File "/Volumes/Users/shegao_t1/DP_Research/Personal_DP_Personal_FL/rpdp_fl/myopacus/strategies/ditto.py", line 436, in run
    self.perform_round()
  File "/Volumes/Users/shegao_t1/DP_Research/Personal_DP_Personal_FL/rpdp_fl/myopacus/strategies/ditto.py", line 363, in perform_round
    self._personal_optimization(personal_model, global_snapshot)            
  File "/Volumes/Users/shegao_t1/DP_Research/Personal_DP_Personal_FL/rpdp_fl/myopacus/strategies/ditto.py", line 287, in _personal_optimization
    personal_model._ditto_local_train(global_params, \
  File "/Volumes/Users/shegao_t1/DP_Research/Personal_DP_Personal_FL/rpdp_fl/myopacus/strategies/strategies_utils.py", line 299, in _ditto_local_train
    loss.backward()
  File "/Volumes/Users/shegao_t1/.conda/envs/rpdp/lib/python3.8/site-packages/torch/_tensor.py", line 488, in backward
    torch.autograd.backward(
  File "/Volumes/Users/shegao_t1/.conda/envs/rpdp/lib/python3.8/site-packages/torch/autograd/__init__.py", line 197, in backward
    Variable._execution_engine.run_backward(  # Calls into the C++ engine to run the backward pass
  File "/Volumes/Users/shegao_t1/.conda/envs/rpdp/lib/python3.8/site-packages/torch/nn/modules/module.py", line 62, in __call__
    return self.hook(module, *args, **kwargs)
  File "/Volumes/Users/shegao_t1/DP_Research/Personal_DP_Personal_FL/rpdp_fl/myopacus/grad_sample/grad_sample_module.py", line 340, in capture_backprops_hook
    create_or_accumulate_grad_sample(
  File "/Volumes/Users/shegao_t1/DP_Research/Personal_DP_Personal_FL/rpdp_fl/myopacus/grad_sample/grad_sample_module.py", line 57, in create_or_accumulate_grad_sample
    param._current_grad_sample = torch.zeros(
torch.cuda.OutOfMemoryError: CUDA out of memory. Tried to allocate 288.00 MiB (GPU 0; 9.66 GiB total capacity; 3.57 GiB already allocated; 19.06 MiB free; 9.18 GiB reserved in total by PyTorch) If reserved memory is >> allocated memory try setting max_split_size_mb to avoid fragmentation.  See documentation for Memory Management and PYTORCH_CUDA_ALLOC_CONF
--- Finished seed: 43 ---
--- Seed: 44 ---
--- Personal steps: 15 ---
---EPSILON 0.1 ---
default_sample_rate: 0.048484848484848485
noise_multiplier :  25.0
default_sample_rate: 0.048484848484848485
noise_multiplier :  13.75
learning rate =  0.001
sample_rate: 0.05, expected_batch_size: 64
sample_rate: 0.05, expected_batch_size: 64
sample_rate: 0.05, expected_batch_size: 64
sample_rate: 0.05, expected_batch_size: 64
sample_rate: 0.05, expected_batch_size: 64
sample_rate: 0.05, expected_batch_size: 64
sample_rate: 0.05, expected_batch_size: 64
sample_rate: 0.05, expected_batch_size: 64
sample_rate: 0.05, expected_batch_size: 64
sample_rate: 0.05, expected_batch_size: 32
sample_rate: 0.05, expected_batch_size: 64
sample_rate: 0.05, expected_batch_size: 64
sample_rate: 0.05, expected_batch_size: 64
sample_rate: 0.05, expected_batch_size: 64
sample_rate: 0.05, expected_batch_size: 64
sample_rate: 0.05, expected_batch_size: 64
sample_rate: 0.05, expected_batch_size: 64
sample_rate: 0.05, expected_batch_size: 64
sample_rate: 0.05, expected_batch_size: 64
sample_rate: 0.05, expected_batch_size: 32
initial privacy cost of all clients:  [0, 0, 0, 0, 0, 0, 0, 0, 0, 0]
Round=0
Round=1
Round=2
Round=3
Round=4
Round=5
Round=6
Round=7
Traceback (most recent call last):
  File "dp_ditto_unidp.py", line 192, in <module>
    cm, perf_global, perf_personal, perf_pooled = s.run()
  File "/Volumes/Users/shegao_t1/DP_Research/Personal_DP_Personal_FL/rpdp_fl/myopacus/strategies/ditto.py", line 436, in run
    self.perform_round()
  File "/Volumes/Users/shegao_t1/DP_Research/Personal_DP_Personal_FL/rpdp_fl/myopacus/strategies/ditto.py", line 363, in perform_round
    self._personal_optimization(personal_model, global_snapshot)            
  File "/Volumes/Users/shegao_t1/DP_Research/Personal_DP_Personal_FL/rpdp_fl/myopacus/strategies/ditto.py", line 287, in _personal_optimization
    personal_model._ditto_local_train(global_params, \
  File "/Volumes/Users/shegao_t1/DP_Research/Personal_DP_Personal_FL/rpdp_fl/myopacus/strategies/strategies_utils.py", line 299, in _ditto_local_train
    loss.backward()
  File "/Volumes/Users/shegao_t1/.conda/envs/rpdp/lib/python3.8/site-packages/torch/_tensor.py", line 488, in backward
    torch.autograd.backward(
  File "/Volumes/Users/shegao_t1/.conda/envs/rpdp/lib/python3.8/site-packages/torch/autograd/__init__.py", line 197, in backward
    Variable._execution_engine.run_backward(  # Calls into the C++ engine to run the backward pass
  File "/Volumes/Users/shegao_t1/.conda/envs/rpdp/lib/python3.8/site-packages/torch/nn/modules/module.py", line 62, in __call__
    return self.hook(module, *args, **kwargs)
  File "/Volumes/Users/shegao_t1/DP_Research/Personal_DP_Personal_FL/rpdp_fl/myopacus/grad_sample/grad_sample_module.py", line 340, in capture_backprops_hook
    create_or_accumulate_grad_sample(
  File "/Volumes/Users/shegao_t1/DP_Research/Personal_DP_Personal_FL/rpdp_fl/myopacus/grad_sample/grad_sample_module.py", line 57, in create_or_accumulate_grad_sample
    param._current_grad_sample = torch.zeros(
torch.cuda.OutOfMemoryError: CUDA out of memory. Tried to allocate 288.00 MiB (GPU 0; 9.66 GiB total capacity; 3.28 GiB already allocated; 287.06 MiB free; 8.92 GiB reserved in total by PyTorch) If reserved memory is >> allocated memory try setting max_split_size_mb to avoid fragmentation.  See documentation for Memory Management and PYTORCH_CUDA_ALLOC_CONF
---EPSILON 0.5 ---
default_sample_rate: 0.048484848484848485
noise_multiplier :  6.5625
default_sample_rate: 0.048484848484848485
noise_multiplier :  3.671875
learning rate =  0.001
sample_rate: 0.05, expected_batch_size: 64
sample_rate: 0.05, expected_batch_size: 64
sample_rate: 0.05, expected_batch_size: 64
sample_rate: 0.05, expected_batch_size: 64
sample_rate: 0.05, expected_batch_size: 64
sample_rate: 0.05, expected_batch_size: 64
sample_rate: 0.05, expected_batch_size: 64
sample_rate: 0.05, expected_batch_size: 64
sample_rate: 0.05, expected_batch_size: 64
sample_rate: 0.05, expected_batch_size: 32
sample_rate: 0.05, expected_batch_size: 64
sample_rate: 0.05, expected_batch_size: 64
sample_rate: 0.05, expected_batch_size: 64
sample_rate: 0.05, expected_batch_size: 64
sample_rate: 0.05, expected_batch_size: 64
sample_rate: 0.05, expected_batch_size: 64
sample_rate: 0.05, expected_batch_size: 64
sample_rate: 0.05, expected_batch_size: 64
sample_rate: 0.05, expected_batch_size: 64
sample_rate: 0.05, expected_batch_size: 32
initial privacy cost of all clients:  [0, 0, 0, 0, 0, 0, 0, 0, 0, 0]
Round=0
Round=1
Round=2
Round=3
Round=4
Round=5
Round=6
Round=7
Traceback (most recent call last):
  File "dp_ditto_unidp.py", line 192, in <module>
    cm, perf_global, perf_personal, perf_pooled = s.run()
  File "/Volumes/Users/shegao_t1/DP_Research/Personal_DP_Personal_FL/rpdp_fl/myopacus/strategies/ditto.py", line 436, in run
    self.perform_round()
  File "/Volumes/Users/shegao_t1/DP_Research/Personal_DP_Personal_FL/rpdp_fl/myopacus/strategies/ditto.py", line 363, in perform_round
    self._personal_optimization(personal_model, global_snapshot)            
  File "/Volumes/Users/shegao_t1/DP_Research/Personal_DP_Personal_FL/rpdp_fl/myopacus/strategies/ditto.py", line 287, in _personal_optimization
    personal_model._ditto_local_train(global_params, \
  File "/Volumes/Users/shegao_t1/DP_Research/Personal_DP_Personal_FL/rpdp_fl/myopacus/strategies/strategies_utils.py", line 299, in _ditto_local_train
    loss.backward()
  File "/Volumes/Users/shegao_t1/.conda/envs/rpdp/lib/python3.8/site-packages/torch/_tensor.py", line 488, in backward
    torch.autograd.backward(
  File "/Volumes/Users/shegao_t1/.conda/envs/rpdp/lib/python3.8/site-packages/torch/autograd/__init__.py", line 197, in backward
    Variable._execution_engine.run_backward(  # Calls into the C++ engine to run the backward pass
  File "/Volumes/Users/shegao_t1/.conda/envs/rpdp/lib/python3.8/site-packages/torch/nn/modules/module.py", line 62, in __call__
    return self.hook(module, *args, **kwargs)
  File "/Volumes/Users/shegao_t1/DP_Research/Personal_DP_Personal_FL/rpdp_fl/myopacus/grad_sample/grad_sample_module.py", line 340, in capture_backprops_hook
    create_or_accumulate_grad_sample(
  File "/Volumes/Users/shegao_t1/DP_Research/Personal_DP_Personal_FL/rpdp_fl/myopacus/grad_sample/grad_sample_module.py", line 57, in create_or_accumulate_grad_sample
    param._current_grad_sample = torch.zeros(
torch.cuda.OutOfMemoryError: CUDA out of memory. Tried to allocate 288.00 MiB (GPU 0; 9.66 GiB total capacity; 3.28 GiB already allocated; 287.06 MiB free; 8.92 GiB reserved in total by PyTorch) If reserved memory is >> allocated memory try setting max_split_size_mb to avoid fragmentation.  See documentation for Memory Management and PYTORCH_CUDA_ALLOC_CONF
---EPSILON 1 ---
default_sample_rate: 0.048484848484848485
noise_multiplier :  3.65234375
default_sample_rate: 0.048484848484848485
noise_multiplier :  2.1484375
learning rate =  0.001
sample_rate: 0.05, expected_batch_size: 64
sample_rate: 0.05, expected_batch_size: 64
sample_rate: 0.05, expected_batch_size: 64
sample_rate: 0.05, expected_batch_size: 64
sample_rate: 0.05, expected_batch_size: 64
sample_rate: 0.05, expected_batch_size: 64
sample_rate: 0.05, expected_batch_size: 64
sample_rate: 0.05, expected_batch_size: 64
sample_rate: 0.05, expected_batch_size: 64
sample_rate: 0.05, expected_batch_size: 32
sample_rate: 0.05, expected_batch_size: 64
sample_rate: 0.05, expected_batch_size: 64
sample_rate: 0.05, expected_batch_size: 64
sample_rate: 0.05, expected_batch_size: 64
sample_rate: 0.05, expected_batch_size: 64
sample_rate: 0.05, expected_batch_size: 64
sample_rate: 0.05, expected_batch_size: 64
sample_rate: 0.05, expected_batch_size: 64
sample_rate: 0.05, expected_batch_size: 64
sample_rate: 0.05, expected_batch_size: 32
initial privacy cost of all clients:  [0, 0, 0, 0, 0, 0, 0, 0, 0, 0]
Round=0
Round=1
Round=2
Round=3
Round=4
Round=5
Round=6
Round=7
Traceback (most recent call last):
  File "dp_ditto_unidp.py", line 192, in <module>
    cm, perf_global, perf_personal, perf_pooled = s.run()
  File "/Volumes/Users/shegao_t1/DP_Research/Personal_DP_Personal_FL/rpdp_fl/myopacus/strategies/ditto.py", line 436, in run
    self.perform_round()
  File "/Volumes/Users/shegao_t1/DP_Research/Personal_DP_Personal_FL/rpdp_fl/myopacus/strategies/ditto.py", line 363, in perform_round
    self._personal_optimization(personal_model, global_snapshot)            
  File "/Volumes/Users/shegao_t1/DP_Research/Personal_DP_Personal_FL/rpdp_fl/myopacus/strategies/ditto.py", line 287, in _personal_optimization
    personal_model._ditto_local_train(global_params, \
  File "/Volumes/Users/shegao_t1/DP_Research/Personal_DP_Personal_FL/rpdp_fl/myopacus/strategies/strategies_utils.py", line 299, in _ditto_local_train
    loss.backward()
  File "/Volumes/Users/shegao_t1/.conda/envs/rpdp/lib/python3.8/site-packages/torch/_tensor.py", line 488, in backward
    torch.autograd.backward(
  File "/Volumes/Users/shegao_t1/.conda/envs/rpdp/lib/python3.8/site-packages/torch/autograd/__init__.py", line 197, in backward
    Variable._execution_engine.run_backward(  # Calls into the C++ engine to run the backward pass
  File "/Volumes/Users/shegao_t1/.conda/envs/rpdp/lib/python3.8/site-packages/torch/nn/modules/module.py", line 62, in __call__
    return self.hook(module, *args, **kwargs)
  File "/Volumes/Users/shegao_t1/DP_Research/Personal_DP_Personal_FL/rpdp_fl/myopacus/grad_sample/grad_sample_module.py", line 340, in capture_backprops_hook
    create_or_accumulate_grad_sample(
  File "/Volumes/Users/shegao_t1/DP_Research/Personal_DP_Personal_FL/rpdp_fl/myopacus/grad_sample/grad_sample_module.py", line 57, in create_or_accumulate_grad_sample
    param._current_grad_sample = torch.zeros(
torch.cuda.OutOfMemoryError: CUDA out of memory. Tried to allocate 288.00 MiB (GPU 0; 9.66 GiB total capacity; 3.28 GiB already allocated; 287.06 MiB free; 8.92 GiB reserved in total by PyTorch) If reserved memory is >> allocated memory try setting max_split_size_mb to avoid fragmentation.  See documentation for Memory Management and PYTORCH_CUDA_ALLOC_CONF
---EPSILON 4 ---
default_sample_rate: 0.048484848484848485
noise_multiplier :  1.334228515625
default_sample_rate: 0.048484848484848485
noise_multiplier :  0.95458984375
learning rate =  0.001
sample_rate: 0.05, expected_batch_size: 64
sample_rate: 0.05, expected_batch_size: 64
sample_rate: 0.05, expected_batch_size: 64
sample_rate: 0.05, expected_batch_size: 64
sample_rate: 0.05, expected_batch_size: 64
sample_rate: 0.05, expected_batch_size: 64
sample_rate: 0.05, expected_batch_size: 64
sample_rate: 0.05, expected_batch_size: 64
sample_rate: 0.05, expected_batch_size: 64
sample_rate: 0.05, expected_batch_size: 32
sample_rate: 0.05, expected_batch_size: 64
sample_rate: 0.05, expected_batch_size: 64
sample_rate: 0.05, expected_batch_size: 64
sample_rate: 0.05, expected_batch_size: 64
sample_rate: 0.05, expected_batch_size: 64
sample_rate: 0.05, expected_batch_size: 64
sample_rate: 0.05, expected_batch_size: 64
sample_rate: 0.05, expected_batch_size: 64
sample_rate: 0.05, expected_batch_size: 64
sample_rate: 0.05, expected_batch_size: 32
initial privacy cost of all clients:  [0, 0, 0, 0, 0, 0, 0, 0, 0, 0]
Round=0
Round=1
Round=2
Round=3
Round=4
Round=5
Round=6
Round=7
Traceback (most recent call last):
  File "dp_ditto_unidp.py", line 192, in <module>
    cm, perf_global, perf_personal, perf_pooled = s.run()
  File "/Volumes/Users/shegao_t1/DP_Research/Personal_DP_Personal_FL/rpdp_fl/myopacus/strategies/ditto.py", line 436, in run
    self.perform_round()
  File "/Volumes/Users/shegao_t1/DP_Research/Personal_DP_Personal_FL/rpdp_fl/myopacus/strategies/ditto.py", line 363, in perform_round
    self._personal_optimization(personal_model, global_snapshot)            
  File "/Volumes/Users/shegao_t1/DP_Research/Personal_DP_Personal_FL/rpdp_fl/myopacus/strategies/ditto.py", line 287, in _personal_optimization
    personal_model._ditto_local_train(global_params, \
  File "/Volumes/Users/shegao_t1/DP_Research/Personal_DP_Personal_FL/rpdp_fl/myopacus/strategies/strategies_utils.py", line 299, in _ditto_local_train
    loss.backward()
  File "/Volumes/Users/shegao_t1/.conda/envs/rpdp/lib/python3.8/site-packages/torch/_tensor.py", line 488, in backward
    torch.autograd.backward(
  File "/Volumes/Users/shegao_t1/.conda/envs/rpdp/lib/python3.8/site-packages/torch/autograd/__init__.py", line 197, in backward
    Variable._execution_engine.run_backward(  # Calls into the C++ engine to run the backward pass
  File "/Volumes/Users/shegao_t1/.conda/envs/rpdp/lib/python3.8/site-packages/torch/nn/modules/module.py", line 62, in __call__
    return self.hook(module, *args, **kwargs)
  File "/Volumes/Users/shegao_t1/DP_Research/Personal_DP_Personal_FL/rpdp_fl/myopacus/grad_sample/grad_sample_module.py", line 340, in capture_backprops_hook
    create_or_accumulate_grad_sample(
  File "/Volumes/Users/shegao_t1/DP_Research/Personal_DP_Personal_FL/rpdp_fl/myopacus/grad_sample/grad_sample_module.py", line 57, in create_or_accumulate_grad_sample
    param._current_grad_sample = torch.zeros(
torch.cuda.OutOfMemoryError: CUDA out of memory. Tried to allocate 288.00 MiB (GPU 0; 9.66 GiB total capacity; 3.28 GiB already allocated; 287.06 MiB free; 8.92 GiB reserved in total by PyTorch) If reserved memory is >> allocated memory try setting max_split_size_mb to avoid fragmentation.  See documentation for Memory Management and PYTORCH_CUDA_ALLOC_CONF
---EPSILON 8 ---
default_sample_rate: 0.048484848484848485
noise_multiplier :  0.9417724609375
default_sample_rate: 0.048484848484848485
noise_multiplier :  0.7232666015625
learning rate =  0.001
sample_rate: 0.05, expected_batch_size: 64
sample_rate: 0.05, expected_batch_size: 64
sample_rate: 0.05, expected_batch_size: 64
sample_rate: 0.05, expected_batch_size: 64
sample_rate: 0.05, expected_batch_size: 64
sample_rate: 0.05, expected_batch_size: 64
sample_rate: 0.05, expected_batch_size: 64
sample_rate: 0.05, expected_batch_size: 64
sample_rate: 0.05, expected_batch_size: 64
sample_rate: 0.05, expected_batch_size: 32
sample_rate: 0.05, expected_batch_size: 64
sample_rate: 0.05, expected_batch_size: 64
sample_rate: 0.05, expected_batch_size: 64
sample_rate: 0.05, expected_batch_size: 64
sample_rate: 0.05, expected_batch_size: 64
sample_rate: 0.05, expected_batch_size: 64
sample_rate: 0.05, expected_batch_size: 64
sample_rate: 0.05, expected_batch_size: 64
sample_rate: 0.05, expected_batch_size: 64
sample_rate: 0.05, expected_batch_size: 32
initial privacy cost of all clients:  [0, 0, 0, 0, 0, 0, 0, 0, 0, 0]
Round=0
Round=1
Round=2
Round=3
Round=4
Round=5
Round=6
Round=7
Traceback (most recent call last):
  File "dp_ditto_unidp.py", line 192, in <module>
    cm, perf_global, perf_personal, perf_pooled = s.run()
  File "/Volumes/Users/shegao_t1/DP_Research/Personal_DP_Personal_FL/rpdp_fl/myopacus/strategies/ditto.py", line 436, in run
    self.perform_round()
  File "/Volumes/Users/shegao_t1/DP_Research/Personal_DP_Personal_FL/rpdp_fl/myopacus/strategies/ditto.py", line 363, in perform_round
    self._personal_optimization(personal_model, global_snapshot)            
  File "/Volumes/Users/shegao_t1/DP_Research/Personal_DP_Personal_FL/rpdp_fl/myopacus/strategies/ditto.py", line 287, in _personal_optimization
    personal_model._ditto_local_train(global_params, \
  File "/Volumes/Users/shegao_t1/DP_Research/Personal_DP_Personal_FL/rpdp_fl/myopacus/strategies/strategies_utils.py", line 299, in _ditto_local_train
    loss.backward()
  File "/Volumes/Users/shegao_t1/.conda/envs/rpdp/lib/python3.8/site-packages/torch/_tensor.py", line 488, in backward
    torch.autograd.backward(
  File "/Volumes/Users/shegao_t1/.conda/envs/rpdp/lib/python3.8/site-packages/torch/autograd/__init__.py", line 197, in backward
    Variable._execution_engine.run_backward(  # Calls into the C++ engine to run the backward pass
  File "/Volumes/Users/shegao_t1/.conda/envs/rpdp/lib/python3.8/site-packages/torch/nn/modules/module.py", line 62, in __call__
    return self.hook(module, *args, **kwargs)
  File "/Volumes/Users/shegao_t1/DP_Research/Personal_DP_Personal_FL/rpdp_fl/myopacus/grad_sample/grad_sample_module.py", line 340, in capture_backprops_hook
    create_or_accumulate_grad_sample(
  File "/Volumes/Users/shegao_t1/DP_Research/Personal_DP_Personal_FL/rpdp_fl/myopacus/grad_sample/grad_sample_module.py", line 57, in create_or_accumulate_grad_sample
    param._current_grad_sample = torch.zeros(
torch.cuda.OutOfMemoryError: CUDA out of memory. Tried to allocate 288.00 MiB (GPU 0; 9.66 GiB total capacity; 3.28 GiB already allocated; 287.06 MiB free; 8.92 GiB reserved in total by PyTorch) If reserved memory is >> allocated memory try setting max_split_size_mb to avoid fragmentation.  See documentation for Memory Management and PYTORCH_CUDA_ALLOC_CONF
---EPSILON 16 ---
default_sample_rate: 0.048484848484848485
noise_multiplier :  0.693359375
default_sample_rate: 0.048484848484848485
noise_multiplier :  0.5580902099609375
learning rate =  0.001
sample_rate: 0.05, expected_batch_size: 64
sample_rate: 0.05, expected_batch_size: 64
sample_rate: 0.05, expected_batch_size: 64
sample_rate: 0.05, expected_batch_size: 64
sample_rate: 0.05, expected_batch_size: 64
sample_rate: 0.05, expected_batch_size: 64
sample_rate: 0.05, expected_batch_size: 64
sample_rate: 0.05, expected_batch_size: 64
sample_rate: 0.05, expected_batch_size: 64
sample_rate: 0.05, expected_batch_size: 32
sample_rate: 0.05, expected_batch_size: 64
sample_rate: 0.05, expected_batch_size: 64
sample_rate: 0.05, expected_batch_size: 64
sample_rate: 0.05, expected_batch_size: 64
sample_rate: 0.05, expected_batch_size: 64
sample_rate: 0.05, expected_batch_size: 64
sample_rate: 0.05, expected_batch_size: 64
sample_rate: 0.05, expected_batch_size: 64
sample_rate: 0.05, expected_batch_size: 64
sample_rate: 0.05, expected_batch_size: 32
initial privacy cost of all clients:  [0, 0, 0, 0, 0, 0, 0, 0, 0, 0]
Round=0
Round=1
Round=2
Round=3
Round=4
Round=5
Round=6
Round=7
Traceback (most recent call last):
  File "dp_ditto_unidp.py", line 192, in <module>
    cm, perf_global, perf_personal, perf_pooled = s.run()
  File "/Volumes/Users/shegao_t1/DP_Research/Personal_DP_Personal_FL/rpdp_fl/myopacus/strategies/ditto.py", line 436, in run
    self.perform_round()
  File "/Volumes/Users/shegao_t1/DP_Research/Personal_DP_Personal_FL/rpdp_fl/myopacus/strategies/ditto.py", line 363, in perform_round
    self._personal_optimization(personal_model, global_snapshot)            
  File "/Volumes/Users/shegao_t1/DP_Research/Personal_DP_Personal_FL/rpdp_fl/myopacus/strategies/ditto.py", line 287, in _personal_optimization
    personal_model._ditto_local_train(global_params, \
  File "/Volumes/Users/shegao_t1/DP_Research/Personal_DP_Personal_FL/rpdp_fl/myopacus/strategies/strategies_utils.py", line 299, in _ditto_local_train
    loss.backward()
  File "/Volumes/Users/shegao_t1/.conda/envs/rpdp/lib/python3.8/site-packages/torch/_tensor.py", line 488, in backward
    torch.autograd.backward(
  File "/Volumes/Users/shegao_t1/.conda/envs/rpdp/lib/python3.8/site-packages/torch/autograd/__init__.py", line 197, in backward
    Variable._execution_engine.run_backward(  # Calls into the C++ engine to run the backward pass
  File "/Volumes/Users/shegao_t1/.conda/envs/rpdp/lib/python3.8/site-packages/torch/nn/modules/module.py", line 62, in __call__
    return self.hook(module, *args, **kwargs)
  File "/Volumes/Users/shegao_t1/DP_Research/Personal_DP_Personal_FL/rpdp_fl/myopacus/grad_sample/grad_sample_module.py", line 340, in capture_backprops_hook
    create_or_accumulate_grad_sample(
  File "/Volumes/Users/shegao_t1/DP_Research/Personal_DP_Personal_FL/rpdp_fl/myopacus/grad_sample/grad_sample_module.py", line 57, in create_or_accumulate_grad_sample
    param._current_grad_sample = torch.zeros(
torch.cuda.OutOfMemoryError: CUDA out of memory. Tried to allocate 288.00 MiB (GPU 0; 9.66 GiB total capacity; 3.28 GiB already allocated; 287.06 MiB free; 8.92 GiB reserved in total by PyTorch) If reserved memory is >> allocated memory try setting max_split_size_mb to avoid fragmentation.  See documentation for Memory Management and PYTORCH_CUDA_ALLOC_CONF
--- Finished seed: 44 ---
--- Seed: 45 ---
--- Personal steps: 15 ---
---EPSILON 0.1 ---
default_sample_rate: 0.048484848484848485
noise_multiplier :  25.0
default_sample_rate: 0.048484848484848485
noise_multiplier :  13.75
learning rate =  0.001
sample_rate: 0.05, expected_batch_size: 64
sample_rate: 0.05, expected_batch_size: 64
sample_rate: 0.05, expected_batch_size: 64
sample_rate: 0.05, expected_batch_size: 64
sample_rate: 0.05, expected_batch_size: 64
sample_rate: 0.05, expected_batch_size: 64
sample_rate: 0.05, expected_batch_size: 64
sample_rate: 0.05, expected_batch_size: 64
sample_rate: 0.05, expected_batch_size: 64
sample_rate: 0.05, expected_batch_size: 32
sample_rate: 0.05, expected_batch_size: 64
sample_rate: 0.05, expected_batch_size: 64
sample_rate: 0.05, expected_batch_size: 64
sample_rate: 0.05, expected_batch_size: 64
sample_rate: 0.05, expected_batch_size: 64
sample_rate: 0.05, expected_batch_size: 64
sample_rate: 0.05, expected_batch_size: 64
sample_rate: 0.05, expected_batch_size: 64
sample_rate: 0.05, expected_batch_size: 64
sample_rate: 0.05, expected_batch_size: 32
initial privacy cost of all clients:  [0, 0, 0, 0, 0, 0, 0, 0, 0, 0]
Round=0
Round=1
Round=2
Round=3
Round=4
Round=5
Round=6
Round=7
Round=8
Round=9
Round=10
Round=11
Round=12
Round=13
Round=14
current privacy cost of all clients:  [0.09490224438172494, 0.0865679578541069, 0.0908350892097469, 0.0865679578541069, 0.0865679578541069, 0.0908350892097469, 0.0865679578541069, 0.08220639264643534, 0.0908350892097469, 0.0908350892097469]
Round=14, per client global perf=[0.5353, 0.0, 0.0853, 0.1029, 0.4706, 0.475, 0.4529, 0.0, 0.4676, 0.0353], mean perf=1773/6460 (0.2745%)
Round=14, per client personal perf=[0.4838, 0.5074, 0.6809, 0.6471, 0.5029, 0.4956, 0.4956, 0.4838, 0.4971, 1.0], mean perf=3600/6460 (0.5573%)
Round=14, per client personal pooled=[0.2616, 0.1057, 0.219, 0.206, 0.2576, 0.2604, 0.1045, 0.0517, 0.2613, 0.1588], mean perf=12188/64600 (0.1887%)
Mean performance of unidp ditto dp global, Perf=0.2733
Mean performance of unidp ditto dp personal, Perf=0.5552
Mean performance of unidp ditto dp pooled, Perf=0.1878
---EPSILON 0.5 ---
default_sample_rate: 0.048484848484848485
noise_multiplier :  6.5625
default_sample_rate: 0.048484848484848485
noise_multiplier :  3.671875
learning rate =  0.001
sample_rate: 0.05, expected_batch_size: 64
sample_rate: 0.05, expected_batch_size: 64
sample_rate: 0.05, expected_batch_size: 64
sample_rate: 0.05, expected_batch_size: 64
sample_rate: 0.05, expected_batch_size: 64
sample_rate: 0.05, expected_batch_size: 64
sample_rate: 0.05, expected_batch_size: 64
sample_rate: 0.05, expected_batch_size: 64
sample_rate: 0.05, expected_batch_size: 64
sample_rate: 0.05, expected_batch_size: 32
sample_rate: 0.05, expected_batch_size: 64
sample_rate: 0.05, expected_batch_size: 64
sample_rate: 0.05, expected_batch_size: 64
sample_rate: 0.05, expected_batch_size: 64
sample_rate: 0.05, expected_batch_size: 64
sample_rate: 0.05, expected_batch_size: 64
sample_rate: 0.05, expected_batch_size: 64
sample_rate: 0.05, expected_batch_size: 64
sample_rate: 0.05, expected_batch_size: 64
sample_rate: 0.05, expected_batch_size: 32
initial privacy cost of all clients:  [0, 0, 0, 0, 0, 0, 0, 0, 0, 0]
Round=0
Round=1
Round=2
Round=3
Round=4
Round=5
Round=6
Round=7
Round=8
Round=9
Round=10
Round=11
Round=12
Round=13
Round=14
current privacy cost of all clients:  [0.4707229046573566, 0.43119595386579646, 0.45095942926157656, 0.43119595386579646, 0.43119595386579646, 0.45095942926157656, 0.43119595386579646, 0.41050603320030826, 0.45095942926157656, 0.45095942926157656]
Round=14, per client global perf=[0.6515, 0.0, 0.1853, 0.2353, 0.4588, 0.5309, 0.4382, 0.0, 0.4574, 0.1441], mean perf=2060/6460 (0.3189%)
Round=14, per client personal perf=[0.7515, 0.4971, 0.8029, 0.7588, 0.5, 0.4985, 0.5515, 0.4809, 0.4971, 1.0], mean perf=3970/6460 (0.6146%)
Round=14, per client personal pooled=[0.3313, 0.1045, 0.259, 0.2464, 0.2613, 0.2613, 0.1401, 0.0506, 0.2613, 0.1588], mean perf=13402/64600 (0.2075%)
Mean performance of unidp ditto dp global, Perf=0.3270
Mean performance of unidp ditto dp personal, Perf=0.6093
Mean performance of unidp ditto dp pooled, Perf=0.2054
---EPSILON 1 ---
default_sample_rate: 0.048484848484848485
noise_multiplier :  3.65234375
default_sample_rate: 0.048484848484848485
noise_multiplier :  2.1484375
learning rate =  0.001
sample_rate: 0.05, expected_batch_size: 64
sample_rate: 0.05, expected_batch_size: 64
sample_rate: 0.05, expected_batch_size: 64
sample_rate: 0.05, expected_batch_size: 64
sample_rate: 0.05, expected_batch_size: 64
sample_rate: 0.05, expected_batch_size: 64
sample_rate: 0.05, expected_batch_size: 64
sample_rate: 0.05, expected_batch_size: 64
sample_rate: 0.05, expected_batch_size: 64
sample_rate: 0.05, expected_batch_size: 32
sample_rate: 0.05, expected_batch_size: 64
sample_rate: 0.05, expected_batch_size: 64
sample_rate: 0.05, expected_batch_size: 64
sample_rate: 0.05, expected_batch_size: 64
sample_rate: 0.05, expected_batch_size: 64
sample_rate: 0.05, expected_batch_size: 64
sample_rate: 0.05, expected_batch_size: 64
sample_rate: 0.05, expected_batch_size: 64
sample_rate: 0.05, expected_batch_size: 64
sample_rate: 0.05, expected_batch_size: 32
initial privacy cost of all clients:  [0, 0, 0, 0, 0, 0, 0, 0, 0, 0]
Round=0
Round=1
Round=2
Round=3
Round=4
Round=5
Round=6
Round=7
Round=8
Round=9
Round=10
Round=11
Round=12
Round=13
Round=14
current privacy cost of all clients:  [0.9548650359307371, 0.8765021823067851, 0.9156836091187612, 0.8765021823067851, 0.8765021823067851, 0.9156836091187612, 0.8765021823067851, 0.8352141020011651, 0.9156836091187612, 0.9156836091187612]
Round=14, per client global perf=[0.7221, 0.0, 0.3309, 0.4265, 0.4426, 0.5779, 0.4015, 0.0, 0.4603, 0.2765], mean perf=2380/6460 (0.3684%)
Round=14, per client personal perf=[0.8103, 0.4971, 0.8485, 0.8029, 0.5559, 0.5956, 0.6853, 0.6176, 0.7676, 1.0], mean perf=4543/6460 (0.7033%)
Round=14, per client personal pooled=[0.3443, 0.1045, 0.2683, 0.2568, 0.2794, 0.2844, 0.2223, 0.0825, 0.322, 0.1588], mean perf=15008/64600 (0.2323%)
Mean performance of unidp ditto dp global, Perf=0.3673
Mean performance of unidp ditto dp personal, Perf=0.7017
Mean performance of unidp ditto dp pooled, Perf=0.2317
---EPSILON 4 ---
default_sample_rate: 0.048484848484848485
noise_multiplier :  1.334228515625
default_sample_rate: 0.048484848484848485
noise_multiplier :  0.95458984375
learning rate =  0.001
sample_rate: 0.05, expected_batch_size: 64
sample_rate: 0.05, expected_batch_size: 64
sample_rate: 0.05, expected_batch_size: 64
sample_rate: 0.05, expected_batch_size: 64
sample_rate: 0.05, expected_batch_size: 64
sample_rate: 0.05, expected_batch_size: 64
sample_rate: 0.05, expected_batch_size: 64
sample_rate: 0.05, expected_batch_size: 64
sample_rate: 0.05, expected_batch_size: 64
sample_rate: 0.05, expected_batch_size: 32
sample_rate: 0.05, expected_batch_size: 64
sample_rate: 0.05, expected_batch_size: 64
sample_rate: 0.05, expected_batch_size: 64
sample_rate: 0.05, expected_batch_size: 64
sample_rate: 0.05, expected_batch_size: 64
sample_rate: 0.05, expected_batch_size: 64
sample_rate: 0.05, expected_batch_size: 64
sample_rate: 0.05, expected_batch_size: 64
sample_rate: 0.05, expected_batch_size: 64
sample_rate: 0.05, expected_batch_size: 32
initial privacy cost of all clients:  [0, 0, 0, 0, 0, 0, 0, 0, 0, 0]
Round=0
Round=1
Round=2
Round=3
Round=4
Round=5
Round=6
Round=7
Round=8
Round=9
Round=10
Round=11
Round=12
Round=13
Round=14
current privacy cost of all clients:  [3.83332988910841, 3.5075406049742046, 3.6704352470413077, 3.5075406049742046, 3.5075406049742046, 3.6704352470413077, 3.5075406049742046, 3.3446459629071015, 3.6704352470413077, 3.6704352470413077]
Round=14, per client global perf=[0.7382, 0.0162, 0.5956, 0.5147, 0.5853, 0.6059, 0.3868, 0.0, 0.6368, 0.3529], mean perf=2894/6460 (0.4480%)
Round=14, per client personal perf=[0.8382, 0.7426, 0.8838, 0.8485, 0.7941, 0.7015, 0.6985, 0.7897, 0.8485, 1.0], mean perf=5199/6460 (0.8048%)
Round=14, per client personal pooled=[0.3545, 0.154, 0.2807, 0.2698, 0.3361, 0.2887, 0.2398, 0.1217, 0.35, 0.1588], mean perf=16499/64600 (0.2554%)
Mean performance of unidp ditto dp global, Perf=0.4238
Mean performance of unidp ditto dp personal, Perf=0.8027
Mean performance of unidp ditto dp pooled, Perf=0.2551
---EPSILON 8 ---
default_sample_rate: 0.048484848484848485
noise_multiplier :  0.9417724609375
default_sample_rate: 0.048484848484848485
noise_multiplier :  0.7232666015625
learning rate =  0.001
sample_rate: 0.05, expected_batch_size: 64
sample_rate: 0.05, expected_batch_size: 64
sample_rate: 0.05, expected_batch_size: 64
sample_rate: 0.05, expected_batch_size: 64
sample_rate: 0.05, expected_batch_size: 64
sample_rate: 0.05, expected_batch_size: 64
sample_rate: 0.05, expected_batch_size: 64
sample_rate: 0.05, expected_batch_size: 64
sample_rate: 0.05, expected_batch_size: 64
sample_rate: 0.05, expected_batch_size: 32
sample_rate: 0.05, expected_batch_size: 64
sample_rate: 0.05, expected_batch_size: 64
sample_rate: 0.05, expected_batch_size: 64
sample_rate: 0.05, expected_batch_size: 64
sample_rate: 0.05, expected_batch_size: 64
sample_rate: 0.05, expected_batch_size: 64
sample_rate: 0.05, expected_batch_size: 64
sample_rate: 0.05, expected_batch_size: 64
sample_rate: 0.05, expected_batch_size: 64
sample_rate: 0.05, expected_batch_size: 32
initial privacy cost of all clients:  [0, 0, 0, 0, 0, 0, 0, 0, 0, 0]
Round=0
Round=1
Round=2
Round=3
Round=4
Round=5
Round=6
Round=7
Round=8
Round=9
Round=10
Round=11
Round=12
Round=13
Round=14
current privacy cost of all clients:  [7.63097464216528, 6.897850605720076, 7.264412623942678, 6.897850605720076, 6.897850605720076, 7.264412623942678, 6.897850605720076, 6.531288587497474, 7.264412623942678, 7.264412623942678]
Round=14, per client global perf=[0.7353, 0.0338, 0.6132, 0.5324, 0.5985, 0.6294, 0.4221, 0.0, 0.65, 0.4265], mean perf=3011/6460 (0.4661%)
Round=14, per client personal perf=[0.8397, 0.7456, 0.8941, 0.8574, 0.8059, 0.7309, 0.6956, 0.7971, 0.8456, 1.0], mean perf=5244/6460 (0.8118%)
Round=14, per client personal pooled=[0.3585, 0.1543, 0.2847, 0.2737, 0.3418, 0.304, 0.2543, 0.1232, 0.3494, 0.1588], mean perf=16814/64600 (0.2603%)
Mean performance of unidp ditto dp global, Perf=0.4384
Mean performance of unidp ditto dp personal, Perf=0.8130
Mean performance of unidp ditto dp pooled, Perf=0.2598
---EPSILON 16 ---
default_sample_rate: 0.048484848484848485
noise_multiplier :  0.693359375
default_sample_rate: 0.048484848484848485
noise_multiplier :  0.5580902099609375
learning rate =  0.001
sample_rate: 0.05, expected_batch_size: 64
sample_rate: 0.05, expected_batch_size: 64
sample_rate: 0.05, expected_batch_size: 64
sample_rate: 0.05, expected_batch_size: 64
sample_rate: 0.05, expected_batch_size: 64
sample_rate: 0.05, expected_batch_size: 64
sample_rate: 0.05, expected_batch_size: 64
sample_rate: 0.05, expected_batch_size: 64
sample_rate: 0.05, expected_batch_size: 64
sample_rate: 0.05, expected_batch_size: 32
sample_rate: 0.05, expected_batch_size: 64
sample_rate: 0.05, expected_batch_size: 64
sample_rate: 0.05, expected_batch_size: 64
sample_rate: 0.05, expected_batch_size: 64
sample_rate: 0.05, expected_batch_size: 64
sample_rate: 0.05, expected_batch_size: 64
sample_rate: 0.05, expected_batch_size: 64
sample_rate: 0.05, expected_batch_size: 64
sample_rate: 0.05, expected_batch_size: 64
sample_rate: 0.05, expected_batch_size: 32
initial privacy cost of all clients:  [0, 0, 0, 0, 0, 0, 0, 0, 0, 0]
Round=0
Round=1
Round=2
Round=3
Round=4
Round=5
Round=6
Round=7
Round=8
Round=9
Round=10
Round=11
Round=12
Round=13
Round=14
current privacy cost of all clients:  [15.29801338206118, 13.901363030032762, 14.599688206046972, 13.901363030032762, 13.901363030032762, 14.599688206046972, 13.901363030032762, 13.203037854018552, 14.599688206046972, 14.599688206046972]
Round=14, per client global perf=[0.7353, 0.0485, 0.6265, 0.5603, 0.6412, 0.6368, 0.4338, 0.0029, 0.675, 0.4559], mean perf=3120/6460 (0.4830%)
Round=14, per client personal perf=[0.8574, 0.7574, 0.9, 0.8603, 0.8132, 0.7382, 0.7015, 0.7971, 0.8574, 1.0], mean perf=5292/6460 (0.8192%)
Round=14, per client personal pooled=[0.3625, 0.1588, 0.2862, 0.2749, 0.3427, 0.3138, 0.263, 0.1243, 0.3529, 0.1588], mean perf=17042/64600 (0.2638%)
Mean performance of unidp ditto dp global, Perf=0.4495
Mean performance of unidp ditto dp personal, Perf=0.8201
Mean performance of unidp ditto dp pooled, Perf=0.2626
--- Finished seed: 45 ---
--- Seed: 46 ---
--- Personal steps: 15 ---
---EPSILON 0.1 ---
default_sample_rate: 0.048484848484848485
noise_multiplier :  25.0
default_sample_rate: 0.048484848484848485
noise_multiplier :  13.75
learning rate =  0.001
sample_rate: 0.05, expected_batch_size: 64
sample_rate: 0.05, expected_batch_size: 64
sample_rate: 0.05, expected_batch_size: 64
sample_rate: 0.05, expected_batch_size: 64
sample_rate: 0.05, expected_batch_size: 64
sample_rate: 0.05, expected_batch_size: 64
sample_rate: 0.05, expected_batch_size: 64
sample_rate: 0.05, expected_batch_size: 64
sample_rate: 0.05, expected_batch_size: 64
sample_rate: 0.05, expected_batch_size: 32
sample_rate: 0.05, expected_batch_size: 64
sample_rate: 0.05, expected_batch_size: 64
sample_rate: 0.05, expected_batch_size: 64
sample_rate: 0.05, expected_batch_size: 64
sample_rate: 0.05, expected_batch_size: 64
sample_rate: 0.05, expected_batch_size: 64
sample_rate: 0.05, expected_batch_size: 64
sample_rate: 0.05, expected_batch_size: 64
sample_rate: 0.05, expected_batch_size: 64
sample_rate: 0.05, expected_batch_size: 32
initial privacy cost of all clients:  [0, 0, 0, 0, 0, 0, 0, 0, 0, 0]
Round=0
Round=1
Round=2
Round=3
Round=4
Round=5
Round=6
Round=7
Round=8
Round=9
Round=10
Round=11
Round=12
Round=13
Round=14
current privacy cost of all clients:  [0.0865679578541069, 0.0908350892097469, 0.0865679578541069, 0.0908350892097469, 0.07769318459701327, 0.09490224438172494, 0.09490224438172494, 0.09884412143549269, 0.09884412143549269, 0.09884412143549269]
Round=14, per client global perf=[0.5235, 0.0, 0.0721, 0.0662, 0.475, 0.4838, 0.4897, 0.0, 0.4691, 0.0088], mean perf=1757/6460 (0.2720%)
Round=14, per client personal perf=[0.6485, 0.4971, 0.6618, 0.5618, 0.5426, 0.5426, 0.5368, 0.4809, 0.5059, 1.0], mean perf=3725/6460 (0.5766%)
Round=14, per client personal pooled=[0.2994, 0.1043, 0.206, 0.1757, 0.2599, 0.267, 0.2457, 0.0506, 0.259, 0.1588], mean perf=13091/64600 (0.2026%)
Mean performance of unidp ditto dp global, Perf=0.2687
Mean performance of unidp ditto dp personal, Perf=0.5732
Mean performance of unidp ditto dp pooled, Perf=0.2007
---EPSILON 0.5 ---
default_sample_rate: 0.048484848484848485
noise_multiplier :  6.5625
default_sample_rate: 0.048484848484848485
noise_multiplier :  3.671875
learning rate =  0.001
sample_rate: 0.05, expected_batch_size: 64
sample_rate: 0.05, expected_batch_size: 64
sample_rate: 0.05, expected_batch_size: 64
sample_rate: 0.05, expected_batch_size: 64
sample_rate: 0.05, expected_batch_size: 64
sample_rate: 0.05, expected_batch_size: 64
sample_rate: 0.05, expected_batch_size: 64
sample_rate: 0.05, expected_batch_size: 64
sample_rate: 0.05, expected_batch_size: 64
sample_rate: 0.05, expected_batch_size: 32
sample_rate: 0.05, expected_batch_size: 64
sample_rate: 0.05, expected_batch_size: 64
sample_rate: 0.05, expected_batch_size: 64
sample_rate: 0.05, expected_batch_size: 64
sample_rate: 0.05, expected_batch_size: 64
sample_rate: 0.05, expected_batch_size: 64
sample_rate: 0.05, expected_batch_size: 64
sample_rate: 0.05, expected_batch_size: 64
sample_rate: 0.05, expected_batch_size: 64
sample_rate: 0.05, expected_batch_size: 32
initial privacy cost of all clients:  [0, 0, 0, 0, 0, 0, 0, 0, 0, 0]
Round=0
Round=1
Round=2
Round=3
Round=4
Round=5
Round=6
Round=7
Round=8
Round=9
Round=10
Round=11
Round=12
Round=13
Round=14
current privacy cost of all clients:  [0.43119595386579646, 0.45095942926157656, 0.43119595386579646, 0.45095942926157656, 0.38926684570999964, 0.4707229046573566, 0.4707229046573566, 0.4900595295391932, 0.4900595295391932, 0.4900595295391932]
Round=14, per client global perf=[0.6338, 0.0015, 0.2353, 0.2897, 0.4235, 0.525, 0.4147, 0.0, 0.4088, 0.1647], mean perf=2050/6460 (0.3173%)
Round=14, per client personal perf=[0.7074, 0.4971, 0.8118, 0.7912, 0.5353, 0.4985, 0.5529, 0.4809, 0.5059, 1.0], mean perf=3999/6460 (0.6190%)
Round=14, per client personal pooled=[0.3241, 0.1045, 0.2573, 0.2485, 0.2714, 0.2613, 0.2625, 0.0506, 0.2639, 0.1588], mean perf=14231/64600 (0.2203%)
Mean performance of unidp ditto dp global, Perf=0.3097
Mean performance of unidp ditto dp personal, Perf=0.6073
Mean performance of unidp ditto dp pooled, Perf=0.2177
---EPSILON 1 ---
default_sample_rate: 0.048484848484848485
noise_multiplier :  3.65234375
default_sample_rate: 0.048484848484848485
noise_multiplier :  2.1484375
learning rate =  0.001
sample_rate: 0.05, expected_batch_size: 64
sample_rate: 0.05, expected_batch_size: 64
sample_rate: 0.05, expected_batch_size: 64
sample_rate: 0.05, expected_batch_size: 64
sample_rate: 0.05, expected_batch_size: 64
sample_rate: 0.05, expected_batch_size: 64
sample_rate: 0.05, expected_batch_size: 64
sample_rate: 0.05, expected_batch_size: 64
sample_rate: 0.05, expected_batch_size: 64
sample_rate: 0.05, expected_batch_size: 32
sample_rate: 0.05, expected_batch_size: 64
sample_rate: 0.05, expected_batch_size: 64
sample_rate: 0.05, expected_batch_size: 64
sample_rate: 0.05, expected_batch_size: 64
sample_rate: 0.05, expected_batch_size: 64
sample_rate: 0.05, expected_batch_size: 64
sample_rate: 0.05, expected_batch_size: 64
sample_rate: 0.05, expected_batch_size: 64
sample_rate: 0.05, expected_batch_size: 64
sample_rate: 0.05, expected_batch_size: 32
initial privacy cost of all clients:  [0, 0, 0, 0, 0, 0, 0, 0, 0, 0]
Round=0
Round=1
Round=2
Round=3
Round=4
Round=5
Round=6
Round=7
Round=8
Round=9
Round=10
Round=11
Round=12
Round=13
Round=14
current privacy cost of all clients:  [0.8765021823067851, 0.9156836091187612, 0.8765021823067851, 0.9156836091187612, 0.7916197128023367, 0.9548650359307371, 0.9548650359307371, 0.9940464627427132, 0.9940464627427132, 0.9940464627427132]
Round=14, per client global perf=[0.6882, 0.0015, 0.3471, 0.4691, 0.3897, 0.5574, 0.3647, 0.0, 0.3794, 0.35], mean perf=2293/6460 (0.3550%)
Round=14, per client personal perf=[0.7868, 0.4971, 0.8368, 0.7941, 0.7397, 0.6324, 0.6412, 0.6412, 0.7735, 1.0], mean perf=4653/6460 (0.7203%)
Round=14, per client personal pooled=[0.3437, 0.1045, 0.2664, 0.2526, 0.322, 0.2762, 0.2477, 0.0861, 0.3215, 0.1588], mean perf=15371/64600 (0.2379%)
Mean performance of unidp ditto dp global, Perf=0.3617
Mean performance of unidp ditto dp personal, Perf=0.7108
Mean performance of unidp ditto dp pooled, Perf=0.2384
---EPSILON 4 ---
default_sample_rate: 0.048484848484848485
noise_multiplier :  1.334228515625
default_sample_rate: 0.048484848484848485
noise_multiplier :  0.95458984375
learning rate =  0.001
sample_rate: 0.05, expected_batch_size: 64
sample_rate: 0.05, expected_batch_size: 64
sample_rate: 0.05, expected_batch_size: 64
sample_rate: 0.05, expected_batch_size: 64
sample_rate: 0.05, expected_batch_size: 64
sample_rate: 0.05, expected_batch_size: 64
sample_rate: 0.05, expected_batch_size: 64
sample_rate: 0.05, expected_batch_size: 64
sample_rate: 0.05, expected_batch_size: 64
sample_rate: 0.05, expected_batch_size: 32
sample_rate: 0.05, expected_batch_size: 64
sample_rate: 0.05, expected_batch_size: 64
sample_rate: 0.05, expected_batch_size: 64
sample_rate: 0.05, expected_batch_size: 64
sample_rate: 0.05, expected_batch_size: 64
sample_rate: 0.05, expected_batch_size: 64
sample_rate: 0.05, expected_batch_size: 64
sample_rate: 0.05, expected_batch_size: 64
sample_rate: 0.05, expected_batch_size: 64
sample_rate: 0.05, expected_batch_size: 32
initial privacy cost of all clients:  [0, 0, 0, 0, 0, 0, 0, 0, 0, 0]
Round=0
Round=1
Round=2
Round=3
Round=4
Round=5
Round=6
Round=7
Round=8
Round=9
Round=10
Round=11
Round=12
Round=13
Round=14
current privacy cost of all clients:  [3.5075406049742046, 3.6704352470413077, 3.5075406049742046, 3.6704352470413077, 3.1817513208399983, 3.83332988910841, 3.83332988910841, 3.996224531175513, 3.996224531175513, 3.996224531175513]
Round=14, per client global perf=[0.7353, 0.0235, 0.5235, 0.5824, 0.5206, 0.5971, 0.3515, 0.0088, 0.525, 0.4412], mean perf=2780/6460 (0.4303%)
Round=14, per client personal perf=[0.825, 0.6868, 0.8912, 0.8544, 0.7912, 0.7074, 0.6926, 0.7941, 0.8353, 1.0], mean perf=5153/6460 (0.7977%)
Round=14, per client personal pooled=[0.357, 0.1463, 0.2819, 0.27, 0.3299, 0.2858, 0.226, 0.1214, 0.3469, 0.1588], mean perf=16304/64600 (0.2524%)
Mean performance of unidp ditto dp global, Perf=0.4365
Mean performance of unidp ditto dp personal, Perf=0.7962
Mean performance of unidp ditto dp pooled, Perf=0.2529
---EPSILON 8 ---
default_sample_rate: 0.048484848484848485
noise_multiplier :  0.9417724609375
default_sample_rate: 0.048484848484848485
noise_multiplier :  0.7232666015625
learning rate =  0.001
sample_rate: 0.05, expected_batch_size: 64
sample_rate: 0.05, expected_batch_size: 64
sample_rate: 0.05, expected_batch_size: 64
sample_rate: 0.05, expected_batch_size: 64
sample_rate: 0.05, expected_batch_size: 64
sample_rate: 0.05, expected_batch_size: 64
sample_rate: 0.05, expected_batch_size: 64
sample_rate: 0.05, expected_batch_size: 64
sample_rate: 0.05, expected_batch_size: 64
sample_rate: 0.05, expected_batch_size: 32
sample_rate: 0.05, expected_batch_size: 64
sample_rate: 0.05, expected_batch_size: 64
sample_rate: 0.05, expected_batch_size: 64
sample_rate: 0.05, expected_batch_size: 64
sample_rate: 0.05, expected_batch_size: 64
sample_rate: 0.05, expected_batch_size: 64
sample_rate: 0.05, expected_batch_size: 64
sample_rate: 0.05, expected_batch_size: 64
sample_rate: 0.05, expected_batch_size: 64
sample_rate: 0.05, expected_batch_size: 32
initial privacy cost of all clients:  [0, 0, 0, 0, 0, 0, 0, 0, 0, 0]
Round=0
Round=1
Round=2
Round=3
Round=4
Round=5
Round=6
Round=7
Round=8
Round=9
Round=10
Round=11
Round=12
Round=13
Round=14
current privacy cost of all clients:  [6.897850605720076, 7.264412623942678, 6.897850605720076, 7.264412623942678, 6.164726569274871, 7.63097464216528, 7.63097464216528, 7.997536660387882, 7.997536660387882, 7.997536660387882]
Round=14, per client global perf=[0.7265, 0.0618, 0.5309, 0.6029, 0.5353, 0.6059, 0.3926, 0.0412, 0.5309, 0.4706], mean perf=2899/6460 (0.4488%)
Round=14, per client personal perf=[0.8294, 0.7176, 0.9015, 0.8721, 0.8059, 0.7397, 0.725, 0.8162, 0.8456, 1.0], mean perf=5272/6460 (0.8161%)
Round=14, per client personal pooled=[0.3627, 0.1514, 0.2847, 0.2732, 0.3341, 0.3022, 0.243, 0.128, 0.3511, 0.1588], mean perf=16726/64600 (0.2589%)
Mean performance of unidp ditto dp global, Perf=0.4527
Mean performance of unidp ditto dp personal, Perf=0.8116
Mean performance of unidp ditto dp pooled, Perf=0.2592
---EPSILON 16 ---
default_sample_rate: 0.048484848484848485
noise_multiplier :  0.693359375
default_sample_rate: 0.048484848484848485
noise_multiplier :  0.5580902099609375
learning rate =  0.001
sample_rate: 0.05, expected_batch_size: 64
sample_rate: 0.05, expected_batch_size: 64
sample_rate: 0.05, expected_batch_size: 64
sample_rate: 0.05, expected_batch_size: 64
sample_rate: 0.05, expected_batch_size: 64
sample_rate: 0.05, expected_batch_size: 64
sample_rate: 0.05, expected_batch_size: 64
sample_rate: 0.05, expected_batch_size: 64
sample_rate: 0.05, expected_batch_size: 64
sample_rate: 0.05, expected_batch_size: 32
sample_rate: 0.05, expected_batch_size: 64
sample_rate: 0.05, expected_batch_size: 64
sample_rate: 0.05, expected_batch_size: 64
sample_rate: 0.05, expected_batch_size: 64
sample_rate: 0.05, expected_batch_size: 64
sample_rate: 0.05, expected_batch_size: 64
sample_rate: 0.05, expected_batch_size: 64
sample_rate: 0.05, expected_batch_size: 64
sample_rate: 0.05, expected_batch_size: 64
sample_rate: 0.05, expected_batch_size: 32
initial privacy cost of all clients:  [0, 0, 0, 0, 0, 0, 0, 0, 0, 0]
Round=0
Round=1
Round=2
Round=3
Round=4
Round=5
Round=6
Round=7
Round=8
Round=9
Round=10
Round=11
Round=12
Round=13
Round=14
current privacy cost of all clients:  [13.901363030032762, 14.599688206046972, 13.901363030032762, 14.599688206046972, 12.504712678004342, 15.29801338206118, 15.29801338206118, 15.996338558075388, 15.996338558075388, 15.996338558075388]
Round=14, per client global perf=[0.7368, 0.0868, 0.5324, 0.6015, 0.5368, 0.6015, 0.4118, 0.0676, 0.5294, 0.4794], mean perf=2954/6460 (0.4573%)
Round=14, per client personal perf=[0.8515, 0.7382, 0.9074, 0.8706, 0.8176, 0.75, 0.7221, 0.8265, 0.8412, 1.0], mean perf=5321/6460 (0.8237%)
Round=14, per client personal pooled=[0.3652, 0.1563, 0.2884, 0.2751, 0.341, 0.3141, 0.2463, 0.1305, 0.3522, 0.1588], mean perf=16976/64600 (0.2628%)
Mean performance of unidp ditto dp global, Perf=0.4658
Mean performance of unidp ditto dp personal, Perf=0.8205
Mean performance of unidp ditto dp pooled, Perf=0.2635
--- Finished seed: 46 ---
=== Finished data_type: niid_10_2 ===
