PARAMS: dataset=mnist, gpu=0, data_type=niid_20_dir_5
=== Running reg_param=0, num_steps=15 ===
Running seed 42
/Users/shegao_t1/DP_Research/Personal_DP_Personal_FL/rpdp_fl/experiments/datasets/fed_mnist/dirichlet_20_alpha_5

Client 0 label distribution:
[(0, 99), (1, 45), (3, 428), (4, 1200), (5, 1), (6, 13), (7, 149), (8, 6), (9, 13)]

Client 1 label distribution:
[(0, 16), (1, 411), (2, 217), (3, 337), (4, 91), (5, 583), (7, 119), (8, 37), (9, 19)]

Client 2 label distribution:
[(0, 664), (1, 47), (2, 525), (3, 880), (4, 6), (5, 9), (6, 59), (7, 256), (8, 5), (9, 156)]

Client 3 label distribution:
[(0, 1134), (1, 280), (2, 235), (3, 1), (4, 325), (5, 854), (6, 11), (7, 18), (8, 1075), (9, 205)]

Client 4 label distribution:
[(0, 22), (1, 16), (2, 58), (3, 99), (4, 80), (5, 15), (6, 219), (7, 6), (8, 180), (9, 31)]

Client 5 label distribution:
[(0, 205), (1, 636), (2, 776), (3, 541), (5, 316), (6, 232), (7, 50), (8, 396), (9, 905)]

Client 6 label distribution:
[(0, 276), (1, 73), (2, 8), (3, 44), (4, 1), (5, 115), (6, 131), (7, 441), (8, 730), (9, 58)]

Client 7 label distribution:
[(0, 95), (1, 5), (2, 47), (3, 496), (4, 1072), (5, 56), (6, 494), (7, 173), (8, 213), (9, 2)]

Client 8 label distribution:
[(0, 9), (1, 436), (2, 10), (3, 6), (5, 290), (6, 14), (7, 3), (8, 337), (9, 17)]

Client 9 label distribution:
[(0, 145), (1, 227), (2, 393), (3, 149), (4, 439), (6, 11), (7, 354), (8, 13), (9, 40)]

Client 10 label distribution:
[(0, 261), (1, 458), (2, 15), (3, 499), (4, 54), (5, 24), (6, 2), (7, 427), (8, 4), (9, 391)]

Client 11 label distribution:
[(0, 23), (1, 503), (2, 542), (3, 3), (4, 2), (5, 135), (6, 389), (7, 160), (8, 93), (9, 1384)]

Client 12 label distribution:
[(0, 469), (1, 261), (2, 465), (3, 80), (4, 1), (5, 30), (6, 427), (8, 179), (9, 77)]

Client 13 label distribution:
[(0, 37), (1, 155), (2, 120), (4, 65), (5, 12), (6, 12), (7, 1079), (9, 7)]

Client 14 label distribution:
[(0, 242), (2, 40), (3, 6), (5, 105), (6, 112), (7, 18), (8, 21), (9, 92)]

Client 15 label distribution:
[(0, 16), (2, 21), (3, 44), (4, 128), (5, 228), (6, 243), (7, 60), (8, 27), (9, 108)]

Client 16 label distribution:
[(0, 102), (1, 767), (2, 143), (3, 7), (4, 326), (5, 203), (6, 39), (7, 259), (8, 8), (9, 10)]

Client 17 label distribution:
[(0, 53), (1, 14), (2, 8), (3, 49), (4, 67), (5, 553), (6, 112), (7, 1), (8, 214), (9, 60)]

Client 18 label distribution:
[(0, 10), (1, 3), (2, 182), (4, 29), (5, 10), (6, 825), (7, 100), (8, 145), (9, 166)]

Client 19 label distribution:
[(0, 9), (1, 116), (2, 99), (3, 374), (4, 21), (5, 42), (6, 540), (7, 469), (8, 230), (9, 134)]
Client 0: avg epsilon = 4.6389
Client 1: avg epsilon = 3.5712
Client 2: avg epsilon = 2.8743
Client 3: avg epsilon = 3.1594
Client 4: avg epsilon = 4.4438
Client 5: avg epsilon = 3.3602
Client 6: avg epsilon = 4.1069
Client 7: avg epsilon = 4.7461
Client 8: avg epsilon = 3.3707
Client 9: avg epsilon = 3.1985
Client 10: avg epsilon = 3.5148
Client 11: avg epsilon = 3.6726
Client 12: avg epsilon = 2.3846
Client 13: avg epsilon = 4.1383
Client 14: avg epsilon = 2.8840
Client 15: avg epsilon = 4.8144
Client 16: avg epsilon = 2.9465
Client 17: avg epsilon = 4.7209
Client 18: avg epsilon = 4.9585
Client 19: avg epsilon = 4.7502
 We run FedAvg with rPDP (ThreeLevels-0) ...
max_epsilon :  10.0  noise_multiplier :  9.736328125
The R-Squared value of the best-fit curve : 0.999749898528281
learning rate =  0.01
sample_rate: (min) 0.03, (max) 0.61, expected_batch_size: 1101
sample_rate: (min) 0.03, (max) 0.61, expected_batch_size: 815
sample_rate: (min) 0.03, (max) 0.61, expected_batch_size: 938
sample_rate: (min) 0.03, (max) 0.61, expected_batch_size: 1620
sample_rate: (min) 0.03, (max) 0.61, expected_batch_size: 394
sample_rate: (min) 0.03, (max) 0.61, expected_batch_size: 1708
sample_rate: (min) 0.03, (max) 0.61, expected_batch_size: 941
sample_rate: (min) 0.03, (max) 0.61, expected_batch_size: 1530
sample_rate: (min) 0.03, (max) 0.61, expected_batch_size: 475
sample_rate: (min) 0.03, (max) 0.61, expected_batch_size: 712
sample_rate: (min) 0.03, (max) 0.61, expected_batch_size: 931
sample_rate: (min) 0.03, (max) 0.61, expected_batch_size: 1479
sample_rate: (min) 0.03, (max) 0.61, expected_batch_size: 608
sample_rate: (min) 0.03, (max) 0.61, expected_batch_size: 757
sample_rate: (min) 0.03, (max) 0.61, expected_batch_size: 227
sample_rate: (min) 0.03, (max) 0.61, expected_batch_size: 512
sample_rate: (min) 0.03, (max) 0.61, expected_batch_size: 698
sample_rate: (min) 0.03, (max) 0.61, expected_batch_size: 649
sample_rate: (min) 0.03, (max) 0.61, expected_batch_size: 884
sample_rate: (min) 0.03, (max) 0.61, expected_batch_size: 1176
initial privacy cost of all clients:  [0, 0, 0, 0, 0, 0, 0, 0, 0, 0, 0, 0, 0, 0, 0, 0, 0, 0, 0, 0]
Round=0
Round=1
Round=2
Round=3
Round=4
Round=5
Round=6
Round=7
Round=8
Round=9
Round=10
Round=11
Round=12
Round=13
Round=14
current privacy cost of all clients:  [3.0541598053514245, 3.304385622881834, 3.0541598053514245, 3.5546114404122435, 3.0541598053514245, 3.5546114404122435, 4.055063075473062, 4.055063075473062, 4.305288893003472, 3.804837257942653, 3.804837257942653, 3.304385622881834, 3.804837257942653, 3.0541598053514245, 3.804837257942653, 3.304385622881834, 3.804837257942653, 3.0541598053514245, 3.304385622881834, 2.803933987821015]
Round=14, per client global perf=[0.9067, 0.9311, 0.8646, 0.8926, 0.9307, 0.923, 0.9143, 0.9188, 0.9465, 0.9091, 0.9082, 0.9448, 0.9073, 0.9426, 0.9058, 0.9335, 0.9438, 0.9435, 0.942, 0.9237], mean perf=18741/20410 (0.9182%)
Round=14, per client personal perf=[0.9613, 0.9523, 0.9531, 0.9714, 0.9413, 0.9579, 0.9721, 0.9415, 0.9551, 0.9474, 0.9691, 0.9748, 0.9659, 0.9583, 0.9757, 0.9446, 0.9719, 0.9281, 0.9551, 0.9514], mean perf=19581/20410 (0.9594%)
Round=14, per client personal pooled=[0.5458, 0.7769, 0.6913, 0.8134, 0.8544, 0.8402, 0.8031, 0.7087, 0.6364, 0.8233, 0.72, 0.7404, 0.7666, 0.6656, 0.655, 0.8072, 0.7947, 0.8226, 0.7416, 0.8608], mean perf=307536/408200 (0.7534%)
Mean performance of ditto rpdp global, Perf=0.9090, seed=42
Mean performance of ditto rpdp personal, Perf=0.9571, seed=42
Mean performance of ditto rpdp pooled, Perf=0.7437, seed=42
Finished seed 42
----------------------------------------
Running seed 43
/Users/shegao_t1/DP_Research/Personal_DP_Personal_FL/rpdp_fl/experiments/datasets/fed_mnist/dirichlet_20_alpha_5

Client 0 label distribution:
[(0, 99), (1, 45), (3, 428), (4, 1200), (5, 1), (6, 13), (7, 149), (8, 6), (9, 13)]

Client 1 label distribution:
[(0, 16), (1, 411), (2, 217), (3, 337), (4, 91), (5, 583), (7, 119), (8, 37), (9, 19)]

Client 2 label distribution:
[(0, 664), (1, 47), (2, 525), (3, 880), (4, 6), (5, 9), (6, 59), (7, 256), (8, 5), (9, 156)]

Client 3 label distribution:
[(0, 1134), (1, 280), (2, 235), (3, 1), (4, 325), (5, 854), (6, 11), (7, 18), (8, 1075), (9, 205)]

Client 4 label distribution:
[(0, 22), (1, 16), (2, 58), (3, 99), (4, 80), (5, 15), (6, 219), (7, 6), (8, 180), (9, 31)]

Client 5 label distribution:
[(0, 205), (1, 636), (2, 776), (3, 541), (5, 316), (6, 232), (7, 50), (8, 396), (9, 905)]

Client 6 label distribution:
[(0, 276), (1, 73), (2, 8), (3, 44), (4, 1), (5, 115), (6, 131), (7, 441), (8, 730), (9, 58)]

Client 7 label distribution:
[(0, 95), (1, 5), (2, 47), (3, 496), (4, 1072), (5, 56), (6, 494), (7, 173), (8, 213), (9, 2)]

Client 8 label distribution:
[(0, 9), (1, 436), (2, 10), (3, 6), (5, 290), (6, 14), (7, 3), (8, 337), (9, 17)]

Client 9 label distribution:
[(0, 145), (1, 227), (2, 393), (3, 149), (4, 439), (6, 11), (7, 354), (8, 13), (9, 40)]

Client 10 label distribution:
[(0, 261), (1, 458), (2, 15), (3, 499), (4, 54), (5, 24), (6, 2), (7, 427), (8, 4), (9, 391)]

Client 11 label distribution:
[(0, 23), (1, 503), (2, 542), (3, 3), (4, 2), (5, 135), (6, 389), (7, 160), (8, 93), (9, 1384)]

Client 12 label distribution:
[(0, 469), (1, 261), (2, 465), (3, 80), (4, 1), (5, 30), (6, 427), (8, 179), (9, 77)]

Client 13 label distribution:
[(0, 37), (1, 155), (2, 120), (4, 65), (5, 12), (6, 12), (7, 1079), (9, 7)]

Client 14 label distribution:
[(0, 242), (2, 40), (3, 6), (5, 105), (6, 112), (7, 18), (8, 21), (9, 92)]

Client 15 label distribution:
[(0, 16), (2, 21), (3, 44), (4, 128), (5, 228), (6, 243), (7, 60), (8, 27), (9, 108)]

Client 16 label distribution:
[(0, 102), (1, 767), (2, 143), (3, 7), (4, 326), (5, 203), (6, 39), (7, 259), (8, 8), (9, 10)]

Client 17 label distribution:
[(0, 53), (1, 14), (2, 8), (3, 49), (4, 67), (5, 553), (6, 112), (7, 1), (8, 214), (9, 60)]

Client 18 label distribution:
[(0, 10), (1, 3), (2, 182), (4, 29), (5, 10), (6, 825), (7, 100), (8, 145), (9, 166)]

Client 19 label distribution:
[(0, 9), (1, 116), (2, 99), (3, 374), (4, 21), (5, 42), (6, 540), (7, 469), (8, 230), (9, 134)]
Client 0: avg epsilon = 4.6389
Client 1: avg epsilon = 3.5712
Client 2: avg epsilon = 2.8743
Client 3: avg epsilon = 3.1594
Client 4: avg epsilon = 4.4438
Client 5: avg epsilon = 3.3602
Client 6: avg epsilon = 4.1069
Client 7: avg epsilon = 4.7461
Client 8: avg epsilon = 3.3707
Client 9: avg epsilon = 3.1985
Client 10: avg epsilon = 3.5148
Client 11: avg epsilon = 3.6726
Client 12: avg epsilon = 2.3846
Client 13: avg epsilon = 4.1383
Client 14: avg epsilon = 2.8840
Client 15: avg epsilon = 4.8144
Client 16: avg epsilon = 2.9465
Client 17: avg epsilon = 4.7209
Client 18: avg epsilon = 4.9585
Client 19: avg epsilon = 4.7502
 We run FedAvg with rPDP (ThreeLevels-0) ...
max_epsilon :  10.0  noise_multiplier :  9.736328125
The R-Squared value of the best-fit curve : 0.999749898528281
learning rate =  0.01
sample_rate: (min) 0.03, (max) 0.61, expected_batch_size: 1101
sample_rate: (min) 0.03, (max) 0.61, expected_batch_size: 815
sample_rate: (min) 0.03, (max) 0.61, expected_batch_size: 938
sample_rate: (min) 0.03, (max) 0.61, expected_batch_size: 1620
sample_rate: (min) 0.03, (max) 0.61, expected_batch_size: 394
sample_rate: (min) 0.03, (max) 0.61, expected_batch_size: 1708
sample_rate: (min) 0.03, (max) 0.61, expected_batch_size: 941
sample_rate: (min) 0.03, (max) 0.61, expected_batch_size: 1530
sample_rate: (min) 0.03, (max) 0.61, expected_batch_size: 475
sample_rate: (min) 0.03, (max) 0.61, expected_batch_size: 712
sample_rate: (min) 0.03, (max) 0.61, expected_batch_size: 931
sample_rate: (min) 0.03, (max) 0.61, expected_batch_size: 1479
sample_rate: (min) 0.03, (max) 0.61, expected_batch_size: 608
sample_rate: (min) 0.03, (max) 0.61, expected_batch_size: 757
sample_rate: (min) 0.03, (max) 0.61, expected_batch_size: 227
sample_rate: (min) 0.03, (max) 0.61, expected_batch_size: 512
sample_rate: (min) 0.03, (max) 0.61, expected_batch_size: 698
sample_rate: (min) 0.03, (max) 0.61, expected_batch_size: 649
sample_rate: (min) 0.03, (max) 0.61, expected_batch_size: 884
sample_rate: (min) 0.03, (max) 0.61, expected_batch_size: 1176
initial privacy cost of all clients:  [0, 0, 0, 0, 0, 0, 0, 0, 0, 0, 0, 0, 0, 0, 0, 0, 0, 0, 0, 0]
Round=0
Round=1
Round=2
Round=3
Round=4
Round=5
Round=6
Round=7
Round=8
Round=9
Round=10
Round=11
Round=12
Round=13
Round=14
current privacy cost of all clients:  [3.304385622881834, 3.304385622881834, 2.803933987821015, 3.804837257942653, 2.803933987821015, 3.804837257942653, 3.304385622881834, 3.304385622881834, 3.304385622881834, 4.510367156217049, 3.804837257942653, 3.5546114404122435, 3.5546114404122435, 3.304385622881834, 4.055063075473062, 3.304385622881834, 3.804837257942653, 3.304385622881834, 3.304385622881834, 3.0541598053514245]
Round=14, per client global perf=[0.8888, 0.928, 0.8824, 0.8823, 0.9307, 0.933, 0.9174, 0.9137, 0.9655, 0.8949, 0.9218, 0.928, 0.92, 0.9387, 0.8906, 0.929, 0.9324, 0.9264, 0.9538, 0.9418], mean perf=18734/20410 (0.9179%)
Round=14, per client personal perf=[0.9682, 0.929, 0.9554, 0.9662, 0.9467, 0.9636, 0.9473, 0.9605, 0.9585, 0.9617, 0.9727, 0.9586, 0.9746, 0.9713, 0.9787, 0.9268, 0.9709, 0.9401, 0.9617, 0.9542], mean perf=19592/20410 (0.9599%)
Round=14, per client personal pooled=[0.6049, 0.7799, 0.6974, 0.7697, 0.8622, 0.8579, 0.7747, 0.7288, 0.6044, 0.7892, 0.6932, 0.7054, 0.7512, 0.6513, 0.6732, 0.7853, 0.8375, 0.773, 0.7329, 0.9136], mean perf=305857/408200 (0.7493%)
Mean performance of ditto rpdp global, Perf=0.9114, seed=43
Mean performance of ditto rpdp personal, Perf=0.9559, seed=43
Mean performance of ditto rpdp pooled, Perf=0.7417, seed=43
Finished seed 43
----------------------------------------
Running seed 44
/Users/shegao_t1/DP_Research/Personal_DP_Personal_FL/rpdp_fl/experiments/datasets/fed_mnist/dirichlet_20_alpha_5

Client 0 label distribution:
[(0, 99), (1, 45), (3, 428), (4, 1200), (5, 1), (6, 13), (7, 149), (8, 6), (9, 13)]

Client 1 label distribution:
[(0, 16), (1, 411), (2, 217), (3, 337), (4, 91), (5, 583), (7, 119), (8, 37), (9, 19)]

Client 2 label distribution:
[(0, 664), (1, 47), (2, 525), (3, 880), (4, 6), (5, 9), (6, 59), (7, 256), (8, 5), (9, 156)]

Client 3 label distribution:
[(0, 1134), (1, 280), (2, 235), (3, 1), (4, 325), (5, 854), (6, 11), (7, 18), (8, 1075), (9, 205)]

Client 4 label distribution:
[(0, 22), (1, 16), (2, 58), (3, 99), (4, 80), (5, 15), (6, 219), (7, 6), (8, 180), (9, 31)]

Client 5 label distribution:
[(0, 205), (1, 636), (2, 776), (3, 541), (5, 316), (6, 232), (7, 50), (8, 396), (9, 905)]

Client 6 label distribution:
[(0, 276), (1, 73), (2, 8), (3, 44), (4, 1), (5, 115), (6, 131), (7, 441), (8, 730), (9, 58)]

Client 7 label distribution:
[(0, 95), (1, 5), (2, 47), (3, 496), (4, 1072), (5, 56), (6, 494), (7, 173), (8, 213), (9, 2)]

Client 8 label distribution:
[(0, 9), (1, 436), (2, 10), (3, 6), (5, 290), (6, 14), (7, 3), (8, 337), (9, 17)]

Client 9 label distribution:
[(0, 145), (1, 227), (2, 393), (3, 149), (4, 439), (6, 11), (7, 354), (8, 13), (9, 40)]

Client 10 label distribution:
[(0, 261), (1, 458), (2, 15), (3, 499), (4, 54), (5, 24), (6, 2), (7, 427), (8, 4), (9, 391)]

Client 11 label distribution:
[(0, 23), (1, 503), (2, 542), (3, 3), (4, 2), (5, 135), (6, 389), (7, 160), (8, 93), (9, 1384)]

Client 12 label distribution:
[(0, 469), (1, 261), (2, 465), (3, 80), (4, 1), (5, 30), (6, 427), (8, 179), (9, 77)]

Client 13 label distribution:
[(0, 37), (1, 155), (2, 120), (4, 65), (5, 12), (6, 12), (7, 1079), (9, 7)]

Client 14 label distribution:
[(0, 242), (2, 40), (3, 6), (5, 105), (6, 112), (7, 18), (8, 21), (9, 92)]

Client 15 label distribution:
[(0, 16), (2, 21), (3, 44), (4, 128), (5, 228), (6, 243), (7, 60), (8, 27), (9, 108)]

Client 16 label distribution:
[(0, 102), (1, 767), (2, 143), (3, 7), (4, 326), (5, 203), (6, 39), (7, 259), (8, 8), (9, 10)]

Client 17 label distribution:
[(0, 53), (1, 14), (2, 8), (3, 49), (4, 67), (5, 553), (6, 112), (7, 1), (8, 214), (9, 60)]

Client 18 label distribution:
[(0, 10), (1, 3), (2, 182), (4, 29), (5, 10), (6, 825), (7, 100), (8, 145), (9, 166)]

Client 19 label distribution:
[(0, 9), (1, 116), (2, 99), (3, 374), (4, 21), (5, 42), (6, 540), (7, 469), (8, 230), (9, 134)]
Client 0: avg epsilon = 4.6389
Client 1: avg epsilon = 3.5712
Client 2: avg epsilon = 2.8743
Client 3: avg epsilon = 3.1594
Client 4: avg epsilon = 4.4438
Client 5: avg epsilon = 3.3602
Client 6: avg epsilon = 4.1069
Client 7: avg epsilon = 4.7461
Client 8: avg epsilon = 3.3707
Client 9: avg epsilon = 3.1985
Client 10: avg epsilon = 3.5148
Client 11: avg epsilon = 3.6726
Client 12: avg epsilon = 2.3846
Client 13: avg epsilon = 4.1383
Client 14: avg epsilon = 2.8840
Client 15: avg epsilon = 4.8144
Client 16: avg epsilon = 2.9465
Client 17: avg epsilon = 4.7209
Client 18: avg epsilon = 4.9585
Client 19: avg epsilon = 4.7502
 We run FedAvg with rPDP (ThreeLevels-0) ...
max_epsilon :  10.0  noise_multiplier :  9.736328125
The R-Squared value of the best-fit curve : 0.999749898528281
learning rate =  0.01
sample_rate: (min) 0.03, (max) 0.61, expected_batch_size: 1101
sample_rate: (min) 0.03, (max) 0.61, expected_batch_size: 815
sample_rate: (min) 0.03, (max) 0.61, expected_batch_size: 938
sample_rate: (min) 0.03, (max) 0.61, expected_batch_size: 1620
sample_rate: (min) 0.03, (max) 0.61, expected_batch_size: 394
sample_rate: (min) 0.03, (max) 0.61, expected_batch_size: 1708
sample_rate: (min) 0.03, (max) 0.61, expected_batch_size: 941
sample_rate: (min) 0.03, (max) 0.61, expected_batch_size: 1530
sample_rate: (min) 0.03, (max) 0.61, expected_batch_size: 475
sample_rate: (min) 0.03, (max) 0.61, expected_batch_size: 712
sample_rate: (min) 0.03, (max) 0.61, expected_batch_size: 931
sample_rate: (min) 0.03, (max) 0.61, expected_batch_size: 1479
sample_rate: (min) 0.03, (max) 0.61, expected_batch_size: 608
sample_rate: (min) 0.03, (max) 0.61, expected_batch_size: 757
sample_rate: (min) 0.03, (max) 0.61, expected_batch_size: 227
sample_rate: (min) 0.03, (max) 0.61, expected_batch_size: 512
sample_rate: (min) 0.03, (max) 0.61, expected_batch_size: 698
sample_rate: (min) 0.03, (max) 0.61, expected_batch_size: 649
sample_rate: (min) 0.03, (max) 0.61, expected_batch_size: 884
sample_rate: (min) 0.03, (max) 0.61, expected_batch_size: 1176
initial privacy cost of all clients:  [0, 0, 0, 0, 0, 0, 0, 0, 0, 0, 0, 0, 0, 0, 0, 0, 0, 0, 0, 0]
Round=0
Round=1
Round=2
Round=3
Round=4
Round=5
Round=6
Round=7
Round=8
Round=9
Round=10
Round=11
Round=12
Round=13
Round=14
current privacy cost of all clients:  [3.804837257942653, 4.305288893003472, 3.804837257942653, 2.803933987821015, 3.5546114404122435, 3.304385622881834, 4.055063075473062, 3.0541598053514245, 3.5546114404122435, 2.803933987821015, 4.055063075473062, 4.305288893003472, 4.055063075473062, 3.304385622881834, 3.804837257942653, 3.5546114404122435, 2.502378076501911, 3.304385622881834, 3.0541598053514245, 3.804837257942653]
Round=14, per client global perf=[0.8828, 0.9163, 0.8527, 0.8758, 0.9333, 0.9301, 0.8915, 0.8866, 0.9499, 0.8905, 0.8936, 0.9544, 0.8907, 0.9166, 0.8632, 0.9113, 0.9199, 0.9144, 0.9538, 0.9295], mean perf=18500/20410 (0.9064%)
Round=14, per client personal perf=[0.9722, 0.9364, 0.9561, 0.9597, 0.9307, 0.945, 0.9607, 0.9437, 0.9706, 0.9606, 0.9673, 0.9682, 0.961, 0.9752, 0.9666, 0.9446, 0.9459, 0.9469, 0.9631, 0.9676], mean perf=19539/20410 (0.9573%)
Round=14, per client personal pooled=[0.6361, 0.7919, 0.7095, 0.7202, 0.7976, 0.8317, 0.8059, 0.7191, 0.653, 0.7587, 0.762, 0.7555, 0.7057, 0.6669, 0.6914, 0.7968, 0.6413, 0.7702, 0.7138, 0.8696], mean perf=302002/408200 (0.7398%)
Mean performance of ditto rpdp global, Perf=0.8891, seed=44
Mean performance of ditto rpdp personal, Perf=0.9538, seed=44
Mean performance of ditto rpdp pooled, Perf=0.7301, seed=44
Finished seed 44
----------------------------------------
Running seed 45
/Users/shegao_t1/DP_Research/Personal_DP_Personal_FL/rpdp_fl/experiments/datasets/fed_mnist/dirichlet_20_alpha_5

Client 0 label distribution:
[(0, 99), (1, 45), (3, 428), (4, 1200), (5, 1), (6, 13), (7, 149), (8, 6), (9, 13)]

Client 1 label distribution:
[(0, 16), (1, 411), (2, 217), (3, 337), (4, 91), (5, 583), (7, 119), (8, 37), (9, 19)]

Client 2 label distribution:
[(0, 664), (1, 47), (2, 525), (3, 880), (4, 6), (5, 9), (6, 59), (7, 256), (8, 5), (9, 156)]

Client 3 label distribution:
[(0, 1134), (1, 280), (2, 235), (3, 1), (4, 325), (5, 854), (6, 11), (7, 18), (8, 1075), (9, 205)]

Client 4 label distribution:
[(0, 22), (1, 16), (2, 58), (3, 99), (4, 80), (5, 15), (6, 219), (7, 6), (8, 180), (9, 31)]

Client 5 label distribution:
[(0, 205), (1, 636), (2, 776), (3, 541), (5, 316), (6, 232), (7, 50), (8, 396), (9, 905)]

Client 6 label distribution:
[(0, 276), (1, 73), (2, 8), (3, 44), (4, 1), (5, 115), (6, 131), (7, 441), (8, 730), (9, 58)]

Client 7 label distribution:
[(0, 95), (1, 5), (2, 47), (3, 496), (4, 1072), (5, 56), (6, 494), (7, 173), (8, 213), (9, 2)]

Client 8 label distribution:
[(0, 9), (1, 436), (2, 10), (3, 6), (5, 290), (6, 14), (7, 3), (8, 337), (9, 17)]

Client 9 label distribution:
[(0, 145), (1, 227), (2, 393), (3, 149), (4, 439), (6, 11), (7, 354), (8, 13), (9, 40)]

Client 10 label distribution:
[(0, 261), (1, 458), (2, 15), (3, 499), (4, 54), (5, 24), (6, 2), (7, 427), (8, 4), (9, 391)]

Client 11 label distribution:
[(0, 23), (1, 503), (2, 542), (3, 3), (4, 2), (5, 135), (6, 389), (7, 160), (8, 93), (9, 1384)]

Client 12 label distribution:
[(0, 469), (1, 261), (2, 465), (3, 80), (4, 1), (5, 30), (6, 427), (8, 179), (9, 77)]

Client 13 label distribution:
[(0, 37), (1, 155), (2, 120), (4, 65), (5, 12), (6, 12), (7, 1079), (9, 7)]

Client 14 label distribution:
[(0, 242), (2, 40), (3, 6), (5, 105), (6, 112), (7, 18), (8, 21), (9, 92)]

Client 15 label distribution:
[(0, 16), (2, 21), (3, 44), (4, 128), (5, 228), (6, 243), (7, 60), (8, 27), (9, 108)]

Client 16 label distribution:
[(0, 102), (1, 767), (2, 143), (3, 7), (4, 326), (5, 203), (6, 39), (7, 259), (8, 8), (9, 10)]

Client 17 label distribution:
[(0, 53), (1, 14), (2, 8), (3, 49), (4, 67), (5, 553), (6, 112), (7, 1), (8, 214), (9, 60)]

Client 18 label distribution:
[(0, 10), (1, 3), (2, 182), (4, 29), (5, 10), (6, 825), (7, 100), (8, 145), (9, 166)]

Client 19 label distribution:
[(0, 9), (1, 116), (2, 99), (3, 374), (4, 21), (5, 42), (6, 540), (7, 469), (8, 230), (9, 134)]
Client 0: avg epsilon = 4.6389
Client 1: avg epsilon = 3.5712
Client 2: avg epsilon = 2.8743
Client 3: avg epsilon = 3.1594
Client 4: avg epsilon = 4.4438
Client 5: avg epsilon = 3.3602
Client 6: avg epsilon = 4.1069
Client 7: avg epsilon = 4.7461
Client 8: avg epsilon = 3.3707
Client 9: avg epsilon = 3.1985
Client 10: avg epsilon = 3.5148
Client 11: avg epsilon = 3.6726
Client 12: avg epsilon = 2.3846
Client 13: avg epsilon = 4.1383
Client 14: avg epsilon = 2.8840
Client 15: avg epsilon = 4.8144
Client 16: avg epsilon = 2.9465
Client 17: avg epsilon = 4.7209
Client 18: avg epsilon = 4.9585
Client 19: avg epsilon = 4.7502
 We run FedAvg with rPDP (ThreeLevels-0) ...
max_epsilon :  10.0  noise_multiplier :  9.736328125
The R-Squared value of the best-fit curve : 0.999749898528281
learning rate =  0.01
sample_rate: (min) 0.03, (max) 0.61, expected_batch_size: 1101
sample_rate: (min) 0.03, (max) 0.61, expected_batch_size: 815
sample_rate: (min) 0.03, (max) 0.61, expected_batch_size: 938
sample_rate: (min) 0.03, (max) 0.61, expected_batch_size: 1620
sample_rate: (min) 0.03, (max) 0.61, expected_batch_size: 394
sample_rate: (min) 0.03, (max) 0.61, expected_batch_size: 1708
sample_rate: (min) 0.03, (max) 0.61, expected_batch_size: 941
sample_rate: (min) 0.03, (max) 0.61, expected_batch_size: 1530
sample_rate: (min) 0.03, (max) 0.61, expected_batch_size: 475
sample_rate: (min) 0.03, (max) 0.61, expected_batch_size: 712
sample_rate: (min) 0.03, (max) 0.61, expected_batch_size: 931
sample_rate: (min) 0.03, (max) 0.61, expected_batch_size: 1479
sample_rate: (min) 0.03, (max) 0.61, expected_batch_size: 608
sample_rate: (min) 0.03, (max) 0.61, expected_batch_size: 757
sample_rate: (min) 0.03, (max) 0.61, expected_batch_size: 227
sample_rate: (min) 0.03, (max) 0.61, expected_batch_size: 512
sample_rate: (min) 0.03, (max) 0.61, expected_batch_size: 698
sample_rate: (min) 0.03, (max) 0.61, expected_batch_size: 649
sample_rate: (min) 0.03, (max) 0.61, expected_batch_size: 884
sample_rate: (min) 0.03, (max) 0.61, expected_batch_size: 1176
initial privacy cost of all clients:  [0, 0, 0, 0, 0, 0, 0, 0, 0, 0, 0, 0, 0, 0, 0, 0, 0, 0, 0, 0]
Round=0
Round=1
Round=2
Round=3
Round=4
Round=5
Round=6
Round=7
Round=8
Round=9
Round=10
Round=11
Round=12
Round=13
Round=14
current privacy cost of all clients:  [3.304385622881834, 3.0541598053514245, 4.055063075473062, 3.0541598053514245, 3.304385622881834, 3.5546114404122435, 3.5546114404122435, 3.0541598053514245, 3.5546114404122435, 3.804837257942653, 4.055063075473062, 3.804837257942653, 3.0541598053514245, 2.803933987821015, 3.304385622881834, 3.5546114404122435, 3.5546114404122435, 2.803933987821015, 3.304385622881834, 3.804837257942653]
Round=14, per client global perf=[0.8371, 0.9311, 0.8705, 0.8654, 0.912, 0.9349, 0.876, 0.8595, 0.943, 0.897, 0.9055, 0.9562, 0.8868, 0.9374, 0.8845, 0.9091, 0.9053, 0.9229, 0.9327, 0.9209], mean perf=18422/20410 (0.9026%)
Round=14, per client personal perf=[0.9394, 0.9439, 0.9568, 0.9662, 0.9387, 0.956, 0.9411, 0.9225, 0.9206, 0.9507, 0.9736, 0.9646, 0.959, 0.9635, 0.9818, 0.9357, 0.9553, 0.9247, 0.9525, 0.9542], mean perf=19433/20410 (0.9521%)
Round=14, per client personal pooled=[0.528, 0.765, 0.7673, 0.7399, 0.8627, 0.8166, 0.7965, 0.6123, 0.559, 0.7455, 0.7555, 0.7537, 0.7332, 0.573, 0.6909, 0.8027, 0.7256, 0.7135, 0.661, 0.8734], mean perf=295440/408200 (0.7238%)
Mean performance of ditto rpdp global, Perf=0.8864, seed=45
Mean performance of ditto rpdp personal, Perf=0.9485, seed=45
Mean performance of ditto rpdp pooled, Perf=0.7140, seed=45
Finished seed 45
----------------------------------------
Running seed 46
/Users/shegao_t1/DP_Research/Personal_DP_Personal_FL/rpdp_fl/experiments/datasets/fed_mnist/dirichlet_20_alpha_5

Client 0 label distribution:
[(0, 99), (1, 45), (3, 428), (4, 1200), (5, 1), (6, 13), (7, 149), (8, 6), (9, 13)]

Client 1 label distribution:
[(0, 16), (1, 411), (2, 217), (3, 337), (4, 91), (5, 583), (7, 119), (8, 37), (9, 19)]

Client 2 label distribution:
[(0, 664), (1, 47), (2, 525), (3, 880), (4, 6), (5, 9), (6, 59), (7, 256), (8, 5), (9, 156)]

Client 3 label distribution:
[(0, 1134), (1, 280), (2, 235), (3, 1), (4, 325), (5, 854), (6, 11), (7, 18), (8, 1075), (9, 205)]

Client 4 label distribution:
[(0, 22), (1, 16), (2, 58), (3, 99), (4, 80), (5, 15), (6, 219), (7, 6), (8, 180), (9, 31)]

Client 5 label distribution:
[(0, 205), (1, 636), (2, 776), (3, 541), (5, 316), (6, 232), (7, 50), (8, 396), (9, 905)]

Client 6 label distribution:
[(0, 276), (1, 73), (2, 8), (3, 44), (4, 1), (5, 115), (6, 131), (7, 441), (8, 730), (9, 58)]

Client 7 label distribution:
[(0, 95), (1, 5), (2, 47), (3, 496), (4, 1072), (5, 56), (6, 494), (7, 173), (8, 213), (9, 2)]

Client 8 label distribution:
[(0, 9), (1, 436), (2, 10), (3, 6), (5, 290), (6, 14), (7, 3), (8, 337), (9, 17)]

Client 9 label distribution:
[(0, 145), (1, 227), (2, 393), (3, 149), (4, 439), (6, 11), (7, 354), (8, 13), (9, 40)]

Client 10 label distribution:
[(0, 261), (1, 458), (2, 15), (3, 499), (4, 54), (5, 24), (6, 2), (7, 427), (8, 4), (9, 391)]

Client 11 label distribution:
[(0, 23), (1, 503), (2, 542), (3, 3), (4, 2), (5, 135), (6, 389), (7, 160), (8, 93), (9, 1384)]

Client 12 label distribution:
[(0, 469), (1, 261), (2, 465), (3, 80), (4, 1), (5, 30), (6, 427), (8, 179), (9, 77)]

Client 13 label distribution:
[(0, 37), (1, 155), (2, 120), (4, 65), (5, 12), (6, 12), (7, 1079), (9, 7)]

Client 14 label distribution:
[(0, 242), (2, 40), (3, 6), (5, 105), (6, 112), (7, 18), (8, 21), (9, 92)]

Client 15 label distribution:
[(0, 16), (2, 21), (3, 44), (4, 128), (5, 228), (6, 243), (7, 60), (8, 27), (9, 108)]

Client 16 label distribution:
[(0, 102), (1, 767), (2, 143), (3, 7), (4, 326), (5, 203), (6, 39), (7, 259), (8, 8), (9, 10)]

Client 17 label distribution:
[(0, 53), (1, 14), (2, 8), (3, 49), (4, 67), (5, 553), (6, 112), (7, 1), (8, 214), (9, 60)]

Client 18 label distribution:
[(0, 10), (1, 3), (2, 182), (4, 29), (5, 10), (6, 825), (7, 100), (8, 145), (9, 166)]

Client 19 label distribution:
[(0, 9), (1, 116), (2, 99), (3, 374), (4, 21), (5, 42), (6, 540), (7, 469), (8, 230), (9, 134)]
Client 0: avg epsilon = 4.6389
Client 1: avg epsilon = 3.5712
Client 2: avg epsilon = 2.8743
Client 3: avg epsilon = 3.1594
Client 4: avg epsilon = 4.4438
Client 5: avg epsilon = 3.3602
Client 6: avg epsilon = 4.1069
Client 7: avg epsilon = 4.7461
Client 8: avg epsilon = 3.3707
Client 9: avg epsilon = 3.1985
Client 10: avg epsilon = 3.5148
Client 11: avg epsilon = 3.6726
Client 12: avg epsilon = 2.3846
Client 13: avg epsilon = 4.1383
Client 14: avg epsilon = 2.8840
Client 15: avg epsilon = 4.8144
Client 16: avg epsilon = 2.9465
Client 17: avg epsilon = 4.7209
Client 18: avg epsilon = 4.9585
Client 19: avg epsilon = 4.7502
 We run FedAvg with rPDP (ThreeLevels-0) ...
max_epsilon :  10.0  noise_multiplier :  9.736328125
The R-Squared value of the best-fit curve : 0.999749898528281
learning rate =  0.01
sample_rate: (min) 0.03, (max) 0.61, expected_batch_size: 1101
sample_rate: (min) 0.03, (max) 0.61, expected_batch_size: 815
sample_rate: (min) 0.03, (max) 0.61, expected_batch_size: 938
sample_rate: (min) 0.03, (max) 0.61, expected_batch_size: 1620
sample_rate: (min) 0.03, (max) 0.61, expected_batch_size: 394
sample_rate: (min) 0.03, (max) 0.61, expected_batch_size: 1708
sample_rate: (min) 0.03, (max) 0.61, expected_batch_size: 941
sample_rate: (min) 0.03, (max) 0.61, expected_batch_size: 1530
sample_rate: (min) 0.03, (max) 0.61, expected_batch_size: 475
sample_rate: (min) 0.03, (max) 0.61, expected_batch_size: 712
sample_rate: (min) 0.03, (max) 0.61, expected_batch_size: 931
sample_rate: (min) 0.03, (max) 0.61, expected_batch_size: 1479
sample_rate: (min) 0.03, (max) 0.61, expected_batch_size: 608
sample_rate: (min) 0.03, (max) 0.61, expected_batch_size: 757
sample_rate: (min) 0.03, (max) 0.61, expected_batch_size: 227
sample_rate: (min) 0.03, (max) 0.61, expected_batch_size: 512
sample_rate: (min) 0.03, (max) 0.61, expected_batch_size: 698
sample_rate: (min) 0.03, (max) 0.61, expected_batch_size: 649
sample_rate: (min) 0.03, (max) 0.61, expected_batch_size: 884
sample_rate: (min) 0.03, (max) 0.61, expected_batch_size: 1176
initial privacy cost of all clients:  [0, 0, 0, 0, 0, 0, 0, 0, 0, 0, 0, 0, 0, 0, 0, 0, 0, 0, 0, 0]
Round=0
Round=1
Round=2
Round=3
Round=4
Round=5
Round=6
Round=7
Round=8
Round=9
Round=10
Round=11
Round=12
Round=13
Round=14
current privacy cost of all clients:  [3.5546114404122435, 3.804837257942653, 4.677972220314398, 4.055063075473062, 3.0541598053514245, 4.055063075473062, 2.502378076501911, 3.5546114404122435, 4.055063075473062, 3.804837257942653, 2.502378076501911, 3.804837257942653, 2.803933987821015, 3.304385622881834, 3.5546114404122435, 4.305288893003472, 3.5546114404122435, 4.510367156217049, 4.055063075473062, 3.304385622881834]
Round=14, per client global perf=[0.8967, 0.9216, 0.849, 0.888, 0.944, 0.9234, 0.907, 0.9151, 0.9655, 0.8992, 0.9082, 0.9532, 0.9015, 0.9322, 0.8997, 0.9268, 0.9376, 0.9384, 0.9288, 0.9361], mean perf=18676/20410 (0.9150%)
Round=14, per client personal perf=[0.9722, 0.947, 0.9501, 0.9672, 0.9467, 0.9593, 0.8905, 0.9605, 0.9672, 0.9639, 0.9536, 0.973, 0.9298, 0.9739, 0.9757, 0.9357, 0.9553, 0.9589, 0.9459, 0.9523], mean perf=19495/20410 (0.9552%)
Round=14, per client personal pooled=[0.6505, 0.8235, 0.7441, 0.763, 0.8436, 0.8375, 0.6458, 0.7629, 0.6319, 0.7937, 0.6792, 0.7175, 0.6842, 0.6571, 0.6765, 0.7958, 0.6912, 0.8374, 0.6972, 0.8756], mean perf=302232/408200 (0.7404%)
Mean performance of ditto rpdp global, Perf=0.8987, seed=46
Mean performance of ditto rpdp personal, Perf=0.9511, seed=46
Mean performance of ditto rpdp pooled, Perf=0.7315, seed=46
Finished seed 46
----------------------------------------
=== Running reg_param=1.0, num_steps=15 ===
Running seed 42
/Users/shegao_t1/DP_Research/Personal_DP_Personal_FL/rpdp_fl/experiments/datasets/fed_mnist/dirichlet_20_alpha_5

Client 0 label distribution:
[(0, 99), (1, 45), (3, 428), (4, 1200), (5, 1), (6, 13), (7, 149), (8, 6), (9, 13)]

Client 1 label distribution:
[(0, 16), (1, 411), (2, 217), (3, 337), (4, 91), (5, 583), (7, 119), (8, 37), (9, 19)]

Client 2 label distribution:
[(0, 664), (1, 47), (2, 525), (3, 880), (4, 6), (5, 9), (6, 59), (7, 256), (8, 5), (9, 156)]

Client 3 label distribution:
[(0, 1134), (1, 280), (2, 235), (3, 1), (4, 325), (5, 854), (6, 11), (7, 18), (8, 1075), (9, 205)]

Client 4 label distribution:
[(0, 22), (1, 16), (2, 58), (3, 99), (4, 80), (5, 15), (6, 219), (7, 6), (8, 180), (9, 31)]

Client 5 label distribution:
[(0, 205), (1, 636), (2, 776), (3, 541), (5, 316), (6, 232), (7, 50), (8, 396), (9, 905)]

Client 6 label distribution:
[(0, 276), (1, 73), (2, 8), (3, 44), (4, 1), (5, 115), (6, 131), (7, 441), (8, 730), (9, 58)]

Client 7 label distribution:
[(0, 95), (1, 5), (2, 47), (3, 496), (4, 1072), (5, 56), (6, 494), (7, 173), (8, 213), (9, 2)]

Client 8 label distribution:
[(0, 9), (1, 436), (2, 10), (3, 6), (5, 290), (6, 14), (7, 3), (8, 337), (9, 17)]

Client 9 label distribution:
[(0, 145), (1, 227), (2, 393), (3, 149), (4, 439), (6, 11), (7, 354), (8, 13), (9, 40)]

Client 10 label distribution:
[(0, 261), (1, 458), (2, 15), (3, 499), (4, 54), (5, 24), (6, 2), (7, 427), (8, 4), (9, 391)]

Client 11 label distribution:
[(0, 23), (1, 503), (2, 542), (3, 3), (4, 2), (5, 135), (6, 389), (7, 160), (8, 93), (9, 1384)]

Client 12 label distribution:
[(0, 469), (1, 261), (2, 465), (3, 80), (4, 1), (5, 30), (6, 427), (8, 179), (9, 77)]

Client 13 label distribution:
[(0, 37), (1, 155), (2, 120), (4, 65), (5, 12), (6, 12), (7, 1079), (9, 7)]

Client 14 label distribution:
[(0, 242), (2, 40), (3, 6), (5, 105), (6, 112), (7, 18), (8, 21), (9, 92)]

Client 15 label distribution:
[(0, 16), (2, 21), (3, 44), (4, 128), (5, 228), (6, 243), (7, 60), (8, 27), (9, 108)]

Client 16 label distribution:
[(0, 102), (1, 767), (2, 143), (3, 7), (4, 326), (5, 203), (6, 39), (7, 259), (8, 8), (9, 10)]

Client 17 label distribution:
[(0, 53), (1, 14), (2, 8), (3, 49), (4, 67), (5, 553), (6, 112), (7, 1), (8, 214), (9, 60)]

Client 18 label distribution:
[(0, 10), (1, 3), (2, 182), (4, 29), (5, 10), (6, 825), (7, 100), (8, 145), (9, 166)]

Client 19 label distribution:
[(0, 9), (1, 116), (2, 99), (3, 374), (4, 21), (5, 42), (6, 540), (7, 469), (8, 230), (9, 134)]
Client 0: avg epsilon = 4.6389
Client 1: avg epsilon = 3.5712
Client 2: avg epsilon = 2.8743
Client 3: avg epsilon = 3.1594
Client 4: avg epsilon = 4.4438
Client 5: avg epsilon = 3.3602
Client 6: avg epsilon = 4.1069
Client 7: avg epsilon = 4.7461
Client 8: avg epsilon = 3.3707
Client 9: avg epsilon = 3.1985
Client 10: avg epsilon = 3.5148
Client 11: avg epsilon = 3.6726
Client 12: avg epsilon = 2.3846
Client 13: avg epsilon = 4.1383
Client 14: avg epsilon = 2.8840
Client 15: avg epsilon = 4.8144
Client 16: avg epsilon = 2.9465
Client 17: avg epsilon = 4.7209
Client 18: avg epsilon = 4.9585
Client 19: avg epsilon = 4.7502
 We run FedAvg with rPDP (ThreeLevels-0) ...
max_epsilon :  10.0  noise_multiplier :  9.736328125
The R-Squared value of the best-fit curve : 0.999749898528281
learning rate =  0.01
sample_rate: (min) 0.03, (max) 0.61, expected_batch_size: 1101
sample_rate: (min) 0.03, (max) 0.61, expected_batch_size: 815
sample_rate: (min) 0.03, (max) 0.61, expected_batch_size: 938
sample_rate: (min) 0.03, (max) 0.61, expected_batch_size: 1620
sample_rate: (min) 0.03, (max) 0.61, expected_batch_size: 394
sample_rate: (min) 0.03, (max) 0.61, expected_batch_size: 1708
sample_rate: (min) 0.03, (max) 0.61, expected_batch_size: 941
sample_rate: (min) 0.03, (max) 0.61, expected_batch_size: 1530
sample_rate: (min) 0.03, (max) 0.61, expected_batch_size: 475
sample_rate: (min) 0.03, (max) 0.61, expected_batch_size: 712
sample_rate: (min) 0.03, (max) 0.61, expected_batch_size: 931
sample_rate: (min) 0.03, (max) 0.61, expected_batch_size: 1479
sample_rate: (min) 0.03, (max) 0.61, expected_batch_size: 608
sample_rate: (min) 0.03, (max) 0.61, expected_batch_size: 757
sample_rate: (min) 0.03, (max) 0.61, expected_batch_size: 227
sample_rate: (min) 0.03, (max) 0.61, expected_batch_size: 512
sample_rate: (min) 0.03, (max) 0.61, expected_batch_size: 698
sample_rate: (min) 0.03, (max) 0.61, expected_batch_size: 649
sample_rate: (min) 0.03, (max) 0.61, expected_batch_size: 884
sample_rate: (min) 0.03, (max) 0.61, expected_batch_size: 1176
initial privacy cost of all clients:  [0, 0, 0, 0, 0, 0, 0, 0, 0, 0, 0, 0, 0, 0, 0, 0, 0, 0, 0, 0]
Round=0
Round=1
Round=2
Round=3
Round=4
Round=5
Round=6
Round=7
Round=8
Round=9
Round=10
Round=11
Round=12
Round=13
Round=14
current privacy cost of all clients:  [3.0541598053514245, 3.304385622881834, 3.0541598053514245, 3.5546114404122435, 3.0541598053514245, 3.5546114404122435, 4.055063075473062, 4.055063075473062, 4.305288893003472, 3.804837257942653, 3.804837257942653, 3.304385622881834, 3.804837257942653, 3.0541598053514245, 3.804837257942653, 3.304385622881834, 3.804837257942653, 3.0541598053514245, 3.304385622881834, 2.803933987821015]
Round=14, per client global perf=[0.9067, 0.9311, 0.8646, 0.8926, 0.9307, 0.923, 0.9143, 0.9188, 0.9465, 0.9091, 0.9082, 0.9448, 0.9073, 0.9426, 0.9058, 0.9335, 0.9438, 0.9435, 0.942, 0.9237], mean perf=18741/20410 (0.9182%)
Round=14, per client personal perf=[0.9712, 0.9248, 0.9085, 0.8931, 0.88, 0.8804, 0.9298, 0.8786, 0.9516, 0.931, 0.9255, 0.8445, 0.9356, 0.957, 0.8936, 0.8825, 0.9178, 0.7928, 0.8338, 0.9142], mean perf=18395/20410 (0.9013%)
Round=14, per client personal pooled=[0.6316, 0.8266, 0.8112, 0.8409, 0.8117, 0.7575, 0.8613, 0.574, 0.8456, 0.8169, 0.7714, 0.7426, 0.8137, 0.6382, 0.7485, 0.8275, 0.771, 0.6954, 0.6919, 0.7578], mean perf=310952/408200 (0.7618%)
Mean performance of ditto rpdp global, Perf=0.9090, seed=42
Mean performance of ditto rpdp personal, Perf=0.8879, seed=42
Mean performance of ditto rpdp pooled, Perf=0.7545, seed=42
Finished seed 42
----------------------------------------
Running seed 43
/Users/shegao_t1/DP_Research/Personal_DP_Personal_FL/rpdp_fl/experiments/datasets/fed_mnist/dirichlet_20_alpha_5

Client 0 label distribution:
[(0, 99), (1, 45), (3, 428), (4, 1200), (5, 1), (6, 13), (7, 149), (8, 6), (9, 13)]

Client 1 label distribution:
[(0, 16), (1, 411), (2, 217), (3, 337), (4, 91), (5, 583), (7, 119), (8, 37), (9, 19)]

Client 2 label distribution:
[(0, 664), (1, 47), (2, 525), (3, 880), (4, 6), (5, 9), (6, 59), (7, 256), (8, 5), (9, 156)]

Client 3 label distribution:
[(0, 1134), (1, 280), (2, 235), (3, 1), (4, 325), (5, 854), (6, 11), (7, 18), (8, 1075), (9, 205)]

Client 4 label distribution:
[(0, 22), (1, 16), (2, 58), (3, 99), (4, 80), (5, 15), (6, 219), (7, 6), (8, 180), (9, 31)]

Client 5 label distribution:
[(0, 205), (1, 636), (2, 776), (3, 541), (5, 316), (6, 232), (7, 50), (8, 396), (9, 905)]

Client 6 label distribution:
[(0, 276), (1, 73), (2, 8), (3, 44), (4, 1), (5, 115), (6, 131), (7, 441), (8, 730), (9, 58)]

Client 7 label distribution:
[(0, 95), (1, 5), (2, 47), (3, 496), (4, 1072), (5, 56), (6, 494), (7, 173), (8, 213), (9, 2)]

Client 8 label distribution:
[(0, 9), (1, 436), (2, 10), (3, 6), (5, 290), (6, 14), (7, 3), (8, 337), (9, 17)]

Client 9 label distribution:
[(0, 145), (1, 227), (2, 393), (3, 149), (4, 439), (6, 11), (7, 354), (8, 13), (9, 40)]

Client 10 label distribution:
[(0, 261), (1, 458), (2, 15), (3, 499), (4, 54), (5, 24), (6, 2), (7, 427), (8, 4), (9, 391)]

Client 11 label distribution:
[(0, 23), (1, 503), (2, 542), (3, 3), (4, 2), (5, 135), (6, 389), (7, 160), (8, 93), (9, 1384)]

Client 12 label distribution:
[(0, 469), (1, 261), (2, 465), (3, 80), (4, 1), (5, 30), (6, 427), (8, 179), (9, 77)]

Client 13 label distribution:
[(0, 37), (1, 155), (2, 120), (4, 65), (5, 12), (6, 12), (7, 1079), (9, 7)]

Client 14 label distribution:
[(0, 242), (2, 40), (3, 6), (5, 105), (6, 112), (7, 18), (8, 21), (9, 92)]

Client 15 label distribution:
[(0, 16), (2, 21), (3, 44), (4, 128), (5, 228), (6, 243), (7, 60), (8, 27), (9, 108)]

Client 16 label distribution:
[(0, 102), (1, 767), (2, 143), (3, 7), (4, 326), (5, 203), (6, 39), (7, 259), (8, 8), (9, 10)]

Client 17 label distribution:
[(0, 53), (1, 14), (2, 8), (3, 49), (4, 67), (5, 553), (6, 112), (7, 1), (8, 214), (9, 60)]

Client 18 label distribution:
[(0, 10), (1, 3), (2, 182), (4, 29), (5, 10), (6, 825), (7, 100), (8, 145), (9, 166)]

Client 19 label distribution:
[(0, 9), (1, 116), (2, 99), (3, 374), (4, 21), (5, 42), (6, 540), (7, 469), (8, 230), (9, 134)]
Client 0: avg epsilon = 4.6389
Client 1: avg epsilon = 3.5712
Client 2: avg epsilon = 2.8743
Client 3: avg epsilon = 3.1594
Client 4: avg epsilon = 4.4438
Client 5: avg epsilon = 3.3602
Client 6: avg epsilon = 4.1069
Client 7: avg epsilon = 4.7461
Client 8: avg epsilon = 3.3707
Client 9: avg epsilon = 3.1985
Client 10: avg epsilon = 3.5148
Client 11: avg epsilon = 3.6726
Client 12: avg epsilon = 2.3846
Client 13: avg epsilon = 4.1383
Client 14: avg epsilon = 2.8840
Client 15: avg epsilon = 4.8144
Client 16: avg epsilon = 2.9465
Client 17: avg epsilon = 4.7209
Client 18: avg epsilon = 4.9585
Client 19: avg epsilon = 4.7502
 We run FedAvg with rPDP (ThreeLevels-0) ...
max_epsilon :  10.0  noise_multiplier :  9.736328125
The R-Squared value of the best-fit curve : 0.999749898528281
learning rate =  0.01
sample_rate: (min) 0.03, (max) 0.61, expected_batch_size: 1101
sample_rate: (min) 0.03, (max) 0.61, expected_batch_size: 815
sample_rate: (min) 0.03, (max) 0.61, expected_batch_size: 938
sample_rate: (min) 0.03, (max) 0.61, expected_batch_size: 1620
sample_rate: (min) 0.03, (max) 0.61, expected_batch_size: 394
sample_rate: (min) 0.03, (max) 0.61, expected_batch_size: 1708
sample_rate: (min) 0.03, (max) 0.61, expected_batch_size: 941
sample_rate: (min) 0.03, (max) 0.61, expected_batch_size: 1530
sample_rate: (min) 0.03, (max) 0.61, expected_batch_size: 475
sample_rate: (min) 0.03, (max) 0.61, expected_batch_size: 712
sample_rate: (min) 0.03, (max) 0.61, expected_batch_size: 931
sample_rate: (min) 0.03, (max) 0.61, expected_batch_size: 1479
sample_rate: (min) 0.03, (max) 0.61, expected_batch_size: 608
sample_rate: (min) 0.03, (max) 0.61, expected_batch_size: 757
sample_rate: (min) 0.03, (max) 0.61, expected_batch_size: 227
sample_rate: (min) 0.03, (max) 0.61, expected_batch_size: 512
sample_rate: (min) 0.03, (max) 0.61, expected_batch_size: 698
sample_rate: (min) 0.03, (max) 0.61, expected_batch_size: 649
sample_rate: (min) 0.03, (max) 0.61, expected_batch_size: 884
sample_rate: (min) 0.03, (max) 0.61, expected_batch_size: 1176
initial privacy cost of all clients:  [0, 0, 0, 0, 0, 0, 0, 0, 0, 0, 0, 0, 0, 0, 0, 0, 0, 0, 0, 0]
Round=0
Round=1
Round=2
Round=3
Round=4
Round=5
Round=6
Round=7
Round=8
Round=9
Round=10
Round=11
Round=12
Round=13
Round=14
current privacy cost of all clients:  [3.304385622881834, 3.304385622881834, 2.803933987821015, 3.804837257942653, 2.803933987821015, 3.804837257942653, 3.304385622881834, 3.304385622881834, 3.304385622881834, 4.510367156217049, 3.804837257942653, 3.5546114404122435, 3.5546114404122435, 3.304385622881834, 4.055063075473062, 3.304385622881834, 3.804837257942653, 3.304385622881834, 3.304385622881834, 3.0541598053514245]
Round=14, per client global perf=[0.8888, 0.928, 0.8824, 0.8823, 0.9307, 0.933, 0.9174, 0.9137, 0.9655, 0.8949, 0.9218, 0.928, 0.92, 0.9387, 0.8906, 0.929, 0.9324, 0.9264, 0.9538, 0.9418], mean perf=18734/20410 (0.9179%)
Round=14, per client personal perf=[0.9305, 0.8581, 0.9196, 0.9241, 0.8933, 0.8847, 0.9463, 0.9415, 0.791, 0.8773, 0.9464, 0.9082, 0.9551, 0.9674, 0.9392, 0.8958, 0.9625, 0.9452, 0.9314, 0.8875], mean perf=18702/20410 (0.9163%)
Round=14, per client personal pooled=[0.606, 0.8159, 0.8016, 0.8568, 0.8484, 0.7535, 0.8624, 0.7444, 0.4892, 0.7206, 0.8657, 0.8685, 0.8611, 0.67, 0.8356, 0.8426, 0.8053, 0.9014, 0.7157, 0.8395], mean perf=320522/408200 (0.7852%)
Mean performance of ditto rpdp global, Perf=0.9114, seed=43
Mean performance of ditto rpdp personal, Perf=0.9106, seed=43
Mean performance of ditto rpdp pooled, Perf=0.7831, seed=43
Finished seed 43
----------------------------------------
Running seed 44
/Users/shegao_t1/DP_Research/Personal_DP_Personal_FL/rpdp_fl/experiments/datasets/fed_mnist/dirichlet_20_alpha_5

Client 0 label distribution:
[(0, 99), (1, 45), (3, 428), (4, 1200), (5, 1), (6, 13), (7, 149), (8, 6), (9, 13)]

Client 1 label distribution:
[(0, 16), (1, 411), (2, 217), (3, 337), (4, 91), (5, 583), (7, 119), (8, 37), (9, 19)]

Client 2 label distribution:
[(0, 664), (1, 47), (2, 525), (3, 880), (4, 6), (5, 9), (6, 59), (7, 256), (8, 5), (9, 156)]

Client 3 label distribution:
[(0, 1134), (1, 280), (2, 235), (3, 1), (4, 325), (5, 854), (6, 11), (7, 18), (8, 1075), (9, 205)]

Client 4 label distribution:
[(0, 22), (1, 16), (2, 58), (3, 99), (4, 80), (5, 15), (6, 219), (7, 6), (8, 180), (9, 31)]

Client 5 label distribution:
[(0, 205), (1, 636), (2, 776), (3, 541), (5, 316), (6, 232), (7, 50), (8, 396), (9, 905)]

Client 6 label distribution:
[(0, 276), (1, 73), (2, 8), (3, 44), (4, 1), (5, 115), (6, 131), (7, 441), (8, 730), (9, 58)]

Client 7 label distribution:
[(0, 95), (1, 5), (2, 47), (3, 496), (4, 1072), (5, 56), (6, 494), (7, 173), (8, 213), (9, 2)]

Client 8 label distribution:
[(0, 9), (1, 436), (2, 10), (3, 6), (5, 290), (6, 14), (7, 3), (8, 337), (9, 17)]

Client 9 label distribution:
[(0, 145), (1, 227), (2, 393), (3, 149), (4, 439), (6, 11), (7, 354), (8, 13), (9, 40)]

Client 10 label distribution:
[(0, 261), (1, 458), (2, 15), (3, 499), (4, 54), (5, 24), (6, 2), (7, 427), (8, 4), (9, 391)]

Client 11 label distribution:
[(0, 23), (1, 503), (2, 542), (3, 3), (4, 2), (5, 135), (6, 389), (7, 160), (8, 93), (9, 1384)]

Client 12 label distribution:
[(0, 469), (1, 261), (2, 465), (3, 80), (4, 1), (5, 30), (6, 427), (8, 179), (9, 77)]

Client 13 label distribution:
[(0, 37), (1, 155), (2, 120), (4, 65), (5, 12), (6, 12), (7, 1079), (9, 7)]

Client 14 label distribution:
[(0, 242), (2, 40), (3, 6), (5, 105), (6, 112), (7, 18), (8, 21), (9, 92)]

Client 15 label distribution:
[(0, 16), (2, 21), (3, 44), (4, 128), (5, 228), (6, 243), (7, 60), (8, 27), (9, 108)]

Client 16 label distribution:
[(0, 102), (1, 767), (2, 143), (3, 7), (4, 326), (5, 203), (6, 39), (7, 259), (8, 8), (9, 10)]

Client 17 label distribution:
[(0, 53), (1, 14), (2, 8), (3, 49), (4, 67), (5, 553), (6, 112), (7, 1), (8, 214), (9, 60)]

Client 18 label distribution:
[(0, 10), (1, 3), (2, 182), (4, 29), (5, 10), (6, 825), (7, 100), (8, 145), (9, 166)]

Client 19 label distribution:
[(0, 9), (1, 116), (2, 99), (3, 374), (4, 21), (5, 42), (6, 540), (7, 469), (8, 230), (9, 134)]
Client 0: avg epsilon = 4.6389
Client 1: avg epsilon = 3.5712
Client 2: avg epsilon = 2.8743
Client 3: avg epsilon = 3.1594
Client 4: avg epsilon = 4.4438
Client 5: avg epsilon = 3.3602
Client 6: avg epsilon = 4.1069
Client 7: avg epsilon = 4.7461
Client 8: avg epsilon = 3.3707
Client 9: avg epsilon = 3.1985
Client 10: avg epsilon = 3.5148
Client 11: avg epsilon = 3.6726
Client 12: avg epsilon = 2.3846
Client 13: avg epsilon = 4.1383
Client 14: avg epsilon = 2.8840
Client 15: avg epsilon = 4.8144
Client 16: avg epsilon = 2.9465
Client 17: avg epsilon = 4.7209
Client 18: avg epsilon = 4.9585
Client 19: avg epsilon = 4.7502
 We run FedAvg with rPDP (ThreeLevels-0) ...
max_epsilon :  10.0  noise_multiplier :  9.736328125
The R-Squared value of the best-fit curve : 0.999749898528281
learning rate =  0.01
sample_rate: (min) 0.03, (max) 0.61, expected_batch_size: 1101
sample_rate: (min) 0.03, (max) 0.61, expected_batch_size: 815
sample_rate: (min) 0.03, (max) 0.61, expected_batch_size: 938
sample_rate: (min) 0.03, (max) 0.61, expected_batch_size: 1620
sample_rate: (min) 0.03, (max) 0.61, expected_batch_size: 394
sample_rate: (min) 0.03, (max) 0.61, expected_batch_size: 1708
sample_rate: (min) 0.03, (max) 0.61, expected_batch_size: 941
sample_rate: (min) 0.03, (max) 0.61, expected_batch_size: 1530
sample_rate: (min) 0.03, (max) 0.61, expected_batch_size: 475
sample_rate: (min) 0.03, (max) 0.61, expected_batch_size: 712
sample_rate: (min) 0.03, (max) 0.61, expected_batch_size: 931
sample_rate: (min) 0.03, (max) 0.61, expected_batch_size: 1479
sample_rate: (min) 0.03, (max) 0.61, expected_batch_size: 608
sample_rate: (min) 0.03, (max) 0.61, expected_batch_size: 757
sample_rate: (min) 0.03, (max) 0.61, expected_batch_size: 227
sample_rate: (min) 0.03, (max) 0.61, expected_batch_size: 512
sample_rate: (min) 0.03, (max) 0.61, expected_batch_size: 698
sample_rate: (min) 0.03, (max) 0.61, expected_batch_size: 649
sample_rate: (min) 0.03, (max) 0.61, expected_batch_size: 884
sample_rate: (min) 0.03, (max) 0.61, expected_batch_size: 1176
initial privacy cost of all clients:  [0, 0, 0, 0, 0, 0, 0, 0, 0, 0, 0, 0, 0, 0, 0, 0, 0, 0, 0, 0]
Round=0
Round=1
Round=2
Round=3
Round=4
Round=5
Round=6
Round=7
Round=8
Round=9
Round=10
Round=11
Round=12
Round=13
Round=14
current privacy cost of all clients:  [3.804837257942653, 4.305288893003472, 3.804837257942653, 2.803933987821015, 3.5546114404122435, 3.304385622881834, 4.055063075473062, 3.0541598053514245, 3.5546114404122435, 2.803933987821015, 4.055063075473062, 4.305288893003472, 4.055063075473062, 3.304385622881834, 3.804837257942653, 3.5546114404122435, 2.502378076501911, 3.304385622881834, 3.0541598053514245, 3.804837257942653]
Round=14, per client global perf=[0.8828, 0.9163, 0.8527, 0.8758, 0.9333, 0.9301, 0.8915, 0.8866, 0.9499, 0.8905, 0.8936, 0.9544, 0.8907, 0.9166, 0.8632, 0.9113, 0.9199, 0.9144, 0.9538, 0.9295], mean perf=18500/20410 (0.9064%)
Round=14, per client personal perf=[0.9523, 0.911, 0.9211, 0.8045, 0.8213, 0.9163, 0.8182, 0.9122, 0.8636, 0.8773, 0.9364, 0.8295, 0.9229, 0.9505, 0.9483, 0.9002, 0.9501, 0.9281, 0.9195, 0.9256], mean perf=18264/20410 (0.8949%)
Round=14, per client personal pooled=[0.7335, 0.8015, 0.7245, 0.7643, 0.763, 0.7953, 0.7311, 0.8003, 0.603, 0.7556, 0.7003, 0.5482, 0.8876, 0.7976, 0.882, 0.8393, 0.8699, 0.8392, 0.8098, 0.8373], mean perf=316017/408200 (0.7742%)
Mean performance of ditto rpdp global, Perf=0.8891, seed=44
Mean performance of ditto rpdp personal, Perf=0.9078, seed=44
Mean performance of ditto rpdp pooled, Perf=0.7852, seed=44
Finished seed 44
----------------------------------------
Running seed 45
/Users/shegao_t1/DP_Research/Personal_DP_Personal_FL/rpdp_fl/experiments/datasets/fed_mnist/dirichlet_20_alpha_5

Client 0 label distribution:
[(0, 99), (1, 45), (3, 428), (4, 1200), (5, 1), (6, 13), (7, 149), (8, 6), (9, 13)]

Client 1 label distribution:
[(0, 16), (1, 411), (2, 217), (3, 337), (4, 91), (5, 583), (7, 119), (8, 37), (9, 19)]

Client 2 label distribution:
[(0, 664), (1, 47), (2, 525), (3, 880), (4, 6), (5, 9), (6, 59), (7, 256), (8, 5), (9, 156)]

Client 3 label distribution:
[(0, 1134), (1, 280), (2, 235), (3, 1), (4, 325), (5, 854), (6, 11), (7, 18), (8, 1075), (9, 205)]

Client 4 label distribution:
[(0, 22), (1, 16), (2, 58), (3, 99), (4, 80), (5, 15), (6, 219), (7, 6), (8, 180), (9, 31)]

Client 5 label distribution:
[(0, 205), (1, 636), (2, 776), (3, 541), (5, 316), (6, 232), (7, 50), (8, 396), (9, 905)]

Client 6 label distribution:
[(0, 276), (1, 73), (2, 8), (3, 44), (4, 1), (5, 115), (6, 131), (7, 441), (8, 730), (9, 58)]

Client 7 label distribution:
[(0, 95), (1, 5), (2, 47), (3, 496), (4, 1072), (5, 56), (6, 494), (7, 173), (8, 213), (9, 2)]

Client 8 label distribution:
[(0, 9), (1, 436), (2, 10), (3, 6), (5, 290), (6, 14), (7, 3), (8, 337), (9, 17)]

Client 9 label distribution:
[(0, 145), (1, 227), (2, 393), (3, 149), (4, 439), (6, 11), (7, 354), (8, 13), (9, 40)]

Client 10 label distribution:
[(0, 261), (1, 458), (2, 15), (3, 499), (4, 54), (5, 24), (6, 2), (7, 427), (8, 4), (9, 391)]

Client 11 label distribution:
[(0, 23), (1, 503), (2, 542), (3, 3), (4, 2), (5, 135), (6, 389), (7, 160), (8, 93), (9, 1384)]

Client 12 label distribution:
[(0, 469), (1, 261), (2, 465), (3, 80), (4, 1), (5, 30), (6, 427), (8, 179), (9, 77)]

Client 13 label distribution:
[(0, 37), (1, 155), (2, 120), (4, 65), (5, 12), (6, 12), (7, 1079), (9, 7)]

Client 14 label distribution:
[(0, 242), (2, 40), (3, 6), (5, 105), (6, 112), (7, 18), (8, 21), (9, 92)]

Client 15 label distribution:
[(0, 16), (2, 21), (3, 44), (4, 128), (5, 228), (6, 243), (7, 60), (8, 27), (9, 108)]

Client 16 label distribution:
[(0, 102), (1, 767), (2, 143), (3, 7), (4, 326), (5, 203), (6, 39), (7, 259), (8, 8), (9, 10)]

Client 17 label distribution:
[(0, 53), (1, 14), (2, 8), (3, 49), (4, 67), (5, 553), (6, 112), (7, 1), (8, 214), (9, 60)]

Client 18 label distribution:
[(0, 10), (1, 3), (2, 182), (4, 29), (5, 10), (6, 825), (7, 100), (8, 145), (9, 166)]

Client 19 label distribution:
[(0, 9), (1, 116), (2, 99), (3, 374), (4, 21), (5, 42), (6, 540), (7, 469), (8, 230), (9, 134)]
Client 0: avg epsilon = 4.6389
Client 1: avg epsilon = 3.5712
Client 2: avg epsilon = 2.8743
Client 3: avg epsilon = 3.1594
Client 4: avg epsilon = 4.4438
Client 5: avg epsilon = 3.3602
Client 6: avg epsilon = 4.1069
Client 7: avg epsilon = 4.7461
Client 8: avg epsilon = 3.3707
Client 9: avg epsilon = 3.1985
Client 10: avg epsilon = 3.5148
Client 11: avg epsilon = 3.6726
Client 12: avg epsilon = 2.3846
Client 13: avg epsilon = 4.1383
Client 14: avg epsilon = 2.8840
Client 15: avg epsilon = 4.8144
Client 16: avg epsilon = 2.9465
Client 17: avg epsilon = 4.7209
Client 18: avg epsilon = 4.9585
Client 19: avg epsilon = 4.7502
 We run FedAvg with rPDP (ThreeLevels-0) ...
max_epsilon :  10.0  noise_multiplier :  9.736328125
The R-Squared value of the best-fit curve : 0.999749898528281
learning rate =  0.01
sample_rate: (min) 0.03, (max) 0.61, expected_batch_size: 1101
sample_rate: (min) 0.03, (max) 0.61, expected_batch_size: 815
sample_rate: (min) 0.03, (max) 0.61, expected_batch_size: 938
sample_rate: (min) 0.03, (max) 0.61, expected_batch_size: 1620
sample_rate: (min) 0.03, (max) 0.61, expected_batch_size: 394
sample_rate: (min) 0.03, (max) 0.61, expected_batch_size: 1708
sample_rate: (min) 0.03, (max) 0.61, expected_batch_size: 941
sample_rate: (min) 0.03, (max) 0.61, expected_batch_size: 1530
sample_rate: (min) 0.03, (max) 0.61, expected_batch_size: 475
sample_rate: (min) 0.03, (max) 0.61, expected_batch_size: 712
sample_rate: (min) 0.03, (max) 0.61, expected_batch_size: 931
sample_rate: (min) 0.03, (max) 0.61, expected_batch_size: 1479
sample_rate: (min) 0.03, (max) 0.61, expected_batch_size: 608
sample_rate: (min) 0.03, (max) 0.61, expected_batch_size: 757
sample_rate: (min) 0.03, (max) 0.61, expected_batch_size: 227
sample_rate: (min) 0.03, (max) 0.61, expected_batch_size: 512
sample_rate: (min) 0.03, (max) 0.61, expected_batch_size: 698
sample_rate: (min) 0.03, (max) 0.61, expected_batch_size: 649
sample_rate: (min) 0.03, (max) 0.61, expected_batch_size: 884
sample_rate: (min) 0.03, (max) 0.61, expected_batch_size: 1176
initial privacy cost of all clients:  [0, 0, 0, 0, 0, 0, 0, 0, 0, 0, 0, 0, 0, 0, 0, 0, 0, 0, 0, 0]
Round=0
Round=1
Round=2
Round=3
Round=4
Round=5
Round=6
Round=7
Round=8
Round=9
Round=10
Round=11
Round=12
Round=13
Round=14
current privacy cost of all clients:  [3.304385622881834, 3.0541598053514245, 4.055063075473062, 3.0541598053514245, 3.304385622881834, 3.5546114404122435, 3.5546114404122435, 3.0541598053514245, 3.5546114404122435, 3.804837257942653, 4.055063075473062, 3.804837257942653, 3.0541598053514245, 2.803933987821015, 3.304385622881834, 3.5546114404122435, 3.5546114404122435, 2.803933987821015, 3.304385622881834, 3.804837257942653]
Round=14, per client global perf=[0.8371, 0.9311, 0.8705, 0.8654, 0.912, 0.9349, 0.876, 0.8595, 0.943, 0.897, 0.9055, 0.9562, 0.8868, 0.9374, 0.8845, 0.9091, 0.9053, 0.9229, 0.9327, 0.9209], mean perf=18422/20410 (0.9026%)
Round=14, per client personal perf=[0.9464, 0.8983, 0.9234, 0.9165, 0.9147, 0.9105, 0.9225, 0.9217, 0.8843, 0.9189, 0.95, 0.9262, 0.9366, 0.9413, 0.9574, 0.9224, 0.9344, 0.8938, 0.942, 0.9085], mean perf=18835/20410 (0.9228%)
Round=14, per client personal pooled=[0.6422, 0.7873, 0.875, 0.877, 0.8178, 0.8073, 0.8379, 0.7859, 0.4934, 0.7367, 0.9005, 0.7475, 0.7688, 0.8692, 0.871, 0.9048, 0.7768, 0.8014, 0.7704, 0.8547], mean perf=325046/408200 (0.7963%)
Mean performance of ditto rpdp global, Perf=0.8864, seed=45
Mean performance of ditto rpdp personal, Perf=0.9121, seed=45
Mean performance of ditto rpdp pooled, Perf=0.7801, seed=45
Finished seed 45
----------------------------------------
Running seed 46
/Users/shegao_t1/DP_Research/Personal_DP_Personal_FL/rpdp_fl/experiments/datasets/fed_mnist/dirichlet_20_alpha_5

Client 0 label distribution:
[(0, 99), (1, 45), (3, 428), (4, 1200), (5, 1), (6, 13), (7, 149), (8, 6), (9, 13)]

Client 1 label distribution:
[(0, 16), (1, 411), (2, 217), (3, 337), (4, 91), (5, 583), (7, 119), (8, 37), (9, 19)]

Client 2 label distribution:
[(0, 664), (1, 47), (2, 525), (3, 880), (4, 6), (5, 9), (6, 59), (7, 256), (8, 5), (9, 156)]

Client 3 label distribution:
[(0, 1134), (1, 280), (2, 235), (3, 1), (4, 325), (5, 854), (6, 11), (7, 18), (8, 1075), (9, 205)]

Client 4 label distribution:
[(0, 22), (1, 16), (2, 58), (3, 99), (4, 80), (5, 15), (6, 219), (7, 6), (8, 180), (9, 31)]

Client 5 label distribution:
[(0, 205), (1, 636), (2, 776), (3, 541), (5, 316), (6, 232), (7, 50), (8, 396), (9, 905)]

Client 6 label distribution:
[(0, 276), (1, 73), (2, 8), (3, 44), (4, 1), (5, 115), (6, 131), (7, 441), (8, 730), (9, 58)]

Client 7 label distribution:
[(0, 95), (1, 5), (2, 47), (3, 496), (4, 1072), (5, 56), (6, 494), (7, 173), (8, 213), (9, 2)]

Client 8 label distribution:
[(0, 9), (1, 436), (2, 10), (3, 6), (5, 290), (6, 14), (7, 3), (8, 337), (9, 17)]

Client 9 label distribution:
[(0, 145), (1, 227), (2, 393), (3, 149), (4, 439), (6, 11), (7, 354), (8, 13), (9, 40)]

Client 10 label distribution:
[(0, 261), (1, 458), (2, 15), (3, 499), (4, 54), (5, 24), (6, 2), (7, 427), (8, 4), (9, 391)]

Client 11 label distribution:
[(0, 23), (1, 503), (2, 542), (3, 3), (4, 2), (5, 135), (6, 389), (7, 160), (8, 93), (9, 1384)]

Client 12 label distribution:
[(0, 469), (1, 261), (2, 465), (3, 80), (4, 1), (5, 30), (6, 427), (8, 179), (9, 77)]

Client 13 label distribution:
[(0, 37), (1, 155), (2, 120), (4, 65), (5, 12), (6, 12), (7, 1079), (9, 7)]

Client 14 label distribution:
[(0, 242), (2, 40), (3, 6), (5, 105), (6, 112), (7, 18), (8, 21), (9, 92)]

Client 15 label distribution:
[(0, 16), (2, 21), (3, 44), (4, 128), (5, 228), (6, 243), (7, 60), (8, 27), (9, 108)]

Client 16 label distribution:
[(0, 102), (1, 767), (2, 143), (3, 7), (4, 326), (5, 203), (6, 39), (7, 259), (8, 8), (9, 10)]

Client 17 label distribution:
[(0, 53), (1, 14), (2, 8), (3, 49), (4, 67), (5, 553), (6, 112), (7, 1), (8, 214), (9, 60)]

Client 18 label distribution:
[(0, 10), (1, 3), (2, 182), (4, 29), (5, 10), (6, 825), (7, 100), (8, 145), (9, 166)]

Client 19 label distribution:
[(0, 9), (1, 116), (2, 99), (3, 374), (4, 21), (5, 42), (6, 540), (7, 469), (8, 230), (9, 134)]
Client 0: avg epsilon = 4.6389
Client 1: avg epsilon = 3.5712
Client 2: avg epsilon = 2.8743
Client 3: avg epsilon = 3.1594
Client 4: avg epsilon = 4.4438
Client 5: avg epsilon = 3.3602
Client 6: avg epsilon = 4.1069
Client 7: avg epsilon = 4.7461
Client 8: avg epsilon = 3.3707
Client 9: avg epsilon = 3.1985
Client 10: avg epsilon = 3.5148
Client 11: avg epsilon = 3.6726
Client 12: avg epsilon = 2.3846
Client 13: avg epsilon = 4.1383
Client 14: avg epsilon = 2.8840
Client 15: avg epsilon = 4.8144
Client 16: avg epsilon = 2.9465
Client 17: avg epsilon = 4.7209
Client 18: avg epsilon = 4.9585
Client 19: avg epsilon = 4.7502
 We run FedAvg with rPDP (ThreeLevels-0) ...
max_epsilon :  10.0  noise_multiplier :  9.736328125
The R-Squared value of the best-fit curve : 0.999749898528281
learning rate =  0.01
sample_rate: (min) 0.03, (max) 0.61, expected_batch_size: 1101
sample_rate: (min) 0.03, (max) 0.61, expected_batch_size: 815
sample_rate: (min) 0.03, (max) 0.61, expected_batch_size: 938
sample_rate: (min) 0.03, (max) 0.61, expected_batch_size: 1620
sample_rate: (min) 0.03, (max) 0.61, expected_batch_size: 394
sample_rate: (min) 0.03, (max) 0.61, expected_batch_size: 1708
sample_rate: (min) 0.03, (max) 0.61, expected_batch_size: 941
sample_rate: (min) 0.03, (max) 0.61, expected_batch_size: 1530
sample_rate: (min) 0.03, (max) 0.61, expected_batch_size: 475
sample_rate: (min) 0.03, (max) 0.61, expected_batch_size: 712
sample_rate: (min) 0.03, (max) 0.61, expected_batch_size: 931
sample_rate: (min) 0.03, (max) 0.61, expected_batch_size: 1479
sample_rate: (min) 0.03, (max) 0.61, expected_batch_size: 608
sample_rate: (min) 0.03, (max) 0.61, expected_batch_size: 757
sample_rate: (min) 0.03, (max) 0.61, expected_batch_size: 227
sample_rate: (min) 0.03, (max) 0.61, expected_batch_size: 512
sample_rate: (min) 0.03, (max) 0.61, expected_batch_size: 698
sample_rate: (min) 0.03, (max) 0.61, expected_batch_size: 649
sample_rate: (min) 0.03, (max) 0.61, expected_batch_size: 884
sample_rate: (min) 0.03, (max) 0.61, expected_batch_size: 1176
initial privacy cost of all clients:  [0, 0, 0, 0, 0, 0, 0, 0, 0, 0, 0, 0, 0, 0, 0, 0, 0, 0, 0, 0]
Round=0
Round=1
Round=2
Round=3
Round=4
Round=5
Round=6
Round=7
Round=8
Round=9
Round=10
Round=11
Round=12
Round=13
Round=14
current privacy cost of all clients:  [3.5546114404122435, 3.804837257942653, 4.677972220314398, 4.055063075473062, 3.0541598053514245, 4.055063075473062, 2.502378076501911, 3.5546114404122435, 4.055063075473062, 3.804837257942653, 2.502378076501911, 3.804837257942653, 2.803933987821015, 3.304385622881834, 3.5546114404122435, 4.305288893003472, 3.5546114404122435, 4.510367156217049, 4.055063075473062, 3.304385622881834]
Round=14, per client global perf=[0.8967, 0.9216, 0.849, 0.888, 0.944, 0.9234, 0.907, 0.9151, 0.9655, 0.8992, 0.9082, 0.9532, 0.9015, 0.9322, 0.8997, 0.9268, 0.9376, 0.9384, 0.9288, 0.9361], mean perf=18676/20410 (0.9150%)
Round=14, per client personal perf=[0.9692, 0.9301, 0.9345, 0.9344, 0.9147, 0.9048, 0.8905, 0.8961, 0.9672, 0.9354, 0.9627, 0.7341, 0.9512, 0.9439, 0.9666, 0.9047, 0.9365, 0.9144, 0.8839, 0.9009], mean perf=18594/20410 (0.9110%)
Round=14, per client personal pooled=[0.7586, 0.8326, 0.7992, 0.8235, 0.8845, 0.8698, 0.7632, 0.7758, 0.8795, 0.8369, 0.7982, 0.5341, 0.8562, 0.7158, 0.8273, 0.8771, 0.7647, 0.8711, 0.6791, 0.8456], mean perf=326414/408200 (0.7996%)
Mean performance of ditto rpdp global, Perf=0.8987, seed=46
Mean performance of ditto rpdp personal, Perf=0.9083, seed=46
Mean performance of ditto rpdp pooled, Perf=0.7988, seed=46
Finished seed 46
----------------------------------------
=== Running reg_param=10, num_steps=15 ===
Running seed 42
/Users/shegao_t1/DP_Research/Personal_DP_Personal_FL/rpdp_fl/experiments/datasets/fed_mnist/dirichlet_20_alpha_5

Client 0 label distribution:
[(0, 99), (1, 45), (3, 428), (4, 1200), (5, 1), (6, 13), (7, 149), (8, 6), (9, 13)]

Client 1 label distribution:
[(0, 16), (1, 411), (2, 217), (3, 337), (4, 91), (5, 583), (7, 119), (8, 37), (9, 19)]

Client 2 label distribution:
[(0, 664), (1, 47), (2, 525), (3, 880), (4, 6), (5, 9), (6, 59), (7, 256), (8, 5), (9, 156)]

Client 3 label distribution:
[(0, 1134), (1, 280), (2, 235), (3, 1), (4, 325), (5, 854), (6, 11), (7, 18), (8, 1075), (9, 205)]

Client 4 label distribution:
[(0, 22), (1, 16), (2, 58), (3, 99), (4, 80), (5, 15), (6, 219), (7, 6), (8, 180), (9, 31)]

Client 5 label distribution:
[(0, 205), (1, 636), (2, 776), (3, 541), (5, 316), (6, 232), (7, 50), (8, 396), (9, 905)]

Client 6 label distribution:
[(0, 276), (1, 73), (2, 8), (3, 44), (4, 1), (5, 115), (6, 131), (7, 441), (8, 730), (9, 58)]

Client 7 label distribution:
[(0, 95), (1, 5), (2, 47), (3, 496), (4, 1072), (5, 56), (6, 494), (7, 173), (8, 213), (9, 2)]

Client 8 label distribution:
[(0, 9), (1, 436), (2, 10), (3, 6), (5, 290), (6, 14), (7, 3), (8, 337), (9, 17)]

Client 9 label distribution:
[(0, 145), (1, 227), (2, 393), (3, 149), (4, 439), (6, 11), (7, 354), (8, 13), (9, 40)]

Client 10 label distribution:
[(0, 261), (1, 458), (2, 15), (3, 499), (4, 54), (5, 24), (6, 2), (7, 427), (8, 4), (9, 391)]

Client 11 label distribution:
[(0, 23), (1, 503), (2, 542), (3, 3), (4, 2), (5, 135), (6, 389), (7, 160), (8, 93), (9, 1384)]

Client 12 label distribution:
[(0, 469), (1, 261), (2, 465), (3, 80), (4, 1), (5, 30), (6, 427), (8, 179), (9, 77)]

Client 13 label distribution:
[(0, 37), (1, 155), (2, 120), (4, 65), (5, 12), (6, 12), (7, 1079), (9, 7)]

Client 14 label distribution:
[(0, 242), (2, 40), (3, 6), (5, 105), (6, 112), (7, 18), (8, 21), (9, 92)]

Client 15 label distribution:
[(0, 16), (2, 21), (3, 44), (4, 128), (5, 228), (6, 243), (7, 60), (8, 27), (9, 108)]

Client 16 label distribution:
[(0, 102), (1, 767), (2, 143), (3, 7), (4, 326), (5, 203), (6, 39), (7, 259), (8, 8), (9, 10)]

Client 17 label distribution:
[(0, 53), (1, 14), (2, 8), (3, 49), (4, 67), (5, 553), (6, 112), (7, 1), (8, 214), (9, 60)]

Client 18 label distribution:
[(0, 10), (1, 3), (2, 182), (4, 29), (5, 10), (6, 825), (7, 100), (8, 145), (9, 166)]

Client 19 label distribution:
[(0, 9), (1, 116), (2, 99), (3, 374), (4, 21), (5, 42), (6, 540), (7, 469), (8, 230), (9, 134)]
Client 0: avg epsilon = 4.6389
Client 1: avg epsilon = 3.5712
Client 2: avg epsilon = 2.8743
Client 3: avg epsilon = 3.1594
Client 4: avg epsilon = 4.4438
Client 5: avg epsilon = 3.3602
Client 6: avg epsilon = 4.1069
Client 7: avg epsilon = 4.7461
Client 8: avg epsilon = 3.3707
Client 9: avg epsilon = 3.1985
Client 10: avg epsilon = 3.5148
Client 11: avg epsilon = 3.6726
Client 12: avg epsilon = 2.3846
Client 13: avg epsilon = 4.1383
Client 14: avg epsilon = 2.8840
Client 15: avg epsilon = 4.8144
Client 16: avg epsilon = 2.9465
Client 17: avg epsilon = 4.7209
Client 18: avg epsilon = 4.9585
Client 19: avg epsilon = 4.7502
 We run FedAvg with rPDP (ThreeLevels-0) ...
max_epsilon :  10.0  noise_multiplier :  9.736328125
The R-Squared value of the best-fit curve : 0.999749898528281
learning rate =  0.01
sample_rate: (min) 0.03, (max) 0.61, expected_batch_size: 1101
sample_rate: (min) 0.03, (max) 0.61, expected_batch_size: 815
sample_rate: (min) 0.03, (max) 0.61, expected_batch_size: 938
sample_rate: (min) 0.03, (max) 0.61, expected_batch_size: 1620
sample_rate: (min) 0.03, (max) 0.61, expected_batch_size: 394
sample_rate: (min) 0.03, (max) 0.61, expected_batch_size: 1708
sample_rate: (min) 0.03, (max) 0.61, expected_batch_size: 941
sample_rate: (min) 0.03, (max) 0.61, expected_batch_size: 1530
sample_rate: (min) 0.03, (max) 0.61, expected_batch_size: 475
sample_rate: (min) 0.03, (max) 0.61, expected_batch_size: 712
sample_rate: (min) 0.03, (max) 0.61, expected_batch_size: 931
sample_rate: (min) 0.03, (max) 0.61, expected_batch_size: 1479
sample_rate: (min) 0.03, (max) 0.61, expected_batch_size: 608
sample_rate: (min) 0.03, (max) 0.61, expected_batch_size: 757
sample_rate: (min) 0.03, (max) 0.61, expected_batch_size: 227
sample_rate: (min) 0.03, (max) 0.61, expected_batch_size: 512
sample_rate: (min) 0.03, (max) 0.61, expected_batch_size: 698
sample_rate: (min) 0.03, (max) 0.61, expected_batch_size: 649
sample_rate: (min) 0.03, (max) 0.61, expected_batch_size: 884
sample_rate: (min) 0.03, (max) 0.61, expected_batch_size: 1176
initial privacy cost of all clients:  [0, 0, 0, 0, 0, 0, 0, 0, 0, 0, 0, 0, 0, 0, 0, 0, 0, 0, 0, 0]
Round=0
Round=1
Round=2
Round=3
Round=4
Round=5
Round=6
Round=7
Round=8
Round=9
Round=10
Round=11
Round=12
Round=13
Round=14
current privacy cost of all clients:  [3.0541598053514245, 3.304385622881834, 3.0541598053514245, 3.5546114404122435, 3.0541598053514245, 3.5546114404122435, 4.055063075473062, 4.055063075473062, 4.305288893003472, 3.804837257942653, 3.804837257942653, 3.304385622881834, 3.804837257942653, 3.0541598053514245, 3.804837257942653, 3.304385622881834, 3.804837257942653, 3.0541598053514245, 3.304385622881834, 2.803933987821015]
Round=14, per client global perf=[0.9067, 0.9311, 0.8646, 0.8926, 0.9307, 0.923, 0.9143, 0.9188, 0.9465, 0.9091, 0.9082, 0.9448, 0.9073, 0.9426, 0.9058, 0.9335, 0.9438, 0.9435, 0.942, 0.9237], mean perf=18741/20410 (0.9182%)
Round=14, per client personal perf=[0.9593, 0.8888, 0.901, 0.894, 0.928, 0.8469, 0.9236, 0.9356, 0.9361, 0.8861, 0.9455, 0.949, 0.919, 0.94, 0.9574, 0.9224, 0.9407, 0.9281, 0.9248, 0.9304], mean perf=18703/20410 (0.9164%)
Round=14, per client personal pooled=[0.8573, 0.8659, 0.8471, 0.8688, 0.8807, 0.796, 0.9064, 0.9063, 0.8743, 0.8084, 0.8512, 0.8429, 0.9006, 0.8875, 0.8659, 0.8585, 0.8678, 0.8705, 0.8692, 0.8361], mean perf=352307/408200 (0.8631%)
Mean performance of ditto rpdp global, Perf=0.9090, seed=42
Mean performance of ditto rpdp personal, Perf=0.9210, seed=42
Mean performance of ditto rpdp pooled, Perf=0.8582, seed=42
Finished seed 42
----------------------------------------
Running seed 43
/Users/shegao_t1/DP_Research/Personal_DP_Personal_FL/rpdp_fl/experiments/datasets/fed_mnist/dirichlet_20_alpha_5

Client 0 label distribution:
[(0, 99), (1, 45), (3, 428), (4, 1200), (5, 1), (6, 13), (7, 149), (8, 6), (9, 13)]

Client 1 label distribution:
[(0, 16), (1, 411), (2, 217), (3, 337), (4, 91), (5, 583), (7, 119), (8, 37), (9, 19)]

Client 2 label distribution:
[(0, 664), (1, 47), (2, 525), (3, 880), (4, 6), (5, 9), (6, 59), (7, 256), (8, 5), (9, 156)]

Client 3 label distribution:
[(0, 1134), (1, 280), (2, 235), (3, 1), (4, 325), (5, 854), (6, 11), (7, 18), (8, 1075), (9, 205)]

Client 4 label distribution:
[(0, 22), (1, 16), (2, 58), (3, 99), (4, 80), (5, 15), (6, 219), (7, 6), (8, 180), (9, 31)]

Client 5 label distribution:
[(0, 205), (1, 636), (2, 776), (3, 541), (5, 316), (6, 232), (7, 50), (8, 396), (9, 905)]

Client 6 label distribution:
[(0, 276), (1, 73), (2, 8), (3, 44), (4, 1), (5, 115), (6, 131), (7, 441), (8, 730), (9, 58)]

Client 7 label distribution:
[(0, 95), (1, 5), (2, 47), (3, 496), (4, 1072), (5, 56), (6, 494), (7, 173), (8, 213), (9, 2)]

Client 8 label distribution:
[(0, 9), (1, 436), (2, 10), (3, 6), (5, 290), (6, 14), (7, 3), (8, 337), (9, 17)]

Client 9 label distribution:
[(0, 145), (1, 227), (2, 393), (3, 149), (4, 439), (6, 11), (7, 354), (8, 13), (9, 40)]

Client 10 label distribution:
[(0, 261), (1, 458), (2, 15), (3, 499), (4, 54), (5, 24), (6, 2), (7, 427), (8, 4), (9, 391)]

Client 11 label distribution:
[(0, 23), (1, 503), (2, 542), (3, 3), (4, 2), (5, 135), (6, 389), (7, 160), (8, 93), (9, 1384)]

Client 12 label distribution:
[(0, 469), (1, 261), (2, 465), (3, 80), (4, 1), (5, 30), (6, 427), (8, 179), (9, 77)]

Client 13 label distribution:
[(0, 37), (1, 155), (2, 120), (4, 65), (5, 12), (6, 12), (7, 1079), (9, 7)]

Client 14 label distribution:
[(0, 242), (2, 40), (3, 6), (5, 105), (6, 112), (7, 18), (8, 21), (9, 92)]

Client 15 label distribution:
[(0, 16), (2, 21), (3, 44), (4, 128), (5, 228), (6, 243), (7, 60), (8, 27), (9, 108)]

Client 16 label distribution:
[(0, 102), (1, 767), (2, 143), (3, 7), (4, 326), (5, 203), (6, 39), (7, 259), (8, 8), (9, 10)]

Client 17 label distribution:
[(0, 53), (1, 14), (2, 8), (3, 49), (4, 67), (5, 553), (6, 112), (7, 1), (8, 214), (9, 60)]

Client 18 label distribution:
[(0, 10), (1, 3), (2, 182), (4, 29), (5, 10), (6, 825), (7, 100), (8, 145), (9, 166)]

Client 19 label distribution:
[(0, 9), (1, 116), (2, 99), (3, 374), (4, 21), (5, 42), (6, 540), (7, 469), (8, 230), (9, 134)]
Client 0: avg epsilon = 4.6389
Client 1: avg epsilon = 3.5712
Client 2: avg epsilon = 2.8743
Client 3: avg epsilon = 3.1594
Client 4: avg epsilon = 4.4438
Client 5: avg epsilon = 3.3602
Client 6: avg epsilon = 4.1069
Client 7: avg epsilon = 4.7461
Client 8: avg epsilon = 3.3707
Client 9: avg epsilon = 3.1985
Client 10: avg epsilon = 3.5148
Client 11: avg epsilon = 3.6726
Client 12: avg epsilon = 2.3846
Client 13: avg epsilon = 4.1383
Client 14: avg epsilon = 2.8840
Client 15: avg epsilon = 4.8144
Client 16: avg epsilon = 2.9465
Client 17: avg epsilon = 4.7209
Client 18: avg epsilon = 4.9585
Client 19: avg epsilon = 4.7502
 We run FedAvg with rPDP (ThreeLevels-0) ...
max_epsilon :  10.0  noise_multiplier :  9.736328125
The R-Squared value of the best-fit curve : 0.999749898528281
learning rate =  0.01
sample_rate: (min) 0.03, (max) 0.61, expected_batch_size: 1101
sample_rate: (min) 0.03, (max) 0.61, expected_batch_size: 815
sample_rate: (min) 0.03, (max) 0.61, expected_batch_size: 938
sample_rate: (min) 0.03, (max) 0.61, expected_batch_size: 1620
sample_rate: (min) 0.03, (max) 0.61, expected_batch_size: 394
sample_rate: (min) 0.03, (max) 0.61, expected_batch_size: 1708
sample_rate: (min) 0.03, (max) 0.61, expected_batch_size: 941
sample_rate: (min) 0.03, (max) 0.61, expected_batch_size: 1530
sample_rate: (min) 0.03, (max) 0.61, expected_batch_size: 475
sample_rate: (min) 0.03, (max) 0.61, expected_batch_size: 712
sample_rate: (min) 0.03, (max) 0.61, expected_batch_size: 931
sample_rate: (min) 0.03, (max) 0.61, expected_batch_size: 1479
sample_rate: (min) 0.03, (max) 0.61, expected_batch_size: 608
sample_rate: (min) 0.03, (max) 0.61, expected_batch_size: 757
sample_rate: (min) 0.03, (max) 0.61, expected_batch_size: 227
sample_rate: (min) 0.03, (max) 0.61, expected_batch_size: 512
sample_rate: (min) 0.03, (max) 0.61, expected_batch_size: 698
sample_rate: (min) 0.03, (max) 0.61, expected_batch_size: 649
sample_rate: (min) 0.03, (max) 0.61, expected_batch_size: 884
sample_rate: (min) 0.03, (max) 0.61, expected_batch_size: 1176
initial privacy cost of all clients:  [0, 0, 0, 0, 0, 0, 0, 0, 0, 0, 0, 0, 0, 0, 0, 0, 0, 0, 0, 0]
Round=0
Round=1
Round=2
Round=3
Round=4
Round=5
Round=6
Round=7
Round=8
Round=9
Round=10
Round=11
Round=12
Round=13
Round=14
current privacy cost of all clients:  [3.304385622881834, 3.304385622881834, 2.803933987821015, 3.804837257942653, 2.803933987821015, 3.804837257942653, 3.304385622881834, 3.304385622881834, 3.304385622881834, 4.510367156217049, 3.804837257942653, 3.5546114404122435, 3.5546114404122435, 3.304385622881834, 4.055063075473062, 3.304385622881834, 3.804837257942653, 3.304385622881834, 3.304385622881834, 3.0541598053514245]
Round=14, per client global perf=[0.8888, 0.928, 0.8824, 0.8823, 0.9307, 0.933, 0.9174, 0.9137, 0.9655, 0.8949, 0.9218, 0.928, 0.92, 0.9387, 0.8906, 0.929, 0.9324, 0.9264, 0.9538, 0.9418], mean perf=18734/20410 (0.9179%)
Round=14, per client personal perf=[0.9772, 0.9248, 0.9345, 0.9236, 0.936, 0.8651, 0.9463, 0.9598, 0.9706, 0.9376, 0.9427, 0.955, 0.9356, 0.9635, 0.9514, 0.9335, 0.9573, 0.9264, 0.9499, 0.9142], mean perf=19088/20410 (0.9352%)
Round=14, per client personal pooled=[0.8911, 0.8918, 0.872, 0.8924, 0.9086, 0.8199, 0.9045, 0.8939, 0.7914, 0.8657, 0.8257, 0.8578, 0.9182, 0.8214, 0.8752, 0.9032, 0.8977, 0.8838, 0.904, 0.8592], mean perf=356713/408200 (0.8739%)
Mean performance of ditto rpdp global, Perf=0.9114, seed=43
Mean performance of ditto rpdp personal, Perf=0.9327, seed=43
Mean performance of ditto rpdp pooled, Perf=0.8732, seed=43
Finished seed 43
----------------------------------------
Running seed 44
/Users/shegao_t1/DP_Research/Personal_DP_Personal_FL/rpdp_fl/experiments/datasets/fed_mnist/dirichlet_20_alpha_5

Client 0 label distribution:
[(0, 99), (1, 45), (3, 428), (4, 1200), (5, 1), (6, 13), (7, 149), (8, 6), (9, 13)]

Client 1 label distribution:
[(0, 16), (1, 411), (2, 217), (3, 337), (4, 91), (5, 583), (7, 119), (8, 37), (9, 19)]

Client 2 label distribution:
[(0, 664), (1, 47), (2, 525), (3, 880), (4, 6), (5, 9), (6, 59), (7, 256), (8, 5), (9, 156)]

Client 3 label distribution:
[(0, 1134), (1, 280), (2, 235), (3, 1), (4, 325), (5, 854), (6, 11), (7, 18), (8, 1075), (9, 205)]

Client 4 label distribution:
[(0, 22), (1, 16), (2, 58), (3, 99), (4, 80), (5, 15), (6, 219), (7, 6), (8, 180), (9, 31)]

Client 5 label distribution:
[(0, 205), (1, 636), (2, 776), (3, 541), (5, 316), (6, 232), (7, 50), (8, 396), (9, 905)]

Client 6 label distribution:
[(0, 276), (1, 73), (2, 8), (3, 44), (4, 1), (5, 115), (6, 131), (7, 441), (8, 730), (9, 58)]

Client 7 label distribution:
[(0, 95), (1, 5), (2, 47), (3, 496), (4, 1072), (5, 56), (6, 494), (7, 173), (8, 213), (9, 2)]

Client 8 label distribution:
[(0, 9), (1, 436), (2, 10), (3, 6), (5, 290), (6, 14), (7, 3), (8, 337), (9, 17)]

Client 9 label distribution:
[(0, 145), (1, 227), (2, 393), (3, 149), (4, 439), (6, 11), (7, 354), (8, 13), (9, 40)]

Client 10 label distribution:
[(0, 261), (1, 458), (2, 15), (3, 499), (4, 54), (5, 24), (6, 2), (7, 427), (8, 4), (9, 391)]

Client 11 label distribution:
[(0, 23), (1, 503), (2, 542), (3, 3), (4, 2), (5, 135), (6, 389), (7, 160), (8, 93), (9, 1384)]

Client 12 label distribution:
[(0, 469), (1, 261), (2, 465), (3, 80), (4, 1), (5, 30), (6, 427), (8, 179), (9, 77)]

Client 13 label distribution:
[(0, 37), (1, 155), (2, 120), (4, 65), (5, 12), (6, 12), (7, 1079), (9, 7)]

Client 14 label distribution:
[(0, 242), (2, 40), (3, 6), (5, 105), (6, 112), (7, 18), (8, 21), (9, 92)]

Client 15 label distribution:
[(0, 16), (2, 21), (3, 44), (4, 128), (5, 228), (6, 243), (7, 60), (8, 27), (9, 108)]

Client 16 label distribution:
[(0, 102), (1, 767), (2, 143), (3, 7), (4, 326), (5, 203), (6, 39), (7, 259), (8, 8), (9, 10)]

Client 17 label distribution:
[(0, 53), (1, 14), (2, 8), (3, 49), (4, 67), (5, 553), (6, 112), (7, 1), (8, 214), (9, 60)]

Client 18 label distribution:
[(0, 10), (1, 3), (2, 182), (4, 29), (5, 10), (6, 825), (7, 100), (8, 145), (9, 166)]

Client 19 label distribution:
[(0, 9), (1, 116), (2, 99), (3, 374), (4, 21), (5, 42), (6, 540), (7, 469), (8, 230), (9, 134)]
Client 0: avg epsilon = 4.6389
Client 1: avg epsilon = 3.5712
Client 2: avg epsilon = 2.8743
Client 3: avg epsilon = 3.1594
Client 4: avg epsilon = 4.4438
Client 5: avg epsilon = 3.3602
Client 6: avg epsilon = 4.1069
Client 7: avg epsilon = 4.7461
Client 8: avg epsilon = 3.3707
Client 9: avg epsilon = 3.1985
Client 10: avg epsilon = 3.5148
Client 11: avg epsilon = 3.6726
Client 12: avg epsilon = 2.3846
Client 13: avg epsilon = 4.1383
Client 14: avg epsilon = 2.8840
Client 15: avg epsilon = 4.8144
Client 16: avg epsilon = 2.9465
Client 17: avg epsilon = 4.7209
Client 18: avg epsilon = 4.9585
Client 19: avg epsilon = 4.7502
 We run FedAvg with rPDP (ThreeLevels-0) ...
max_epsilon :  10.0  noise_multiplier :  9.736328125
The R-Squared value of the best-fit curve : 0.999749898528281
learning rate =  0.01
sample_rate: (min) 0.03, (max) 0.61, expected_batch_size: 1101
sample_rate: (min) 0.03, (max) 0.61, expected_batch_size: 815
sample_rate: (min) 0.03, (max) 0.61, expected_batch_size: 938
sample_rate: (min) 0.03, (max) 0.61, expected_batch_size: 1620
sample_rate: (min) 0.03, (max) 0.61, expected_batch_size: 394
sample_rate: (min) 0.03, (max) 0.61, expected_batch_size: 1708
sample_rate: (min) 0.03, (max) 0.61, expected_batch_size: 941
sample_rate: (min) 0.03, (max) 0.61, expected_batch_size: 1530
sample_rate: (min) 0.03, (max) 0.61, expected_batch_size: 475
sample_rate: (min) 0.03, (max) 0.61, expected_batch_size: 712
sample_rate: (min) 0.03, (max) 0.61, expected_batch_size: 931
sample_rate: (min) 0.03, (max) 0.61, expected_batch_size: 1479
sample_rate: (min) 0.03, (max) 0.61, expected_batch_size: 608
sample_rate: (min) 0.03, (max) 0.61, expected_batch_size: 757
sample_rate: (min) 0.03, (max) 0.61, expected_batch_size: 227
sample_rate: (min) 0.03, (max) 0.61, expected_batch_size: 512
sample_rate: (min) 0.03, (max) 0.61, expected_batch_size: 698
sample_rate: (min) 0.03, (max) 0.61, expected_batch_size: 649
sample_rate: (min) 0.03, (max) 0.61, expected_batch_size: 884
sample_rate: (min) 0.03, (max) 0.61, expected_batch_size: 1176
initial privacy cost of all clients:  [0, 0, 0, 0, 0, 0, 0, 0, 0, 0, 0, 0, 0, 0, 0, 0, 0, 0, 0, 0]
Round=0
Round=1
Round=2
Round=3
Round=4
Round=5
Round=6
Round=7
Round=8
Round=9
Round=10
Round=11
Round=12
Round=13
Round=14
current privacy cost of all clients:  [3.804837257942653, 4.305288893003472, 3.804837257942653, 2.803933987821015, 3.5546114404122435, 3.304385622881834, 4.055063075473062, 3.0541598053514245, 3.5546114404122435, 2.803933987821015, 4.055063075473062, 4.305288893003472, 4.055063075473062, 3.304385622881834, 3.804837257942653, 3.5546114404122435, 2.502378076501911, 3.304385622881834, 3.0541598053514245, 3.804837257942653]
Round=14, per client global perf=[0.8828, 0.9163, 0.8527, 0.8758, 0.9333, 0.9301, 0.8915, 0.8866, 0.9499, 0.8905, 0.8936, 0.9544, 0.8907, 0.9166, 0.8632, 0.9113, 0.9199, 0.9144, 0.9538, 0.9295], mean perf=18500/20410 (0.9064%)
Round=14, per client personal perf=[0.9513, 0.9195, 0.9263, 0.9353, 0.904, 0.9081, 0.9246, 0.9254, 0.9534, 0.9343, 0.9273, 0.955, 0.9356, 0.9765, 0.9726, 0.9224, 0.9469, 0.9281, 0.9565, 0.938], mean perf=19084/20410 (0.9350%)
Round=14, per client personal pooled=[0.8771, 0.8523, 0.84, 0.9113, 0.8993, 0.8615, 0.9173, 0.9039, 0.8728, 0.905, 0.8447, 0.8388, 0.9247, 0.8824, 0.9116, 0.8865, 0.9045, 0.9268, 0.8743, 0.8342], mean perf=360625/408200 (0.8835%)
Mean performance of ditto rpdp global, Perf=0.8891, seed=44
Mean performance of ditto rpdp personal, Perf=0.9324, seed=44
Mean performance of ditto rpdp pooled, Perf=0.8792, seed=44
Finished seed 44
----------------------------------------
Running seed 45
/Users/shegao_t1/DP_Research/Personal_DP_Personal_FL/rpdp_fl/experiments/datasets/fed_mnist/dirichlet_20_alpha_5

Client 0 label distribution:
[(0, 99), (1, 45), (3, 428), (4, 1200), (5, 1), (6, 13), (7, 149), (8, 6), (9, 13)]

Client 1 label distribution:
[(0, 16), (1, 411), (2, 217), (3, 337), (4, 91), (5, 583), (7, 119), (8, 37), (9, 19)]

Client 2 label distribution:
[(0, 664), (1, 47), (2, 525), (3, 880), (4, 6), (5, 9), (6, 59), (7, 256), (8, 5), (9, 156)]

Client 3 label distribution:
[(0, 1134), (1, 280), (2, 235), (3, 1), (4, 325), (5, 854), (6, 11), (7, 18), (8, 1075), (9, 205)]

Client 4 label distribution:
[(0, 22), (1, 16), (2, 58), (3, 99), (4, 80), (5, 15), (6, 219), (7, 6), (8, 180), (9, 31)]

Client 5 label distribution:
[(0, 205), (1, 636), (2, 776), (3, 541), (5, 316), (6, 232), (7, 50), (8, 396), (9, 905)]

Client 6 label distribution:
[(0, 276), (1, 73), (2, 8), (3, 44), (4, 1), (5, 115), (6, 131), (7, 441), (8, 730), (9, 58)]

Client 7 label distribution:
[(0, 95), (1, 5), (2, 47), (3, 496), (4, 1072), (5, 56), (6, 494), (7, 173), (8, 213), (9, 2)]

Client 8 label distribution:
[(0, 9), (1, 436), (2, 10), (3, 6), (5, 290), (6, 14), (7, 3), (8, 337), (9, 17)]

Client 9 label distribution:
[(0, 145), (1, 227), (2, 393), (3, 149), (4, 439), (6, 11), (7, 354), (8, 13), (9, 40)]

Client 10 label distribution:
[(0, 261), (1, 458), (2, 15), (3, 499), (4, 54), (5, 24), (6, 2), (7, 427), (8, 4), (9, 391)]

Client 11 label distribution:
[(0, 23), (1, 503), (2, 542), (3, 3), (4, 2), (5, 135), (6, 389), (7, 160), (8, 93), (9, 1384)]

Client 12 label distribution:
[(0, 469), (1, 261), (2, 465), (3, 80), (4, 1), (5, 30), (6, 427), (8, 179), (9, 77)]

Client 13 label distribution:
[(0, 37), (1, 155), (2, 120), (4, 65), (5, 12), (6, 12), (7, 1079), (9, 7)]

Client 14 label distribution:
[(0, 242), (2, 40), (3, 6), (5, 105), (6, 112), (7, 18), (8, 21), (9, 92)]

Client 15 label distribution:
[(0, 16), (2, 21), (3, 44), (4, 128), (5, 228), (6, 243), (7, 60), (8, 27), (9, 108)]

Client 16 label distribution:
[(0, 102), (1, 767), (2, 143), (3, 7), (4, 326), (5, 203), (6, 39), (7, 259), (8, 8), (9, 10)]

Client 17 label distribution:
[(0, 53), (1, 14), (2, 8), (3, 49), (4, 67), (5, 553), (6, 112), (7, 1), (8, 214), (9, 60)]

Client 18 label distribution:
[(0, 10), (1, 3), (2, 182), (4, 29), (5, 10), (6, 825), (7, 100), (8, 145), (9, 166)]

Client 19 label distribution:
[(0, 9), (1, 116), (2, 99), (3, 374), (4, 21), (5, 42), (6, 540), (7, 469), (8, 230), (9, 134)]
Client 0: avg epsilon = 4.6389
Client 1: avg epsilon = 3.5712
Client 2: avg epsilon = 2.8743
Client 3: avg epsilon = 3.1594
Client 4: avg epsilon = 4.4438
Client 5: avg epsilon = 3.3602
Client 6: avg epsilon = 4.1069
Client 7: avg epsilon = 4.7461
Client 8: avg epsilon = 3.3707
Client 9: avg epsilon = 3.1985
Client 10: avg epsilon = 3.5148
Client 11: avg epsilon = 3.6726
Client 12: avg epsilon = 2.3846
Client 13: avg epsilon = 4.1383
Client 14: avg epsilon = 2.8840
Client 15: avg epsilon = 4.8144
Client 16: avg epsilon = 2.9465
Client 17: avg epsilon = 4.7209
Client 18: avg epsilon = 4.9585
Client 19: avg epsilon = 4.7502
 We run FedAvg with rPDP (ThreeLevels-0) ...
max_epsilon :  10.0  noise_multiplier :  9.736328125
The R-Squared value of the best-fit curve : 0.999749898528281
learning rate =  0.01
sample_rate: (min) 0.03, (max) 0.61, expected_batch_size: 1101
sample_rate: (min) 0.03, (max) 0.61, expected_batch_size: 815
sample_rate: (min) 0.03, (max) 0.61, expected_batch_size: 938
sample_rate: (min) 0.03, (max) 0.61, expected_batch_size: 1620
sample_rate: (min) 0.03, (max) 0.61, expected_batch_size: 394
sample_rate: (min) 0.03, (max) 0.61, expected_batch_size: 1708
sample_rate: (min) 0.03, (max) 0.61, expected_batch_size: 941
sample_rate: (min) 0.03, (max) 0.61, expected_batch_size: 1530
sample_rate: (min) 0.03, (max) 0.61, expected_batch_size: 475
sample_rate: (min) 0.03, (max) 0.61, expected_batch_size: 712
sample_rate: (min) 0.03, (max) 0.61, expected_batch_size: 931
sample_rate: (min) 0.03, (max) 0.61, expected_batch_size: 1479
sample_rate: (min) 0.03, (max) 0.61, expected_batch_size: 608
sample_rate: (min) 0.03, (max) 0.61, expected_batch_size: 757
sample_rate: (min) 0.03, (max) 0.61, expected_batch_size: 227
sample_rate: (min) 0.03, (max) 0.61, expected_batch_size: 512
sample_rate: (min) 0.03, (max) 0.61, expected_batch_size: 698
sample_rate: (min) 0.03, (max) 0.61, expected_batch_size: 649
sample_rate: (min) 0.03, (max) 0.61, expected_batch_size: 884
sample_rate: (min) 0.03, (max) 0.61, expected_batch_size: 1176
initial privacy cost of all clients:  [0, 0, 0, 0, 0, 0, 0, 0, 0, 0, 0, 0, 0, 0, 0, 0, 0, 0, 0, 0]
Round=0
Round=1
Round=2
Round=3
Round=4
Round=5
Round=6
Round=7
Round=8
Round=9
Round=10
Round=11
Round=12
Round=13
Round=14
current privacy cost of all clients:  [3.304385622881834, 3.0541598053514245, 4.055063075473062, 3.0541598053514245, 3.304385622881834, 3.5546114404122435, 3.5546114404122435, 3.0541598053514245, 3.5546114404122435, 3.804837257942653, 4.055063075473062, 3.804837257942653, 3.0541598053514245, 2.803933987821015, 3.304385622881834, 3.5546114404122435, 3.5546114404122435, 2.803933987821015, 3.304385622881834, 3.804837257942653]
Round=14, per client global perf=[0.8371, 0.9311, 0.8705, 0.8654, 0.912, 0.9349, 0.876, 0.8595, 0.943, 0.897, 0.9055, 0.9562, 0.8868, 0.9374, 0.8845, 0.9091, 0.9053, 0.9229, 0.9327, 0.9209], mean perf=18422/20410 (0.9026%)
Round=14, per client personal perf=[0.9772, 0.9248, 0.9308, 0.9456, 0.9147, 0.9301, 0.939, 0.94, 0.9378, 0.9332, 0.9427, 0.9532, 0.9395, 0.9635, 0.9757, 0.9091, 0.9386, 0.9212, 0.9459, 0.918], mean perf=19179/20410 (0.9397%)
Round=14, per client personal pooled=[0.8198, 0.8432, 0.8599, 0.9204, 0.877, 0.9134, 0.9103, 0.9078, 0.7707, 0.8605, 0.8623, 0.8473, 0.9197, 0.8962, 0.9188, 0.9078, 0.8863, 0.9115, 0.9038, 0.8512], mean perf=358974/408200 (0.8794%)
Mean performance of ditto rpdp global, Perf=0.8864, seed=45
Mean performance of ditto rpdp personal, Perf=0.9335, seed=45
Mean performance of ditto rpdp pooled, Perf=0.8706, seed=45
Finished seed 45
----------------------------------------
Running seed 46
/Users/shegao_t1/DP_Research/Personal_DP_Personal_FL/rpdp_fl/experiments/datasets/fed_mnist/dirichlet_20_alpha_5

Client 0 label distribution:
[(0, 99), (1, 45), (3, 428), (4, 1200), (5, 1), (6, 13), (7, 149), (8, 6), (9, 13)]

Client 1 label distribution:
[(0, 16), (1, 411), (2, 217), (3, 337), (4, 91), (5, 583), (7, 119), (8, 37), (9, 19)]

Client 2 label distribution:
[(0, 664), (1, 47), (2, 525), (3, 880), (4, 6), (5, 9), (6, 59), (7, 256), (8, 5), (9, 156)]

Client 3 label distribution:
[(0, 1134), (1, 280), (2, 235), (3, 1), (4, 325), (5, 854), (6, 11), (7, 18), (8, 1075), (9, 205)]

Client 4 label distribution:
[(0, 22), (1, 16), (2, 58), (3, 99), (4, 80), (5, 15), (6, 219), (7, 6), (8, 180), (9, 31)]

Client 5 label distribution:
[(0, 205), (1, 636), (2, 776), (3, 541), (5, 316), (6, 232), (7, 50), (8, 396), (9, 905)]

Client 6 label distribution:
[(0, 276), (1, 73), (2, 8), (3, 44), (4, 1), (5, 115), (6, 131), (7, 441), (8, 730), (9, 58)]

Client 7 label distribution:
[(0, 95), (1, 5), (2, 47), (3, 496), (4, 1072), (5, 56), (6, 494), (7, 173), (8, 213), (9, 2)]

Client 8 label distribution:
[(0, 9), (1, 436), (2, 10), (3, 6), (5, 290), (6, 14), (7, 3), (8, 337), (9, 17)]

Client 9 label distribution:
[(0, 145), (1, 227), (2, 393), (3, 149), (4, 439), (6, 11), (7, 354), (8, 13), (9, 40)]

Client 10 label distribution:
[(0, 261), (1, 458), (2, 15), (3, 499), (4, 54), (5, 24), (6, 2), (7, 427), (8, 4), (9, 391)]

Client 11 label distribution:
[(0, 23), (1, 503), (2, 542), (3, 3), (4, 2), (5, 135), (6, 389), (7, 160), (8, 93), (9, 1384)]

Client 12 label distribution:
[(0, 469), (1, 261), (2, 465), (3, 80), (4, 1), (5, 30), (6, 427), (8, 179), (9, 77)]

Client 13 label distribution:
[(0, 37), (1, 155), (2, 120), (4, 65), (5, 12), (6, 12), (7, 1079), (9, 7)]

Client 14 label distribution:
[(0, 242), (2, 40), (3, 6), (5, 105), (6, 112), (7, 18), (8, 21), (9, 92)]

Client 15 label distribution:
[(0, 16), (2, 21), (3, 44), (4, 128), (5, 228), (6, 243), (7, 60), (8, 27), (9, 108)]

Client 16 label distribution:
[(0, 102), (1, 767), (2, 143), (3, 7), (4, 326), (5, 203), (6, 39), (7, 259), (8, 8), (9, 10)]

Client 17 label distribution:
[(0, 53), (1, 14), (2, 8), (3, 49), (4, 67), (5, 553), (6, 112), (7, 1), (8, 214), (9, 60)]

Client 18 label distribution:
[(0, 10), (1, 3), (2, 182), (4, 29), (5, 10), (6, 825), (7, 100), (8, 145), (9, 166)]

Client 19 label distribution:
[(0, 9), (1, 116), (2, 99), (3, 374), (4, 21), (5, 42), (6, 540), (7, 469), (8, 230), (9, 134)]
Client 0: avg epsilon = 4.6389
Client 1: avg epsilon = 3.5712
Client 2: avg epsilon = 2.8743
Client 3: avg epsilon = 3.1594
Client 4: avg epsilon = 4.4438
Client 5: avg epsilon = 3.3602
Client 6: avg epsilon = 4.1069
Client 7: avg epsilon = 4.7461
Client 8: avg epsilon = 3.3707
Client 9: avg epsilon = 3.1985
Client 10: avg epsilon = 3.5148
Client 11: avg epsilon = 3.6726
Client 12: avg epsilon = 2.3846
Client 13: avg epsilon = 4.1383
Client 14: avg epsilon = 2.8840
Client 15: avg epsilon = 4.8144
Client 16: avg epsilon = 2.9465
Client 17: avg epsilon = 4.7209
Client 18: avg epsilon = 4.9585
Client 19: avg epsilon = 4.7502
 We run FedAvg with rPDP (ThreeLevels-0) ...
max_epsilon :  10.0  noise_multiplier :  9.736328125
The R-Squared value of the best-fit curve : 0.999749898528281
learning rate =  0.01
sample_rate: (min) 0.03, (max) 0.61, expected_batch_size: 1101
sample_rate: (min) 0.03, (max) 0.61, expected_batch_size: 815
sample_rate: (min) 0.03, (max) 0.61, expected_batch_size: 938
sample_rate: (min) 0.03, (max) 0.61, expected_batch_size: 1620
sample_rate: (min) 0.03, (max) 0.61, expected_batch_size: 394
sample_rate: (min) 0.03, (max) 0.61, expected_batch_size: 1708
sample_rate: (min) 0.03, (max) 0.61, expected_batch_size: 941
sample_rate: (min) 0.03, (max) 0.61, expected_batch_size: 1530
sample_rate: (min) 0.03, (max) 0.61, expected_batch_size: 475
sample_rate: (min) 0.03, (max) 0.61, expected_batch_size: 712
sample_rate: (min) 0.03, (max) 0.61, expected_batch_size: 931
sample_rate: (min) 0.03, (max) 0.61, expected_batch_size: 1479
sample_rate: (min) 0.03, (max) 0.61, expected_batch_size: 608
sample_rate: (min) 0.03, (max) 0.61, expected_batch_size: 757
sample_rate: (min) 0.03, (max) 0.61, expected_batch_size: 227
sample_rate: (min) 0.03, (max) 0.61, expected_batch_size: 512
sample_rate: (min) 0.03, (max) 0.61, expected_batch_size: 698
sample_rate: (min) 0.03, (max) 0.61, expected_batch_size: 649
sample_rate: (min) 0.03, (max) 0.61, expected_batch_size: 884
sample_rate: (min) 0.03, (max) 0.61, expected_batch_size: 1176
initial privacy cost of all clients:  [0, 0, 0, 0, 0, 0, 0, 0, 0, 0, 0, 0, 0, 0, 0, 0, 0, 0, 0, 0]
Round=0
Round=1
Round=2
Round=3
Round=4
Round=5
Round=6
Round=7
Round=8
Round=9
Round=10
Round=11
Round=12
Round=13
Round=14
current privacy cost of all clients:  [3.5546114404122435, 3.804837257942653, 4.677972220314398, 4.055063075473062, 3.0541598053514245, 4.055063075473062, 2.502378076501911, 3.5546114404122435, 4.055063075473062, 3.804837257942653, 2.502378076501911, 3.804837257942653, 2.803933987821015, 3.304385622881834, 3.5546114404122435, 4.305288893003472, 3.5546114404122435, 4.510367156217049, 4.055063075473062, 3.304385622881834]
Round=14, per client global perf=[0.8967, 0.9216, 0.849, 0.888, 0.944, 0.9234, 0.907, 0.9151, 0.9655, 0.8992, 0.9082, 0.9532, 0.9015, 0.9322, 0.8997, 0.9268, 0.9376, 0.9384, 0.9288, 0.9361], mean perf=18676/20410 (0.9150%)
Round=14, per client personal perf=[0.9712, 0.9301, 0.9234, 0.9423, 0.9467, 0.9316, 0.9421, 0.9495, 0.9689, 0.9211, 0.9427, 0.9466, 0.9493, 0.97, 0.9483, 0.9401, 0.9459, 0.9178, 0.9591, 0.9304], mean perf=19236/20410 (0.9425%)
Round=14, per client personal pooled=[0.8981, 0.8617, 0.8741, 0.9164, 0.8804, 0.877, 0.8948, 0.8949, 0.9043, 0.9011, 0.9004, 0.8664, 0.9024, 0.8446, 0.9097, 0.8713, 0.9277, 0.8807, 0.8726, 0.8707], mean perf=362261/408200 (0.8875%)
Mean performance of ditto rpdp global, Perf=0.8987, seed=46
Mean performance of ditto rpdp personal, Perf=0.9371, seed=46
Mean performance of ditto rpdp pooled, Perf=0.8829, seed=46
Finished seed 46
----------------------------------------
All runs complete.
