=== Data type: niid_dir_1 ===
--- Seed: 42 ---
--- Personal steps: 15 ---
---EPSILON 0 ---
default_sample_rate: 0.20711974110032363
noise_multiplier :  2560
learning rate =  0.01
sample_rate: 0.21, expected_batch_size: 435
sample_rate: 0.21, expected_batch_size: 800
sample_rate: 0.21, expected_batch_size: 567
sample_rate: 0.21, expected_batch_size: 1586
sample_rate: 0.21, expected_batch_size: 1036
sample_rate: 0.21, expected_batch_size: 149
sample_rate: 0.21, expected_batch_size: 1526
sample_rate: 0.21, expected_batch_size: 1059
sample_rate: 0.21, expected_batch_size: 128
sample_rate: 0.21, expected_batch_size: 911
initial privacy cost of all clients:  [0, 0, 0, 0, 0, 0, 0, 0, 0, 0]
Round=0
Round=1
Round=2
Round=3
Round=4
Round=5
Round=6
Round=7
Round=8
Round=9
Round=10
Round=11
Round=12
Round=13
Round=14
current privacy cost of all clients:  [-0.000452064384325437, -0.000452064384325437, -0.000636728309569069, -0.0005112686768819798, -0.0003928600917688942, -0.000452064384325437, -0.0003928600917688942, -0.00033630764870828294, -0.00028117069658172987, -0.0005732501443265214]
Round=14, per client global perf=[0.0166, 0.0387, 0.0283, 0.3107, 0.0287, 0.0376, 0.0537, 0.0201, 0.3197, 0.0428], mean perf=1905/20406 (0.0934%)
Round=14, per client personal perf=[0.9649, 0.99, 0.9703, 0.9805, 0.9872, 0.9973, 0.991, 0.9825, 0.9624, 0.9643], mean perf=20022/20406 (0.9812%)
Round=14, per client personal pooled=[0.5766, 0.4204, 0.3807, 0.5169, 0.382, 0.3475, 0.4898, 0.3569, 0.5323, 0.1957], mean perf=85684/204060 (0.4199%)
Mean performance of unidp ditto global,  eps=0.0, Perf=0.0989
Mean performance of unidp ditto personal,  eps=0.0, Perf=0.9810
Mean performance of unidp ditto pooled,  eps=0.0, Perf=0.4222
---EPSILON 0.1 ---
default_sample_rate: 0.20711974110032363
noise_multiplier :  90.0
learning rate =  0.01
sample_rate: 0.21, expected_batch_size: 435
sample_rate: 0.21, expected_batch_size: 800
sample_rate: 0.21, expected_batch_size: 567
sample_rate: 0.21, expected_batch_size: 1586
sample_rate: 0.21, expected_batch_size: 1036
sample_rate: 0.21, expected_batch_size: 149
sample_rate: 0.21, expected_batch_size: 1526
sample_rate: 0.21, expected_batch_size: 1059
sample_rate: 0.21, expected_batch_size: 128
sample_rate: 0.21, expected_batch_size: 911
initial privacy cost of all clients:  [0, 0, 0, 0, 0, 0, 0, 0, 0, 0]
Round=0
Round=1
Round=2
Round=3
Round=4
Round=5
Round=6
Round=7
Round=8
Round=9
Round=10
Round=11
Round=12
Round=13
Round=14
current privacy cost of all clients:  [0.06627679890483767, 0.06627679890483767, 0.050947385264874336, 0.061502308102208234, 0.0709203693872159, 0.06627679890483767, 0.0709203693872159, 0.07518250997437406, 0.07938096498203365, 0.056416431024981]
Round=14, per client global perf=[0.1993, 0.2048, 0.0877, 0.3457, 0.5427, 0.5968, 0.7309, 0.0668, 0.4075, 0.0384], mean perf=6902/20406 (0.3382%)
Round=14, per client personal perf=[0.9649, 0.99, 0.9703, 0.9805, 0.9872, 0.9973, 0.991, 0.9825, 0.9624, 0.9643], mean perf=20022/20406 (0.9812%)
Round=14, per client personal pooled=[0.5766, 0.4204, 0.3807, 0.5169, 0.382, 0.3475, 0.4898, 0.3569, 0.5323, 0.1957], mean perf=85684/204060 (0.4199%)
Mean performance of unidp ditto global,  eps=0.1, Perf=0.3458
Mean performance of unidp ditto personal,  eps=0.1, Perf=0.9810
Mean performance of unidp ditto pooled,  eps=0.1, Perf=0.4222
---EPSILON 0.5 ---
default_sample_rate: 0.20711974110032363
noise_multiplier :  22.5
learning rate =  0.01
sample_rate: 0.21, expected_batch_size: 435
sample_rate: 0.21, expected_batch_size: 800
sample_rate: 0.21, expected_batch_size: 567
sample_rate: 0.21, expected_batch_size: 1586
sample_rate: 0.21, expected_batch_size: 1036
sample_rate: 0.21, expected_batch_size: 149
sample_rate: 0.21, expected_batch_size: 1526
sample_rate: 0.21, expected_batch_size: 1059
sample_rate: 0.21, expected_batch_size: 128
sample_rate: 0.21, expected_batch_size: 911
initial privacy cost of all clients:  [0, 0, 0, 0, 0, 0, 0, 0, 0, 0]
Round=0
Round=1
Round=2
Round=3
Round=4
Round=5
Round=6
Round=7
Round=8
Round=9
Round=10
Round=11
Round=12
Round=13
Round=14
current privacy cost of all clients:  [0.3570779074237343, 0.3570779074237343, 0.28045341951698843, 0.3332077961968143, 0.37948155446626236, 0.3570779074237343, 0.37948155446626236, 0.4010409299406544, 0.4217415980230763, 0.3078305897140785]
Round=14, per client global perf=[0.3875, 0.6933, 0.5615, 0.5535, 0.9054, 0.8898, 0.9373, 0.4679, 0.6646, 0.2804], mean perf=13085/20406 (0.6412%)
Round=14, per client personal perf=[0.9649, 0.99, 0.9703, 0.9805, 0.9872, 0.9973, 0.991, 0.9825, 0.9624, 0.9643], mean perf=20022/20406 (0.9812%)
Round=14, per client personal pooled=[0.5766, 0.4204, 0.3807, 0.5169, 0.382, 0.3475, 0.4898, 0.3569, 0.5323, 0.1957], mean perf=85684/204060 (0.4199%)
Mean performance of unidp ditto global,  eps=0.5, Perf=0.6392
Mean performance of unidp ditto personal,  eps=0.5, Perf=0.9810
Mean performance of unidp ditto pooled,  eps=0.5, Perf=0.4222
---EPSILON 1 ---
default_sample_rate: 0.20711974110032363
noise_multiplier :  12.5
learning rate =  0.01
sample_rate: 0.21, expected_batch_size: 435
sample_rate: 0.21, expected_batch_size: 800
sample_rate: 0.21, expected_batch_size: 567
sample_rate: 0.21, expected_batch_size: 1586
sample_rate: 0.21, expected_batch_size: 1036
sample_rate: 0.21, expected_batch_size: 149
sample_rate: 0.21, expected_batch_size: 1526
sample_rate: 0.21, expected_batch_size: 1059
sample_rate: 0.21, expected_batch_size: 128
sample_rate: 0.21, expected_batch_size: 911
initial privacy cost of all clients:  [0, 0, 0, 0, 0, 0, 0, 0, 0, 0]
Round=0
Round=1
Round=2
Round=3
Round=4
Round=5
Round=6
Round=7
Round=8
Round=9
Round=10
Round=11
Round=12
Round=13
Round=14
current privacy cost of all clients:  [0.7186115763190369, 0.7186115763190369, 0.5669467964033166, 0.672196296259606, 0.7639785457571601, 0.7186115763190369, 0.7639785457571601, 0.8068829992887259, 0.8469387931612913, 0.6211776498109377]
Round=14, per client global perf=[0.4114, 0.7972, 0.703, 0.6754, 0.9329, 0.9328, 0.9521, 0.4953, 0.6803, 0.052], mean perf=13701/20406 (0.6714%)
Round=14, per client personal perf=[0.9649, 0.99, 0.9703, 0.9805, 0.9872, 0.9973, 0.991, 0.9825, 0.9624, 0.9643], mean perf=20022/20406 (0.9812%)
Round=14, per client personal pooled=[0.5766, 0.4204, 0.3807, 0.5169, 0.382, 0.3475, 0.4898, 0.3569, 0.5323, 0.1957], mean perf=85684/204060 (0.4199%)
Mean performance of unidp ditto global,  eps=1.0, Perf=0.6616
Mean performance of unidp ditto personal,  eps=1.0, Perf=0.9810
Mean performance of unidp ditto pooled,  eps=1.0, Perf=0.4222
---EPSILON 4 ---
default_sample_rate: 0.20711974110032363
noise_multiplier :  4.072265625
learning rate =  0.01
sample_rate: 0.21, expected_batch_size: 435
sample_rate: 0.21, expected_batch_size: 800
sample_rate: 0.21, expected_batch_size: 567
sample_rate: 0.21, expected_batch_size: 1586
sample_rate: 0.21, expected_batch_size: 1036
sample_rate: 0.21, expected_batch_size: 149
sample_rate: 0.21, expected_batch_size: 1526
sample_rate: 0.21, expected_batch_size: 1059
sample_rate: 0.21, expected_batch_size: 128
sample_rate: 0.21, expected_batch_size: 911
initial privacy cost of all clients:  [0, 0, 0, 0, 0, 0, 0, 0, 0, 0]
Round=0
Round=1
Round=2
Round=3
Round=4
Round=5
Round=6
Round=7
Round=8
Round=9
Round=10
Round=11
Round=12
Round=13
Round=14
current privacy cost of all clients:  [2.856312947191028, 2.856312947191028, 2.2346245060781285, 2.68789999238026, 3.0192514530687853, 2.856312947191028, 3.0192514530687853, 3.1821899589465428, 3.3451284648243003, 2.4612622492291942]
Round=14, per client global perf=[0.4437, 0.9106, 0.7645, 0.6731, 0.9472, 0.9839, 0.971, 0.5044, 0.768, 0.6834], mean perf=15652/20406 (0.7670%)
Round=14, per client personal perf=[0.9649, 0.99, 0.9703, 0.9805, 0.9872, 0.9973, 0.991, 0.9825, 0.9624, 0.9643], mean perf=20022/20406 (0.9812%)
Round=14, per client personal pooled=[0.5766, 0.4204, 0.3807, 0.5169, 0.382, 0.3475, 0.4898, 0.3569, 0.5323, 0.1957], mean perf=85684/204060 (0.4199%)
Mean performance of unidp ditto global,  eps=4.0, Perf=0.7758
Mean performance of unidp ditto personal,  eps=4.0, Perf=0.9810
Mean performance of unidp ditto pooled,  eps=4.0, Perf=0.4222
---EPSILON 8 ---
default_sample_rate: 0.20711974110032363
noise_multiplier :  2.4951171875
learning rate =  0.01
sample_rate: 0.21, expected_batch_size: 435
sample_rate: 0.21, expected_batch_size: 800
sample_rate: 0.21, expected_batch_size: 567
sample_rate: 0.21, expected_batch_size: 1586
sample_rate: 0.21, expected_batch_size: 1036
sample_rate: 0.21, expected_batch_size: 149
sample_rate: 0.21, expected_batch_size: 1526
sample_rate: 0.21, expected_batch_size: 1059
sample_rate: 0.21, expected_batch_size: 128
sample_rate: 0.21, expected_batch_size: 911
initial privacy cost of all clients:  [0, 0, 0, 0, 0, 0, 0, 0, 0, 0]
Round=0
Round=1
Round=2
Round=3
Round=4
Round=5
Round=6
Round=7
Round=8
Round=9
Round=10
Round=11
Round=12
Round=13
Round=14
current privacy cost of all clients:  [5.429005831258723, 5.429005831258723, 4.330293539680021, 5.06276840073249, 5.795243261784958, 5.429005831258723, 5.795243261784958, 6.161480692311192, 6.527718122837427, 4.696530970206255]
Round=14, per client global perf=[0.4391, 0.9172, 0.8062, 0.7273, 0.9453, 0.9839, 0.9747, 0.5021, 0.7962, 0.7178], mean perf=16023/20406 (0.7852%)
Round=14, per client personal perf=[0.9649, 0.99, 0.9703, 0.9805, 0.9872, 0.9973, 0.991, 0.9825, 0.9624, 0.9643], mean perf=20022/20406 (0.9812%)
Round=14, per client personal pooled=[0.5766, 0.4204, 0.3807, 0.5169, 0.382, 0.3475, 0.4898, 0.3569, 0.5323, 0.1957], mean perf=85684/204060 (0.4199%)
Mean performance of unidp ditto global,  eps=8.0, Perf=0.7495
Mean performance of unidp ditto personal,  eps=8.0, Perf=0.9810
Mean performance of unidp ditto pooled,  eps=8.0, Perf=0.4222
---EPSILON 16 ---
default_sample_rate: 0.20711974110032363
noise_multiplier :  1.544189453125
learning rate =  0.01
sample_rate: 0.21, expected_batch_size: 435
sample_rate: 0.21, expected_batch_size: 800
sample_rate: 0.21, expected_batch_size: 567
sample_rate: 0.21, expected_batch_size: 1586
sample_rate: 0.21, expected_batch_size: 1036
sample_rate: 0.21, expected_batch_size: 149
sample_rate: 0.21, expected_batch_size: 1526
sample_rate: 0.21, expected_batch_size: 1059
sample_rate: 0.21, expected_batch_size: 128
sample_rate: 0.21, expected_batch_size: 911
initial privacy cost of all clients:  [0, 0, 0, 0, 0, 0, 0, 0, 0, 0]
Round=0
Round=1
Round=2
Round=3
Round=4
Round=5
Round=6
Round=7
Round=8
Round=9
Round=10
Round=11
Round=12
Round=13
Round=14
current privacy cost of all clients:  [11.106280389439553, 11.106280389439553, 9.011973087598063, 10.40817795549239, 11.804382823386716, 11.106280389439553, 11.804382823386716, 12.502485257333879, 13.200587691281042, 9.710075521545226]
Round=14, per client global perf=[0.5018, 0.8705, 0.7044, 0.6979, 0.9438, 0.9758, 0.9842, 0.5567, 0.8495, 0.8214], mean perf=16163/20406 (0.7921%)
Round=14, per client personal perf=[0.9649, 0.99, 0.9703, 0.9805, 0.9872, 0.9973, 0.991, 0.9825, 0.9624, 0.9643], mean perf=20022/20406 (0.9812%)
Round=14, per client personal pooled=[0.5766, 0.4204, 0.3807, 0.5169, 0.382, 0.3475, 0.4898, 0.3569, 0.5323, 0.1957], mean perf=85684/204060 (0.4199%)
Mean performance of unidp ditto global,  eps=16.0, Perf=0.7984
Mean performance of unidp ditto personal,  eps=16.0, Perf=0.9810
Mean performance of unidp ditto pooled,  eps=16.0, Perf=0.4222
--- Personal steps: 30 ---
---EPSILON 0 ---
default_sample_rate: 0.20711974110032363
noise_multiplier :  2560
learning rate =  0.01
sample_rate: 0.21, expected_batch_size: 435
sample_rate: 0.21, expected_batch_size: 800
sample_rate: 0.21, expected_batch_size: 567
sample_rate: 0.21, expected_batch_size: 1586
sample_rate: 0.21, expected_batch_size: 1036
sample_rate: 0.21, expected_batch_size: 149
sample_rate: 0.21, expected_batch_size: 1526
sample_rate: 0.21, expected_batch_size: 1059
sample_rate: 0.21, expected_batch_size: 128
sample_rate: 0.21, expected_batch_size: 911
initial privacy cost of all clients:  [0, 0, 0, 0, 0, 0, 0, 0, 0, 0]
Round=0
Round=1
Round=2
Round=3
Round=4
Round=5
Round=6
Round=7
Round=8
Round=9
Round=10
Round=11
Round=12
Round=13
Round=14
current privacy cost of all clients:  [-0.000452064384325437, -0.000452064384325437, -0.000636728309569069, -0.0005112686768819798, -0.0003928600917688942, -0.000452064384325437, -0.0003928600917688942, -0.00033630764870828294, -0.00028117069658172987, -0.0005732501443265214]
Round=14, per client global perf=[0.0166, 0.0387, 0.0283, 0.3107, 0.0287, 0.0376, 0.0534, 0.0201, 0.3197, 0.0432], mean perf=1905/20406 (0.0934%)
Round=14, per client personal perf=[0.9622, 0.988, 0.9802, 0.9823, 0.9911, 0.9973, 0.9945, 0.9848, 0.9655, 0.9868], mean perf=20117/20406 (0.9858%)
Round=14, per client personal pooled=[0.7134, 0.4341, 0.4495, 0.5714, 0.4204, 0.3436, 0.5184, 0.3731, 0.535, 0.445], mean perf=98028/204060 (0.4804%)
Mean performance of unidp ditto global,  eps=0.0, Perf=0.0989
Mean performance of unidp ditto personal,  eps=0.0, Perf=0.9838
Mean performance of unidp ditto pooled,  eps=0.0, Perf=0.4709
---EPSILON 0.1 ---
default_sample_rate: 0.20711974110032363
noise_multiplier :  90.0
learning rate =  0.01
sample_rate: 0.21, expected_batch_size: 435
sample_rate: 0.21, expected_batch_size: 800
sample_rate: 0.21, expected_batch_size: 567
sample_rate: 0.21, expected_batch_size: 1586
sample_rate: 0.21, expected_batch_size: 1036
sample_rate: 0.21, expected_batch_size: 149
sample_rate: 0.21, expected_batch_size: 1526
sample_rate: 0.21, expected_batch_size: 1059
sample_rate: 0.21, expected_batch_size: 128
sample_rate: 0.21, expected_batch_size: 911
initial privacy cost of all clients:  [0, 0, 0, 0, 0, 0, 0, 0, 0, 0]
Round=0
Round=1
Round=2
Round=3
Round=4
Round=5
Round=6
Round=7
Round=8
Round=9
Round=10
Round=11
Round=12
Round=13
Round=14
current privacy cost of all clients:  [0.06627679890483767, 0.06627679890483767, 0.050947385264874336, 0.061502308102208234, 0.0709203693872159, 0.06627679890483767, 0.0709203693872159, 0.07518250997437406, 0.07938096498203365, 0.056416431024981]
Round=14, per client global perf=[0.1983, 0.2073, 0.0884, 0.3474, 0.5427, 0.5968, 0.7304, 0.0676, 0.4075, 0.0388], mean perf=6915/20406 (0.3389%)
Round=14, per client personal perf=[0.9622, 0.988, 0.9802, 0.9823, 0.9911, 0.9973, 0.9945, 0.9848, 0.9655, 0.9868], mean perf=20117/20406 (0.9858%)
Round=14, per client personal pooled=[0.7134, 0.4341, 0.4495, 0.5714, 0.4204, 0.3436, 0.5184, 0.3731, 0.535, 0.445], mean perf=98028/204060 (0.4804%)
Mean performance of unidp ditto global,  eps=0.1, Perf=0.3462
Mean performance of unidp ditto personal,  eps=0.1, Perf=0.9838
Mean performance of unidp ditto pooled,  eps=0.1, Perf=0.4709
---EPSILON 0.5 ---
default_sample_rate: 0.20711974110032363
noise_multiplier :  22.5
learning rate =  0.01
sample_rate: 0.21, expected_batch_size: 435
sample_rate: 0.21, expected_batch_size: 800
sample_rate: 0.21, expected_batch_size: 567
sample_rate: 0.21, expected_batch_size: 1586
sample_rate: 0.21, expected_batch_size: 1036
sample_rate: 0.21, expected_batch_size: 149
sample_rate: 0.21, expected_batch_size: 1526
sample_rate: 0.21, expected_batch_size: 1059
sample_rate: 0.21, expected_batch_size: 128
sample_rate: 0.21, expected_batch_size: 911
initial privacy cost of all clients:  [0, 0, 0, 0, 0, 0, 0, 0, 0, 0]
Round=0
Round=1
Round=2
Round=3
Round=4
Round=5
Round=6
Round=7
Round=8
Round=9
Round=10
Round=11
Round=12
Round=13
Round=14
current privacy cost of all clients:  [0.3570779074237343, 0.3570779074237343, 0.28045341951698843, 0.3332077961968143, 0.37948155446626236, 0.3570779074237343, 0.37948155446626236, 0.4010409299406544, 0.4217415980230763, 0.3078305897140785]
Round=14, per client global perf=[0.3884, 0.6978, 0.5644, 0.554, 0.9019, 0.8898, 0.9376, 0.4676, 0.6646, 0.2866], mean perf=13106/20406 (0.6423%)
Round=14, per client personal perf=[0.9622, 0.988, 0.9802, 0.9823, 0.9911, 0.9973, 0.9945, 0.9848, 0.9655, 0.9868], mean perf=20117/20406 (0.9858%)
Round=14, per client personal pooled=[0.7134, 0.4341, 0.4495, 0.5714, 0.4204, 0.3436, 0.5184, 0.3731, 0.535, 0.445], mean perf=98028/204060 (0.4804%)
Mean performance of unidp ditto global,  eps=0.5, Perf=0.6389
Mean performance of unidp ditto personal,  eps=0.5, Perf=0.9838
Mean performance of unidp ditto pooled,  eps=0.5, Perf=0.4709
---EPSILON 1 ---
default_sample_rate: 0.20711974110032363
noise_multiplier :  12.5
learning rate =  0.01
sample_rate: 0.21, expected_batch_size: 435
sample_rate: 0.21, expected_batch_size: 800
sample_rate: 0.21, expected_batch_size: 567
sample_rate: 0.21, expected_batch_size: 1586
sample_rate: 0.21, expected_batch_size: 1036
sample_rate: 0.21, expected_batch_size: 149
sample_rate: 0.21, expected_batch_size: 1526
sample_rate: 0.21, expected_batch_size: 1059
sample_rate: 0.21, expected_batch_size: 128
sample_rate: 0.21, expected_batch_size: 911
initial privacy cost of all clients:  [0, 0, 0, 0, 0, 0, 0, 0, 0, 0]
Round=0
Round=1
Round=2
Round=3
Round=4
Round=5
Round=6
Round=7
Round=8
Round=9
Round=10
Round=11
Round=12
Round=13
Round=14
current privacy cost of all clients:  [0.7186115763190369, 0.7186115763190369, 0.5669467964033166, 0.672196296259606, 0.7639785457571601, 0.7186115763190369, 0.7639785457571601, 0.8068829992887259, 0.8469387931612913, 0.6211776498109377]
Round=14, per client global perf=[0.4105, 0.7992, 0.7051, 0.6759, 0.9333, 0.9328, 0.9526, 0.4949, 0.6803, 0.052], mean perf=13711/20406 (0.6719%)
Round=14, per client personal perf=[0.9622, 0.988, 0.9802, 0.9823, 0.9911, 0.9973, 0.9945, 0.9848, 0.9655, 0.9868], mean perf=20117/20406 (0.9858%)
Round=14, per client personal pooled=[0.7134, 0.4341, 0.4495, 0.5714, 0.4204, 0.3436, 0.5184, 0.3731, 0.535, 0.445], mean perf=98028/204060 (0.4804%)
Mean performance of unidp ditto global,  eps=1.0, Perf=0.6623
Mean performance of unidp ditto personal,  eps=1.0, Perf=0.9838
Mean performance of unidp ditto pooled,  eps=1.0, Perf=0.4709
---EPSILON 4 ---
default_sample_rate: 0.20711974110032363
noise_multiplier :  4.072265625
learning rate =  0.01
sample_rate: 0.21, expected_batch_size: 435
sample_rate: 0.21, expected_batch_size: 800
sample_rate: 0.21, expected_batch_size: 567
sample_rate: 0.21, expected_batch_size: 1586
sample_rate: 0.21, expected_batch_size: 1036
sample_rate: 0.21, expected_batch_size: 149
sample_rate: 0.21, expected_batch_size: 1526
sample_rate: 0.21, expected_batch_size: 1059
sample_rate: 0.21, expected_batch_size: 128
sample_rate: 0.21, expected_batch_size: 911
initial privacy cost of all clients:  [0, 0, 0, 0, 0, 0, 0, 0, 0, 0]
Round=0
Round=1
Round=2
Round=3
Round=4
Round=5
Round=6
Round=7
Round=8
Round=9
Round=10
Round=11
Round=12
Round=13
Round=14
current privacy cost of all clients:  [2.856312947191028, 2.856312947191028, 2.2346245060781285, 2.68789999238026, 3.0192514530687853, 2.856312947191028, 3.0192514530687853, 3.1821899589465428, 3.3451284648243003, 2.4612622492291942]
Round=14, per client global perf=[0.4437, 0.9096, 0.7645, 0.6708, 0.9472, 0.9839, 0.9705, 0.504, 0.7649, 0.6878], mean perf=15647/20406 (0.7668%)
Round=14, per client personal perf=[0.9622, 0.988, 0.9802, 0.9823, 0.9911, 0.9973, 0.9945, 0.9848, 0.9655, 0.9868], mean perf=20117/20406 (0.9858%)
Round=14, per client personal pooled=[0.7134, 0.4341, 0.4495, 0.5714, 0.4204, 0.3436, 0.5184, 0.3731, 0.535, 0.445], mean perf=98028/204060 (0.4804%)
Mean performance of unidp ditto global,  eps=4.0, Perf=0.7790
Mean performance of unidp ditto personal,  eps=4.0, Perf=0.9838
Mean performance of unidp ditto pooled,  eps=4.0, Perf=0.4709
---EPSILON 8 ---
default_sample_rate: 0.20711974110032363
noise_multiplier :  2.4951171875
learning rate =  0.01
sample_rate: 0.21, expected_batch_size: 435
sample_rate: 0.21, expected_batch_size: 800
sample_rate: 0.21, expected_batch_size: 567
sample_rate: 0.21, expected_batch_size: 1586
sample_rate: 0.21, expected_batch_size: 1036
sample_rate: 0.21, expected_batch_size: 149
sample_rate: 0.21, expected_batch_size: 1526
sample_rate: 0.21, expected_batch_size: 1059
sample_rate: 0.21, expected_batch_size: 128
sample_rate: 0.21, expected_batch_size: 911
initial privacy cost of all clients:  [0, 0, 0, 0, 0, 0, 0, 0, 0, 0]
Round=0
Round=1
Round=2
Round=3
Round=4
Round=5
Round=6
Round=7
Round=8
Round=9
Round=10
Round=11
Round=12
Round=13
Round=14
current privacy cost of all clients:  [5.429005831258723, 5.429005831258723, 4.330293539680021, 5.06276840073249, 5.795243261784958, 5.429005831258723, 5.795243261784958, 6.161480692311192, 6.527718122837427, 4.696530970206255]
Round=14, per client global perf=[0.4373, 0.9172, 0.8083, 0.7342, 0.9461, 0.9839, 0.975, 0.5006, 0.8025, 0.7152], mean perf=16046/20406 (0.7863%)
Round=14, per client personal perf=[0.9622, 0.988, 0.9802, 0.9823, 0.9911, 0.9973, 0.9945, 0.9848, 0.9655, 0.9868], mean perf=20117/20406 (0.9858%)
Round=14, per client personal pooled=[0.7134, 0.4341, 0.4495, 0.5714, 0.4204, 0.3436, 0.5184, 0.3731, 0.535, 0.445], mean perf=98028/204060 (0.4804%)
Mean performance of unidp ditto global,  eps=8.0, Perf=0.7517
Mean performance of unidp ditto personal,  eps=8.0, Perf=0.9838
Mean performance of unidp ditto pooled,  eps=8.0, Perf=0.4709
---EPSILON 16 ---
default_sample_rate: 0.20711974110032363
noise_multiplier :  1.544189453125
learning rate =  0.01
sample_rate: 0.21, expected_batch_size: 435
sample_rate: 0.21, expected_batch_size: 800
sample_rate: 0.21, expected_batch_size: 567
sample_rate: 0.21, expected_batch_size: 1586
sample_rate: 0.21, expected_batch_size: 1036
sample_rate: 0.21, expected_batch_size: 149
sample_rate: 0.21, expected_batch_size: 1526
sample_rate: 0.21, expected_batch_size: 1059
sample_rate: 0.21, expected_batch_size: 128
sample_rate: 0.21, expected_batch_size: 911
initial privacy cost of all clients:  [0, 0, 0, 0, 0, 0, 0, 0, 0, 0]
Round=0
Round=1
Round=2
Round=3
Round=4
Round=5
Round=6
Round=7
Round=8
Round=9
Round=10
Round=11
Round=12
Round=13
Round=14
current privacy cost of all clients:  [11.106280389439553, 11.106280389439553, 9.011973087598063, 10.40817795549239, 11.804382823386716, 11.106280389439553, 11.804382823386716, 12.502485257333879, 13.200587691281042, 9.710075521545226]
Round=14, per client global perf=[0.5028, 0.8685, 0.7044, 0.6974, 0.943, 0.9758, 0.9837, 0.5564, 0.8527, 0.8228], mean perf=16157/20406 (0.7918%)
Round=14, per client personal perf=[0.9622, 0.988, 0.9802, 0.9823, 0.9911, 0.9973, 0.9945, 0.9848, 0.9655, 0.9868], mean perf=20117/20406 (0.9858%)
Round=14, per client personal pooled=[0.7134, 0.4341, 0.4495, 0.5714, 0.4204, 0.3436, 0.5184, 0.3731, 0.535, 0.445], mean perf=98028/204060 (0.4804%)
Mean performance of unidp ditto global,  eps=16.0, Perf=0.7970
Mean performance of unidp ditto personal,  eps=16.0, Perf=0.9838
Mean performance of unidp ditto pooled,  eps=16.0, Perf=0.4709
--- Finished seed: 42 ---
--- Seed: 43 ---
--- Personal steps: 15 ---
---EPSILON 0 ---
default_sample_rate: 0.20711974110032363
noise_multiplier :  2560
learning rate =  0.01
sample_rate: 0.21, expected_batch_size: 435
sample_rate: 0.21, expected_batch_size: 800
sample_rate: 0.21, expected_batch_size: 567
sample_rate: 0.21, expected_batch_size: 1586
sample_rate: 0.21, expected_batch_size: 1036
sample_rate: 0.21, expected_batch_size: 149
sample_rate: 0.21, expected_batch_size: 1526
sample_rate: 0.21, expected_batch_size: 1059
sample_rate: 0.21, expected_batch_size: 128
sample_rate: 0.21, expected_batch_size: 911
initial privacy cost of all clients:  [0, 0, 0, 0, 0, 0, 0, 0, 0, 0]
Round=0
Round=1
Round=2
Round=3
Round=4
Round=5
Round=6
Round=7
Round=8
Round=9
Round=10
Round=11
Round=12
Round=13
Round=14
current privacy cost of all clients:  [-0.0003928600917688942, -0.000452064384325437, -0.0005112686768819798, -0.0003928600917688942, -0.000636728309569069, -0.000452064384325437, -0.0005732501443265214, -0.0007707541320608728, -0.0005732501443265214, -0.00033630764870828294]
Round=14, per client global perf=[0.0018, 0.012, 0.0255, 0.4564, 0.0, 0.0, 0.0166, 0.0, 0.3793, 0.0097], mean perf=2069/20406 (0.1014%)
Round=14, per client personal perf=[0.9732, 0.9885, 0.976, 0.9815, 0.9783, 0.9946, 0.9868, 0.9723, 0.9436, 0.9775], mean perf=19997/20406 (0.9800%)
Round=14, per client personal pooled=[0.6968, 0.403, 0.4201, 0.5824, 0.2729, 0.3743, 0.4878, 0.2237, 0.5222, 0.2965], mean perf=87328/204060 (0.4280%)
Mean performance of unidp ditto global,  eps=0.0, Perf=0.1008
Mean performance of unidp ditto personal,  eps=0.0, Perf=0.9770
Mean performance of unidp ditto pooled,  eps=0.0, Perf=0.4151
---EPSILON 0.1 ---
default_sample_rate: 0.20711974110032363
noise_multiplier :  90.0
learning rate =  0.01
sample_rate: 0.21, expected_batch_size: 435
sample_rate: 0.21, expected_batch_size: 800
sample_rate: 0.21, expected_batch_size: 567
sample_rate: 0.21, expected_batch_size: 1586
sample_rate: 0.21, expected_batch_size: 1036
sample_rate: 0.21, expected_batch_size: 149
sample_rate: 0.21, expected_batch_size: 1526
sample_rate: 0.21, expected_batch_size: 1059
sample_rate: 0.21, expected_batch_size: 128
sample_rate: 0.21, expected_batch_size: 911
initial privacy cost of all clients:  [0, 0, 0, 0, 0, 0, 0, 0, 0, 0]
Round=0
Round=1
Round=2
Round=3
Round=4
Round=5
Round=6
Round=7
Round=8
Round=9
Round=10
Round=11
Round=12
Round=13
Round=14
current privacy cost of all clients:  [0.0709203693872159, 0.06627679890483767, 0.061502308102208234, 0.0709203693872159, 0.050947385264874336, 0.06627679890483767, 0.056416431024981, 0.03827126774083864, 0.056416431024981, 0.07518250997437406]
Round=14, per client global perf=[0.2159, 0.2113, 0.3119, 0.6424, 0.4143, 0.1048, 0.3789, 0.3837, 0.5674, 0.377], mean perf=8224/20406 (0.4030%)
Round=14, per client personal perf=[0.9732, 0.9885, 0.976, 0.9815, 0.9783, 0.9946, 0.9868, 0.9723, 0.9436, 0.9775], mean perf=19997/20406 (0.9800%)
Round=14, per client personal pooled=[0.6968, 0.403, 0.4201, 0.5824, 0.2729, 0.3743, 0.4878, 0.2237, 0.5222, 0.2965], mean perf=87328/204060 (0.4280%)
Mean performance of unidp ditto global,  eps=0.1, Perf=0.3318
Mean performance of unidp ditto personal,  eps=0.1, Perf=0.9770
Mean performance of unidp ditto pooled,  eps=0.1, Perf=0.4151
---EPSILON 0.5 ---
default_sample_rate: 0.20711974110032363
noise_multiplier :  22.5
learning rate =  0.01
sample_rate: 0.21, expected_batch_size: 435
sample_rate: 0.21, expected_batch_size: 800
sample_rate: 0.21, expected_batch_size: 567
sample_rate: 0.21, expected_batch_size: 1586
sample_rate: 0.21, expected_batch_size: 1036
sample_rate: 0.21, expected_batch_size: 149
sample_rate: 0.21, expected_batch_size: 1526
sample_rate: 0.21, expected_batch_size: 1059
sample_rate: 0.21, expected_batch_size: 128
sample_rate: 0.21, expected_batch_size: 911
initial privacy cost of all clients:  [0, 0, 0, 0, 0, 0, 0, 0, 0, 0]
Round=0
Round=1
Round=2
Round=3
Round=4
Round=5
Round=6
Round=7
Round=8
Round=9
Round=10
Round=11
Round=12
Round=13
Round=14
current privacy cost of all clients:  [0.37948155446626236, 0.3570779074237343, 0.3332077961968143, 0.37948155446626236, 0.28045341951698843, 0.3570779074237343, 0.3078305897140785, 0.21699406093205534, 0.3078305897140785, 0.4010409299406544]
Round=14, per client global perf=[0.5378, 0.3886, 0.5658, 0.8528, 0.4911, 0.1317, 0.5682, 0.6698, 0.674, 0.3862], mean perf=11851/20406 (0.5808%)
Round=14, per client personal perf=[0.9732, 0.9885, 0.976, 0.9815, 0.9783, 0.9946, 0.9868, 0.9723, 0.9436, 0.9775], mean perf=19997/20406 (0.9800%)
Round=14, per client personal pooled=[0.6968, 0.403, 0.4201, 0.5824, 0.2729, 0.3743, 0.4878, 0.2237, 0.5222, 0.2965], mean perf=87328/204060 (0.4280%)
Mean performance of unidp ditto global,  eps=0.5, Perf=0.5055
Mean performance of unidp ditto personal,  eps=0.5, Perf=0.9770
Mean performance of unidp ditto pooled,  eps=0.5, Perf=0.4151
---EPSILON 1 ---
default_sample_rate: 0.20711974110032363
noise_multiplier :  12.5
learning rate =  0.01
sample_rate: 0.21, expected_batch_size: 435
sample_rate: 0.21, expected_batch_size: 800
sample_rate: 0.21, expected_batch_size: 567
sample_rate: 0.21, expected_batch_size: 1586
sample_rate: 0.21, expected_batch_size: 1036
sample_rate: 0.21, expected_batch_size: 149
sample_rate: 0.21, expected_batch_size: 1526
sample_rate: 0.21, expected_batch_size: 1059
sample_rate: 0.21, expected_batch_size: 128
sample_rate: 0.21, expected_batch_size: 911
initial privacy cost of all clients:  [0, 0, 0, 0, 0, 0, 0, 0, 0, 0]
Round=0
Round=1
Round=2
Round=3
Round=4
Round=5
Round=6
Round=7
Round=8
Round=9
Round=10
Round=11
Round=12
Round=13
Round=14
current privacy cost of all clients:  [0.7639785457571601, 0.7186115763190369, 0.672196296259606, 0.7639785457571601, 0.5669467964033166, 0.7186115763190369, 0.6211776498109377, 0.44110375635258703, 0.6211776498109377, 0.8068829992887259]
Round=14, per client global perf=[0.6365, 0.5663, 0.6549, 0.8454, 0.5089, 0.1532, 0.5495, 0.8288, 0.7712, 0.7531], mean perf=13674/20406 (0.6701%)
Round=14, per client personal perf=[0.9732, 0.9885, 0.976, 0.9815, 0.9783, 0.9946, 0.9868, 0.9723, 0.9436, 0.9775], mean perf=19997/20406 (0.9800%)
Round=14, per client personal pooled=[0.6968, 0.403, 0.4201, 0.5824, 0.2729, 0.3743, 0.4878, 0.2237, 0.5222, 0.2965], mean perf=87328/204060 (0.4280%)
Mean performance of unidp ditto global,  eps=1.0, Perf=0.5892
Mean performance of unidp ditto personal,  eps=1.0, Perf=0.9770
Mean performance of unidp ditto pooled,  eps=1.0, Perf=0.4151
---EPSILON 4 ---
default_sample_rate: 0.20711974110032363
noise_multiplier :  4.072265625
learning rate =  0.01
sample_rate: 0.21, expected_batch_size: 435
sample_rate: 0.21, expected_batch_size: 800
sample_rate: 0.21, expected_batch_size: 567
sample_rate: 0.21, expected_batch_size: 1586
sample_rate: 0.21, expected_batch_size: 1036
sample_rate: 0.21, expected_batch_size: 149
sample_rate: 0.21, expected_batch_size: 1526
sample_rate: 0.21, expected_batch_size: 1059
sample_rate: 0.21, expected_batch_size: 128
sample_rate: 0.21, expected_batch_size: 911
initial privacy cost of all clients:  [0, 0, 0, 0, 0, 0, 0, 0, 0, 0]
Round=0
Round=1
Round=2
Round=3
Round=4
Round=5
Round=6
Round=7
Round=8
Round=9
Round=10
Round=11
Round=12
Round=13
Round=14
current privacy cost of all clients:  [3.0192514530687853, 2.856312947191028, 2.68789999238026, 3.0192514530687853, 2.2346245060781285, 2.856312947191028, 2.4612622492291942, 1.7455704611228426, 2.4612622492291942, 3.1821899589465428]
Round=14, per client global perf=[0.8312, 0.7781, 0.7631, 0.537, 0.4853, 0.1425, 0.782, 0.9491, 0.5486, 0.9123], mean perf=14668/20406 (0.7188%)
Round=14, per client personal perf=[0.9732, 0.9885, 0.976, 0.9815, 0.9783, 0.9946, 0.9868, 0.9723, 0.9436, 0.9775], mean perf=19997/20406 (0.9800%)
Round=14, per client personal pooled=[0.6968, 0.403, 0.4201, 0.5824, 0.2729, 0.3743, 0.4878, 0.2237, 0.5222, 0.2965], mean perf=87328/204060 (0.4280%)
Mean performance of unidp ditto global,  eps=4.0, Perf=0.7143
Mean performance of unidp ditto personal,  eps=4.0, Perf=0.9770
Mean performance of unidp ditto pooled,  eps=4.0, Perf=0.4151
---EPSILON 8 ---
default_sample_rate: 0.20711974110032363
noise_multiplier :  2.4951171875
learning rate =  0.01
sample_rate: 0.21, expected_batch_size: 435
sample_rate: 0.21, expected_batch_size: 800
sample_rate: 0.21, expected_batch_size: 567
sample_rate: 0.21, expected_batch_size: 1586
sample_rate: 0.21, expected_batch_size: 1036
sample_rate: 0.21, expected_batch_size: 149
sample_rate: 0.21, expected_batch_size: 1526
sample_rate: 0.21, expected_batch_size: 1059
sample_rate: 0.21, expected_batch_size: 128
sample_rate: 0.21, expected_batch_size: 911
initial privacy cost of all clients:  [0, 0, 0, 0, 0, 0, 0, 0, 0, 0]
Round=0
Round=1
Round=2
Round=3
Round=4
Round=5
Round=6
Round=7
Round=8
Round=9
Round=10
Round=11
Round=12
Round=13
Round=14
current privacy cost of all clients:  [5.795243261784958, 5.429005831258723, 5.06276840073249, 5.795243261784958, 4.330293539680021, 5.429005831258723, 4.696530970206255, 3.3226968365300564, 4.696530970206255, 6.161480692311192]
Round=14, per client global perf=[0.8699, 0.8544, 0.8854, 0.7157, 0.5912, 0.3145, 0.8281, 0.9545, 0.6614, 0.9286], mean perf=16339/20406 (0.8007%)
Round=14, per client personal perf=[0.9732, 0.9885, 0.976, 0.9815, 0.9783, 0.9946, 0.9868, 0.9723, 0.9436, 0.9775], mean perf=19997/20406 (0.9800%)
Round=14, per client personal pooled=[0.6968, 0.403, 0.4201, 0.5824, 0.2729, 0.3743, 0.4878, 0.2237, 0.5222, 0.2965], mean perf=87328/204060 (0.4280%)
Mean performance of unidp ditto global,  eps=8.0, Perf=0.7747
Mean performance of unidp ditto personal,  eps=8.0, Perf=0.9770
Mean performance of unidp ditto pooled,  eps=8.0, Perf=0.4151
---EPSILON 16 ---
default_sample_rate: 0.20711974110032363
noise_multiplier :  1.544189453125
learning rate =  0.01
sample_rate: 0.21, expected_batch_size: 435
sample_rate: 0.21, expected_batch_size: 800
sample_rate: 0.21, expected_batch_size: 567
sample_rate: 0.21, expected_batch_size: 1586
sample_rate: 0.21, expected_batch_size: 1036
sample_rate: 0.21, expected_batch_size: 149
sample_rate: 0.21, expected_batch_size: 1526
sample_rate: 0.21, expected_batch_size: 1059
sample_rate: 0.21, expected_batch_size: 128
sample_rate: 0.21, expected_batch_size: 911
initial privacy cost of all clients:  [0, 0, 0, 0, 0, 0, 0, 0, 0, 0]
Round=0
Round=1
Round=2
Round=3
Round=4
Round=5
Round=6
Round=7
Round=8
Round=9
Round=10
Round=11
Round=12
Round=13
Round=14
current privacy cost of all clients:  [11.804382823386716, 11.106280389439553, 10.40817795549239, 11.804382823386716, 9.011973087598063, 11.106280389439553, 9.710075521545226, 6.96014855605599, 9.710075521545226, 12.502485257333879]
Round=14, per client global perf=[0.8755, 0.869, 0.8967, 0.7012, 0.6179, 0.3468, 0.7996, 0.9719, 0.6583, 0.9497], mean perf=16399/20406 (0.8036%)
Round=14, per client personal perf=[0.9732, 0.9885, 0.976, 0.9815, 0.9783, 0.9946, 0.9868, 0.9723, 0.9436, 0.9775], mean perf=19997/20406 (0.9800%)
Round=14, per client personal pooled=[0.6968, 0.403, 0.4201, 0.5824, 0.2729, 0.3743, 0.4878, 0.2237, 0.5222, 0.2965], mean perf=87328/204060 (0.4280%)
Mean performance of unidp ditto global,  eps=16.0, Perf=0.7656
Mean performance of unidp ditto personal,  eps=16.0, Perf=0.9770
Mean performance of unidp ditto pooled,  eps=16.0, Perf=0.4151
--- Personal steps: 30 ---
---EPSILON 0 ---
default_sample_rate: 0.20711974110032363
noise_multiplier :  2560
learning rate =  0.01
sample_rate: 0.21, expected_batch_size: 435
sample_rate: 0.21, expected_batch_size: 800
sample_rate: 0.21, expected_batch_size: 567
sample_rate: 0.21, expected_batch_size: 1586
sample_rate: 0.21, expected_batch_size: 1036
sample_rate: 0.21, expected_batch_size: 149
sample_rate: 0.21, expected_batch_size: 1526
sample_rate: 0.21, expected_batch_size: 1059
sample_rate: 0.21, expected_batch_size: 128
sample_rate: 0.21, expected_batch_size: 911
initial privacy cost of all clients:  [0, 0, 0, 0, 0, 0, 0, 0, 0, 0]
Round=0
Round=1
Round=2
Round=3
Round=4
Round=5
Round=6
Round=7
Round=8
Round=9
Round=10
Round=11
Round=12
Round=13
Round=14
current privacy cost of all clients:  [-0.0003928600917688942, -0.000452064384325437, -0.0005112686768819798, -0.0003928600917688942, -0.000636728309569069, -0.000452064384325437, -0.0005732501443265214, -0.0007707541320608728, -0.0005732501443265214, -0.00033630764870828294]
Round=14, per client global perf=[0.0018, 0.012, 0.0255, 0.4564, 0.0, 0.0, 0.0166, 0.0, 0.3793, 0.0097], mean perf=2069/20406 (0.1014%)
Round=14, per client personal perf=[0.9668, 0.9869, 0.9844, 0.9731, 0.9876, 0.9946, 0.9892, 0.9825, 0.9561, 0.9832], mean perf=20043/20406 (0.9822%)
Round=14, per client personal pooled=[0.6779, 0.4191, 0.4739, 0.5419, 0.4015, 0.3599, 0.533, 0.3244, 0.5183, 0.456], mean perf=96029/204060 (0.4706%)
Mean performance of unidp ditto global,  eps=0.0, Perf=0.1009
Mean performance of unidp ditto personal,  eps=0.0, Perf=0.9826
Mean performance of unidp ditto pooled,  eps=0.0, Perf=0.4682
---EPSILON 0.1 ---
default_sample_rate: 0.20711974110032363
noise_multiplier :  90.0
learning rate =  0.01
sample_rate: 0.21, expected_batch_size: 435
sample_rate: 0.21, expected_batch_size: 800
sample_rate: 0.21, expected_batch_size: 567
sample_rate: 0.21, expected_batch_size: 1586
sample_rate: 0.21, expected_batch_size: 1036
sample_rate: 0.21, expected_batch_size: 149
sample_rate: 0.21, expected_batch_size: 1526
sample_rate: 0.21, expected_batch_size: 1059
sample_rate: 0.21, expected_batch_size: 128
sample_rate: 0.21, expected_batch_size: 911
initial privacy cost of all clients:  [0, 0, 0, 0, 0, 0, 0, 0, 0, 0]
Round=0
Round=1
Round=2
Round=3
Round=4
Round=5
Round=6
Round=7
Round=8
Round=9
Round=10
Round=11
Round=12
Round=13
Round=14
current privacy cost of all clients:  [0.0709203693872159, 0.06627679890483767, 0.061502308102208234, 0.0709203693872159, 0.050947385264874336, 0.06627679890483767, 0.056416431024981, 0.03827126774083864, 0.056416431024981, 0.07518250997437406]
Round=14, per client global perf=[0.2177, 0.2108, 0.3119, 0.6389, 0.4151, 0.1048, 0.3807, 0.3833, 0.5674, 0.3827], mean perf=8232/20406 (0.4034%)
Round=14, per client personal perf=[0.9668, 0.9869, 0.9844, 0.9731, 0.9876, 0.9946, 0.9892, 0.9825, 0.9561, 0.9832], mean perf=20043/20406 (0.9822%)
Round=14, per client personal pooled=[0.6779, 0.4191, 0.4739, 0.5419, 0.4015, 0.3599, 0.533, 0.3244, 0.5183, 0.456], mean perf=96029/204060 (0.4706%)
Mean performance of unidp ditto global,  eps=0.1, Perf=0.3318
Mean performance of unidp ditto personal,  eps=0.1, Perf=0.9826
Mean performance of unidp ditto pooled,  eps=0.1, Perf=0.4682
---EPSILON 0.5 ---
default_sample_rate: 0.20711974110032363
noise_multiplier :  22.5
learning rate =  0.01
sample_rate: 0.21, expected_batch_size: 435
sample_rate: 0.21, expected_batch_size: 800
sample_rate: 0.21, expected_batch_size: 567
sample_rate: 0.21, expected_batch_size: 1586
sample_rate: 0.21, expected_batch_size: 1036
sample_rate: 0.21, expected_batch_size: 149
sample_rate: 0.21, expected_batch_size: 1526
sample_rate: 0.21, expected_batch_size: 1059
sample_rate: 0.21, expected_batch_size: 128
sample_rate: 0.21, expected_batch_size: 911
initial privacy cost of all clients:  [0, 0, 0, 0, 0, 0, 0, 0, 0, 0]
Round=0
Round=1
Round=2
Round=3
Round=4
Round=5
Round=6
Round=7
Round=8
Round=9
Round=10
Round=11
Round=12
Round=13
Round=14
current privacy cost of all clients:  [0.37948155446626236, 0.3570779074237343, 0.3332077961968143, 0.37948155446626236, 0.28045341951698843, 0.3570779074237343, 0.3078305897140785, 0.21699406093205534, 0.3078305897140785, 0.4010409299406544]
Round=14, per client global perf=[0.5406, 0.3891, 0.5693, 0.851, 0.4915, 0.1317, 0.5679, 0.6698, 0.674, 0.384], mean perf=11848/20406 (0.5806%)
Round=14, per client personal perf=[0.9668, 0.9869, 0.9844, 0.9731, 0.9876, 0.9946, 0.9892, 0.9825, 0.9561, 0.9832], mean perf=20043/20406 (0.9822%)
Round=14, per client personal pooled=[0.6779, 0.4191, 0.4739, 0.5419, 0.4015, 0.3599, 0.533, 0.3244, 0.5183, 0.456], mean perf=96029/204060 (0.4706%)
Mean performance of unidp ditto global,  eps=0.5, Perf=0.5048
Mean performance of unidp ditto personal,  eps=0.5, Perf=0.9826
Mean performance of unidp ditto pooled,  eps=0.5, Perf=0.4682
---EPSILON 1 ---
default_sample_rate: 0.20711974110032363
noise_multiplier :  12.5
learning rate =  0.01
sample_rate: 0.21, expected_batch_size: 435
sample_rate: 0.21, expected_batch_size: 800
sample_rate: 0.21, expected_batch_size: 567
sample_rate: 0.21, expected_batch_size: 1586
sample_rate: 0.21, expected_batch_size: 1036
sample_rate: 0.21, expected_batch_size: 149
sample_rate: 0.21, expected_batch_size: 1526
sample_rate: 0.21, expected_batch_size: 1059
sample_rate: 0.21, expected_batch_size: 128
sample_rate: 0.21, expected_batch_size: 911
initial privacy cost of all clients:  [0, 0, 0, 0, 0, 0, 0, 0, 0, 0]
Round=0
Round=1
Round=2
Round=3
Round=4
Round=5
Round=6
Round=7
Round=8
Round=9
Round=10
Round=11
Round=12
Round=13
Round=14
current privacy cost of all clients:  [0.7639785457571601, 0.7186115763190369, 0.672196296259606, 0.7639785457571601, 0.5669467964033166, 0.7186115763190369, 0.6211776498109377, 0.44110375635258703, 0.6211776498109377, 0.8068829992887259]
Round=14, per client global perf=[0.6319, 0.5698, 0.6577, 0.8474, 0.5085, 0.1532, 0.5477, 0.8262, 0.7743, 0.7416], mean perf=13648/20406 (0.6688%)
Round=14, per client personal perf=[0.9668, 0.9869, 0.9844, 0.9731, 0.9876, 0.9946, 0.9892, 0.9825, 0.9561, 0.9832], mean perf=20043/20406 (0.9822%)
Round=14, per client personal pooled=[0.6779, 0.4191, 0.4739, 0.5419, 0.4015, 0.3599, 0.533, 0.3244, 0.5183, 0.456], mean perf=96029/204060 (0.4706%)
Mean performance of unidp ditto global,  eps=1.0, Perf=0.5882
Mean performance of unidp ditto personal,  eps=1.0, Perf=0.9826
Mean performance of unidp ditto pooled,  eps=1.0, Perf=0.4682
---EPSILON 4 ---
default_sample_rate: 0.20711974110032363
noise_multiplier :  4.072265625
learning rate =  0.01
sample_rate: 0.21, expected_batch_size: 435
sample_rate: 0.21, expected_batch_size: 800
sample_rate: 0.21, expected_batch_size: 567
sample_rate: 0.21, expected_batch_size: 1586
sample_rate: 0.21, expected_batch_size: 1036
sample_rate: 0.21, expected_batch_size: 149
sample_rate: 0.21, expected_batch_size: 1526
sample_rate: 0.21, expected_batch_size: 1059
sample_rate: 0.21, expected_batch_size: 128
sample_rate: 0.21, expected_batch_size: 911
initial privacy cost of all clients:  [0, 0, 0, 0, 0, 0, 0, 0, 0, 0]
Round=0
Round=1
Round=2
Round=3
Round=4
Round=5
Round=6
Round=7
Round=8
Round=9
Round=10
Round=11
Round=12
Round=13
Round=14
current privacy cost of all clients:  [3.0192514530687853, 2.856312947191028, 2.68789999238026, 3.0192514530687853, 2.2346245060781285, 2.856312947191028, 2.4612622492291942, 1.7455704611228426, 2.4612622492291942, 3.1821899589465428]
Round=14, per client global perf=[0.8321, 0.7942, 0.7744, 0.5514, 0.488, 0.1452, 0.7794, 0.9495, 0.558, 0.9162], mean perf=14785/20406 (0.7245%)
Round=14, per client personal perf=[0.9668, 0.9869, 0.9844, 0.9731, 0.9876, 0.9946, 0.9892, 0.9825, 0.9561, 0.9832], mean perf=20043/20406 (0.9822%)
Round=14, per client personal pooled=[0.6779, 0.4191, 0.4739, 0.5419, 0.4015, 0.3599, 0.533, 0.3244, 0.5183, 0.456], mean perf=96029/204060 (0.4706%)
Mean performance of unidp ditto global,  eps=4.0, Perf=0.7235
Mean performance of unidp ditto personal,  eps=4.0, Perf=0.9826
Mean performance of unidp ditto pooled,  eps=4.0, Perf=0.4682
---EPSILON 8 ---
default_sample_rate: 0.20711974110032363
noise_multiplier :  2.4951171875
learning rate =  0.01
sample_rate: 0.21, expected_batch_size: 435
sample_rate: 0.21, expected_batch_size: 800
sample_rate: 0.21, expected_batch_size: 567
sample_rate: 0.21, expected_batch_size: 1586
sample_rate: 0.21, expected_batch_size: 1036
sample_rate: 0.21, expected_batch_size: 149
sample_rate: 0.21, expected_batch_size: 1526
sample_rate: 0.21, expected_batch_size: 1059
sample_rate: 0.21, expected_batch_size: 128
sample_rate: 0.21, expected_batch_size: 911
initial privacy cost of all clients:  [0, 0, 0, 0, 0, 0, 0, 0, 0, 0]
Round=0
Round=1
Round=2
Round=3
Round=4
Round=5
Round=6
Round=7
Round=8
Round=9
Round=10
Round=11
Round=12
Round=13
Round=14
current privacy cost of all clients:  [5.795243261784958, 5.429005831258723, 5.06276840073249, 5.795243261784958, 4.330293539680021, 5.429005831258723, 4.696530970206255, 3.3226968365300564, 4.696530970206255, 6.161480692311192]
Round=14, per client global perf=[0.8792, 0.8504, 0.8826, 0.7261, 0.5811, 0.3065, 0.8473, 0.9571, 0.6803, 0.9224], mean perf=16421/20406 (0.8047%)
Round=14, per client personal perf=[0.9668, 0.9869, 0.9844, 0.9731, 0.9876, 0.9946, 0.9892, 0.9825, 0.9561, 0.9832], mean perf=20043/20406 (0.9822%)
Round=14, per client personal pooled=[0.6779, 0.4191, 0.4739, 0.5419, 0.4015, 0.3599, 0.533, 0.3244, 0.5183, 0.456], mean perf=96029/204060 (0.4706%)
Mean performance of unidp ditto global,  eps=8.0, Perf=0.7773
Mean performance of unidp ditto personal,  eps=8.0, Perf=0.9826
Mean performance of unidp ditto pooled,  eps=8.0, Perf=0.4682
---EPSILON 16 ---
default_sample_rate: 0.20711974110032363
noise_multiplier :  1.544189453125
learning rate =  0.01
sample_rate: 0.21, expected_batch_size: 435
sample_rate: 0.21, expected_batch_size: 800
sample_rate: 0.21, expected_batch_size: 567
sample_rate: 0.21, expected_batch_size: 1586
sample_rate: 0.21, expected_batch_size: 1036
sample_rate: 0.21, expected_batch_size: 149
sample_rate: 0.21, expected_batch_size: 1526
sample_rate: 0.21, expected_batch_size: 1059
sample_rate: 0.21, expected_batch_size: 128
sample_rate: 0.21, expected_batch_size: 911
initial privacy cost of all clients:  [0, 0, 0, 0, 0, 0, 0, 0, 0, 0]
Round=0
Round=1
Round=2
Round=3
Round=4
Round=5
Round=6
Round=7
Round=8
Round=9
Round=10
Round=11
Round=12
Round=13
Round=14
current privacy cost of all clients:  [11.804382823386716, 11.106280389439553, 10.40817795549239, 11.804382823386716, 9.011973087598063, 11.106280389439553, 9.710075521545226, 6.96014855605599, 9.710075521545226, 12.502485257333879]
Round=14, per client global perf=[0.8819, 0.8559, 0.8777, 0.6782, 0.6257, 0.3522, 0.8289, 0.9712, 0.6583, 0.9533], mean perf=16401/20406 (0.8037%)
Round=14, per client personal perf=[0.9668, 0.9869, 0.9844, 0.9731, 0.9876, 0.9946, 0.9892, 0.9825, 0.9561, 0.9832], mean perf=20043/20406 (0.9822%)
Round=14, per client personal pooled=[0.6779, 0.4191, 0.4739, 0.5419, 0.4015, 0.3599, 0.533, 0.3244, 0.5183, 0.456], mean perf=96029/204060 (0.4706%)
Mean performance of unidp ditto global,  eps=16.0, Perf=0.7687
Mean performance of unidp ditto personal,  eps=16.0, Perf=0.9826
Mean performance of unidp ditto pooled,  eps=16.0, Perf=0.4682
--- Finished seed: 43 ---
--- Seed: 44 ---
--- Personal steps: 15 ---
---EPSILON 0 ---
default_sample_rate: 0.20711974110032363
noise_multiplier :  2560
learning rate =  0.01
sample_rate: 0.21, expected_batch_size: 435
sample_rate: 0.21, expected_batch_size: 800
sample_rate: 0.21, expected_batch_size: 567
sample_rate: 0.21, expected_batch_size: 1586
sample_rate: 0.21, expected_batch_size: 1036
sample_rate: 0.21, expected_batch_size: 149
sample_rate: 0.21, expected_batch_size: 1526
sample_rate: 0.21, expected_batch_size: 1059
sample_rate: 0.21, expected_batch_size: 128
sample_rate: 0.21, expected_batch_size: 911
initial privacy cost of all clients:  [0, 0, 0, 0, 0, 0, 0, 0, 0, 0]
Round=0
Round=1
Round=2
Round=3
Round=4
Round=5
Round=6
Round=7
Round=8
Round=9
Round=10
Round=11
Round=12
Round=13
Round=14
current privacy cost of all clients:  [-0.0003928600917688942, -0.0002260337444551766, -0.0003928600917688942, -0.0007707541320608728, -0.00028117069658172987, -0.0005732501443265214, -0.000636728309569069, -0.0005732501443265214, -0.000636728309569069, -0.000452064384325437]
Round=14, per client global perf=[0.1107, 0.0959, 0.2051, 0.0758, 0.1625, 0.293, 0.0682, 0.2611, 0.0188, 0.0084], mean perf=2400/20406 (0.1176%)
Round=14, per client personal perf=[0.9825, 0.9869, 0.9809, 0.9531, 0.9849, 0.9973, 0.9895, 0.9784, 0.953, 0.9691], mean perf=19927/20406 (0.9765%)
Round=14, per client personal pooled=[0.677, 0.4134, 0.4453, 0.4609, 0.46, 0.316, 0.482, 0.3053, 0.533, 0.3706], mean perf=91081/204060 (0.4463%)
Mean performance of unidp ditto global,  eps=0.0, Perf=0.1061
Mean performance of unidp ditto personal,  eps=0.0, Perf=0.9718
Mean performance of unidp ditto pooled,  eps=0.0, Perf=0.4236
---EPSILON 0.1 ---
default_sample_rate: 0.20711974110032363
noise_multiplier :  90.0
learning rate =  0.01
sample_rate: 0.21, expected_batch_size: 435
sample_rate: 0.21, expected_batch_size: 800
sample_rate: 0.21, expected_batch_size: 567
sample_rate: 0.21, expected_batch_size: 1586
sample_rate: 0.21, expected_batch_size: 1036
sample_rate: 0.21, expected_batch_size: 149
sample_rate: 0.21, expected_batch_size: 1526
sample_rate: 0.21, expected_batch_size: 1059
sample_rate: 0.21, expected_batch_size: 128
sample_rate: 0.21, expected_batch_size: 911
initial privacy cost of all clients:  [0, 0, 0, 0, 0, 0, 0, 0, 0, 0]
Round=0
Round=1
Round=2
Round=3
Round=4
Round=5
Round=6
Round=7
Round=8
Round=9
Round=10
Round=11
Round=12
Round=13
Round=14
current privacy cost of all clients:  [0.0709203693872159, 0.08338265438163425, 0.0709203693872159, 0.03827126774083864, 0.07938096498203365, 0.056416431024981, 0.050947385264874336, 0.056416431024981, 0.050947385264874336, 0.06627679890483767]
Round=14, per client global perf=[0.1882, 0.5156, 0.4066, 0.296, 0.6486, 0.7204, 0.6443, 0.1514, 0.2226, 0.0384], mean perf=7918/20406 (0.3880%)
Round=14, per client personal perf=[0.9825, 0.9869, 0.9809, 0.9531, 0.9849, 0.9973, 0.9895, 0.9784, 0.953, 0.9691], mean perf=19927/20406 (0.9765%)
Round=14, per client personal pooled=[0.677, 0.4134, 0.4453, 0.4609, 0.46, 0.316, 0.482, 0.3053, 0.533, 0.3706], mean perf=91081/204060 (0.4463%)
Mean performance of unidp ditto global,  eps=0.1, Perf=0.3969
Mean performance of unidp ditto personal,  eps=0.1, Perf=0.9718
Mean performance of unidp ditto pooled,  eps=0.1, Perf=0.4236
---EPSILON 0.5 ---
default_sample_rate: 0.20711974110032363
noise_multiplier :  22.5
learning rate =  0.01
sample_rate: 0.21, expected_batch_size: 435
sample_rate: 0.21, expected_batch_size: 800
sample_rate: 0.21, expected_batch_size: 567
sample_rate: 0.21, expected_batch_size: 1586
sample_rate: 0.21, expected_batch_size: 1036
sample_rate: 0.21, expected_batch_size: 149
sample_rate: 0.21, expected_batch_size: 1526
sample_rate: 0.21, expected_batch_size: 1059
sample_rate: 0.21, expected_batch_size: 128
sample_rate: 0.21, expected_batch_size: 911
initial privacy cost of all clients:  [0, 0, 0, 0, 0, 0, 0, 0, 0, 0]
Round=0
Round=1
Round=2
Round=3
Round=4
Round=5
Round=6
Round=7
Round=8
Round=9
Round=10
Round=11
Round=12
Round=13
Round=14
current privacy cost of all clients:  [0.37948155446626236, 0.44244226610549825, 0.37948155446626236, 0.21699406093205534, 0.4217415980230763, 0.3078305897140785, 0.28045341951698843, 0.3078305897140785, 0.28045341951698843, 0.3570779074237343]
Round=14, per client global perf=[0.3902, 0.8198, 0.6627, 0.3386, 0.8615, 0.9167, 0.871, 0.4934, 0.4389, 0.4678], mean perf=12700/20406 (0.6224%)
Round=14, per client personal perf=[0.9825, 0.9869, 0.9809, 0.9531, 0.9849, 0.9973, 0.9895, 0.9784, 0.953, 0.9691], mean perf=19927/20406 (0.9765%)
Round=14, per client personal pooled=[0.677, 0.4134, 0.4453, 0.4609, 0.46, 0.316, 0.482, 0.3053, 0.533, 0.3706], mean perf=91081/204060 (0.4463%)
Mean performance of unidp ditto global,  eps=0.5, Perf=0.6322
Mean performance of unidp ditto personal,  eps=0.5, Perf=0.9718
Mean performance of unidp ditto pooled,  eps=0.5, Perf=0.4236
---EPSILON 1 ---
default_sample_rate: 0.20711974110032363
noise_multiplier :  12.5
learning rate =  0.01
sample_rate: 0.21, expected_batch_size: 435
sample_rate: 0.21, expected_batch_size: 800
sample_rate: 0.21, expected_batch_size: 567
sample_rate: 0.21, expected_batch_size: 1586
sample_rate: 0.21, expected_batch_size: 1036
sample_rate: 0.21, expected_batch_size: 149
sample_rate: 0.21, expected_batch_size: 1526
sample_rate: 0.21, expected_batch_size: 1059
sample_rate: 0.21, expected_batch_size: 128
sample_rate: 0.21, expected_batch_size: 911
initial privacy cost of all clients:  [0, 0, 0, 0, 0, 0, 0, 0, 0, 0]
Round=0
Round=1
Round=2
Round=3
Round=4
Round=5
Round=6
Round=7
Round=8
Round=9
Round=10
Round=11
Round=12
Round=13
Round=14
current privacy cost of all clients:  [0.7639785457571601, 0.8869945870338565, 0.7639785457571601, 0.44110375635258703, 0.8469387931612913, 0.6211776498109377, 0.5669467964033166, 0.6211776498109377, 0.5669467964033166, 0.7186115763190369]
Round=14, per client global perf=[0.4244, 0.9016, 0.8232, 0.4131, 0.8933, 0.9194, 0.9073, 0.5252, 0.4326, 0.3929], mean perf=13554/20406 (0.6642%)
Round=14, per client personal perf=[0.9825, 0.9869, 0.9809, 0.9531, 0.9849, 0.9973, 0.9895, 0.9784, 0.953, 0.9691], mean perf=19927/20406 (0.9765%)
Round=14, per client personal pooled=[0.677, 0.4134, 0.4453, 0.4609, 0.46, 0.316, 0.482, 0.3053, 0.533, 0.3706], mean perf=91081/204060 (0.4463%)
Mean performance of unidp ditto global,  eps=1.0, Perf=0.6423
Mean performance of unidp ditto personal,  eps=1.0, Perf=0.9718
Mean performance of unidp ditto pooled,  eps=1.0, Perf=0.4236
---EPSILON 4 ---
default_sample_rate: 0.20711974110032363
noise_multiplier :  4.072265625
learning rate =  0.01
sample_rate: 0.21, expected_batch_size: 435
sample_rate: 0.21, expected_batch_size: 800
sample_rate: 0.21, expected_batch_size: 567
sample_rate: 0.21, expected_batch_size: 1586
sample_rate: 0.21, expected_batch_size: 1036
sample_rate: 0.21, expected_batch_size: 149
sample_rate: 0.21, expected_batch_size: 1526
sample_rate: 0.21, expected_batch_size: 1059
sample_rate: 0.21, expected_batch_size: 128
sample_rate: 0.21, expected_batch_size: 911
initial privacy cost of all clients:  [0, 0, 0, 0, 0, 0, 0, 0, 0, 0]
Round=0
Round=1
Round=2
Round=3
Round=4
Round=5
Round=6
Round=7
Round=8
Round=9
Round=10
Round=11
Round=12
Round=13
Round=14
current privacy cost of all clients:  [3.0192514530687853, 3.5080669707020578, 3.0192514530687853, 1.7455704611228426, 3.3451284648243003, 2.4612622492291942, 2.2346245060781285, 2.4612622492291942, 2.2346245060781285, 2.856312947191028]
Round=14, per client global perf=[0.5664, 0.9352, 0.8868, 0.6974, 0.9073, 0.9382, 0.9629, 0.6216, 0.6113, 0.1323], mean perf=14961/20406 (0.7332%)
Round=14, per client personal perf=[0.9825, 0.9869, 0.9809, 0.9531, 0.9849, 0.9973, 0.9895, 0.9784, 0.953, 0.9691], mean perf=19927/20406 (0.9765%)
Round=14, per client personal pooled=[0.677, 0.4134, 0.4453, 0.4609, 0.46, 0.316, 0.482, 0.3053, 0.533, 0.3706], mean perf=91081/204060 (0.4463%)
Mean performance of unidp ditto global,  eps=4.0, Perf=0.7079
Mean performance of unidp ditto personal,  eps=4.0, Perf=0.9718
Mean performance of unidp ditto pooled,  eps=4.0, Perf=0.4236
---EPSILON 8 ---
default_sample_rate: 0.20711974110032363
noise_multiplier :  2.4951171875
learning rate =  0.01
sample_rate: 0.21, expected_batch_size: 435
sample_rate: 0.21, expected_batch_size: 800
sample_rate: 0.21, expected_batch_size: 567
sample_rate: 0.21, expected_batch_size: 1586
sample_rate: 0.21, expected_batch_size: 1036
sample_rate: 0.21, expected_batch_size: 149
sample_rate: 0.21, expected_batch_size: 1526
sample_rate: 0.21, expected_batch_size: 1059
sample_rate: 0.21, expected_batch_size: 128
sample_rate: 0.21, expected_batch_size: 911
initial privacy cost of all clients:  [0, 0, 0, 0, 0, 0, 0, 0, 0, 0]
Round=0
Round=1
Round=2
Round=3
Round=4
Round=5
Round=6
Round=7
Round=8
Round=9
Round=10
Round=11
Round=12
Round=13
Round=14
current privacy cost of all clients:  [5.795243261784958, 6.893955553363662, 5.795243261784958, 3.3226968365300564, 6.527718122837427, 4.696530970206255, 4.330293539680021, 4.696530970206255, 4.330293539680021, 5.429005831258723]
Round=14, per client global perf=[0.7638, 0.9694, 0.9257, 0.7296, 0.8871, 0.8978, 0.9663, 0.7605, 0.7179, 0.7632], mean perf=17202/20406 (0.8430%)
Round=14, per client personal perf=[0.9825, 0.9869, 0.9809, 0.9531, 0.9849, 0.9973, 0.9895, 0.9784, 0.953, 0.9691], mean perf=19927/20406 (0.9765%)
Round=14, per client personal pooled=[0.677, 0.4134, 0.4453, 0.4609, 0.46, 0.316, 0.482, 0.3053, 0.533, 0.3706], mean perf=91081/204060 (0.4463%)
Mean performance of unidp ditto global,  eps=8.0, Perf=0.7453
Mean performance of unidp ditto personal,  eps=8.0, Perf=0.9718
Mean performance of unidp ditto pooled,  eps=8.0, Perf=0.4236
---EPSILON 16 ---
default_sample_rate: 0.20711974110032363
noise_multiplier :  1.544189453125
learning rate =  0.01
sample_rate: 0.21, expected_batch_size: 435
sample_rate: 0.21, expected_batch_size: 800
sample_rate: 0.21, expected_batch_size: 567
sample_rate: 0.21, expected_batch_size: 1586
sample_rate: 0.21, expected_batch_size: 1036
sample_rate: 0.21, expected_batch_size: 149
sample_rate: 0.21, expected_batch_size: 1526
sample_rate: 0.21, expected_batch_size: 1059
sample_rate: 0.21, expected_batch_size: 128
sample_rate: 0.21, expected_batch_size: 911
initial privacy cost of all clients:  [0, 0, 0, 0, 0, 0, 0, 0, 0, 0]
Round=0
Round=1
Round=2
Round=3
Round=4
Round=5
Round=6
Round=7
Round=8
Round=9
Round=10
Round=11
Round=12
Round=13
Round=14
current privacy cost of all clients:  [11.804382823386716, 13.898690125228207, 11.804382823386716, 6.96014855605599, 13.200587691281042, 9.710075521545226, 9.011973087598063, 9.710075521545226, 9.011973087598063, 11.106280389439553]
Round=14, per client global perf=[0.6079, 0.9719, 0.9314, 0.6959, 0.8949, 0.914, 0.9695, 0.6607, 0.6238, 0.4559], mean perf=15961/20406 (0.7822%)
Round=14, per client personal perf=[0.9825, 0.9869, 0.9809, 0.9531, 0.9849, 0.9973, 0.9895, 0.9784, 0.953, 0.9691], mean perf=19927/20406 (0.9765%)
Round=14, per client personal pooled=[0.677, 0.4134, 0.4453, 0.4609, 0.46, 0.316, 0.482, 0.3053, 0.533, 0.3706], mean perf=91081/204060 (0.4463%)
Mean performance of unidp ditto global,  eps=16.0, Perf=0.7297
Mean performance of unidp ditto personal,  eps=16.0, Perf=0.9718
Mean performance of unidp ditto pooled,  eps=16.0, Perf=0.4236
--- Personal steps: 30 ---
---EPSILON 0 ---
default_sample_rate: 0.20711974110032363
noise_multiplier :  2560
learning rate =  0.01
sample_rate: 0.21, expected_batch_size: 435
sample_rate: 0.21, expected_batch_size: 800
sample_rate: 0.21, expected_batch_size: 567
sample_rate: 0.21, expected_batch_size: 1586
sample_rate: 0.21, expected_batch_size: 1036
sample_rate: 0.21, expected_batch_size: 149
sample_rate: 0.21, expected_batch_size: 1526
sample_rate: 0.21, expected_batch_size: 1059
sample_rate: 0.21, expected_batch_size: 128
sample_rate: 0.21, expected_batch_size: 911
initial privacy cost of all clients:  [0, 0, 0, 0, 0, 0, 0, 0, 0, 0]
Round=0
Round=1
Round=2
Round=3
Round=4
Round=5
Round=6
Round=7
Round=8
Round=9
Round=10
Round=11
Round=12
Round=13
Round=14
current privacy cost of all clients:  [-0.0003928600917688942, -0.0002260337444551766, -0.0003928600917688942, -0.0007707541320608728, -0.00028117069658172987, -0.0005732501443265214, -0.000636728309569069, -0.0005732501443265214, -0.000636728309569069, -0.000452064384325437]
Round=14, per client global perf=[0.1107, 0.0959, 0.2044, 0.0755, 0.1625, 0.293, 0.0677, 0.2619, 0.0188, 0.0084], mean perf=2398/20406 (0.1175%)
Round=14, per client personal perf=[0.9825, 0.989, 0.9767, 0.9729, 0.9891, 0.9973, 0.9889, 0.9875, 0.9624, 0.9854], mean perf=20076/20406 (0.9838%)
Round=14, per client personal pooled=[0.7167, 0.4207, 0.4677, 0.538, 0.4473, 0.3248, 0.4937, 0.3513, 0.5333, 0.4652], mean perf=97101/204060 (0.4758%)
Mean performance of unidp ditto global,  eps=0.0, Perf=0.1061
Mean performance of unidp ditto personal,  eps=0.0, Perf=0.9820
Mean performance of unidp ditto pooled,  eps=0.0, Perf=0.4737
---EPSILON 0.1 ---
default_sample_rate: 0.20711974110032363
noise_multiplier :  90.0
learning rate =  0.01
sample_rate: 0.21, expected_batch_size: 435
sample_rate: 0.21, expected_batch_size: 800
sample_rate: 0.21, expected_batch_size: 567
sample_rate: 0.21, expected_batch_size: 1586
sample_rate: 0.21, expected_batch_size: 1036
sample_rate: 0.21, expected_batch_size: 149
sample_rate: 0.21, expected_batch_size: 1526
sample_rate: 0.21, expected_batch_size: 1059
sample_rate: 0.21, expected_batch_size: 128
sample_rate: 0.21, expected_batch_size: 911
initial privacy cost of all clients:  [0, 0, 0, 0, 0, 0, 0, 0, 0, 0]
Round=0
Round=1
Round=2
Round=3
Round=4
Round=5
Round=6
Round=7
Round=8
Round=9
Round=10
Round=11
Round=12
Round=13
Round=14
current privacy cost of all clients:  [0.0709203693872159, 0.08338265438163425, 0.0709203693872159, 0.03827126774083864, 0.07938096498203365, 0.056416431024981, 0.050947385264874336, 0.056416431024981, 0.050947385264874336, 0.06627679890483767]
Round=14, per client global perf=[0.1882, 0.5146, 0.4052, 0.2942, 0.6486, 0.7204, 0.6417, 0.1518, 0.2132, 0.0384], mean perf=7895/20406 (0.3869%)
Round=14, per client personal perf=[0.9825, 0.989, 0.9767, 0.9729, 0.9891, 0.9973, 0.9889, 0.9875, 0.9624, 0.9854], mean perf=20076/20406 (0.9838%)
Round=14, per client personal pooled=[0.7167, 0.4207, 0.4677, 0.538, 0.4473, 0.3248, 0.4937, 0.3513, 0.5333, 0.4652], mean perf=97101/204060 (0.4758%)
Mean performance of unidp ditto global,  eps=0.1, Perf=0.3963
Mean performance of unidp ditto personal,  eps=0.1, Perf=0.9820
Mean performance of unidp ditto pooled,  eps=0.1, Perf=0.4737
---EPSILON 0.5 ---
default_sample_rate: 0.20711974110032363
noise_multiplier :  22.5
learning rate =  0.01
sample_rate: 0.21, expected_batch_size: 435
sample_rate: 0.21, expected_batch_size: 800
sample_rate: 0.21, expected_batch_size: 567
sample_rate: 0.21, expected_batch_size: 1586
sample_rate: 0.21, expected_batch_size: 1036
sample_rate: 0.21, expected_batch_size: 149
sample_rate: 0.21, expected_batch_size: 1526
sample_rate: 0.21, expected_batch_size: 1059
sample_rate: 0.21, expected_batch_size: 128
sample_rate: 0.21, expected_batch_size: 911
initial privacy cost of all clients:  [0, 0, 0, 0, 0, 0, 0, 0, 0, 0]
Round=0
Round=1
Round=2
Round=3
Round=4
Round=5
Round=6
Round=7
Round=8
Round=9
Round=10
Round=11
Round=12
Round=13
Round=14
current privacy cost of all clients:  [0.37948155446626236, 0.44244226610549825, 0.37948155446626236, 0.21699406093205534, 0.4217415980230763, 0.3078305897140785, 0.28045341951698843, 0.3078305897140785, 0.28045341951698843, 0.3570779074237343]
Round=14, per client global perf=[0.393, 0.8153, 0.6591, 0.3317, 0.8588, 0.9113, 0.8707, 0.4915, 0.4389, 0.4815], mean perf=12678/20406 (0.6213%)
Round=14, per client personal perf=[0.9825, 0.989, 0.9767, 0.9729, 0.9891, 0.9973, 0.9889, 0.9875, 0.9624, 0.9854], mean perf=20076/20406 (0.9838%)
Round=14, per client personal pooled=[0.7167, 0.4207, 0.4677, 0.538, 0.4473, 0.3248, 0.4937, 0.3513, 0.5333, 0.4652], mean perf=97101/204060 (0.4758%)
Mean performance of unidp ditto global,  eps=0.5, Perf=0.6328
Mean performance of unidp ditto personal,  eps=0.5, Perf=0.9820
Mean performance of unidp ditto pooled,  eps=0.5, Perf=0.4737
---EPSILON 1 ---
default_sample_rate: 0.20711974110032363
noise_multiplier :  12.5
learning rate =  0.01
sample_rate: 0.21, expected_batch_size: 435
sample_rate: 0.21, expected_batch_size: 800
sample_rate: 0.21, expected_batch_size: 567
sample_rate: 0.21, expected_batch_size: 1586
sample_rate: 0.21, expected_batch_size: 1036
sample_rate: 0.21, expected_batch_size: 149
sample_rate: 0.21, expected_batch_size: 1526
sample_rate: 0.21, expected_batch_size: 1059
sample_rate: 0.21, expected_batch_size: 128
sample_rate: 0.21, expected_batch_size: 911
initial privacy cost of all clients:  [0, 0, 0, 0, 0, 0, 0, 0, 0, 0]
Round=0
Round=1
Round=2
Round=3
Round=4
Round=5
Round=6
Round=7
Round=8
Round=9
Round=10
Round=11
Round=12
Round=13
Round=14
current privacy cost of all clients:  [0.7639785457571601, 0.8869945870338565, 0.7639785457571601, 0.44110375635258703, 0.8469387931612913, 0.6211776498109377, 0.5669467964033166, 0.6211776498109377, 0.5669467964033166, 0.7186115763190369]
Round=14, per client global perf=[0.4151, 0.8976, 0.814, 0.4075, 0.8949, 0.9247, 0.9115, 0.5161, 0.4295, 0.3563], mean perf=13415/20406 (0.6574%)
Round=14, per client personal perf=[0.9825, 0.989, 0.9767, 0.9729, 0.9891, 0.9973, 0.9889, 0.9875, 0.9624, 0.9854], mean perf=20076/20406 (0.9838%)
Round=14, per client personal pooled=[0.7167, 0.4207, 0.4677, 0.538, 0.4473, 0.3248, 0.4937, 0.3513, 0.5333, 0.4652], mean perf=97101/204060 (0.4758%)
Mean performance of unidp ditto global,  eps=1.0, Perf=0.6389
Mean performance of unidp ditto personal,  eps=1.0, Perf=0.9820
Mean performance of unidp ditto pooled,  eps=1.0, Perf=0.4737
---EPSILON 4 ---
default_sample_rate: 0.20711974110032363
noise_multiplier :  4.072265625
learning rate =  0.01
sample_rate: 0.21, expected_batch_size: 435
sample_rate: 0.21, expected_batch_size: 800
sample_rate: 0.21, expected_batch_size: 567
sample_rate: 0.21, expected_batch_size: 1586
sample_rate: 0.21, expected_batch_size: 1036
sample_rate: 0.21, expected_batch_size: 149
sample_rate: 0.21, expected_batch_size: 1526
sample_rate: 0.21, expected_batch_size: 1059
sample_rate: 0.21, expected_batch_size: 128
sample_rate: 0.21, expected_batch_size: 911
initial privacy cost of all clients:  [0, 0, 0, 0, 0, 0, 0, 0, 0, 0]
Round=0
Round=1
Round=2
Round=3
Round=4
Round=5
Round=6
Round=7
Round=8
Round=9
Round=10
Round=11
Round=12
Round=13
Round=14
current privacy cost of all clients:  [3.0192514530687853, 3.5080669707020578, 3.0192514530687853, 1.7455704611228426, 3.3451284648243003, 2.4612622492291942, 2.2346245060781285, 2.4612622492291942, 2.2346245060781285, 2.856312947191028]
Round=14, per client global perf=[0.5729, 0.9337, 0.8833, 0.6921, 0.9038, 0.9382, 0.9592, 0.6281, 0.6176, 0.1601], mean perf=14998/20406 (0.7350%)
Round=14, per client personal perf=[0.9825, 0.989, 0.9767, 0.9729, 0.9891, 0.9973, 0.9889, 0.9875, 0.9624, 0.9854], mean perf=20076/20406 (0.9838%)
Round=14, per client personal pooled=[0.7167, 0.4207, 0.4677, 0.538, 0.4473, 0.3248, 0.4937, 0.3513, 0.5333, 0.4652], mean perf=97101/204060 (0.4758%)
Mean performance of unidp ditto global,  eps=4.0, Perf=0.7056
Mean performance of unidp ditto personal,  eps=4.0, Perf=0.9820
Mean performance of unidp ditto pooled,  eps=4.0, Perf=0.4737
---EPSILON 8 ---
default_sample_rate: 0.20711974110032363
noise_multiplier :  2.4951171875
learning rate =  0.01
sample_rate: 0.21, expected_batch_size: 435
sample_rate: 0.21, expected_batch_size: 800
sample_rate: 0.21, expected_batch_size: 567
sample_rate: 0.21, expected_batch_size: 1586
sample_rate: 0.21, expected_batch_size: 1036
sample_rate: 0.21, expected_batch_size: 149
sample_rate: 0.21, expected_batch_size: 1526
sample_rate: 0.21, expected_batch_size: 1059
sample_rate: 0.21, expected_batch_size: 128
sample_rate: 0.21, expected_batch_size: 911
initial privacy cost of all clients:  [0, 0, 0, 0, 0, 0, 0, 0, 0, 0]
Round=0
Round=1
Round=2
Round=3
Round=4
Round=5
Round=6
Round=7
Round=8
Round=9
Round=10
Round=11
Round=12
Round=13
Round=14
current privacy cost of all clients:  [5.795243261784958, 6.893955553363662, 5.795243261784958, 3.3226968365300564, 6.527718122837427, 4.696530970206255, 4.330293539680021, 4.696530970206255, 4.330293539680021, 5.429005831258723]
Round=14, per client global perf=[0.7675, 0.9674, 0.9229, 0.742, 0.8976, 0.9194, 0.9666, 0.7583, 0.7179, 0.7703], mean perf=17293/20406 (0.8474%)
Round=14, per client personal perf=[0.9825, 0.989, 0.9767, 0.9729, 0.9891, 0.9973, 0.9889, 0.9875, 0.9624, 0.9854], mean perf=20076/20406 (0.9838%)
Round=14, per client personal pooled=[0.7167, 0.4207, 0.4677, 0.538, 0.4473, 0.3248, 0.4937, 0.3513, 0.5333, 0.4652], mean perf=97101/204060 (0.4758%)
Mean performance of unidp ditto global,  eps=8.0, Perf=0.7487
Mean performance of unidp ditto personal,  eps=8.0, Perf=0.9820
Mean performance of unidp ditto pooled,  eps=8.0, Perf=0.4737
---EPSILON 16 ---
default_sample_rate: 0.20711974110032363
noise_multiplier :  1.544189453125
learning rate =  0.01
sample_rate: 0.21, expected_batch_size: 435
sample_rate: 0.21, expected_batch_size: 800
sample_rate: 0.21, expected_batch_size: 567
sample_rate: 0.21, expected_batch_size: 1586
sample_rate: 0.21, expected_batch_size: 1036
sample_rate: 0.21, expected_batch_size: 149
sample_rate: 0.21, expected_batch_size: 1526
sample_rate: 0.21, expected_batch_size: 1059
sample_rate: 0.21, expected_batch_size: 128
sample_rate: 0.21, expected_batch_size: 911
initial privacy cost of all clients:  [0, 0, 0, 0, 0, 0, 0, 0, 0, 0]
Round=0
Round=1
Round=2
Round=3
Round=4
Round=5
Round=6
Round=7
Round=8
Round=9
Round=10
Round=11
Round=12
Round=13
Round=14
current privacy cost of all clients:  [11.804382823386716, 13.898690125228207, 11.804382823386716, 6.96014855605599, 13.200587691281042, 9.710075521545226, 9.011973087598063, 9.710075521545226, 9.011973087598063, 11.106280389439553]
Round=14, per client global perf=[0.6255, 0.9704, 0.9286, 0.687, 0.9015, 0.9382, 0.9705, 0.6679, 0.6144, 0.5604], mean perf=16221/20406 (0.7949%)
Round=14, per client personal perf=[0.9825, 0.989, 0.9767, 0.9729, 0.9891, 0.9973, 0.9889, 0.9875, 0.9624, 0.9854], mean perf=20076/20406 (0.9838%)
Round=14, per client personal pooled=[0.7167, 0.4207, 0.4677, 0.538, 0.4473, 0.3248, 0.4937, 0.3513, 0.5333, 0.4652], mean perf=97101/204060 (0.4758%)
Mean performance of unidp ditto global,  eps=16.0, Perf=0.7375
Mean performance of unidp ditto personal,  eps=16.0, Perf=0.9820
Mean performance of unidp ditto pooled,  eps=16.0, Perf=0.4737
--- Finished seed: 44 ---
--- Seed: 45 ---
--- Personal steps: 15 ---
---EPSILON 0 ---
default_sample_rate: 0.20711974110032363
noise_multiplier :  2560
learning rate =  0.01
sample_rate: 0.21, expected_batch_size: 435
sample_rate: 0.21, expected_batch_size: 800
sample_rate: 0.21, expected_batch_size: 567
sample_rate: 0.21, expected_batch_size: 1586
sample_rate: 0.21, expected_batch_size: 1036
sample_rate: 0.21, expected_batch_size: 149
sample_rate: 0.21, expected_batch_size: 1526
sample_rate: 0.21, expected_batch_size: 1059
sample_rate: 0.21, expected_batch_size: 128
sample_rate: 0.21, expected_batch_size: 911
initial privacy cost of all clients:  [0, 0, 0, 0, 0, 0, 0, 0, 0, 0]
Round=0
Round=1
Round=2
Round=3
Round=4
Round=5
Round=6
Round=7
Round=8
Round=9
Round=10
Round=11
Round=12
Round=13
Round=14
current privacy cost of all clients:  [-0.000452064384325437, -0.000452064384325437, -0.0005112686768819798, -0.0007026120942847416, -0.000452064384325437, -0.00033630764870828294, -0.000452064384325437, -0.000636728309569069, -0.0003928600917688942, -0.00033630764870828294]
Round=14, per client global perf=[0.036, 0.1727, 0.0665, 0.053, 0.0493, 0.0833, 0.2896, 0.0083, 0.0658, 0.2055], mean perf=2453/20406 (0.1202%)
Round=14, per client personal perf=[0.9649, 0.9839, 0.9738, 0.9734, 0.9841, 0.9973, 0.9905, 0.9765, 0.9592, 0.985], mean perf=20007/20406 (0.9804%)
Round=14, per client personal pooled=[0.6386, 0.3955, 0.3988, 0.491, 0.2861, 0.323, 0.5014, 0.3078, 0.5244, 0.4125], mean perf=87317/204060 (0.4279%)
Mean performance of unidp ditto global,  eps=0.0, Perf=0.1129
Mean performance of unidp ditto personal,  eps=0.0, Perf=0.9798
Mean performance of unidp ditto pooled,  eps=0.0, Perf=0.4256
---EPSILON 0.1 ---
default_sample_rate: 0.20711974110032363
noise_multiplier :  90.0
learning rate =  0.01
sample_rate: 0.21, expected_batch_size: 435
sample_rate: 0.21, expected_batch_size: 800
sample_rate: 0.21, expected_batch_size: 567
sample_rate: 0.21, expected_batch_size: 1586
sample_rate: 0.21, expected_batch_size: 1036
sample_rate: 0.21, expected_batch_size: 149
sample_rate: 0.21, expected_batch_size: 1526
sample_rate: 0.21, expected_batch_size: 1059
sample_rate: 0.21, expected_batch_size: 128
sample_rate: 0.21, expected_batch_size: 911
initial privacy cost of all clients:  [0, 0, 0, 0, 0, 0, 0, 0, 0, 0]
Round=0
Round=1
Round=2
Round=3
Round=4
Round=5
Round=6
Round=7
Round=8
Round=9
Round=10
Round=11
Round=12
Round=13
Round=14
current privacy cost of all clients:  [0.06627679890483767, 0.06627679890483767, 0.061502308102208234, 0.0449934004879307, 0.06627679890483767, 0.07518250997437406, 0.06627679890483767, 0.050947385264874336, 0.0709203693872159, 0.07518250997437406]
Round=14, per client global perf=[0.1854, 0.4679, 0.2518, 0.1873, 0.7545, 0.8038, 0.5937, 0.0342, 0.3386, 0.1583], mean perf=7284/20406 (0.3570%)
Round=14, per client personal perf=[0.9649, 0.9839, 0.9738, 0.9734, 0.9841, 0.9973, 0.9905, 0.9765, 0.9592, 0.985], mean perf=20007/20406 (0.9804%)
Round=14, per client personal pooled=[0.6386, 0.3955, 0.3988, 0.491, 0.2861, 0.323, 0.5014, 0.3078, 0.5244, 0.4125], mean perf=87317/204060 (0.4279%)
Mean performance of unidp ditto global,  eps=0.1, Perf=0.3325
Mean performance of unidp ditto personal,  eps=0.1, Perf=0.9798
Mean performance of unidp ditto pooled,  eps=0.1, Perf=0.4256
---EPSILON 0.5 ---
default_sample_rate: 0.20711974110032363
noise_multiplier :  22.5
learning rate =  0.01
sample_rate: 0.21, expected_batch_size: 435
sample_rate: 0.21, expected_batch_size: 800
sample_rate: 0.21, expected_batch_size: 567
sample_rate: 0.21, expected_batch_size: 1586
sample_rate: 0.21, expected_batch_size: 1036
sample_rate: 0.21, expected_batch_size: 149
sample_rate: 0.21, expected_batch_size: 1526
sample_rate: 0.21, expected_batch_size: 1059
sample_rate: 0.21, expected_batch_size: 128
sample_rate: 0.21, expected_batch_size: 911
initial privacy cost of all clients:  [0, 0, 0, 0, 0, 0, 0, 0, 0, 0]
Round=0
Round=1
Round=2
Round=3
Round=4
Round=5
Round=6
Round=7
Round=8
Round=9
Round=10
Round=11
Round=12
Round=13
Round=14
current privacy cost of all clients:  [0.3570779074237343, 0.3570779074237343, 0.3332077961968143, 0.25055402669453763, 0.3570779074237343, 0.4010409299406544, 0.3570779074237343, 0.28045341951698843, 0.37948155446626236, 0.4010409299406544]
Round=14, per client global perf=[0.4004, 0.758, 0.5856, 0.2547, 0.9054, 0.9355, 0.7464, 0.4497, 0.3887, 0.4828], mean perf=11698/20406 (0.5733%)
Round=14, per client personal perf=[0.9649, 0.9839, 0.9738, 0.9734, 0.9841, 0.9973, 0.9905, 0.9765, 0.9592, 0.985], mean perf=20007/20406 (0.9804%)
Round=14, per client personal pooled=[0.6386, 0.3955, 0.3988, 0.491, 0.2861, 0.323, 0.5014, 0.3078, 0.5244, 0.4125], mean perf=87317/204060 (0.4279%)
Mean performance of unidp ditto global,  eps=0.5, Perf=0.5776
Mean performance of unidp ditto personal,  eps=0.5, Perf=0.9798
Mean performance of unidp ditto pooled,  eps=0.5, Perf=0.4256
---EPSILON 1 ---
default_sample_rate: 0.20711974110032363
noise_multiplier :  12.5
learning rate =  0.01
sample_rate: 0.21, expected_batch_size: 435
sample_rate: 0.21, expected_batch_size: 800
sample_rate: 0.21, expected_batch_size: 567
sample_rate: 0.21, expected_batch_size: 1586
sample_rate: 0.21, expected_batch_size: 1036
sample_rate: 0.21, expected_batch_size: 149
sample_rate: 0.21, expected_batch_size: 1526
sample_rate: 0.21, expected_batch_size: 1059
sample_rate: 0.21, expected_batch_size: 128
sample_rate: 0.21, expected_batch_size: 911
initial privacy cost of all clients:  [0, 0, 0, 0, 0, 0, 0, 0, 0, 0]
Round=0
Round=1
Round=2
Round=3
Round=4
Round=5
Round=6
Round=7
Round=8
Round=9
Round=10
Round=11
Round=12
Round=13
Round=14
current privacy cost of all clients:  [0.7186115763190369, 0.7186115763190369, 0.672196296259606, 0.5077016014978852, 0.7186115763190369, 0.8068829992887259, 0.7186115763190369, 0.5669467964033166, 0.7639785457571601, 0.8068829992887259]
Round=14, per client global perf=[0.44, 0.7264, 0.5184, 0.3006, 0.9511, 0.9543, 0.8805, 0.463, 0.5643, 0.847], mean perf=13315/20406 (0.6525%)
Round=14, per client personal perf=[0.9649, 0.9839, 0.9738, 0.9734, 0.9841, 0.9973, 0.9905, 0.9765, 0.9592, 0.985], mean perf=20007/20406 (0.9804%)
Round=14, per client personal pooled=[0.6386, 0.3955, 0.3988, 0.491, 0.2861, 0.323, 0.5014, 0.3078, 0.5244, 0.4125], mean perf=87317/204060 (0.4279%)
Mean performance of unidp ditto global,  eps=1.0, Perf=0.6588
Mean performance of unidp ditto personal,  eps=1.0, Perf=0.9798
Mean performance of unidp ditto pooled,  eps=1.0, Perf=0.4256
---EPSILON 4 ---
default_sample_rate: 0.20711974110032363
noise_multiplier :  4.072265625
learning rate =  0.01
sample_rate: 0.21, expected_batch_size: 435
sample_rate: 0.21, expected_batch_size: 800
sample_rate: 0.21, expected_batch_size: 567
sample_rate: 0.21, expected_batch_size: 1586
sample_rate: 0.21, expected_batch_size: 1036
sample_rate: 0.21, expected_batch_size: 149
sample_rate: 0.21, expected_batch_size: 1526
sample_rate: 0.21, expected_batch_size: 1059
sample_rate: 0.21, expected_batch_size: 128
sample_rate: 0.21, expected_batch_size: 911
initial privacy cost of all clients:  [0, 0, 0, 0, 0, 0, 0, 0, 0, 0]
Round=0
Round=1
Round=2
Round=3
Round=4
Round=5
Round=6
Round=7
Round=8
Round=9
Round=10
Round=11
Round=12
Round=13
Round=14
current privacy cost of all clients:  [2.856312947191028, 2.856312947191028, 2.68789999238026, 2.0079867629270627, 2.856312947191028, 3.1821899589465428, 2.856312947191028, 2.2346245060781285, 3.0192514530687853, 3.1821899589465428]
Round=14, per client global perf=[0.7048, 0.8042, 0.6909, 0.6827, 0.9686, 0.9731, 0.9455, 0.7283, 0.8213, 0.8638], mean perf=16627/20406 (0.8148%)
Round=14, per client personal perf=[0.9649, 0.9839, 0.9738, 0.9734, 0.9841, 0.9973, 0.9905, 0.9765, 0.9592, 0.985], mean perf=20007/20406 (0.9804%)
Round=14, per client personal pooled=[0.6386, 0.3955, 0.3988, 0.491, 0.2861, 0.323, 0.5014, 0.3078, 0.5244, 0.4125], mean perf=87317/204060 (0.4279%)
Mean performance of unidp ditto global,  eps=4.0, Perf=0.7747
Mean performance of unidp ditto personal,  eps=4.0, Perf=0.9798
Mean performance of unidp ditto pooled,  eps=4.0, Perf=0.4256
---EPSILON 8 ---
