=== Data type: niid_10_2 ===
--- Seed: 42 ---
--- Personal steps: 15 ---
---EPSILON 0 ---
default_sample_rate: 0.03232323232323232
noise_multiplier :  640
learning rate =  0.001
sample_rate: 0.03, expected_batch_size: 128
sample_rate: 0.03, expected_batch_size: 128
sample_rate: 0.03, expected_batch_size: 128
sample_rate: 0.03, expected_batch_size: 128
sample_rate: 0.03, expected_batch_size: 128
sample_rate: 0.03, expected_batch_size: 128
sample_rate: 0.03, expected_batch_size: 128
sample_rate: 0.03, expected_batch_size: 128
sample_rate: 0.03, expected_batch_size: 128
sample_rate: 0.03, expected_batch_size: 128
initial privacy cost of all clients:  [0, 0, 0, 0, 0, 0, 0, 0, 0, 0]
Round=0
Round=1
Round=2
Round=3
Round=4
Round=5
Round=6
Round=7
Round=8
Round=9
Round=10
Round=11
Round=12
Round=13
Round=14
current privacy cost of all clients:  [-0.0007661340148727439, -0.0007661340148727439, -0.0008494097935163293, -0.0007933904687212481, -0.0007400032360581786, -0.0007661340148727439, -0.0007400032360581786, -0.0007138724572436134, -0.0006877416784290479, -0.0008214001311187887]
Round=14, per client global perf=[0.0, 0.0, 0.0, 0.3157, 0.3191, 0.1, 0.0, 0.0941, 0.0, 0.0], mean perf=1691/20400 (0.0829%)
Round=14, per client personal perf=[0.9627, 0.9985, 0.9721, 0.9995, 0.9985, 0.9966, 0.9309, 0.999, 0.9985, 0.7172], mean perf=19530/20400 (0.9574%)
Round=14, per client personal pooled=[0.1922, 0.1978, 0.1925, 0.2007, 0.2003, 0.2016, 0.1842, 0.1988, 0.2007, 0.1446], mean perf=39032/204000 (0.1913%)
Mean performance of unidp ditto global,  eps=0.0, Perf=0.0900
Mean performance of unidp ditto personal,  eps=0.0, Perf=0.9549
Mean performance of unidp ditto pooled,  eps=0.0, Perf=0.1910
---EPSILON 0.1 ---
default_sample_rate: 0.03232323232323232
noise_multiplier :  13.75
learning rate =  0.001
sample_rate: 0.03, expected_batch_size: 128
sample_rate: 0.03, expected_batch_size: 128
sample_rate: 0.03, expected_batch_size: 128
sample_rate: 0.03, expected_batch_size: 128
sample_rate: 0.03, expected_batch_size: 128
sample_rate: 0.03, expected_batch_size: 128
sample_rate: 0.03, expected_batch_size: 128
sample_rate: 0.03, expected_batch_size: 128
sample_rate: 0.03, expected_batch_size: 128
sample_rate: 0.03, expected_batch_size: 128
initial privacy cost of all clients:  [0, 0, 0, 0, 0, 0, 0, 0, 0, 0]
Round=0
Round=1
Round=2
Round=3
Round=4
Round=5
Round=6
Round=7
Round=8
Round=9
Round=10
Round=11
Round=12
Round=13
Round=14
current privacy cost of all clients:  [0.06861627244984228, 0.06861627244984228, 0.052721685568101175, 0.0636130274845621, 0.07323580287115607, 0.06861627244984228, 0.07323580287115607, 0.07775445513440044, 0.08199366248919779, 0.05835482563852214]
Round=14, per client global perf=[0.3922, 0.5696, 0.1539, 0.3824, 0.0843, 0.4931, 0.2206, 0.6431, 0.8294, 0.3917], mean perf=8487/20400 (0.4160%)
Round=14, per client personal perf=[0.9627, 0.9985, 0.9721, 0.9995, 0.9985, 0.9966, 0.9309, 0.999, 0.9985, 0.7172], mean perf=19530/20400 (0.9574%)
Round=14, per client personal pooled=[0.1922, 0.1978, 0.1925, 0.2007, 0.2003, 0.2016, 0.1842, 0.1988, 0.2007, 0.1446], mean perf=39032/204000 (0.1913%)
Mean performance of unidp ditto global,  eps=0.1, Perf=0.3615
Mean performance of unidp ditto personal,  eps=0.1, Perf=0.9549
Mean performance of unidp ditto pooled,  eps=0.1, Perf=0.1910
---EPSILON 0.5 ---
default_sample_rate: 0.03232323232323232
noise_multiplier :  3.671875
learning rate =  0.001
sample_rate: 0.03, expected_batch_size: 128
sample_rate: 0.03, expected_batch_size: 128
sample_rate: 0.03, expected_batch_size: 128
sample_rate: 0.03, expected_batch_size: 128
sample_rate: 0.03, expected_batch_size: 128
sample_rate: 0.03, expected_batch_size: 128
sample_rate: 0.03, expected_batch_size: 128
sample_rate: 0.03, expected_batch_size: 128
sample_rate: 0.03, expected_batch_size: 128
sample_rate: 0.03, expected_batch_size: 128
initial privacy cost of all clients:  [0, 0, 0, 0, 0, 0, 0, 0, 0, 0]
Round=0
Round=1
Round=2
Round=3
Round=4
Round=5
Round=6
Round=7
Round=8
Round=9
Round=10
Round=11
Round=12
Round=13
Round=14
current privacy cost of all clients:  [0.3537320706559622, 0.3537320706559622, 0.279070325668136, 0.33033357372458066, 0.37555379650408366, 0.3537320706559622, 0.37555379650408366, 0.39649964853357994, 0.41674618847529443, 0.30557517331204553]
Round=14, per client global perf=[0.2877, 0.8804, 0.4775, 0.3446, 0.6059, 0.0142, 0.6466, 0.3534, 0.4961, 0.2078], mean perf=8801/20400 (0.4314%)
Round=14, per client personal perf=[0.9627, 0.9985, 0.9721, 0.9995, 0.9985, 0.9966, 0.9309, 0.999, 0.9985, 0.7172], mean perf=19530/20400 (0.9574%)
Round=14, per client personal pooled=[0.1922, 0.1978, 0.1925, 0.2007, 0.2003, 0.2016, 0.1842, 0.1988, 0.2007, 0.1446], mean perf=39032/204000 (0.1913%)
Mean performance of unidp ditto global,  eps=0.5, Perf=0.3893
Mean performance of unidp ditto personal,  eps=0.5, Perf=0.9549
Mean performance of unidp ditto pooled,  eps=0.5, Perf=0.1910
---EPSILON 1 ---
default_sample_rate: 0.03232323232323232
noise_multiplier :  2.12890625
learning rate =  0.001
sample_rate: 0.03, expected_batch_size: 128
sample_rate: 0.03, expected_batch_size: 128
sample_rate: 0.03, expected_batch_size: 128
sample_rate: 0.03, expected_batch_size: 128
sample_rate: 0.03, expected_batch_size: 128
sample_rate: 0.03, expected_batch_size: 128
sample_rate: 0.03, expected_batch_size: 128
sample_rate: 0.03, expected_batch_size: 128
sample_rate: 0.03, expected_batch_size: 128
sample_rate: 0.03, expected_batch_size: 128
initial privacy cost of all clients:  [0, 0, 0, 0, 0, 0, 0, 0, 0, 0]
Round=0
Round=1
Round=2
Round=3
Round=4
Round=5
Round=6
Round=7
Round=8
Round=9
Round=10
Round=11
Round=12
Round=13
Round=14
current privacy cost of all clients:  [0.7206619146809711, 0.7206619146809711, 0.5742281727082242, 0.6750386529476061, 0.7653858016873494, 0.7206619146809711, 0.7653858016873494, 0.8052814395900469, 0.8451770774927443, 0.6260606530260836]
Round=14, per client global perf=[0.2074, 0.8848, 0.4824, 0.3309, 0.6196, 0.0034, 0.701, 0.3613, 0.5069, 0.1172], mean perf=8598/20400 (0.4215%)
Round=14, per client personal perf=[0.9627, 0.9985, 0.9721, 0.9995, 0.9985, 0.9966, 0.9309, 0.999, 0.9985, 0.7172], mean perf=19530/20400 (0.9574%)
Round=14, per client personal pooled=[0.1922, 0.1978, 0.1925, 0.2007, 0.2003, 0.2016, 0.1842, 0.1988, 0.2007, 0.1446], mean perf=39032/204000 (0.1913%)
Mean performance of unidp ditto global,  eps=1.0, Perf=0.3903
Mean performance of unidp ditto personal,  eps=1.0, Perf=0.9549
Mean performance of unidp ditto pooled,  eps=1.0, Perf=0.1910
---EPSILON 4 ---
default_sample_rate: 0.03232323232323232
noise_multiplier :  0.93994140625
learning rate =  0.001
sample_rate: 0.03, expected_batch_size: 128
sample_rate: 0.03, expected_batch_size: 128
sample_rate: 0.03, expected_batch_size: 128
sample_rate: 0.03, expected_batch_size: 128
sample_rate: 0.03, expected_batch_size: 128
sample_rate: 0.03, expected_batch_size: 128
sample_rate: 0.03, expected_batch_size: 128
sample_rate: 0.03, expected_batch_size: 128
sample_rate: 0.03, expected_batch_size: 128
sample_rate: 0.03, expected_batch_size: 128
initial privacy cost of all clients:  [0, 0, 0, 0, 0, 0, 0, 0, 0, 0]
Round=0
Round=1
Round=2
Round=3
Round=4
Round=5
Round=6
Round=7
Round=8
Round=9
Round=10
Round=11
Round=12
Round=13
Round=14
current privacy cost of all clients:  [2.9136136495948044, 2.9136136495948044, 2.4033103685601156, 2.743512555916575, 3.083714743273034, 2.9136136495948044, 3.083714743273034, 3.2538158369512633, 3.4239169306294928, 2.573411462238345]
Round=14, per client global perf=[0.0794, 0.8946, 0.4515, 0.3412, 0.6034, 0.0039, 0.7618, 0.3701, 0.5657, 0.0196], mean perf=8346/20400 (0.4091%)
Round=14, per client personal perf=[0.9627, 0.9985, 0.9721, 0.9995, 0.9985, 0.9966, 0.9309, 0.999, 0.9985, 0.7172], mean perf=19530/20400 (0.9574%)
Round=14, per client personal pooled=[0.1922, 0.1978, 0.1925, 0.2007, 0.2003, 0.2016, 0.1842, 0.1988, 0.2007, 0.1446], mean perf=39032/204000 (0.1913%)
Mean performance of unidp ditto global,  eps=4.0, Perf=0.3572
Mean performance of unidp ditto personal,  eps=4.0, Perf=0.9549
Mean performance of unidp ditto pooled,  eps=4.0, Perf=0.1910
---EPSILON 8 ---
default_sample_rate: 0.03232323232323232
noise_multiplier :  0.72021484375
learning rate =  0.001
sample_rate: 0.03, expected_batch_size: 128
sample_rate: 0.03, expected_batch_size: 128
sample_rate: 0.03, expected_batch_size: 128
sample_rate: 0.03, expected_batch_size: 128
sample_rate: 0.03, expected_batch_size: 128
sample_rate: 0.03, expected_batch_size: 128
sample_rate: 0.03, expected_batch_size: 128
sample_rate: 0.03, expected_batch_size: 128
sample_rate: 0.03, expected_batch_size: 128
sample_rate: 0.03, expected_batch_size: 128
initial privacy cost of all clients:  [0, 0, 0, 0, 0, 0, 0, 0, 0, 0]
Round=0
Round=1
Round=2
Round=3
Round=4
Round=5
Round=6
Round=7
Round=8
Round=9
Round=10
Round=11
Round=12
Round=13
Round=14
current privacy cost of all clients:  [6.264765677912597, 6.264765677912597, 4.852643443838692, 5.794058266554629, 6.735473089270566, 6.264765677912597, 6.735473089270566, 7.167814057514629, 7.332449371479868, 5.323350855196661]
Round=14, per client global perf=[0.0485, 0.9049, 0.4515, 0.4025, 0.6, 0.0132, 0.7569, 0.3515, 0.6382, 0.0216], mean perf=8545/20400 (0.4189%)
Round=14, per client personal perf=[0.9627, 0.9985, 0.9721, 0.9995, 0.9985, 0.9966, 0.9309, 0.999, 0.9985, 0.7172], mean perf=19530/20400 (0.9574%)
Round=14, per client personal pooled=[0.1922, 0.1978, 0.1925, 0.2007, 0.2003, 0.2016, 0.1842, 0.1988, 0.2007, 0.1446], mean perf=39032/204000 (0.1913%)
Mean performance of unidp ditto global,  eps=8.0, Perf=0.3619
Mean performance of unidp ditto personal,  eps=8.0, Perf=0.9549
Mean performance of unidp ditto pooled,  eps=8.0, Perf=0.1910
---EPSILON 16 ---
default_sample_rate: 0.03232323232323232
noise_multiplier :  0.567169189453125
learning rate =  0.001
sample_rate: 0.03, expected_batch_size: 128
sample_rate: 0.03, expected_batch_size: 128
sample_rate: 0.03, expected_batch_size: 128
sample_rate: 0.03, expected_batch_size: 128
sample_rate: 0.03, expected_batch_size: 128
sample_rate: 0.03, expected_batch_size: 128
sample_rate: 0.03, expected_batch_size: 128
sample_rate: 0.03, expected_batch_size: 128
sample_rate: 0.03, expected_batch_size: 128
sample_rate: 0.03, expected_batch_size: 128
initial privacy cost of all clients:  [0, 0, 0, 0, 0, 0, 0, 0, 0, 0]
Round=0
Round=1
Round=2
Round=3
Round=4
Round=5
Round=6
Round=7
Round=8
Round=9
Round=10
Round=11
Round=12
Round=13
Round=14
current privacy cost of all clients:  [11.105992316907031, 11.105992316907031, 9.011793042265237, 10.407925892026432, 11.80405874178763, 11.105992316907031, 11.80405874178763, 12.502125166668227, 13.200191591548824, 9.709859467145835]
Round=14, per client global perf=[0.0324, 0.902, 0.4324, 0.5961, 0.6559, 0.0294, 0.6833, 0.2789, 0.8025, 0.0304], mean perf=9064/20400 (0.4443%)
Round=14, per client personal perf=[0.9627, 0.9985, 0.9721, 0.9995, 0.9985, 0.9966, 0.9309, 0.999, 0.9985, 0.7172], mean perf=19530/20400 (0.9574%)
Round=14, per client personal pooled=[0.1922, 0.1978, 0.1925, 0.2007, 0.2003, 0.2016, 0.1842, 0.1988, 0.2007, 0.1446], mean perf=39032/204000 (0.1913%)
Mean performance of unidp ditto global,  eps=16.0, Perf=0.3736
Mean performance of unidp ditto personal,  eps=16.0, Perf=0.9549
Mean performance of unidp ditto pooled,  eps=16.0, Perf=0.1910
--- Personal steps: 30 ---
---EPSILON 0 ---
default_sample_rate: 0.03232323232323232
noise_multiplier :  640
learning rate =  0.001
sample_rate: 0.03, expected_batch_size: 128
sample_rate: 0.03, expected_batch_size: 128
sample_rate: 0.03, expected_batch_size: 128
sample_rate: 0.03, expected_batch_size: 128
sample_rate: 0.03, expected_batch_size: 128
sample_rate: 0.03, expected_batch_size: 128
sample_rate: 0.03, expected_batch_size: 128
sample_rate: 0.03, expected_batch_size: 128
sample_rate: 0.03, expected_batch_size: 128
sample_rate: 0.03, expected_batch_size: 128
initial privacy cost of all clients:  [0, 0, 0, 0, 0, 0, 0, 0, 0, 0]
Round=0
Round=1
Round=2
Round=3
Round=4
Round=5
Round=6
Round=7
Round=8
Round=9
Round=10
Round=11
Round=12
Round=13
Round=14
current privacy cost of all clients:  [-0.0007661340148727439, -0.0007661340148727439, -0.0008494097935163293, -0.0007933904687212481, -0.0007400032360581786, -0.0007661340148727439, -0.0007400032360581786, -0.0007138724572436134, -0.0006877416784290479, -0.0008214001311187887]
Round=14, per client global perf=[0.0, 0.0, 0.0, 0.3157, 0.3191, 0.1, 0.0, 0.0941, 0.0, 0.0], mean perf=1691/20400 (0.0829%)
Round=14, per client personal perf=[0.9642, 0.9975, 0.9721, 1.0, 1.0, 0.9941, 0.9363, 0.9985, 0.9995, 0.7922], mean perf=19695/20400 (0.9654%)
Round=14, per client personal pooled=[0.1925, 0.1977, 0.1927, 0.2008, 0.2006, 0.2012, 0.1864, 0.1987, 0.2008, 0.1617], mean perf=39436/204000 (0.1933%)
Mean performance of unidp ditto global,  eps=0.0, Perf=0.0900
Mean performance of unidp ditto personal,  eps=0.0, Perf=0.9618
Mean performance of unidp ditto pooled,  eps=0.0, Perf=0.1926
---EPSILON 0.1 ---
default_sample_rate: 0.03232323232323232
noise_multiplier :  13.75
learning rate =  0.001
sample_rate: 0.03, expected_batch_size: 128
sample_rate: 0.03, expected_batch_size: 128
sample_rate: 0.03, expected_batch_size: 128
sample_rate: 0.03, expected_batch_size: 128
sample_rate: 0.03, expected_batch_size: 128
sample_rate: 0.03, expected_batch_size: 128
sample_rate: 0.03, expected_batch_size: 128
sample_rate: 0.03, expected_batch_size: 128
sample_rate: 0.03, expected_batch_size: 128
sample_rate: 0.03, expected_batch_size: 128
initial privacy cost of all clients:  [0, 0, 0, 0, 0, 0, 0, 0, 0, 0]
Round=0
Round=1
Round=2
Round=3
Round=4
Round=5
Round=6
Round=7
Round=8
Round=9
Round=10
Round=11
Round=12
Round=13
Round=14
current privacy cost of all clients:  [0.06861627244984228, 0.06861627244984228, 0.052721685568101175, 0.0636130274845621, 0.07323580287115607, 0.06861627244984228, 0.07323580287115607, 0.07775445513440044, 0.08199366248919779, 0.05835482563852214]
Round=14, per client global perf=[0.3922, 0.5696, 0.1539, 0.3824, 0.0843, 0.4931, 0.2206, 0.6431, 0.8294, 0.3917], mean perf=8487/20400 (0.4160%)
Round=14, per client personal perf=[0.9642, 0.9975, 0.9721, 1.0, 1.0, 0.9941, 0.9363, 0.9985, 0.9995, 0.7922], mean perf=19695/20400 (0.9654%)
Round=14, per client personal pooled=[0.1925, 0.1977, 0.1927, 0.2008, 0.2006, 0.2012, 0.1864, 0.1987, 0.2008, 0.1617], mean perf=39436/204000 (0.1933%)
Mean performance of unidp ditto global,  eps=0.1, Perf=0.3615
Mean performance of unidp ditto personal,  eps=0.1, Perf=0.9618
Mean performance of unidp ditto pooled,  eps=0.1, Perf=0.1926
---EPSILON 0.5 ---
default_sample_rate: 0.03232323232323232
noise_multiplier :  3.671875
learning rate =  0.001
sample_rate: 0.03, expected_batch_size: 128
sample_rate: 0.03, expected_batch_size: 128
sample_rate: 0.03, expected_batch_size: 128
sample_rate: 0.03, expected_batch_size: 128
sample_rate: 0.03, expected_batch_size: 128
sample_rate: 0.03, expected_batch_size: 128
sample_rate: 0.03, expected_batch_size: 128
sample_rate: 0.03, expected_batch_size: 128
sample_rate: 0.03, expected_batch_size: 128
sample_rate: 0.03, expected_batch_size: 128
initial privacy cost of all clients:  [0, 0, 0, 0, 0, 0, 0, 0, 0, 0]
Round=0
Round=1
Round=2
Round=3
Round=4
Round=5
Round=6
Round=7
Round=8
Round=9
Round=10
Round=11
Round=12
Round=13
Round=14
current privacy cost of all clients:  [0.3537320706559622, 0.3537320706559622, 0.279070325668136, 0.33033357372458066, 0.37555379650408366, 0.3537320706559622, 0.37555379650408366, 0.39649964853357994, 0.41674618847529443, 0.30557517331204553]
Round=14, per client global perf=[0.2877, 0.8804, 0.4775, 0.3446, 0.6059, 0.0142, 0.6466, 0.3534, 0.4961, 0.2078], mean perf=8801/20400 (0.4314%)
Round=14, per client personal perf=[0.9642, 0.9975, 0.9721, 1.0, 1.0, 0.9941, 0.9363, 0.9985, 0.9995, 0.7922], mean perf=19695/20400 (0.9654%)
Round=14, per client personal pooled=[0.1925, 0.1977, 0.1927, 0.2008, 0.2006, 0.2012, 0.1864, 0.1987, 0.2008, 0.1617], mean perf=39436/204000 (0.1933%)
Mean performance of unidp ditto global,  eps=0.5, Perf=0.3893
Mean performance of unidp ditto personal,  eps=0.5, Perf=0.9618
Mean performance of unidp ditto pooled,  eps=0.5, Perf=0.1926
---EPSILON 1 ---
default_sample_rate: 0.03232323232323232
noise_multiplier :  2.12890625
learning rate =  0.001
sample_rate: 0.03, expected_batch_size: 128
sample_rate: 0.03, expected_batch_size: 128
sample_rate: 0.03, expected_batch_size: 128
sample_rate: 0.03, expected_batch_size: 128
sample_rate: 0.03, expected_batch_size: 128
sample_rate: 0.03, expected_batch_size: 128
sample_rate: 0.03, expected_batch_size: 128
sample_rate: 0.03, expected_batch_size: 128
sample_rate: 0.03, expected_batch_size: 128
sample_rate: 0.03, expected_batch_size: 128
initial privacy cost of all clients:  [0, 0, 0, 0, 0, 0, 0, 0, 0, 0]
Round=0
Round=1
Round=2
Round=3
Round=4
Round=5
Round=6
Round=7
Round=8
Round=9
Round=10
Round=11
Round=12
Round=13
Round=14
current privacy cost of all clients:  [0.7206619146809711, 0.7206619146809711, 0.5742281727082242, 0.6750386529476061, 0.7653858016873494, 0.7206619146809711, 0.7653858016873494, 0.8052814395900469, 0.8451770774927443, 0.6260606530260836]
Round=14, per client global perf=[0.2074, 0.8848, 0.4824, 0.3309, 0.6196, 0.0034, 0.701, 0.3613, 0.5069, 0.1172], mean perf=8598/20400 (0.4215%)
Round=14, per client personal perf=[0.9642, 0.9975, 0.9721, 1.0, 1.0, 0.9941, 0.9363, 0.9985, 0.9995, 0.7922], mean perf=19695/20400 (0.9654%)
Round=14, per client personal pooled=[0.1925, 0.1977, 0.1927, 0.2008, 0.2006, 0.2012, 0.1864, 0.1987, 0.2008, 0.1617], mean perf=39436/204000 (0.1933%)
Mean performance of unidp ditto global,  eps=1.0, Perf=0.3903
Mean performance of unidp ditto personal,  eps=1.0, Perf=0.9618
Mean performance of unidp ditto pooled,  eps=1.0, Perf=0.1926
---EPSILON 4 ---
default_sample_rate: 0.03232323232323232
noise_multiplier :  0.93994140625
learning rate =  0.001
sample_rate: 0.03, expected_batch_size: 128
sample_rate: 0.03, expected_batch_size: 128
sample_rate: 0.03, expected_batch_size: 128
sample_rate: 0.03, expected_batch_size: 128
sample_rate: 0.03, expected_batch_size: 128
sample_rate: 0.03, expected_batch_size: 128
sample_rate: 0.03, expected_batch_size: 128
sample_rate: 0.03, expected_batch_size: 128
sample_rate: 0.03, expected_batch_size: 128
sample_rate: 0.03, expected_batch_size: 128
initial privacy cost of all clients:  [0, 0, 0, 0, 0, 0, 0, 0, 0, 0]
Round=0
Round=1
Round=2
Round=3
Round=4
Round=5
Round=6
Round=7
Round=8
Round=9
Round=10
Round=11
Round=12
Round=13
Round=14
current privacy cost of all clients:  [2.9136136495948044, 2.9136136495948044, 2.4033103685601156, 2.743512555916575, 3.083714743273034, 2.9136136495948044, 3.083714743273034, 3.2538158369512633, 3.4239169306294928, 2.573411462238345]
Round=14, per client global perf=[0.0794, 0.8946, 0.4515, 0.3412, 0.6034, 0.0039, 0.7618, 0.3701, 0.5657, 0.0196], mean perf=8346/20400 (0.4091%)
Round=14, per client personal perf=[0.9642, 0.9975, 0.9721, 1.0, 1.0, 0.9941, 0.9363, 0.9985, 0.9995, 0.7922], mean perf=19695/20400 (0.9654%)
Round=14, per client personal pooled=[0.1925, 0.1977, 0.1927, 0.2008, 0.2006, 0.2012, 0.1864, 0.1987, 0.2008, 0.1617], mean perf=39436/204000 (0.1933%)
Mean performance of unidp ditto global,  eps=4.0, Perf=0.3572
Mean performance of unidp ditto personal,  eps=4.0, Perf=0.9618
Mean performance of unidp ditto pooled,  eps=4.0, Perf=0.1926
---EPSILON 8 ---
default_sample_rate: 0.03232323232323232
noise_multiplier :  0.72021484375
learning rate =  0.001
sample_rate: 0.03, expected_batch_size: 128
sample_rate: 0.03, expected_batch_size: 128
sample_rate: 0.03, expected_batch_size: 128
sample_rate: 0.03, expected_batch_size: 128
sample_rate: 0.03, expected_batch_size: 128
sample_rate: 0.03, expected_batch_size: 128
sample_rate: 0.03, expected_batch_size: 128
sample_rate: 0.03, expected_batch_size: 128
sample_rate: 0.03, expected_batch_size: 128
sample_rate: 0.03, expected_batch_size: 128
initial privacy cost of all clients:  [0, 0, 0, 0, 0, 0, 0, 0, 0, 0]
Round=0
Round=1
Round=2
Round=3
Round=4
Round=5
Round=6
Round=7
Round=8
Round=9
Round=10
Round=11
Round=12
Round=13
Round=14
current privacy cost of all clients:  [6.264765677912597, 6.264765677912597, 4.852643443838692, 5.794058266554629, 6.735473089270566, 6.264765677912597, 6.735473089270566, 7.167814057514629, 7.332449371479868, 5.323350855196661]
Round=14, per client global perf=[0.0485, 0.9049, 0.4515, 0.4025, 0.6, 0.0132, 0.7569, 0.3515, 0.6382, 0.0216], mean perf=8545/20400 (0.4189%)
Round=14, per client personal perf=[0.9642, 0.9975, 0.9721, 1.0, 1.0, 0.9941, 0.9363, 0.9985, 0.9995, 0.7922], mean perf=19695/20400 (0.9654%)
Round=14, per client personal pooled=[0.1925, 0.1977, 0.1927, 0.2008, 0.2006, 0.2012, 0.1864, 0.1987, 0.2008, 0.1617], mean perf=39436/204000 (0.1933%)
Mean performance of unidp ditto global,  eps=8.0, Perf=0.3619
Mean performance of unidp ditto personal,  eps=8.0, Perf=0.9618
Mean performance of unidp ditto pooled,  eps=8.0, Perf=0.1926
---EPSILON 16 ---
default_sample_rate: 0.03232323232323232
noise_multiplier :  0.567169189453125
learning rate =  0.001
sample_rate: 0.03, expected_batch_size: 128
sample_rate: 0.03, expected_batch_size: 128
sample_rate: 0.03, expected_batch_size: 128
sample_rate: 0.03, expected_batch_size: 128
sample_rate: 0.03, expected_batch_size: 128
sample_rate: 0.03, expected_batch_size: 128
sample_rate: 0.03, expected_batch_size: 128
sample_rate: 0.03, expected_batch_size: 128
sample_rate: 0.03, expected_batch_size: 128
sample_rate: 0.03, expected_batch_size: 128
initial privacy cost of all clients:  [0, 0, 0, 0, 0, 0, 0, 0, 0, 0]
Round=0
Round=1
Round=2
Round=3
Round=4
Round=5
Round=6
Round=7
Round=8
Round=9
Round=10
Round=11
Round=12
Round=13
Round=14
current privacy cost of all clients:  [11.105992316907031, 11.105992316907031, 9.011793042265237, 10.407925892026432, 11.80405874178763, 11.105992316907031, 11.80405874178763, 12.502125166668227, 13.200191591548824, 9.709859467145835]
Round=14, per client global perf=[0.0324, 0.902, 0.4324, 0.5961, 0.6559, 0.0294, 0.6833, 0.2789, 0.8025, 0.0304], mean perf=9064/20400 (0.4443%)
Round=14, per client personal perf=[0.9642, 0.9975, 0.9721, 1.0, 1.0, 0.9941, 0.9363, 0.9985, 0.9995, 0.7922], mean perf=19695/20400 (0.9654%)
Round=14, per client personal pooled=[0.1925, 0.1977, 0.1927, 0.2008, 0.2006, 0.2012, 0.1864, 0.1987, 0.2008, 0.1617], mean perf=39436/204000 (0.1933%)
Mean performance of unidp ditto global,  eps=16.0, Perf=0.3736
Mean performance of unidp ditto personal,  eps=16.0, Perf=0.9618
Mean performance of unidp ditto pooled,  eps=16.0, Perf=0.1926
--- Finished seed: 42 ---
--- Seed: 43 ---
--- Personal steps: 15 ---
---EPSILON 0 ---
default_sample_rate: 0.03232323232323232
noise_multiplier :  640
learning rate =  0.001
sample_rate: 0.03, expected_batch_size: 128
sample_rate: 0.03, expected_batch_size: 128
sample_rate: 0.03, expected_batch_size: 128
sample_rate: 0.03, expected_batch_size: 128
sample_rate: 0.03, expected_batch_size: 128
sample_rate: 0.03, expected_batch_size: 128
sample_rate: 0.03, expected_batch_size: 128
sample_rate: 0.03, expected_batch_size: 128
sample_rate: 0.03, expected_batch_size: 128
sample_rate: 0.03, expected_batch_size: 128
initial privacy cost of all clients:  [0, 0, 0, 0, 0, 0, 0, 0, 0, 0]
Round=0
Round=1
Round=2
Round=3
Round=4
Round=5
Round=6
Round=7
Round=8
Round=9
Round=10
Round=11
Round=12
Round=13
Round=14
current privacy cost of all clients:  [-0.0007400032360581786, -0.0007661340148727439, -0.0007933904687212481, -0.0007400032360581786, -0.0008494097935163293, -0.0007661340148727439, -0.0008214001311187887, -0.0009075556830472331, -0.0008214001311187887, -0.0007138724572436134]
Round=14, per client global perf=[0.0005, 0.0, 0.0, 0.0, 0.0, 0.5, 0.0, 0.5186, 0.0, 0.0005], mean perf=2080/20400 (0.1020%)
Round=14, per client personal perf=[0.9588, 0.9966, 0.9686, 0.998, 0.998, 0.9975, 0.9157, 0.9877, 0.998, 0.777], mean perf=19576/20400 (0.9596%)
Round=14, per client personal pooled=[0.1917, 0.1973, 0.1922, 0.2006, 0.2004, 0.2021, 0.1808, 0.197, 0.2004, 0.1582], mean perf=39181/204000 (0.1921%)
Mean performance of unidp ditto global,  eps=0.0, Perf=0.1019
Mean performance of unidp ditto personal,  eps=0.0, Perf=0.9529
Mean performance of unidp ditto pooled,  eps=0.0, Perf=0.1908
---EPSILON 0.1 ---
default_sample_rate: 0.03232323232323232
noise_multiplier :  13.75
learning rate =  0.001
sample_rate: 0.03, expected_batch_size: 128
sample_rate: 0.03, expected_batch_size: 128
sample_rate: 0.03, expected_batch_size: 128
sample_rate: 0.03, expected_batch_size: 128
sample_rate: 0.03, expected_batch_size: 128
sample_rate: 0.03, expected_batch_size: 128
sample_rate: 0.03, expected_batch_size: 128
sample_rate: 0.03, expected_batch_size: 128
sample_rate: 0.03, expected_batch_size: 128
sample_rate: 0.03, expected_batch_size: 128
initial privacy cost of all clients:  [0, 0, 0, 0, 0, 0, 0, 0, 0, 0]
Round=0
Round=1
Round=2
Round=3
Round=4
Round=5
Round=6
Round=7
Round=8
Round=9
Round=10
Round=11
Round=12
Round=13
Round=14
current privacy cost of all clients:  [0.07323580287115607, 0.06861627244984228, 0.0636130274845621, 0.07323580287115607, 0.052721685568101175, 0.06861627244984228, 0.05835482563852214, 0.039763141150096236, 0.05835482563852214, 0.07775445513440044]
Round=14, per client global perf=[0.1216, 0.2755, 0.2843, 0.3284, 0.3412, 0.5436, 0.0, 0.1392, 0.0034, 0.5147], mean perf=5206/20400 (0.2552%)
Round=14, per client personal perf=[0.9588, 0.9966, 0.9686, 0.998, 0.998, 0.9975, 0.9157, 0.9877, 0.998, 0.777], mean perf=19576/20400 (0.9596%)
Round=14, per client personal pooled=[0.1917, 0.1973, 0.1922, 0.2006, 0.2004, 0.2021, 0.1808, 0.197, 0.2004, 0.1582], mean perf=39181/204000 (0.1921%)
Mean performance of unidp ditto global,  eps=0.1, Perf=0.2151
Mean performance of unidp ditto personal,  eps=0.1, Perf=0.9529
Mean performance of unidp ditto pooled,  eps=0.1, Perf=0.1908
---EPSILON 0.5 ---
default_sample_rate: 0.03232323232323232
noise_multiplier :  3.671875
learning rate =  0.001
sample_rate: 0.03, expected_batch_size: 128
sample_rate: 0.03, expected_batch_size: 128
sample_rate: 0.03, expected_batch_size: 128
sample_rate: 0.03, expected_batch_size: 128
sample_rate: 0.03, expected_batch_size: 128
sample_rate: 0.03, expected_batch_size: 128
sample_rate: 0.03, expected_batch_size: 128
sample_rate: 0.03, expected_batch_size: 128
sample_rate: 0.03, expected_batch_size: 128
sample_rate: 0.03, expected_batch_size: 128
initial privacy cost of all clients:  [0, 0, 0, 0, 0, 0, 0, 0, 0, 0]
Round=0
Round=1
Round=2
Round=3
Round=4
Round=5
Round=6
Round=7
Round=8
Round=9
Round=10
Round=11
Round=12
Round=13
Round=14
current privacy cost of all clients:  [0.37555379650408366, 0.3537320706559622, 0.33033357372458066, 0.37555379650408366, 0.279070325668136, 0.3537320706559622, 0.30557517331204553, 0.2169627015110833, 0.30557517331204553, 0.39649964853357994]
Round=14, per client global perf=[0.7725, 0.4902, 0.7882, 0.4946, 0.4995, 0.0, 0.0, 0.0, 0.1824, 0.3176], mean perf=7232/20400 (0.3545%)
Round=14, per client personal perf=[0.9588, 0.9966, 0.9686, 0.998, 0.998, 0.9975, 0.9157, 0.9877, 0.998, 0.777], mean perf=19576/20400 (0.9596%)
Round=14, per client personal pooled=[0.1917, 0.1973, 0.1922, 0.2006, 0.2004, 0.2021, 0.1808, 0.197, 0.2004, 0.1582], mean perf=39181/204000 (0.1921%)
Mean performance of unidp ditto global,  eps=0.5, Perf=0.3284
Mean performance of unidp ditto personal,  eps=0.5, Perf=0.9529
Mean performance of unidp ditto pooled,  eps=0.5, Perf=0.1908
---EPSILON 1 ---
default_sample_rate: 0.03232323232323232
noise_multiplier :  2.12890625
learning rate =  0.001
sample_rate: 0.03, expected_batch_size: 128
sample_rate: 0.03, expected_batch_size: 128
sample_rate: 0.03, expected_batch_size: 128
sample_rate: 0.03, expected_batch_size: 128
sample_rate: 0.03, expected_batch_size: 128
sample_rate: 0.03, expected_batch_size: 128
sample_rate: 0.03, expected_batch_size: 128
sample_rate: 0.03, expected_batch_size: 128
sample_rate: 0.03, expected_batch_size: 128
sample_rate: 0.03, expected_batch_size: 128
initial privacy cost of all clients:  [0, 0, 0, 0, 0, 0, 0, 0, 0, 0]
Round=0
Round=1
Round=2
Round=3
Round=4
Round=5
Round=6
Round=7
Round=8
Round=9
Round=10
Round=11
Round=12
Round=13
Round=14
current privacy cost of all clients:  [0.7653858016873494, 0.7206619146809711, 0.6750386529476061, 0.7653858016873494, 0.5742281727082242, 0.7206619146809711, 0.6260606530260836, 0.4516481465484667, 0.6260606530260836, 0.8052814395900469]
Round=14, per client global perf=[0.7672, 0.6588, 0.8284, 0.4882, 0.4961, 0.0005, 0.0005, 0.0005, 0.2926, 0.3265], mean perf=7873/20400 (0.3859%)
Round=14, per client personal perf=[0.9588, 0.9966, 0.9686, 0.998, 0.998, 0.9975, 0.9157, 0.9877, 0.998, 0.777], mean perf=19576/20400 (0.9596%)
Round=14, per client personal pooled=[0.1917, 0.1973, 0.1922, 0.2006, 0.2004, 0.2021, 0.1808, 0.197, 0.2004, 0.1582], mean perf=39181/204000 (0.1921%)
Mean performance of unidp ditto global,  eps=1.0, Perf=0.3654
Mean performance of unidp ditto personal,  eps=1.0, Perf=0.9529
Mean performance of unidp ditto pooled,  eps=1.0, Perf=0.1908
---EPSILON 4 ---
default_sample_rate: 0.03232323232323232
noise_multiplier :  0.93994140625
learning rate =  0.001
sample_rate: 0.03, expected_batch_size: 128
sample_rate: 0.03, expected_batch_size: 128
sample_rate: 0.03, expected_batch_size: 128
sample_rate: 0.03, expected_batch_size: 128
sample_rate: 0.03, expected_batch_size: 128
sample_rate: 0.03, expected_batch_size: 128
sample_rate: 0.03, expected_batch_size: 128
sample_rate: 0.03, expected_batch_size: 128
sample_rate: 0.03, expected_batch_size: 128
sample_rate: 0.03, expected_batch_size: 128
initial privacy cost of all clients:  [0, 0, 0, 0, 0, 0, 0, 0, 0, 0]
Round=0
Round=1
Round=2
Round=3
Round=4
Round=5
Round=6
Round=7
Round=8
Round=9
Round=10
Round=11
Round=12
Round=13
Round=14
current privacy cost of all clients:  [3.083714743273034, 2.9136136495948044, 2.743512555916575, 3.083714743273034, 2.4033103685601156, 2.9136136495948044, 2.573411462238345, 2.04500887038821, 2.573411462238345, 3.2538158369512633]
Round=14, per client global perf=[0.8034, 0.8142, 0.8284, 0.4387, 0.4485, 0.0289, 0.0005, 0.001, 0.4534, 0.3951], mean perf=8593/20400 (0.4212%)
Round=14, per client personal perf=[0.9588, 0.9966, 0.9686, 0.998, 0.998, 0.9975, 0.9157, 0.9877, 0.998, 0.777], mean perf=19576/20400 (0.9596%)
Round=14, per client personal pooled=[0.1917, 0.1973, 0.1922, 0.2006, 0.2004, 0.2021, 0.1808, 0.197, 0.2004, 0.1582], mean perf=39181/204000 (0.1921%)
Mean performance of unidp ditto global,  eps=4.0, Perf=0.3680
Mean performance of unidp ditto personal,  eps=4.0, Perf=0.9529
Mean performance of unidp ditto pooled,  eps=4.0, Perf=0.1908
---EPSILON 8 ---
default_sample_rate: 0.03232323232323232
noise_multiplier :  0.72021484375
learning rate =  0.001
sample_rate: 0.03, expected_batch_size: 128
sample_rate: 0.03, expected_batch_size: 128
sample_rate: 0.03, expected_batch_size: 128
sample_rate: 0.03, expected_batch_size: 128
sample_rate: 0.03, expected_batch_size: 128
sample_rate: 0.03, expected_batch_size: 128
sample_rate: 0.03, expected_batch_size: 128
sample_rate: 0.03, expected_batch_size: 128
sample_rate: 0.03, expected_batch_size: 128
sample_rate: 0.03, expected_batch_size: 128
initial privacy cost of all clients:  [0, 0, 0, 0, 0, 0, 0, 0, 0, 0]
Round=0
Round=1
Round=2
Round=3
Round=4
Round=5
Round=6
Round=7
Round=8
Round=9
Round=10
Round=11
Round=12
Round=13
Round=14
current privacy cost of all clients:  [6.735473089270566, 6.264765677912597, 5.794058266554629, 6.735473089270566, 4.852643443838692, 6.264765677912597, 5.323350855196661, 3.9112286211227545, 5.323350855196661, 7.167814057514629]
Round=14, per client global perf=[0.7951, 0.8363, 0.8382, 0.426, 0.4343, 0.0368, 0.0069, 0.0127, 0.4328, 0.427], mean perf=8662/20400 (0.4246%)
Round=14, per client personal perf=[0.9588, 0.9966, 0.9686, 0.998, 0.998, 0.9975, 0.9157, 0.9877, 0.998, 0.777], mean perf=19576/20400 (0.9596%)
Round=14, per client personal pooled=[0.1917, 0.1973, 0.1922, 0.2006, 0.2004, 0.2021, 0.1808, 0.197, 0.2004, 0.1582], mean perf=39181/204000 (0.1921%)
Mean performance of unidp ditto global,  eps=8.0, Perf=0.3591
Mean performance of unidp ditto personal,  eps=8.0, Perf=0.9529
Mean performance of unidp ditto pooled,  eps=8.0, Perf=0.1908
---EPSILON 16 ---
default_sample_rate: 0.03232323232323232
noise_multiplier :  0.567169189453125
learning rate =  0.001
sample_rate: 0.03, expected_batch_size: 128
sample_rate: 0.03, expected_batch_size: 128
sample_rate: 0.03, expected_batch_size: 128
sample_rate: 0.03, expected_batch_size: 128
sample_rate: 0.03, expected_batch_size: 128
sample_rate: 0.03, expected_batch_size: 128
sample_rate: 0.03, expected_batch_size: 128
sample_rate: 0.03, expected_batch_size: 128
sample_rate: 0.03, expected_batch_size: 128
sample_rate: 0.03, expected_batch_size: 128
initial privacy cost of all clients:  [0, 0, 0, 0, 0, 0, 0, 0, 0, 0]
Round=0
Round=1
Round=2
Round=3
Round=4
Round=5
Round=6
Round=7
Round=8
Round=9
Round=10
Round=11
Round=12
Round=13
Round=14
current privacy cost of all clients:  [11.80405874178763, 11.105992316907031, 10.407925892026432, 11.80405874178763, 9.011793042265237, 11.105992316907031, 9.709859467145835, 7.6156601925040395, 9.709859467145835, 12.502125166668227]
Round=14, per client global perf=[0.8265, 0.8471, 0.8392, 0.3902, 0.401, 0.0426, 0.0059, 0.0113, 0.4412, 0.4618], mean perf=8704/20400 (0.4267%)
Round=14, per client personal perf=[0.9588, 0.9966, 0.9686, 0.998, 0.998, 0.9975, 0.9157, 0.9877, 0.998, 0.777], mean perf=19576/20400 (0.9596%)
Round=14, per client personal pooled=[0.1917, 0.1973, 0.1922, 0.2006, 0.2004, 0.2021, 0.1808, 0.197, 0.2004, 0.1582], mean perf=39181/204000 (0.1921%)
Mean performance of unidp ditto global,  eps=16.0, Perf=0.3557
Mean performance of unidp ditto personal,  eps=16.0, Perf=0.9529
Mean performance of unidp ditto pooled,  eps=16.0, Perf=0.1908
--- Personal steps: 30 ---
---EPSILON 0 ---
