PARAMS: dataset=cifar10, gpu=0, data_type=niid_10_2, num_steps=30
=== Running reg_param=0 ===
Running seed 42
learning rate =  0.001
Round=0
Round=1
Round=2
Round=3
Round=4
Round=5
Round=6
Round=7
Round=8
Round=9
Round=10
Round=11
Round=12
Round=13
Round=14
Round=14, per client global perf=[0.5382, 0.0, 0.0603, 0.0559, 0.5, 0.4985, 0.5044, 0.0, 0.4971, 0.0], mean perf=1805/6460 (0.2794%)
Round=14, per client personal perf=[0.9103, 0.7765, 0.9162, 0.8647, 0.8985, 0.7779, 0.7338, 0.9235, 0.8779, 1.0], mean perf=5562/6460 (0.8610%)
Round=14, per client personal pooled=[0.3824, 0.1613, 0.2906, 0.2745, 0.372, 0.3232, 0.2701, 0.1467, 0.3604, 0.1588], mean perf=17700/64600 (0.2740%)
All rounds performance of vanilla ditto global, Perf=[0.2613, 0.2613, 0.2613, 0.2613, 0.3545, 0.2613, 0.2711, 0.2613, 0.2613, 0.3164, 0.3454, 0.4378, 0.3655, 0.4382, 0.2794]
Mean performance of vanilla ditto global, Perf=0.3610
All rounds performance of vanilla ditto personal, Perf=[0.4232, 0.5344, 0.5831, 0.7212, 0.7454, 0.7399, 0.7785, 0.7952, 0.7972, 0.7836, 0.8163, 0.8365, 0.828, 0.8265, 0.861]
Mean performance of vanilla ditto personal, Perf=0.8385
All rounds performance of vanilla ditto pooled, Perf=[0.1572, 0.1596, 0.1999, 0.224, 0.234, 0.2491, 0.2468, 0.2601, 0.2643, 0.2505, 0.2605, 0.2626, 0.2698, 0.2708, 0.274]
Mean performance of vanilla ditto pooled, Perf=0.2715
Finished seed 42
----------------------------------------
=== Running reg_param=0.001 ===
Running seed 42
learning rate =  0.001
Round=0
Round=1
Round=2
Round=3
Round=4
Round=5
Round=6
Round=7
Round=8
Round=9
Round=10
Round=11
Round=12
Round=13
Round=14
Round=14, per client global perf=[0.5382, 0.0, 0.0603, 0.0559, 0.5, 0.4985, 0.5044, 0.0, 0.4971, 0.0], mean perf=1805/6460 (0.2794%)
Round=14, per client personal perf=[0.8824, 0.7824, 0.9324, 0.8294, 0.8853, 0.7618, 0.7735, 0.9088, 0.8706, 1.0], mean perf=5526/6460 (0.8554%)
Round=14, per client personal pooled=[0.378, 0.1639, 0.2941, 0.2663, 0.365, 0.3271, 0.2797, 0.1444, 0.3466, 0.1588], mean perf=17597/64600 (0.2724%)
All rounds performance of vanilla ditto global, Perf=[0.2613, 0.2613, 0.2613, 0.2613, 0.3545, 0.2613, 0.2711, 0.2613, 0.2613, 0.3164, 0.3454, 0.4378, 0.3655, 0.4382, 0.2794]
Mean performance of vanilla ditto global, Perf=0.3610
All rounds performance of vanilla ditto personal, Perf=[0.4319, 0.5308, 0.5889, 0.7105, 0.726, 0.7077, 0.758, 0.7842, 0.7723, 0.7854, 0.8111, 0.8293, 0.8251, 0.8259, 0.8554]
Mean performance of vanilla ditto personal, Perf=0.8355
All rounds performance of vanilla ditto pooled, Perf=[0.175, 0.1689, 0.1992, 0.2161, 0.2215, 0.2375, 0.2421, 0.2549, 0.2589, 0.2518, 0.2577, 0.2655, 0.2683, 0.2699, 0.2724]
Mean performance of vanilla ditto pooled, Perf=0.2702
Finished seed 42
----------------------------------------
=== Running reg_param=0.01 ===
Running seed 42
learning rate =  0.001
Round=0
Round=1
Round=2
Round=3
Round=4
Round=5
Round=6
Round=7
Round=8
Round=9
Round=10
Round=11
Round=12
Round=13
Round=14
Round=14, per client global perf=[0.5382, 0.0, 0.0603, 0.0559, 0.5, 0.4985, 0.5044, 0.0, 0.4971, 0.0], mean perf=1805/6460 (0.2794%)
Round=14, per client personal perf=[0.8971, 0.7897, 0.8838, 0.8441, 0.875, 0.7868, 0.7441, 0.9059, 0.8471, 1.0], mean perf=5490/6460 (0.8498%)
Round=14, per client personal pooled=[0.372, 0.1649, 0.2824, 0.2675, 0.3689, 0.3246, 0.2692, 0.143, 0.3632, 0.1588], mean perf=17535/64600 (0.2714%)
All rounds performance of vanilla ditto global, Perf=[0.2613, 0.2613, 0.2613, 0.2613, 0.3545, 0.2613, 0.2711, 0.2613, 0.2613, 0.3164, 0.3454, 0.4378, 0.3655, 0.4382, 0.2794]
Mean performance of vanilla ditto global, Perf=0.3610
All rounds performance of vanilla ditto personal, Perf=[0.4406, 0.5474, 0.5591, 0.6687, 0.6687, 0.7399, 0.7512, 0.7971, 0.7981, 0.7627, 0.8026, 0.8087, 0.8163, 0.7943, 0.8498]
Mean performance of vanilla ditto personal, Perf=0.8201
All rounds performance of vanilla ditto pooled, Perf=[0.1837, 0.1798, 0.1957, 0.2042, 0.2071, 0.2467, 0.2371, 0.2587, 0.2644, 0.2354, 0.2486, 0.2543, 0.2628, 0.2628, 0.2714]
Mean performance of vanilla ditto pooled, Perf=0.2657
Finished seed 42
----------------------------------------
=== Running reg_param=0.1 ===
Running seed 42
learning rate =  0.001
Round=0
Round=1
Round=2
Round=3
Round=4
Round=5
Round=6
Round=7
Round=8
Round=9
Round=10
Round=11
Round=12
Round=13
Round=14
Round=14, per client global perf=[0.5382, 0.0, 0.0603, 0.0559, 0.5, 0.4985, 0.5044, 0.0, 0.4971, 0.0], mean perf=1805/6460 (0.2794%)
Round=14, per client personal perf=[0.8574, 0.7779, 0.8853, 0.8676, 0.875, 0.7721, 0.7324, 0.8706, 0.85, 1.0], mean perf=5432/6460 (0.8409%)
Round=14, per client personal pooled=[0.3582, 0.1611, 0.2808, 0.2785, 0.3664, 0.3276, 0.267, 0.142, 0.3621, 0.1588], mean perf=17458/64600 (0.2702%)
All rounds performance of vanilla ditto global, Perf=[0.2613, 0.2613, 0.2613, 0.2613, 0.3545, 0.2613, 0.2711, 0.2613, 0.2613, 0.3164, 0.3454, 0.4378, 0.3655, 0.4382, 0.2794]
Mean performance of vanilla ditto global, Perf=0.3610
All rounds performance of vanilla ditto personal, Perf=[0.4248, 0.5297, 0.5266, 0.6023, 0.6576, 0.7491, 0.752, 0.7879, 0.7839, 0.7807, 0.8124, 0.8195, 0.8223, 0.8215, 0.8409]
Mean performance of vanilla ditto personal, Perf=0.8282
All rounds performance of vanilla ditto pooled, Perf=[0.157, 0.1738, 0.1732, 0.1778, 0.2017, 0.2507, 0.2381, 0.2572, 0.2634, 0.2472, 0.2548, 0.2609, 0.2652, 0.2671, 0.2702]
Mean performance of vanilla ditto pooled, Perf=0.2675
Finished seed 42
----------------------------------------
=== Running reg_param=1.0 ===
Running seed 42
learning rate =  0.001
Round=0
Round=1
Round=2
Round=3
Round=4
Round=5
Round=6
Round=7
Round=8
Round=9
Round=10
Round=11
Round=12
Round=13
Round=14
Round=14, per client global perf=[0.5382, 0.0, 0.0603, 0.0559, 0.5, 0.4985, 0.5044, 0.0, 0.4971, 0.0], mean perf=1805/6460 (0.2794%)
Round=14, per client personal perf=[0.8559, 0.675, 0.9206, 0.8794, 0.8662, 0.7221, 0.6985, 0.8147, 0.8324, 1.0], mean perf=5280/6460 (0.8173%)
Round=14, per client personal pooled=[0.3579, 0.1389, 0.2907, 0.2793, 0.3567, 0.3146, 0.2389, 0.1353, 0.3554, 0.1588], mean perf=16966/64600 (0.2626%)
All rounds performance of vanilla ditto global, Perf=[0.2613, 0.2613, 0.2613, 0.2613, 0.3545, 0.2613, 0.2711, 0.2613, 0.2613, 0.3164, 0.3454, 0.4378, 0.3655, 0.4382, 0.2794]
Mean performance of vanilla ditto global, Perf=0.3610
All rounds performance of vanilla ditto personal, Perf=[0.4207, 0.5279, 0.5249, 0.542, 0.591, 0.7029, 0.7313, 0.7577, 0.758, 0.7611, 0.7656, 0.7828, 0.7868, 0.7885, 0.8173]
Mean performance of vanilla ditto personal, Perf=0.7975
All rounds performance of vanilla ditto pooled, Perf=[0.1513, 0.1737, 0.1732, 0.1643, 0.1786, 0.2343, 0.2299, 0.2509, 0.256, 0.2383, 0.2411, 0.2505, 0.2518, 0.2574, 0.2626]
Mean performance of vanilla ditto pooled, Perf=0.2573
Finished seed 42
----------------------------------------
=== Running reg_param=5 ===
Running seed 42
learning rate =  0.001
Round=0
Round=1
Round=2
Round=3
Round=4
Round=5
Round=6
Round=7
Round=8
Round=9
Round=10
Round=11
Round=12
Round=13
Round=14
Round=14, per client global perf=[0.5382, 0.0, 0.0603, 0.0559, 0.5, 0.4985, 0.5044, 0.0, 0.4971, 0.0], mean perf=1805/6460 (0.2794%)
Round=14, per client personal perf=[0.7912, 0.5647, 0.9088, 0.8662, 0.8235, 0.7191, 0.6853, 0.7838, 0.8235, 0.9971], mean perf=5076/6460 (0.7858%)
Round=14, per client personal pooled=[0.3591, 0.1515, 0.3735, 0.2759, 0.3542, 0.3102, 0.252, 0.1841, 0.3542, 0.1885], mean perf=18109/64600 (0.2803%)
All rounds performance of vanilla ditto global, Perf=[0.2613, 0.2613, 0.2613, 0.2613, 0.3545, 0.2613, 0.2711, 0.2613, 0.2613, 0.3164, 0.3454, 0.4378, 0.3655, 0.4382, 0.2794]
Mean performance of vanilla ditto global, Perf=0.3610
All rounds performance of vanilla ditto personal, Perf=[0.4248, 0.5297, 0.5266, 0.5429, 0.6033, 0.7037, 0.7163, 0.6978, 0.743, 0.75, 0.7548, 0.7457, 0.7743, 0.7745, 0.7858]
Mean performance of vanilla ditto personal, Perf=0.7782
All rounds performance of vanilla ditto pooled, Perf=[0.157, 0.1738, 0.1732, 0.1643, 0.1885, 0.2357, 0.2244, 0.2399, 0.2493, 0.2358, 0.2405, 0.2475, 0.2576, 0.2789, 0.2803]
Mean performance of vanilla ditto pooled, Perf=0.2723
Finished seed 42
----------------------------------------
=== Running reg_param=10 ===
Running seed 42
learning rate =  0.001
Round=0
Round=1
Round=2
Round=3
Round=4
Round=5
Round=6
Round=7
Round=8
Round=9
Round=10
Round=11
Round=12
Round=13
Round=14
Round=14, per client global perf=[0.5382, 0.0, 0.0603, 0.0559, 0.5, 0.4985, 0.5044, 0.0, 0.4971, 0.0], mean perf=1805/6460 (0.2794%)
Round=14, per client personal perf=[0.7574, 0.55, 0.8912, 0.8618, 0.8191, 0.7132, 0.6824, 0.7779, 0.8279, 0.9882], mean perf=5015/6460 (0.7763%)
Round=14, per client personal pooled=[0.3475, 0.2622, 0.4033, 0.3053, 0.3534, 0.3132, 0.2659, 0.1861, 0.3543, 0.2401], mean perf=19582/64600 (0.3031%)
All rounds performance of vanilla ditto global, Perf=[0.2613, 0.2613, 0.2613, 0.2613, 0.3545, 0.2613, 0.2711, 0.2613, 0.2613, 0.3164, 0.3454, 0.4378, 0.3655, 0.4382, 0.2794]
Mean performance of vanilla ditto global, Perf=0.3610
All rounds performance of vanilla ditto personal, Perf=[0.4248, 0.5296, 0.5266, 0.5777, 0.6265, 0.709, 0.7303, 0.7048, 0.739, 0.7467, 0.7577, 0.7314, 0.7717, 0.7782, 0.7763]
Mean performance of vanilla ditto personal, Perf=0.7754
All rounds performance of vanilla ditto pooled, Perf=[0.157, 0.1637, 0.1732, 0.1841, 0.2012, 0.2386, 0.2315, 0.2405, 0.2635, 0.2487, 0.2596, 0.2646, 0.2771, 0.3032, 0.3031]
Mean performance of vanilla ditto pooled, Perf=0.2945
Finished seed 42
----------------------------------------
=== Running reg_param=15 ===
Running seed 42
learning rate =  0.001
Round=0
Round=1
Round=2
Round=3
Round=4
Round=5
Round=6
Round=7
Round=8
Round=9
Round=10
Round=11
Round=12
Round=13
Round=14
Round=14, per client global perf=[0.5382, 0.0, 0.0603, 0.0559, 0.5, 0.4985, 0.5044, 0.0, 0.4971, 0.0], mean perf=1805/6460 (0.2794%)
Round=14, per client personal perf=[0.7824, 0.5353, 0.8868, 0.8603, 0.8162, 0.7103, 0.6897, 0.6397, 0.8279, 0.9882], mean perf=4925/6460 (0.7624%)
Round=14, per client personal pooled=[0.355, 0.3111, 0.4127, 0.324, 0.3533, 0.3475, 0.2762, 0.3257, 0.3663, 0.2724], mean perf=21603/64600 (0.3344%)
All rounds performance of vanilla ditto global, Perf=[0.2613, 0.2613, 0.2613, 0.2613, 0.3545, 0.2613, 0.2711, 0.2613, 0.2613, 0.3164, 0.3454, 0.4378, 0.3655, 0.4382, 0.2794]
Mean performance of vanilla ditto global, Perf=0.3610
All rounds performance of vanilla ditto personal, Perf=[0.4248, 0.53, 0.5276, 0.5916, 0.6372, 0.7111, 0.7367, 0.7003, 0.7176, 0.7279, 0.7598, 0.7255, 0.7672, 0.7755, 0.7624]
Mean performance of vanilla ditto personal, Perf=0.7684
All rounds performance of vanilla ditto pooled, Perf=[0.157, 0.1533, 0.1736, 0.1993, 0.2112, 0.2409, 0.2362, 0.2463, 0.2756, 0.2726, 0.2846, 0.2836, 0.2943, 0.3178, 0.3344]
Mean performance of vanilla ditto pooled, Perf=0.3155
Finished seed 42
----------------------------------------
=== Running reg_param=20 ===
Running seed 42
learning rate =  0.001
Round=0
Round=1
Round=2
Round=3
Round=4
Round=5
Round=6
Round=7
Round=8
Round=9
Round=10
Round=11
Round=12
Round=13
Round=14
Round=14, per client global perf=[0.5382, 0.0, 0.0603, 0.0559, 0.5, 0.4985, 0.5044, 0.0, 0.4971, 0.0], mean perf=1805/6460 (0.2794%)
Round=14, per client personal perf=[0.7926, 0.5147, 0.8882, 0.8618, 0.8206, 0.7044, 0.6912, 0.5735, 0.8309, 0.9853], mean perf=4876/6460 (0.7548%)
Round=14, per client personal pooled=[0.3571, 0.3361, 0.4214, 0.3399, 0.3782, 0.3602, 0.2978, 0.3438, 0.3912, 0.2923], mean perf=22726/64600 (0.3518%)
All rounds performance of vanilla ditto global, Perf=[0.2613, 0.2613, 0.2613, 0.2613, 0.3545, 0.2613, 0.2711, 0.2613, 0.2613, 0.3164, 0.3454, 0.4378, 0.3655, 0.4382, 0.2794]
Mean performance of vanilla ditto global, Perf=0.3610
All rounds performance of vanilla ditto personal, Perf=[0.4248, 0.53, 0.5398, 0.5582, 0.6387, 0.7127, 0.7358, 0.6906, 0.6978, 0.7215, 0.7498, 0.7226, 0.7624, 0.763, 0.7548]
Mean performance of vanilla ditto personal, Perf=0.7601
All rounds performance of vanilla ditto pooled, Perf=[0.157, 0.1533, 0.1811, 0.1983, 0.2188, 0.2422, 0.2425, 0.2596, 0.2815, 0.2867, 0.3082, 0.2941, 0.3051, 0.3289, 0.3518]
Mean performance of vanilla ditto pooled, Perf=0.3286
Finished seed 42
----------------------------------------
