PARAMS: dataset=fashion_mnist, gpu=0, data_type=niid_dir_1, num_steps=15
=== Running epsilon=0.1 ===
=== Running reg_param=0 ===
Running seed 42
default_sample_rate: 0.13403141361256546
noise_multiplier :  60.0
learning rate =  0.001
sample_rate: 0.13, expected_batch_size: 578
sample_rate: 0.13, expected_batch_size: 1204
sample_rate: 0.13, expected_batch_size: 409
sample_rate: 0.13, expected_batch_size: 128
sample_rate: 0.13, expected_batch_size: 759
sample_rate: 0.13, expected_batch_size: 882
sample_rate: 0.13, expected_batch_size: 215
sample_rate: 0.13, expected_batch_size: 177
sample_rate: 0.13, expected_batch_size: 519
sample_rate: 0.13, expected_batch_size: 431
initial privacy cost of all clients:  [0, 0, 0, 0, 0, 0, 0, 0, 0, 0]
Round=0
Round=1
Round=2
Round=3
Round=4
Round=5
Round=6
Round=7
Round=8
Round=9
Round=10
Round=11
Round=12
Round=13
Round=14
current privacy cost of all clients:  [0.0639026785264924, 0.0639026785264924, 0.049026453624820776, 0.059239773821371106, 0.06831672425135385, 0.0639026785264924, 0.06831672425135385, 0.072528356162211, 0.07652508136815284, 0.05431091262669493]
Round=14, per client global perf=[0.1677, 0.5747, 0.0477, 0.0791, 0.3816, 0.678, 0.4855, 0.0365, 0.1787, 0.0271], mean perf=7392/20405 (0.3623%)
Round=14, per client personal perf=[0.9065, 0.9555, 0.9542, 0.9574, 0.8585, 0.8219, 0.9313, 0.9722, 0.989, 0.9669], mean perf=18728/20405 (0.9178%)
Round=14, per client personal pooled=[0.3457, 0.3852, 0.1083, 0.4592, 0.2763, 0.3675, 0.3735, 0.2913, 0.2097, 0.099], mean perf=59491/204050 (0.2916%)
Mean performance of unidp ditto global,  eps=0.1, Perf=0.2793
Mean performance of unidp ditto personal,  eps=0.1, Perf=0.9158
Mean performance of unidp ditto pooled,  eps=0.1, Perf=0.2883
Finished seed 42
----------------------------------------
=== Running reg_param=0.001 ===
Running seed 42
default_sample_rate: 0.13403141361256546
noise_multiplier :  60.0
learning rate =  0.001
sample_rate: 0.13, expected_batch_size: 578
sample_rate: 0.13, expected_batch_size: 1204
sample_rate: 0.13, expected_batch_size: 409
sample_rate: 0.13, expected_batch_size: 128
sample_rate: 0.13, expected_batch_size: 759
sample_rate: 0.13, expected_batch_size: 882
sample_rate: 0.13, expected_batch_size: 215
sample_rate: 0.13, expected_batch_size: 177
sample_rate: 0.13, expected_batch_size: 519
sample_rate: 0.13, expected_batch_size: 431
initial privacy cost of all clients:  [0, 0, 0, 0, 0, 0, 0, 0, 0, 0]
Round=0
Round=1
Round=2
Round=3
Round=4
Round=5
Round=6
Round=7
Round=8
Round=9
Round=10
Round=11
Round=12
Round=13
Round=14
current privacy cost of all clients:  [0.0639026785264924, 0.0639026785264924, 0.049026453624820776, 0.059239773821371106, 0.06831672425135385, 0.0639026785264924, 0.06831672425135385, 0.072528356162211, 0.07652508136815284, 0.05431091262669493]
Round=14, per client global perf=[0.1677, 0.5747, 0.0477, 0.0791, 0.3816, 0.678, 0.4855, 0.0365, 0.1787, 0.0271], mean perf=7392/20405 (0.3623%)
Round=14, per client personal perf=[0.9069, 0.9555, 0.9638, 0.9574, 0.8589, 0.8204, 0.9301, 0.9722, 0.9895, 0.9669], mean perf=18740/20405 (0.9184%)
Round=14, per client personal pooled=[0.349, 0.3948, 0.1222, 0.4667, 0.275, 0.3658, 0.3728, 0.2919, 0.2063, 0.099], mean perf=60062/204050 (0.2943%)
Mean performance of unidp ditto global,  eps=0.1, Perf=0.2793
Mean performance of unidp ditto personal,  eps=0.1, Perf=0.9162
Mean performance of unidp ditto pooled,  eps=0.1, Perf=0.2896
Finished seed 42
----------------------------------------
=== Running reg_param=0.01 ===
Running seed 42
default_sample_rate: 0.13403141361256546
noise_multiplier :  60.0
learning rate =  0.001
sample_rate: 0.13, expected_batch_size: 578
sample_rate: 0.13, expected_batch_size: 1204
sample_rate: 0.13, expected_batch_size: 409
sample_rate: 0.13, expected_batch_size: 128
sample_rate: 0.13, expected_batch_size: 759
sample_rate: 0.13, expected_batch_size: 882
sample_rate: 0.13, expected_batch_size: 215
sample_rate: 0.13, expected_batch_size: 177
sample_rate: 0.13, expected_batch_size: 519
sample_rate: 0.13, expected_batch_size: 431
initial privacy cost of all clients:  [0, 0, 0, 0, 0, 0, 0, 0, 0, 0]
Round=0
Round=1
Round=2
Round=3
Round=4
Round=5
Round=6
Round=7
Round=8
Round=9
Round=10
Round=11
Round=12
Round=13
Round=14
current privacy cost of all clients:  [0.0639026785264924, 0.0639026785264924, 0.049026453624820776, 0.059239773821371106, 0.06831672425135385, 0.0639026785264924, 0.06831672425135385, 0.072528356162211, 0.07652508136815284, 0.05431091262669493]
Round=14, per client global perf=[0.1677, 0.5747, 0.0477, 0.0791, 0.3816, 0.678, 0.4855, 0.0365, 0.1787, 0.0271], mean perf=7392/20405 (0.3623%)
Round=14, per client personal perf=[0.9042, 0.9534, 0.9638, 0.9574, 0.8582, 0.8225, 0.9337, 0.9708, 0.989, 0.9675], mean perf=18731/20405 (0.9180%)
Round=14, per client personal pooled=[0.342, 0.3865, 0.1223, 0.4721, 0.2759, 0.3611, 0.3718, 0.2928, 0.1599, 0.0991], mean perf=58836/204050 (0.2883%)
Mean performance of unidp ditto global,  eps=0.1, Perf=0.2793
Mean performance of unidp ditto personal,  eps=0.1, Perf=0.9156
Mean performance of unidp ditto pooled,  eps=0.1, Perf=0.2840
Finished seed 42
----------------------------------------
=== Running reg_param=0.1 ===
Running seed 42
default_sample_rate: 0.13403141361256546
noise_multiplier :  60.0
learning rate =  0.001
sample_rate: 0.13, expected_batch_size: 578
sample_rate: 0.13, expected_batch_size: 1204
sample_rate: 0.13, expected_batch_size: 409
sample_rate: 0.13, expected_batch_size: 128
sample_rate: 0.13, expected_batch_size: 759
sample_rate: 0.13, expected_batch_size: 882
sample_rate: 0.13, expected_batch_size: 215
sample_rate: 0.13, expected_batch_size: 177
sample_rate: 0.13, expected_batch_size: 519
sample_rate: 0.13, expected_batch_size: 431
initial privacy cost of all clients:  [0, 0, 0, 0, 0, 0, 0, 0, 0, 0]
Round=0
Round=1
Round=2
Round=3
Round=4
Round=5
Round=6
Round=7
Round=8
Round=9
Round=10
Round=11
Round=12
Round=13
Round=14
current privacy cost of all clients:  [0.0639026785264924, 0.0639026785264924, 0.049026453624820776, 0.059239773821371106, 0.06831672425135385, 0.0639026785264924, 0.06831672425135385, 0.072528356162211, 0.07652508136815284, 0.05431091262669493]
Round=14, per client global perf=[0.1677, 0.5747, 0.0477, 0.0791, 0.3816, 0.678, 0.4855, 0.0365, 0.1787, 0.0271], mean perf=7392/20405 (0.3623%)
Round=14, per client personal perf=[0.888, 0.9316, 0.9523, 0.9594, 0.8571, 0.8163, 0.906, 0.9649, 0.9905, 0.9669], mean perf=18528/20405 (0.9080%)
Round=14, per client personal pooled=[0.3335, 0.3283, 0.1044, 0.4626, 0.2753, 0.3781, 0.3676, 0.2914, 0.2307, 0.099], mean perf=58578/204050 (0.2871%)
Mean performance of unidp ditto global,  eps=0.1, Perf=0.2793
Mean performance of unidp ditto personal,  eps=0.1, Perf=0.9089
Mean performance of unidp ditto pooled,  eps=0.1, Perf=0.2840
Finished seed 42
----------------------------------------
=== Running reg_param=1.0 ===
Running seed 42
default_sample_rate: 0.13403141361256546
noise_multiplier :  60.0
learning rate =  0.001
sample_rate: 0.13, expected_batch_size: 578
sample_rate: 0.13, expected_batch_size: 1204
sample_rate: 0.13, expected_batch_size: 409
sample_rate: 0.13, expected_batch_size: 128
sample_rate: 0.13, expected_batch_size: 759
sample_rate: 0.13, expected_batch_size: 882
sample_rate: 0.13, expected_batch_size: 215
sample_rate: 0.13, expected_batch_size: 177
sample_rate: 0.13, expected_batch_size: 519
sample_rate: 0.13, expected_batch_size: 431
initial privacy cost of all clients:  [0, 0, 0, 0, 0, 0, 0, 0, 0, 0]
Round=0
Round=1
Round=2
Round=3
Round=4
Round=5
Round=6
Round=7
Round=8
Round=9
Round=10
Round=11
Round=12
Round=13
Round=14
current privacy cost of all clients:  [0.0639026785264924, 0.0639026785264924, 0.049026453624820776, 0.059239773821371106, 0.06831672425135385, 0.0639026785264924, 0.06831672425135385, 0.072528356162211, 0.07652508136815284, 0.05431091262669493]
Round=14, per client global perf=[0.1677, 0.5747, 0.0477, 0.0791, 0.3816, 0.678, 0.4855, 0.0365, 0.1787, 0.0271], mean perf=7392/20405 (0.3623%)
Round=14, per client personal perf=[0.8557, 0.8936, 0.9498, 0.9128, 0.8215, 0.7865, 0.8759, 0.9371, 0.99, 0.9669], mean perf=18003/20405 (0.8823%)
Round=14, per client personal pooled=[0.3022, 0.2812, 0.1004, 0.3817, 0.2396, 0.2841, 0.3519, 0.284, 0.1651, 0.099], mean perf=50793/204050 (0.2489%)
Mean performance of unidp ditto global,  eps=0.1, Perf=0.2793
Mean performance of unidp ditto personal,  eps=0.1, Perf=0.8803
Mean performance of unidp ditto pooled,  eps=0.1, Perf=0.2467
Finished seed 42
----------------------------------------
=== Running reg_param=10 ===
Running seed 42
default_sample_rate: 0.13403141361256546
noise_multiplier :  60.0
learning rate =  0.001
sample_rate: 0.13, expected_batch_size: 578
sample_rate: 0.13, expected_batch_size: 1204
sample_rate: 0.13, expected_batch_size: 409
sample_rate: 0.13, expected_batch_size: 128
sample_rate: 0.13, expected_batch_size: 759
sample_rate: 0.13, expected_batch_size: 882
sample_rate: 0.13, expected_batch_size: 215
sample_rate: 0.13, expected_batch_size: 177
sample_rate: 0.13, expected_batch_size: 519
sample_rate: 0.13, expected_batch_size: 431
initial privacy cost of all clients:  [0, 0, 0, 0, 0, 0, 0, 0, 0, 0]
Round=0
Round=1
Round=2
Round=3
Round=4
Round=5
Round=6
Round=7
Round=8
Round=9
Round=10
Round=11
Round=12
Round=13
Round=14
current privacy cost of all clients:  [0.0639026785264924, 0.0639026785264924, 0.049026453624820776, 0.059239773821371106, 0.06831672425135385, 0.0639026785264924, 0.06831672425135385, 0.072528356162211, 0.07652508136815284, 0.05431091262669493]
Round=14, per client global perf=[0.1677, 0.5747, 0.0477, 0.0791, 0.3816, 0.678, 0.4855, 0.0365, 0.1787, 0.0271], mean perf=7392/20405 (0.3623%)
Round=14, per client personal perf=[0.8255, 0.7852, 0.9498, 0.7972, 0.7811, 0.6196, 0.8434, 0.9137, 0.99, 0.9669], mean perf=16650/20405 (0.8160%)
Round=14, per client personal pooled=[0.2652, 0.248, 0.1004, 0.2376, 0.2135, 0.1611, 0.3255, 0.2691, 0.163, 0.099], mean perf=42495/204050 (0.2083%)
Mean performance of unidp ditto global,  eps=0.1, Perf=0.2793
Mean performance of unidp ditto personal,  eps=0.1, Perf=0.8118
Mean performance of unidp ditto pooled,  eps=0.1, Perf=0.2017
Finished seed 42
----------------------------------------
=== Running epsilon=0.5 ===
=== Running reg_param=0 ===
Running seed 42
default_sample_rate: 0.13403141361256546
noise_multiplier :  14.6875
learning rate =  0.001
sample_rate: 0.13, expected_batch_size: 578
sample_rate: 0.13, expected_batch_size: 1204
sample_rate: 0.13, expected_batch_size: 409
sample_rate: 0.13, expected_batch_size: 128
sample_rate: 0.13, expected_batch_size: 759
sample_rate: 0.13, expected_batch_size: 882
sample_rate: 0.13, expected_batch_size: 215
sample_rate: 0.13, expected_batch_size: 177
sample_rate: 0.13, expected_batch_size: 519
sample_rate: 0.13, expected_batch_size: 431
initial privacy cost of all clients:  [0, 0, 0, 0, 0, 0, 0, 0, 0, 0]
Round=0
Round=1
Round=2
Round=3
Round=4
Round=5
Round=6
Round=7
Round=8
Round=9
Round=10
Round=11
Round=12
Round=13
Round=14
current privacy cost of all clients:  [0.3543919228661569, 0.3543919228661569, 0.2784647634971879, 0.33085755970893405, 0.37664297426474164, 0.3543919228661569, 0.37664297426474164, 0.3980875614263647, 0.4184928926573577, 0.30569269862844334]
Round=14, per client global perf=[0.4469, 0.7785, 0.0496, 0.1805, 0.532, 0.611, 0.6904, 0.2895, 0.1031, 0.0271], mean perf=9414/20405 (0.4614%)
Round=14, per client personal perf=[0.9065, 0.9555, 0.9542, 0.9574, 0.8585, 0.8219, 0.9313, 0.9722, 0.989, 0.9669], mean perf=18728/20405 (0.9178%)
Round=14, per client personal pooled=[0.3457, 0.3852, 0.1083, 0.4592, 0.2763, 0.3675, 0.3735, 0.2913, 0.2097, 0.099], mean perf=59491/204050 (0.2916%)
Mean performance of unidp ditto global,  eps=0.5, Perf=0.4274
Mean performance of unidp ditto personal,  eps=0.5, Perf=0.9158
Mean performance of unidp ditto pooled,  eps=0.5, Perf=0.2883
Finished seed 42
----------------------------------------
=== Running reg_param=0.001 ===
Running seed 42
default_sample_rate: 0.13403141361256546
noise_multiplier :  14.6875
learning rate =  0.001
sample_rate: 0.13, expected_batch_size: 578
sample_rate: 0.13, expected_batch_size: 1204
sample_rate: 0.13, expected_batch_size: 409
sample_rate: 0.13, expected_batch_size: 128
sample_rate: 0.13, expected_batch_size: 759
sample_rate: 0.13, expected_batch_size: 882
sample_rate: 0.13, expected_batch_size: 215
sample_rate: 0.13, expected_batch_size: 177
sample_rate: 0.13, expected_batch_size: 519
sample_rate: 0.13, expected_batch_size: 431
initial privacy cost of all clients:  [0, 0, 0, 0, 0, 0, 0, 0, 0, 0]
Round=0
Round=1
Round=2
Round=3
Round=4
Round=5
Round=6
Round=7
Round=8
Round=9
Round=10
Round=11
Round=12
Round=13
Round=14
current privacy cost of all clients:  [0.3543919228661569, 0.3543919228661569, 0.2784647634971879, 0.33085755970893405, 0.37664297426474164, 0.3543919228661569, 0.37664297426474164, 0.3980875614263647, 0.4184928926573577, 0.30569269862844334]
Round=14, per client global perf=[0.4469, 0.7785, 0.0496, 0.1805, 0.532, 0.611, 0.6904, 0.2895, 0.1031, 0.0271], mean perf=9414/20405 (0.4614%)
Round=14, per client personal perf=[0.9132, 0.957, 0.9688, 0.9574, 0.8592, 0.8201, 0.9277, 0.9693, 0.991, 0.9681], mean perf=18770/20405 (0.9199%)
Round=14, per client personal pooled=[0.3484, 0.3957, 0.1362, 0.4669, 0.2764, 0.3661, 0.3716, 0.2909, 0.1755, 0.1019], mean perf=59779/204050 (0.2930%)
Mean performance of unidp ditto global,  eps=0.5, Perf=0.4274
Mean performance of unidp ditto personal,  eps=0.5, Perf=0.9171
Mean performance of unidp ditto pooled,  eps=0.5, Perf=0.2892
Finished seed 42
----------------------------------------
=== Running reg_param=0.01 ===
Running seed 42
default_sample_rate: 0.13403141361256546
noise_multiplier :  14.6875
learning rate =  0.001
sample_rate: 0.13, expected_batch_size: 578
sample_rate: 0.13, expected_batch_size: 1204
sample_rate: 0.13, expected_batch_size: 409
sample_rate: 0.13, expected_batch_size: 128
sample_rate: 0.13, expected_batch_size: 759
sample_rate: 0.13, expected_batch_size: 882
sample_rate: 0.13, expected_batch_size: 215
sample_rate: 0.13, expected_batch_size: 177
sample_rate: 0.13, expected_batch_size: 519
sample_rate: 0.13, expected_batch_size: 431
initial privacy cost of all clients:  [0, 0, 0, 0, 0, 0, 0, 0, 0, 0]
Round=0
Round=1
Round=2
Round=3
Round=4
Round=5
Round=6
Round=7
Round=8
Round=9
Round=10
Round=11
Round=12
Round=13
Round=14
current privacy cost of all clients:  [0.3543919228661569, 0.3543919228661569, 0.2784647634971879, 0.33085755970893405, 0.37664297426474164, 0.3543919228661569, 0.37664297426474164, 0.3980875614263647, 0.4184928926573577, 0.30569269862844334]
Round=14, per client global perf=[0.4469, 0.7785, 0.0496, 0.1805, 0.532, 0.611, 0.6904, 0.2895, 0.1031, 0.0271], mean perf=9414/20405 (0.4614%)
Round=14, per client personal perf=[0.9038, 0.9547, 0.9733, 0.9594, 0.8582, 0.8266, 0.9301, 0.9722, 0.991, 0.9669], mean perf=18767/20405 (0.9197%)
Round=14, per client personal pooled=[0.3411, 0.3903, 0.1509, 0.4719, 0.2757, 0.3946, 0.3713, 0.3172, 0.1696, 0.099], mean perf=60840/204050 (0.2982%)
Mean performance of unidp ditto global,  eps=0.5, Perf=0.4274
Mean performance of unidp ditto personal,  eps=0.5, Perf=0.9174
Mean performance of unidp ditto pooled,  eps=0.5, Perf=0.2929
Finished seed 42
----------------------------------------
=== Running reg_param=0.1 ===
Running seed 42
default_sample_rate: 0.13403141361256546
noise_multiplier :  14.6875
learning rate =  0.001
sample_rate: 0.13, expected_batch_size: 578
sample_rate: 0.13, expected_batch_size: 1204
sample_rate: 0.13, expected_batch_size: 409
sample_rate: 0.13, expected_batch_size: 128
sample_rate: 0.13, expected_batch_size: 759
sample_rate: 0.13, expected_batch_size: 882
sample_rate: 0.13, expected_batch_size: 215
sample_rate: 0.13, expected_batch_size: 177
sample_rate: 0.13, expected_batch_size: 519
sample_rate: 0.13, expected_batch_size: 431
initial privacy cost of all clients:  [0, 0, 0, 0, 0, 0, 0, 0, 0, 0]
Round=0
Round=1
Round=2
Round=3
Round=4
Round=5
Round=6
Round=7
Round=8
Round=9
Round=10
Round=11
Round=12
Round=13
Round=14
current privacy cost of all clients:  [0.3543919228661569, 0.3543919228661569, 0.2784647634971879, 0.33085755970893405, 0.37664297426474164, 0.3543919228661569, 0.37664297426474164, 0.3980875614263647, 0.4184928926573577, 0.30569269862844334]
Round=14, per client global perf=[0.4469, 0.7785, 0.0496, 0.1805, 0.532, 0.611, 0.6904, 0.2895, 0.1031, 0.0271], mean perf=9414/20405 (0.4614%)
Round=14, per client personal perf=[0.8889, 0.9277, 0.9822, 0.9594, 0.8561, 0.813, 0.8988, 0.9532, 0.988, 0.9669], mean perf=18526/20405 (0.9079%)
Round=14, per client personal pooled=[0.3382, 0.3248, 0.1721, 0.4614, 0.2764, 0.3807, 0.371, 0.2888, 0.2579, 0.099], mean perf=60609/204050 (0.2970%)
Mean performance of unidp ditto global,  eps=0.5, Perf=0.4274
Mean performance of unidp ditto personal,  eps=0.5, Perf=0.9102
Mean performance of unidp ditto pooled,  eps=0.5, Perf=0.2966
Finished seed 42
----------------------------------------
=== Running reg_param=1.0 ===
Running seed 42
default_sample_rate: 0.13403141361256546
noise_multiplier :  14.6875
learning rate =  0.001
sample_rate: 0.13, expected_batch_size: 578
sample_rate: 0.13, expected_batch_size: 1204
sample_rate: 0.13, expected_batch_size: 409
sample_rate: 0.13, expected_batch_size: 128
sample_rate: 0.13, expected_batch_size: 759
sample_rate: 0.13, expected_batch_size: 882
sample_rate: 0.13, expected_batch_size: 215
sample_rate: 0.13, expected_batch_size: 177
sample_rate: 0.13, expected_batch_size: 519
sample_rate: 0.13, expected_batch_size: 431
initial privacy cost of all clients:  [0, 0, 0, 0, 0, 0, 0, 0, 0, 0]
Round=0
Round=1
Round=2
Round=3
Round=4
Round=5
Round=6
Round=7
Round=8
Round=9
Round=10
Round=11
Round=12
Round=13
Round=14
current privacy cost of all clients:  [0.3543919228661569, 0.3543919228661569, 0.2784647634971879, 0.33085755970893405, 0.37664297426474164, 0.3543919228661569, 0.37664297426474164, 0.3980875614263647, 0.4184928926573577, 0.30569269862844334]
Round=14, per client global perf=[0.4469, 0.7785, 0.0496, 0.1805, 0.532, 0.611, 0.6904, 0.2895, 0.1031, 0.0271], mean perf=9414/20405 (0.4614%)
Round=14, per client personal perf=[0.8624, 0.8931, 0.9485, 0.9331, 0.8376, 0.7897, 0.8771, 0.9401, 0.991, 0.9669], mean perf=18087/20405 (0.8864%)
Round=14, per client personal pooled=[0.3198, 0.2859, 0.105, 0.4092, 0.291, 0.3662, 0.3593, 0.2899, 0.3282, 0.1063], mean perf=58372/204050 (0.2861%)
Mean performance of unidp ditto global,  eps=0.5, Perf=0.4274
Mean performance of unidp ditto personal,  eps=0.5, Perf=0.8852
Mean performance of unidp ditto pooled,  eps=0.5, Perf=0.2882
Finished seed 42
----------------------------------------
=== Running reg_param=10 ===
Running seed 42
default_sample_rate: 0.13403141361256546
noise_multiplier :  14.6875
learning rate =  0.001
sample_rate: 0.13, expected_batch_size: 578
sample_rate: 0.13, expected_batch_size: 1204
sample_rate: 0.13, expected_batch_size: 409
sample_rate: 0.13, expected_batch_size: 128
sample_rate: 0.13, expected_batch_size: 759
sample_rate: 0.13, expected_batch_size: 882
sample_rate: 0.13, expected_batch_size: 215
sample_rate: 0.13, expected_batch_size: 177
sample_rate: 0.13, expected_batch_size: 519
sample_rate: 0.13, expected_batch_size: 431
initial privacy cost of all clients:  [0, 0, 0, 0, 0, 0, 0, 0, 0, 0]
Round=0
Round=1
Round=2
Round=3
Round=4
Round=5
Round=6
Round=7
Round=8
Round=9
Round=10
Round=11
Round=12
Round=13
Round=14
current privacy cost of all clients:  [0.3543919228661569, 0.3543919228661569, 0.2784647634971879, 0.33085755970893405, 0.37664297426474164, 0.3543919228661569, 0.37664297426474164, 0.3980875614263647, 0.4184928926573577, 0.30569269862844334]
Round=14, per client global perf=[0.4469, 0.7785, 0.0496, 0.1805, 0.532, 0.611, 0.6904, 0.2895, 0.1031, 0.0271], mean perf=9414/20405 (0.4614%)
Round=14, per client personal perf=[0.8615, 0.8543, 0.946, 0.9108, 0.8232, 0.7594, 0.8747, 0.9254, 0.989, 0.9675], mean perf=17730/20405 (0.8689%)
Round=14, per client personal pooled=[0.3218, 0.3596, 0.1442, 0.4154, 0.3367, 0.3525, 0.3496, 0.2909, 0.3189, 0.2174], mean perf=63399/204050 (0.3107%)
Mean performance of unidp ditto global,  eps=0.5, Perf=0.4274
Mean performance of unidp ditto personal,  eps=0.5, Perf=0.8695
Mean performance of unidp ditto pooled,  eps=0.5, Perf=0.3101
Finished seed 42
----------------------------------------
=== Running epsilon=1 ===
=== Running reg_param=0 ===
Running seed 42
default_sample_rate: 0.13403141361256546
noise_multiplier :  8.125
learning rate =  0.001
sample_rate: 0.13, expected_batch_size: 578
sample_rate: 0.13, expected_batch_size: 1204
sample_rate: 0.13, expected_batch_size: 409
sample_rate: 0.13, expected_batch_size: 128
sample_rate: 0.13, expected_batch_size: 759
sample_rate: 0.13, expected_batch_size: 882
sample_rate: 0.13, expected_batch_size: 215
sample_rate: 0.13, expected_batch_size: 177
sample_rate: 0.13, expected_batch_size: 519
sample_rate: 0.13, expected_batch_size: 431
initial privacy cost of all clients:  [0, 0, 0, 0, 0, 0, 0, 0, 0, 0]
Round=0
Round=1
Round=2
Round=3
Round=4
Round=5
Round=6
Round=7
Round=8
Round=9
Round=10
Round=11
Round=12
Round=13
Round=14
current privacy cost of all clients:  [0.7195029956923246, 0.7195029956923246, 0.5681835623114253, 0.6734045479377581, 0.7649813925521087, 0.7195029956923246, 0.7649813925521087, 0.8075087429191041, 0.8476271111547073, 0.6222132941064967]
Round=14, per client global perf=[0.4528, 0.8279, 0.0598, 0.2677, 0.5036, 0.6305, 0.7735, 0.5424, 0.1852, 0.0289], mean perf=10107/20405 (0.4953%)
Round=14, per client personal perf=[0.9065, 0.9555, 0.9542, 0.9574, 0.8585, 0.8219, 0.9313, 0.9722, 0.989, 0.9669], mean perf=18728/20405 (0.9178%)
Round=14, per client personal pooled=[0.3457, 0.3852, 0.1083, 0.4592, 0.2763, 0.3675, 0.3735, 0.2913, 0.2097, 0.099], mean perf=59491/204050 (0.2916%)
Mean performance of unidp ditto global,  eps=1.0, Perf=0.4593
Mean performance of unidp ditto personal,  eps=1.0, Perf=0.9158
Mean performance of unidp ditto pooled,  eps=1.0, Perf=0.2883
Finished seed 42
----------------------------------------
=== Running reg_param=0.001 ===
Running seed 42
default_sample_rate: 0.13403141361256546
noise_multiplier :  8.125
learning rate =  0.001
sample_rate: 0.13, expected_batch_size: 578
sample_rate: 0.13, expected_batch_size: 1204
sample_rate: 0.13, expected_batch_size: 409
sample_rate: 0.13, expected_batch_size: 128
sample_rate: 0.13, expected_batch_size: 759
sample_rate: 0.13, expected_batch_size: 882
sample_rate: 0.13, expected_batch_size: 215
sample_rate: 0.13, expected_batch_size: 177
sample_rate: 0.13, expected_batch_size: 519
sample_rate: 0.13, expected_batch_size: 431
initial privacy cost of all clients:  [0, 0, 0, 0, 0, 0, 0, 0, 0, 0]
Round=0
Round=1
Round=2
Round=3
Round=4
Round=5
Round=6
Round=7
Round=8
Round=9
Round=10
Round=11
Round=12
Round=13
Round=14
current privacy cost of all clients:  [0.7195029956923246, 0.7195029956923246, 0.5681835623114253, 0.6734045479377581, 0.7649813925521087, 0.7195029956923246, 0.7649813925521087, 0.8075087429191041, 0.8476271111547073, 0.6222132941064967]
Round=14, per client global perf=[0.4528, 0.8279, 0.0598, 0.2677, 0.5036, 0.6305, 0.7735, 0.5424, 0.1852, 0.0289], mean perf=10107/20405 (0.4953%)
Round=14, per client personal perf=[0.9119, 0.9557, 0.9688, 0.9574, 0.8589, 0.8257, 0.9301, 0.9678, 0.9895, 0.9687], mean perf=18778/20405 (0.9203%)
Round=14, per client personal pooled=[0.3481, 0.392, 0.1373, 0.4642, 0.2751, 0.3834, 0.3725, 0.2906, 0.2071, 0.1059], mean perf=60727/204050 (0.2976%)
Mean performance of unidp ditto global,  eps=1.0, Perf=0.4593
Mean performance of unidp ditto personal,  eps=1.0, Perf=0.9168
Mean performance of unidp ditto pooled,  eps=1.0, Perf=0.2929
Finished seed 42
----------------------------------------
=== Running reg_param=0.01 ===
Running seed 42
default_sample_rate: 0.13403141361256546
noise_multiplier :  8.125
learning rate =  0.001
sample_rate: 0.13, expected_batch_size: 578
sample_rate: 0.13, expected_batch_size: 1204
sample_rate: 0.13, expected_batch_size: 409
sample_rate: 0.13, expected_batch_size: 128
sample_rate: 0.13, expected_batch_size: 759
sample_rate: 0.13, expected_batch_size: 882
sample_rate: 0.13, expected_batch_size: 215
sample_rate: 0.13, expected_batch_size: 177
sample_rate: 0.13, expected_batch_size: 519
sample_rate: 0.13, expected_batch_size: 431
initial privacy cost of all clients:  [0, 0, 0, 0, 0, 0, 0, 0, 0, 0]
Round=0
Round=1
Round=2
Round=3
Round=4
Round=5
Round=6
Round=7
Round=8
Round=9
Round=10
Round=11
Round=12
Round=13
Round=14
current privacy cost of all clients:  [0.7195029956923246, 0.7195029956923246, 0.5681835623114253, 0.6734045479377581, 0.7649813925521087, 0.7195029956923246, 0.7649813925521087, 0.8075087429191041, 0.8476271111547073, 0.6222132941064967]
Round=14, per client global perf=[0.4528, 0.8279, 0.0598, 0.2677, 0.5036, 0.6305, 0.7735, 0.5424, 0.1852, 0.0289], mean perf=10107/20405 (0.4953%)
Round=14, per client personal perf=[0.9038, 0.9512, 0.9809, 0.9594, 0.8589, 0.8245, 0.9313, 0.9722, 0.991, 0.9687], mean perf=18762/20405 (0.9195%)
Round=14, per client personal pooled=[0.3394, 0.3746, 0.1662, 0.4713, 0.2768, 0.3793, 0.3788, 0.3154, 0.1862, 0.104], mean perf=61051/204050 (0.2992%)
Mean performance of unidp ditto global,  eps=1.0, Perf=0.4593
Mean performance of unidp ditto personal,  eps=1.0, Perf=0.9175
Mean performance of unidp ditto pooled,  eps=1.0, Perf=0.2961
Finished seed 42
----------------------------------------
=== Running reg_param=0.1 ===
Running seed 42
default_sample_rate: 0.13403141361256546
noise_multiplier :  8.125
learning rate =  0.001
sample_rate: 0.13, expected_batch_size: 578
sample_rate: 0.13, expected_batch_size: 1204
sample_rate: 0.13, expected_batch_size: 409
sample_rate: 0.13, expected_batch_size: 128
sample_rate: 0.13, expected_batch_size: 759
sample_rate: 0.13, expected_batch_size: 882
sample_rate: 0.13, expected_batch_size: 215
sample_rate: 0.13, expected_batch_size: 177
sample_rate: 0.13, expected_batch_size: 519
sample_rate: 0.13, expected_batch_size: 431
initial privacy cost of all clients:  [0, 0, 0, 0, 0, 0, 0, 0, 0, 0]
Round=0
Round=1
Round=2
Round=3
Round=4
Round=5
Round=6
Round=7
Round=8
Round=9
Round=10
Round=11
Round=12
Round=13
Round=14
current privacy cost of all clients:  [0.7195029956923246, 0.7195029956923246, 0.5681835623114253, 0.6734045479377581, 0.7649813925521087, 0.7195029956923246, 0.7649813925521087, 0.8075087429191041, 0.8476271111547073, 0.6222132941064967]
Round=14, per client global perf=[0.4528, 0.8279, 0.0598, 0.2677, 0.5036, 0.6305, 0.7735, 0.5424, 0.1852, 0.0289], mean perf=10107/20405 (0.4953%)
Round=14, per client personal perf=[0.884, 0.9326, 0.9854, 0.9574, 0.8637, 0.8116, 0.9036, 0.9591, 0.9865, 0.9669], mean perf=18564/20405 (0.9098%)
Round=14, per client personal pooled=[0.3271, 0.3432, 0.1757, 0.4602, 0.2935, 0.3877, 0.3725, 0.2897, 0.3183, 0.099], mean perf=62579/204050 (0.3067%)
Mean performance of unidp ditto global,  eps=1.0, Perf=0.4593
Mean performance of unidp ditto personal,  eps=1.0, Perf=0.9095
Mean performance of unidp ditto pooled,  eps=1.0, Perf=0.3016
Finished seed 42
----------------------------------------
=== Running reg_param=1.0 ===
Running seed 42
default_sample_rate: 0.13403141361256546
noise_multiplier :  8.125
learning rate =  0.001
sample_rate: 0.13, expected_batch_size: 578
sample_rate: 0.13, expected_batch_size: 1204
sample_rate: 0.13, expected_batch_size: 409
sample_rate: 0.13, expected_batch_size: 128
sample_rate: 0.13, expected_batch_size: 759
sample_rate: 0.13, expected_batch_size: 882
sample_rate: 0.13, expected_batch_size: 215
sample_rate: 0.13, expected_batch_size: 177
sample_rate: 0.13, expected_batch_size: 519
sample_rate: 0.13, expected_batch_size: 431
initial privacy cost of all clients:  [0, 0, 0, 0, 0, 0, 0, 0, 0, 0]
Round=0
Round=1
Round=2
Round=3
Round=4
Round=5
Round=6
Round=7
Round=8
Round=9
Round=10
Round=11
Round=12
Round=13
Round=14
current privacy cost of all clients:  [0.7195029956923246, 0.7195029956923246, 0.5681835623114253, 0.6734045479377581, 0.7649813925521087, 0.7195029956923246, 0.7649813925521087, 0.8075087429191041, 0.8476271111547073, 0.6222132941064967]
Round=14, per client global perf=[0.4528, 0.8279, 0.0598, 0.2677, 0.5036, 0.6305, 0.7735, 0.5424, 0.1852, 0.0289], mean perf=10107/20405 (0.4953%)
Round=14, per client personal perf=[0.8642, 0.8985, 0.9771, 0.9391, 0.8452, 0.7889, 0.8831, 0.9444, 0.992, 0.9669], mean perf=18193/20405 (0.8916%)
Round=14, per client personal pooled=[0.3192, 0.3039, 0.1663, 0.4361, 0.3206, 0.3834, 0.3622, 0.3071, 0.4113, 0.1114], mean perf=63693/204050 (0.3121%)
Mean performance of unidp ditto global,  eps=1.0, Perf=0.4593
Mean performance of unidp ditto personal,  eps=1.0, Perf=0.8887
Mean performance of unidp ditto pooled,  eps=1.0, Perf=0.3109
Finished seed 42
----------------------------------------
=== Running reg_param=10 ===
Running seed 42
default_sample_rate: 0.13403141361256546
noise_multiplier :  8.125
learning rate =  0.001
sample_rate: 0.13, expected_batch_size: 578
sample_rate: 0.13, expected_batch_size: 1204
sample_rate: 0.13, expected_batch_size: 409
sample_rate: 0.13, expected_batch_size: 128
sample_rate: 0.13, expected_batch_size: 759
sample_rate: 0.13, expected_batch_size: 882
sample_rate: 0.13, expected_batch_size: 215
sample_rate: 0.13, expected_batch_size: 177
sample_rate: 0.13, expected_batch_size: 519
sample_rate: 0.13, expected_batch_size: 431
initial privacy cost of all clients:  [0, 0, 0, 0, 0, 0, 0, 0, 0, 0]
Round=0
Round=1
Round=2
Round=3
Round=4
Round=5
Round=6
Round=7
Round=8
Round=9
Round=10
Round=11
Round=12
Round=13
Round=14
current privacy cost of all clients:  [0.7195029956923246, 0.7195029956923246, 0.5681835623114253, 0.6734045479377581, 0.7649813925521087, 0.7195029956923246, 0.7649813925521087, 0.8075087429191041, 0.8476271111547073, 0.6222132941064967]
Round=14, per client global perf=[0.4528, 0.8279, 0.0598, 0.2677, 0.5036, 0.6305, 0.7735, 0.5424, 0.1852, 0.0289], mean perf=10107/20405 (0.4953%)
Round=14, per client personal perf=[0.8633, 0.8895, 0.9777, 0.9128, 0.8267, 0.772, 0.8795, 0.9371, 0.99, 0.9675], mean perf=18015/20405 (0.8829%)
Round=14, per client personal pooled=[0.3176, 0.386, 0.2154, 0.4254, 0.353, 0.3998, 0.3443, 0.3563, 0.4443, 0.3941], mean perf=74198/204050 (0.3636%)
Mean performance of unidp ditto global,  eps=1.0, Perf=0.4593
Mean performance of unidp ditto personal,  eps=1.0, Perf=0.8790
Mean performance of unidp ditto pooled,  eps=1.0, Perf=0.3584
Finished seed 42
----------------------------------------
=== Running epsilon=8 ===
=== Running reg_param=0 ===
Running seed 42
default_sample_rate: 0.13403141361256546
noise_multiplier :  1.71142578125
learning rate =  0.001
sample_rate: 0.13, expected_batch_size: 578
sample_rate: 0.13, expected_batch_size: 1204
sample_rate: 0.13, expected_batch_size: 409
sample_rate: 0.13, expected_batch_size: 128
sample_rate: 0.13, expected_batch_size: 759
sample_rate: 0.13, expected_batch_size: 882
sample_rate: 0.13, expected_batch_size: 215
sample_rate: 0.13, expected_batch_size: 177
sample_rate: 0.13, expected_batch_size: 519
sample_rate: 0.13, expected_batch_size: 431
initial privacy cost of all clients:  [0, 0, 0, 0, 0, 0, 0, 0, 0, 0]
Round=0
Round=1
Round=2
Round=3
Round=4
Round=5
Round=6
Round=7
Round=8
Round=9
Round=10
Round=11
Round=12
Round=13
Round=14
current privacy cost of all clients:  [5.430275507811188, 5.430275507811188, 4.331087087525311, 5.063879367715895, 5.7966716479064795, 5.430275507811188, 5.7966716479064795, 6.163067788001771, 6.529463928097065, 4.697483227620602]
Round=14, per client global perf=[0.58, 0.853, 0.0477, 0.3043, 0.591, 0.6853, 0.8518, 0.7281, 0.0175, 0.0307], mean perf=10806/20405 (0.5296%)
Round=14, per client personal perf=[0.9065, 0.9555, 0.9542, 0.9574, 0.8585, 0.8219, 0.9313, 0.9722, 0.989, 0.9669], mean perf=18728/20405 (0.9178%)
Round=14, per client personal pooled=[0.3457, 0.3852, 0.1083, 0.4592, 0.2763, 0.3675, 0.3735, 0.2913, 0.2097, 0.099], mean perf=59491/204050 (0.2916%)
Mean performance of unidp ditto global,  eps=8.0, Perf=0.4841
Mean performance of unidp ditto personal,  eps=8.0, Perf=0.9158
Mean performance of unidp ditto pooled,  eps=8.0, Perf=0.2883
Finished seed 42
----------------------------------------
=== Running reg_param=0.001 ===
Running seed 42
default_sample_rate: 0.13403141361256546
noise_multiplier :  1.71142578125
learning rate =  0.001
sample_rate: 0.13, expected_batch_size: 578
sample_rate: 0.13, expected_batch_size: 1204
sample_rate: 0.13, expected_batch_size: 409
sample_rate: 0.13, expected_batch_size: 128
sample_rate: 0.13, expected_batch_size: 759
sample_rate: 0.13, expected_batch_size: 882
sample_rate: 0.13, expected_batch_size: 215
sample_rate: 0.13, expected_batch_size: 177
sample_rate: 0.13, expected_batch_size: 519
sample_rate: 0.13, expected_batch_size: 431
initial privacy cost of all clients:  [0, 0, 0, 0, 0, 0, 0, 0, 0, 0]
Round=0
Round=1
Round=2
Round=3
Round=4
Round=5
Round=6
Round=7
Round=8
Round=9
Round=10
Round=11
Round=12
Round=13
Round=14
current privacy cost of all clients:  [5.430275507811188, 5.430275507811188, 4.331087087525311, 5.063879367715895, 5.7966716479064795, 5.430275507811188, 5.7966716479064795, 6.163067788001771, 6.529463928097065, 4.697483227620602]
Round=14, per client global perf=[0.58, 0.853, 0.0477, 0.3043, 0.591, 0.6853, 0.8518, 0.7281, 0.0175, 0.0307], mean perf=10806/20405 (0.5296%)
Round=14, per client personal perf=[0.9128, 0.9566, 0.9663, 0.9574, 0.8592, 0.8169, 0.9193, 0.9708, 0.9905, 0.9753], mean perf=18757/20405 (0.9192%)
Round=14, per client personal pooled=[0.3496, 0.3967, 0.1325, 0.4703, 0.2771, 0.3563, 0.3686, 0.2917, 0.1964, 0.1223], mean perf=60430/204050 (0.2962%)
Mean performance of unidp ditto global,  eps=8.0, Perf=0.4841
Mean performance of unidp ditto personal,  eps=8.0, Perf=0.9169
Mean performance of unidp ditto pooled,  eps=8.0, Perf=0.2940
Finished seed 42
----------------------------------------
=== Running reg_param=0.01 ===
Running seed 42
default_sample_rate: 0.13403141361256546
noise_multiplier :  1.71142578125
learning rate =  0.001
sample_rate: 0.13, expected_batch_size: 578
sample_rate: 0.13, expected_batch_size: 1204
sample_rate: 0.13, expected_batch_size: 409
sample_rate: 0.13, expected_batch_size: 128
sample_rate: 0.13, expected_batch_size: 759
sample_rate: 0.13, expected_batch_size: 882
sample_rate: 0.13, expected_batch_size: 215
sample_rate: 0.13, expected_batch_size: 177
sample_rate: 0.13, expected_batch_size: 519
sample_rate: 0.13, expected_batch_size: 431
initial privacy cost of all clients:  [0, 0, 0, 0, 0, 0, 0, 0, 0, 0]
Round=0
Round=1
Round=2
Round=3
Round=4
Round=5
Round=6
Round=7
Round=8
Round=9
Round=10
Round=11
Round=12
Round=13
Round=14
current privacy cost of all clients:  [5.430275507811188, 5.430275507811188, 4.331087087525311, 5.063879367715895, 5.7966716479064795, 5.430275507811188, 5.7966716479064795, 6.163067788001771, 6.529463928097065, 4.697483227620602]
Round=14, per client global perf=[0.58, 0.853, 0.0477, 0.3043, 0.591, 0.6853, 0.8518, 0.7281, 0.0175, 0.0307], mean perf=10806/20405 (0.5296%)
Round=14, per client personal perf=[0.911, 0.954, 0.9854, 0.9594, 0.8595, 0.829, 0.9277, 0.9678, 0.991, 0.9741], mean perf=18818/20405 (0.9222%)
Round=14, per client personal pooled=[0.3535, 0.381, 0.1794, 0.4711, 0.2766, 0.3597, 0.3759, 0.2951, 0.2023, 0.1196], mean perf=61506/204050 (0.3014%)
Mean performance of unidp ditto global,  eps=8.0, Perf=0.4841
Mean performance of unidp ditto personal,  eps=8.0, Perf=0.9197
Mean performance of unidp ditto pooled,  eps=8.0, Perf=0.3000
Finished seed 42
----------------------------------------
=== Running reg_param=0.1 ===
Running seed 42
default_sample_rate: 0.13403141361256546
noise_multiplier :  1.71142578125
learning rate =  0.001
sample_rate: 0.13, expected_batch_size: 578
sample_rate: 0.13, expected_batch_size: 1204
sample_rate: 0.13, expected_batch_size: 409
sample_rate: 0.13, expected_batch_size: 128
sample_rate: 0.13, expected_batch_size: 759
sample_rate: 0.13, expected_batch_size: 882
sample_rate: 0.13, expected_batch_size: 215
sample_rate: 0.13, expected_batch_size: 177
sample_rate: 0.13, expected_batch_size: 519
sample_rate: 0.13, expected_batch_size: 431
initial privacy cost of all clients:  [0, 0, 0, 0, 0, 0, 0, 0, 0, 0]
Round=0
Round=1
Round=2
Round=3
Round=4
Round=5
Round=6
Round=7
Round=8
Round=9
Round=10
Round=11
Round=12
Round=13
Round=14
current privacy cost of all clients:  [5.430275507811188, 5.430275507811188, 4.331087087525311, 5.063879367715895, 5.7966716479064795, 5.430275507811188, 5.7966716479064795, 6.163067788001771, 6.529463928097065, 4.697483227620602]
Round=14, per client global perf=[0.58, 0.853, 0.0477, 0.3043, 0.591, 0.6853, 0.8518, 0.7281, 0.0175, 0.0307], mean perf=10806/20405 (0.5296%)
Round=14, per client personal perf=[0.8957, 0.9482, 0.9905, 0.9574, 0.8661, 0.8104, 0.9157, 0.9722, 0.9925, 0.9669], mean perf=18704/20405 (0.9166%)
Round=14, per client personal pooled=[0.3477, 0.3719, 0.1867, 0.4649, 0.3026, 0.3999, 0.3731, 0.3731, 0.4087, 0.0994], mean perf=67909/204050 (0.3328%)
Mean performance of unidp ditto global,  eps=8.0, Perf=0.4841
Mean performance of unidp ditto personal,  eps=8.0, Perf=0.9136
Mean performance of unidp ditto pooled,  eps=8.0, Perf=0.3262
Finished seed 42
----------------------------------------
=== Running reg_param=1.0 ===
Running seed 42
default_sample_rate: 0.13403141361256546
noise_multiplier :  1.71142578125
learning rate =  0.001
sample_rate: 0.13, expected_batch_size: 578
sample_rate: 0.13, expected_batch_size: 1204
sample_rate: 0.13, expected_batch_size: 409
sample_rate: 0.13, expected_batch_size: 128
sample_rate: 0.13, expected_batch_size: 759
sample_rate: 0.13, expected_batch_size: 882
sample_rate: 0.13, expected_batch_size: 215
sample_rate: 0.13, expected_batch_size: 177
sample_rate: 0.13, expected_batch_size: 519
sample_rate: 0.13, expected_batch_size: 431
initial privacy cost of all clients:  [0, 0, 0, 0, 0, 0, 0, 0, 0, 0]
Round=0
Round=1
Round=2
Round=3
Round=4
Round=5
Round=6
Round=7
Round=8
Round=9
Round=10
Round=11
Round=12
Round=13
Round=14
current privacy cost of all clients:  [5.430275507811188, 5.430275507811188, 4.331087087525311, 5.063879367715895, 5.7966716479064795, 5.430275507811188, 5.7966716479064795, 6.163067788001771, 6.529463928097065, 4.697483227620602]
Round=14, per client global perf=[0.58, 0.853, 0.0477, 0.3043, 0.591, 0.6853, 0.8518, 0.7281, 0.0175, 0.0307], mean perf=10806/20405 (0.5296%)
Round=14, per client personal perf=[0.8871, 0.9311, 0.9886, 0.9513, 0.8599, 0.8004, 0.894, 0.9664, 0.99, 0.9681], mean perf=18523/20405 (0.9078%)
Round=14, per client personal pooled=[0.3399, 0.3408, 0.2139, 0.4504, 0.3648, 0.4241, 0.4125, 0.4539, 0.4925, 0.2855], mean perf=77096/204050 (0.3778%)
Mean performance of unidp ditto global,  eps=8.0, Perf=0.4841
Mean performance of unidp ditto personal,  eps=8.0, Perf=0.9054
Mean performance of unidp ditto pooled,  eps=8.0, Perf=0.3682
Finished seed 42
----------------------------------------
=== Running reg_param=10 ===
Running seed 42
default_sample_rate: 0.13403141361256546
noise_multiplier :  1.71142578125
learning rate =  0.001
sample_rate: 0.13, expected_batch_size: 578
sample_rate: 0.13, expected_batch_size: 1204
sample_rate: 0.13, expected_batch_size: 409
sample_rate: 0.13, expected_batch_size: 128
sample_rate: 0.13, expected_batch_size: 759
sample_rate: 0.13, expected_batch_size: 882
sample_rate: 0.13, expected_batch_size: 215
sample_rate: 0.13, expected_batch_size: 177
sample_rate: 0.13, expected_batch_size: 519
sample_rate: 0.13, expected_batch_size: 431
initial privacy cost of all clients:  [0, 0, 0, 0, 0, 0, 0, 0, 0, 0]
Round=0
Round=1
Round=2
Round=3
Round=4
Round=5
Round=6
Round=7
Round=8
Round=9
Round=10
Round=11
Round=12
Round=13
Round=14
current privacy cost of all clients:  [5.430275507811188, 5.430275507811188, 4.331087087525311, 5.063879367715895, 5.7966716479064795, 5.430275507811188, 5.7966716479064795, 6.163067788001771, 6.529463928097065, 4.697483227620602]
Round=14, per client global perf=[0.58, 0.853, 0.0477, 0.3043, 0.591, 0.6853, 0.8518, 0.7281, 0.0175, 0.0307], mean perf=10806/20405 (0.5296%)
Round=14, per client personal perf=[0.8786, 0.9, 0.9816, 0.9391, 0.8554, 0.7989, 0.8892, 0.9327, 0.9885, 0.9681], mean perf=18295/20405 (0.8966%)
Round=14, per client personal pooled=[0.3481, 0.44, 0.2553, 0.4784, 0.3874, 0.4325, 0.4348, 0.4446, 0.4629, 0.4437], mean perf=84226/204050 (0.4128%)
Mean performance of unidp ditto global,  eps=8.0, Perf=0.4841
Mean performance of unidp ditto personal,  eps=8.0, Perf=0.8938
Mean performance of unidp ditto pooled,  eps=8.0, Perf=0.4190
Finished seed 42
----------------------------------------
