PARAMS: dataset=cifar10, gpu=0, data_type=niid_dir_1, num_steps=15
=== Running epsilon=4 ===
=== Running reg_param=0 ===
Running seed 42
default_sample_rate: 0.03347280334728033
noise_multiplier :  1.048583984375
learning rate =  0.001
sample_rate: 0.03, expected_batch_size: 131
sample_rate: 0.03, expected_batch_size: 42
sample_rate: 0.03, expected_batch_size: 34
sample_rate: 0.03, expected_batch_size: 31
sample_rate: 0.03, expected_batch_size: 122
sample_rate: 0.03, expected_batch_size: 178
sample_rate: 0.03, expected_batch_size: 89
sample_rate: 0.03, expected_batch_size: 125
sample_rate: 0.03, expected_batch_size: 283
sample_rate: 0.03, expected_batch_size: 63
initial privacy cost of all clients:  [0, 0, 0, 0, 0, 0, 0, 0, 0, 0]
Round=0
Round=1
Round=2
Round=3
Round=4
Round=5
Round=6
Round=7
Round=8
Round=9
Round=10
Round=11
Round=12
Round=13
Round=14
current privacy cost of all clients:  [3.832262973464581, 3.3438076720440923, 3.1809892382372627, 3.5066261058509216, 3.832262973464581, 3.5066261058509216, 3.832262973464581, 3.9950814072714103, 3.832262973464581, 3.669444539657751]
Round=14, per client global perf=[0.1581, 0.6248, 0.0858, 0.3996, 0.1944, 0.3305, 0.2729, 0.3827, 0.4824, 0.1982], mean perf=5663/17005 (0.3330%)
Round=14, per client personal perf=[0.7322, 0.8484, 0.6791, 0.9128, 0.6609, 0.7367, 0.7783, 0.5857, 0.5614, 0.6629], mean perf=11433/17005 (0.6723%)
Round=14, per client personal pooled=[0.111, 0.1779, 0.1674, 0.1014, 0.1662, 0.1724, 0.1745, 0.2011, 0.1737, 0.1048], mean perf=26361/170050 (0.1550%)
Mean performance of unidp ditto global,  eps=4.0, Perf=0.3251
Mean performance of unidp ditto personal,  eps=4.0, Perf=0.6629
Mean performance of unidp ditto pooled,  eps=4.0, Perf=0.1538
Finished seed 42
----------------------------------------
=== Running reg_param=0.001 ===
Running seed 42
default_sample_rate: 0.03347280334728033
noise_multiplier :  1.048583984375
learning rate =  0.001
sample_rate: 0.03, expected_batch_size: 131
sample_rate: 0.03, expected_batch_size: 42
sample_rate: 0.03, expected_batch_size: 34
sample_rate: 0.03, expected_batch_size: 31
sample_rate: 0.03, expected_batch_size: 122
sample_rate: 0.03, expected_batch_size: 178
sample_rate: 0.03, expected_batch_size: 89
sample_rate: 0.03, expected_batch_size: 125
sample_rate: 0.03, expected_batch_size: 283
sample_rate: 0.03, expected_batch_size: 63
initial privacy cost of all clients:  [0, 0, 0, 0, 0, 0, 0, 0, 0, 0]
Round=0
Round=1
Round=2
Round=3
Round=4
Round=5
Round=6
Round=7
Round=8
Round=9
Round=10
Round=11
Round=12
Round=13
Round=14
current privacy cost of all clients:  [3.832262973464581, 3.3438076720440923, 3.1809892382372627, 3.5066261058509216, 3.832262973464581, 3.5066261058509216, 3.832262973464581, 3.9950814072714103, 3.832262973464581, 3.669444539657751]
Round=14, per client global perf=[0.1581, 0.6248, 0.0858, 0.3996, 0.1944, 0.3305, 0.2729, 0.3827, 0.4824, 0.1982], mean perf=5663/17005 (0.3330%)
Round=14, per client personal perf=[0.7218, 0.8867, 0.6493, 0.9128, 0.617, 0.7171, 0.748, 0.3266, 0.5568, 0.6629], mean perf=10723/17005 (0.6306%)
Round=14, per client personal pooled=[0.104, 0.1767, 0.1767, 0.1014, 0.1561, 0.1638, 0.1709, 0.1569, 0.1721, 0.1006], mean perf=25152/170050 (0.1479%)
Mean performance of unidp ditto global,  eps=4.0, Perf=0.3251
Mean performance of unidp ditto personal,  eps=4.0, Perf=0.6411
Mean performance of unidp ditto pooled,  eps=4.0, Perf=0.1532
Finished seed 42
----------------------------------------
=== Running reg_param=0.01 ===
Running seed 42
default_sample_rate: 0.03347280334728033
noise_multiplier :  1.048583984375
learning rate =  0.001
sample_rate: 0.03, expected_batch_size: 131
sample_rate: 0.03, expected_batch_size: 42
sample_rate: 0.03, expected_batch_size: 34
sample_rate: 0.03, expected_batch_size: 31
sample_rate: 0.03, expected_batch_size: 122
sample_rate: 0.03, expected_batch_size: 178
sample_rate: 0.03, expected_batch_size: 89
sample_rate: 0.03, expected_batch_size: 125
sample_rate: 0.03, expected_batch_size: 283
sample_rate: 0.03, expected_batch_size: 63
initial privacy cost of all clients:  [0, 0, 0, 0, 0, 0, 0, 0, 0, 0]
Round=0
Round=1
Round=2
Round=3
Round=4
Round=5
Round=6
Round=7
Round=8
Round=9
Round=10
Round=11
Round=12
Round=13
Round=14
current privacy cost of all clients:  [3.832262973464581, 3.3438076720440923, 3.1809892382372627, 3.5066261058509216, 3.832262973464581, 3.5066261058509216, 3.832262973464581, 3.9950814072714103, 3.832262973464581, 3.669444539657751]
Round=14, per client global perf=[0.1581, 0.6248, 0.0858, 0.3996, 0.1944, 0.3305, 0.2729, 0.3827, 0.4824, 0.1982], mean perf=5663/17005 (0.3330%)
Round=14, per client personal perf=[0.7144, 0.827, 0.6437, 0.9128, 0.5726, 0.7156, 0.6628, 0.3219, 0.5415, 0.6629], mean perf=10384/17005 (0.6106%)
Round=14, per client personal pooled=[0.0989, 0.1654, 0.1913, 0.1014, 0.1451, 0.1671, 0.151, 0.1598, 0.1665, 0.1006], mean perf=24609/170050 (0.1447%)
Mean performance of unidp ditto global,  eps=4.0, Perf=0.3251
Mean performance of unidp ditto personal,  eps=4.0, Perf=0.6331
Mean performance of unidp ditto pooled,  eps=4.0, Perf=0.1461
Finished seed 42
----------------------------------------
=== Running reg_param=0.1 ===
Running seed 42
default_sample_rate: 0.03347280334728033
noise_multiplier :  1.048583984375
learning rate =  0.001
sample_rate: 0.03, expected_batch_size: 131
sample_rate: 0.03, expected_batch_size: 42
sample_rate: 0.03, expected_batch_size: 34
sample_rate: 0.03, expected_batch_size: 31
sample_rate: 0.03, expected_batch_size: 122
sample_rate: 0.03, expected_batch_size: 178
sample_rate: 0.03, expected_batch_size: 89
sample_rate: 0.03, expected_batch_size: 125
sample_rate: 0.03, expected_batch_size: 283
sample_rate: 0.03, expected_batch_size: 63
initial privacy cost of all clients:  [0, 0, 0, 0, 0, 0, 0, 0, 0, 0]
Round=0
Round=1
Round=2
Round=3
Round=4
Round=5
Round=6
Round=7
Round=8
Round=9
Round=10
Round=11
Round=12
Round=13
Round=14
current privacy cost of all clients:  [3.832262973464581, 3.3438076720440923, 3.1809892382372627, 3.5066261058509216, 3.832262973464581, 3.5066261058509216, 3.832262973464581, 3.9950814072714103, 3.832262973464581, 3.669444539657751]
Round=14, per client global perf=[0.1581, 0.6248, 0.0858, 0.3996, 0.1944, 0.3305, 0.2729, 0.3827, 0.4824, 0.1982], mean perf=5663/17005 (0.3330%)
Round=14, per client personal perf=[0.7139, 0.7381, 0.5821, 0.9128, 0.4997, 0.5498, 0.7199, 0.2347, 0.4734, 0.6629], mean perf=9312/17005 (0.5476%)
Round=14, per client personal pooled=[0.0989, 0.1013, 0.1005, 0.1014, 0.1269, 0.1, 0.1635, 0.1002, 0.1375, 0.1006], mean perf=19228/170050 (0.1131%)
Mean performance of unidp ditto global,  eps=4.0, Perf=0.3251
Mean performance of unidp ditto personal,  eps=4.0, Perf=0.5200
Mean performance of unidp ditto pooled,  eps=4.0, Perf=0.1112
Finished seed 42
----------------------------------------
=== Running reg_param=1.0 ===
Running seed 42
default_sample_rate: 0.03347280334728033
noise_multiplier :  1.048583984375
learning rate =  0.001
sample_rate: 0.03, expected_batch_size: 131
sample_rate: 0.03, expected_batch_size: 42
sample_rate: 0.03, expected_batch_size: 34
sample_rate: 0.03, expected_batch_size: 31
sample_rate: 0.03, expected_batch_size: 122
sample_rate: 0.03, expected_batch_size: 178
sample_rate: 0.03, expected_batch_size: 89
sample_rate: 0.03, expected_batch_size: 125
sample_rate: 0.03, expected_batch_size: 283
sample_rate: 0.03, expected_batch_size: 63
initial privacy cost of all clients:  [0, 0, 0, 0, 0, 0, 0, 0, 0, 0]
Round=0
Round=1
Round=2
Round=3
Round=4
Round=5
Round=6
Round=7
Round=8
Round=9
Round=10
Round=11
Round=12
Round=13
Round=14
current privacy cost of all clients:  [3.832262973464581, 3.3438076720440923, 3.1809892382372627, 3.5066261058509216, 3.832262973464581, 3.5066261058509216, 3.832262973464581, 3.9950814072714103, 3.832262973464581, 3.669444539657751]
Round=14, per client global perf=[0.1581, 0.6248, 0.0858, 0.3996, 0.1944, 0.3305, 0.2729, 0.3827, 0.4824, 0.1982], mean perf=5663/17005 (0.3330%)
Round=14, per client personal perf=[0.7144, 0.7381, 0.2257, 0.9128, 0.4099, 0.5498, 0.4823, 0.2347, 0.2639, 0.6629], mean perf=7708/17005 (0.4533%)
Round=14, per client personal pooled=[0.0989, 0.1013, 0.1151, 0.1014, 0.1007, 0.1, 0.1002, 0.1002, 0.0981, 0.1006], mean perf=17285/170050 (0.1016%)
Mean performance of unidp ditto global,  eps=4.0, Perf=0.3251
Mean performance of unidp ditto personal,  eps=4.0, Perf=0.4499
Mean performance of unidp ditto pooled,  eps=4.0, Perf=0.1049
Finished seed 42
----------------------------------------
=== Running reg_param=10 ===
Running seed 42
default_sample_rate: 0.03347280334728033
noise_multiplier :  1.048583984375
learning rate =  0.001
sample_rate: 0.03, expected_batch_size: 131
sample_rate: 0.03, expected_batch_size: 42
sample_rate: 0.03, expected_batch_size: 34
sample_rate: 0.03, expected_batch_size: 31
sample_rate: 0.03, expected_batch_size: 122
sample_rate: 0.03, expected_batch_size: 178
sample_rate: 0.03, expected_batch_size: 89
sample_rate: 0.03, expected_batch_size: 125
sample_rate: 0.03, expected_batch_size: 283
sample_rate: 0.03, expected_batch_size: 63
initial privacy cost of all clients:  [0, 0, 0, 0, 0, 0, 0, 0, 0, 0]
Round=0
Round=1
Round=2
Round=3
Round=4
Round=5
Round=6
Round=7
Round=8
Round=9
Round=10
Round=11
Round=12
Round=13
Round=14
current privacy cost of all clients:  [3.832262973464581, 3.3438076720440923, 3.1809892382372627, 3.5066261058509216, 3.832262973464581, 3.5066261058509216, 3.832262973464581, 3.9950814072714103, 3.832262973464581, 3.669444539657751]
Round=14, per client global perf=[0.1581, 0.6248, 0.0858, 0.3996, 0.1944, 0.3305, 0.2729, 0.3827, 0.4824, 0.1982], mean perf=5663/17005 (0.3330%)
Round=14, per client personal perf=[0.7144, 0.7381, 0.1325, 0.9108, 0.3909, 0.5498, 0.4051, 0.5021, 0.3014, 0.6629], mean perf=8193/17005 (0.4818%)
Round=14, per client personal pooled=[0.0989, 0.1013, 0.099, 0.1133, 0.1005, 0.1, 0.1005, 0.099, 0.1318, 0.1006], mean perf=17770/170050 (0.1045%)
Mean performance of unidp ditto global,  eps=4.0, Perf=0.3251
Mean performance of unidp ditto personal,  eps=4.0, Perf=0.4128
Mean performance of unidp ditto pooled,  eps=4.0, Perf=0.1143
Finished seed 42
----------------------------------------
