PARAMS: dataset=mnist, gpu=0, data_type=iid_10
=== Running reg_param=0, num_steps=15 ===
Running seed 42
/Users/shegao_t1/DP_Research/Personal_DP_Personal_FL/rpdp_fl/experiments/datasets/fed_mnist/iid_10
 We run FedAvg with rPDP (ThreeLevels-0) ...
max_epsilon :  10.0  noise_multiplier :  9.736328125
The R-Squared value of the best-fit curve : 0.999749898528281
learning rate =  0.01
sample_rate: (min) 0.03, (max) 0.61, expected_batch_size: 435
sample_rate: (min) 0.03, (max) 0.61, expected_batch_size: 435
sample_rate: (min) 0.03, (max) 0.61, expected_batch_size: 435
sample_rate: (min) 0.03, (max) 0.61, expected_batch_size: 435
sample_rate: (min) 0.03, (max) 0.61, expected_batch_size: 435
sample_rate: (min) 0.03, (max) 0.61, expected_batch_size: 435
sample_rate: (min) 0.03, (max) 0.61, expected_batch_size: 435
sample_rate: (min) 0.03, (max) 0.61, expected_batch_size: 435
sample_rate: (min) 0.03, (max) 0.61, expected_batch_size: 435
sample_rate: (min) 0.03, (max) 0.61, expected_batch_size: 435
initial privacy cost of all clients:  [0, 0, 0, 0, 0, 0, 0, 0, 0, 0]
Round=0
Round=1
Round=2
Round=3
Round=4
Round=5
Round=6
Round=7
Round=8
Round=9
Round=10
Round=11
Round=12
Round=13
Round=14
current privacy cost of all clients:  [3.554611437795162, 3.554611437795162, 2.8039339861853394, 3.3043856205918876, 3.8048372549984366, 3.554611437795162, 3.8048372549984366, 4.055063072201711, 4.305288889404985, 3.0541598033886133]
Round=14, per client global perf=[0.898, 0.9025, 0.8902, 0.8873, 0.901, 0.8966, 0.9, 0.9142, 0.9074, 0.8995], mean perf=18353/20400 (0.8997%)
Round=14, per client personal perf=[0.9431, 0.9436, 0.9358, 0.9456, 0.9549, 0.9525, 0.9525, 0.9603, 0.949, 0.9392], mean perf=19332/20400 (0.9476%)
Round=14, per client personal pooled=[0.9472, 0.945, 0.941, 0.9467, 0.9564, 0.9541, 0.9514, 0.9585, 0.9405, 0.9431], mean perf=193474/204000 (0.9484%)
Mean performance of ditto rpdp global, Perf=0.8991
Mean performance of ditto rpdp personal, Perf=0.9455
Mean performance of ditto rpdp pooled, Perf=0.9455
 We run FedAvg with rPDP (BoundedPareto-0) ...
max_epsilon :  10.0  noise_multiplier :  9.736328125
The R-Squared value of the best-fit curve : 0.999749898528281
learning rate =  0.01
sample_rate: (min) 0.03, (max) 0.76, expected_batch_size: 293
sample_rate: (min) 0.03, (max) 0.67, expected_batch_size: 288
sample_rate: (min) 0.03, (max) 0.74, expected_batch_size: 289
sample_rate: (min) 0.03, (max) 0.98, expected_batch_size: 296
sample_rate: (min) 0.03, (max) 0.89, expected_batch_size: 303
sample_rate: (min) 0.03, (max) 0.93, expected_batch_size: 304
sample_rate: (min) 0.03, (max) 0.71, expected_batch_size: 290
sample_rate: (min) 0.03, (max) 0.77, expected_batch_size: 291
sample_rate: (min) 0.03, (max) 0.81, expected_batch_size: 290
sample_rate: (min) 0.03, (max) 0.62, expected_batch_size: 292
initial privacy cost of all clients:  [0, 0, 0, 0, 0, 0, 0, 0, 0, 0]
Round=0
Round=1
Round=2
Round=3
Round=4
Round=5
Round=6
Round=7
Round=8
Round=9
Round=10
Round=11
Round=12
Round=13
Round=14
current privacy cost of all clients:  [4.752415310075706, 4.054591694157598, 3.568320227772049, 6.0748074655109106, 6.1328811134891685, 6.124702222350012, 4.644301020258078, 5.38567160950761, 6.049312363510402, 3.1533820324004593]
Round=14, per client global perf=[0.8853, 0.8809, 0.8775, 0.8564, 0.8809, 0.8848, 0.8779, 0.8902, 0.8873, 0.8745], mean perf=17943/20400 (0.8796%)
Round=14, per client personal perf=[0.9529, 0.95, 0.9387, 0.9319, 0.9441, 0.9441, 0.9525, 0.9426, 0.9485, 0.9235], mean perf=19235/20400 (0.9429%)
Round=14, per client personal pooled=[0.9496, 0.9521, 0.9446, 0.934, 0.9468, 0.9447, 0.9587, 0.939, 0.9468, 0.94], mean perf=192903/204000 (0.9456%)
Mean performance of ditto rpdp global, Perf=0.8806
Mean performance of ditto rpdp personal, Perf=0.9420
Mean performance of ditto rpdp pooled, Perf=0.9431
 We run FedAvg with rPDP (BoundedMixGauss-0) ...
max_epsilon :  10.0  noise_multiplier :  9.736328125
The R-Squared value of the best-fit curve : 0.999749898528281
learning rate =  0.01
sample_rate: (min) 0.03, (max) 0.72, expected_batch_size: 410
sample_rate: (min) 0.03, (max) 0.79, expected_batch_size: 452
sample_rate: (min) 0.03, (max) 0.71, expected_batch_size: 444
sample_rate: (min) 0.03, (max) 0.72, expected_batch_size: 429
sample_rate: (min) 0.03, (max) 0.72, expected_batch_size: 439
sample_rate: (min) 0.03, (max) 0.74, expected_batch_size: 447
sample_rate: (min) 0.03, (max) 0.73, expected_batch_size: 448
sample_rate: (min) 0.03, (max) 0.71, expected_batch_size: 448
sample_rate: (min) 0.03, (max) 0.74, expected_batch_size: 443
sample_rate: (min) 0.03, (max) 0.73, expected_batch_size: 428
initial privacy cost of all clients:  [0, 0, 0, 0, 0, 0, 0, 0, 0, 0]
Round=0
Round=1
Round=2
Round=3
Round=4
Round=5
Round=6
Round=7
Round=8
Round=9
Round=10
Round=11
Round=12
Round=13
Round=14
current privacy cost of all clients:  [4.452560630310308, 4.989186002268105, 3.3873239087081313, 4.232126556619421, 4.743771711921414, 4.635185435148208, 4.820354613545777, 4.869430286915287, 5.357871969683328, 3.8727212988002124]
Round=14, per client global perf=[0.9005, 0.902, 0.8887, 0.8863, 0.902, 0.8956, 0.8975, 0.9098, 0.9064, 0.8985], mean perf=18334/20400 (0.8987%)
Round=14, per client personal perf=[0.9515, 0.9578, 0.9333, 0.948, 0.9608, 0.948, 0.9368, 0.9574, 0.9598, 0.9426], mean perf=19372/20400 (0.9496%)
Round=14, per client personal pooled=[0.9525, 0.957, 0.9391, 0.946, 0.9608, 0.947, 0.9357, 0.9498, 0.9599, 0.9494], mean perf=193742/204000 (0.9497%)
Mean performance of ditto rpdp global, Perf=0.8976
Mean performance of ditto rpdp personal, Perf=0.9446
Mean performance of ditto rpdp pooled, Perf=0.9443
Finished seed 42
----------------------------------------
=== Running reg_param=0, num_steps=30 ===
Running seed 42
/Users/shegao_t1/DP_Research/Personal_DP_Personal_FL/rpdp_fl/experiments/datasets/fed_mnist/iid_10
 We run FedAvg with rPDP (ThreeLevels-0) ...
max_epsilon :  10.0  noise_multiplier :  9.736328125
The R-Squared value of the best-fit curve : 0.999749898528281
learning rate =  0.01
sample_rate: (min) 0.03, (max) 0.61, expected_batch_size: 435
sample_rate: (min) 0.03, (max) 0.61, expected_batch_size: 435
sample_rate: (min) 0.03, (max) 0.61, expected_batch_size: 435
sample_rate: (min) 0.03, (max) 0.61, expected_batch_size: 435
sample_rate: (min) 0.03, (max) 0.61, expected_batch_size: 435
sample_rate: (min) 0.03, (max) 0.61, expected_batch_size: 435
sample_rate: (min) 0.03, (max) 0.61, expected_batch_size: 435
sample_rate: (min) 0.03, (max) 0.61, expected_batch_size: 435
sample_rate: (min) 0.03, (max) 0.61, expected_batch_size: 435
sample_rate: (min) 0.03, (max) 0.61, expected_batch_size: 435
initial privacy cost of all clients:  [0, 0, 0, 0, 0, 0, 0, 0, 0, 0]
Round=0
Round=1
Round=2
Round=3
Round=4
Round=5
Round=6
Round=7
Round=8
Round=9
Round=10
Round=11
Round=12
Round=13
Round=14
current privacy cost of all clients:  [3.554611437795162, 3.554611437795162, 2.8039339861853394, 3.3043856205918876, 3.8048372549984366, 3.554611437795162, 3.8048372549984366, 4.055063072201711, 4.305288889404985, 3.0541598033886133]
Round=14, per client global perf=[0.898, 0.9025, 0.8902, 0.8873, 0.901, 0.8966, 0.9, 0.9142, 0.9074, 0.8995], mean perf=18353/20400 (0.8997%)
Round=14, per client personal perf=[0.9681, 0.9515, 0.9387, 0.9505, 0.9598, 0.9549, 0.9632, 0.9627, 0.9456, 0.9593], mean perf=19491/20400 (0.9554%)
Round=14, per client personal pooled=[0.9626, 0.9545, 0.9407, 0.956, 0.9512, 0.96, 0.9641, 0.961, 0.9458, 0.9588], mean perf=194919/204000 (0.9555%)
Mean performance of ditto rpdp global, Perf=0.8991
Mean performance of ditto rpdp personal, Perf=0.9521
Mean performance of ditto rpdp pooled, Perf=0.9527
 We run FedAvg with rPDP (BoundedPareto-0) ...
max_epsilon :  10.0  noise_multiplier :  9.736328125
The R-Squared value of the best-fit curve : 0.999749898528281
learning rate =  0.01
sample_rate: (min) 0.03, (max) 0.76, expected_batch_size: 293
sample_rate: (min) 0.03, (max) 0.67, expected_batch_size: 288
sample_rate: (min) 0.03, (max) 0.74, expected_batch_size: 289
sample_rate: (min) 0.03, (max) 0.98, expected_batch_size: 296
sample_rate: (min) 0.03, (max) 0.89, expected_batch_size: 303
sample_rate: (min) 0.03, (max) 0.93, expected_batch_size: 304
sample_rate: (min) 0.03, (max) 0.71, expected_batch_size: 290
sample_rate: (min) 0.03, (max) 0.77, expected_batch_size: 291
sample_rate: (min) 0.03, (max) 0.81, expected_batch_size: 290
sample_rate: (min) 0.03, (max) 0.62, expected_batch_size: 292
initial privacy cost of all clients:  [0, 0, 0, 0, 0, 0, 0, 0, 0, 0]
Round=0
Round=1
Round=2
Round=3
Round=4
Round=5
Round=6
Round=7
Round=8
Round=9
Round=10
Round=11
Round=12
Round=13
Round=14
current privacy cost of all clients:  [4.752415310075706, 4.054591694157598, 3.568320227772049, 6.0748074655109106, 6.1328811134891685, 6.124702222350012, 4.644301020258078, 5.38567160950761, 6.049312363510402, 3.1533820324004593]
Round=14, per client global perf=[0.8853, 0.8809, 0.8775, 0.8564, 0.8809, 0.8848, 0.8779, 0.8902, 0.8873, 0.8745], mean perf=17943/20400 (0.8796%)
Round=14, per client personal perf=[0.9681, 0.9549, 0.9583, 0.9574, 0.9637, 0.9456, 0.9672, 0.9701, 0.9632, 0.9544], mean perf=19590/20400 (0.9603%)
Round=14, per client personal pooled=[0.9631, 0.9559, 0.9521, 0.9579, 0.9612, 0.9482, 0.9599, 0.962, 0.9619, 0.9562], mean perf=195399/204000 (0.9578%)
Mean performance of ditto rpdp global, Perf=0.8806
Mean performance of ditto rpdp personal, Perf=0.9593
Mean performance of ditto rpdp pooled, Perf=0.9569
 We run FedAvg with rPDP (BoundedMixGauss-0) ...
max_epsilon :  10.0  noise_multiplier :  9.736328125
The R-Squared value of the best-fit curve : 0.999749898528281
learning rate =  0.01
sample_rate: (min) 0.03, (max) 0.72, expected_batch_size: 410
sample_rate: (min) 0.03, (max) 0.79, expected_batch_size: 452
sample_rate: (min) 0.03, (max) 0.71, expected_batch_size: 444
sample_rate: (min) 0.03, (max) 0.72, expected_batch_size: 429
sample_rate: (min) 0.03, (max) 0.72, expected_batch_size: 439
sample_rate: (min) 0.03, (max) 0.74, expected_batch_size: 447
sample_rate: (min) 0.03, (max) 0.73, expected_batch_size: 448
sample_rate: (min) 0.03, (max) 0.71, expected_batch_size: 448
sample_rate: (min) 0.03, (max) 0.74, expected_batch_size: 443
sample_rate: (min) 0.03, (max) 0.73, expected_batch_size: 428
initial privacy cost of all clients:  [0, 0, 0, 0, 0, 0, 0, 0, 0, 0]
Round=0
Round=1
Round=2
Round=3
Round=4
Round=5
Round=6
Round=7
Round=8
Round=9
Round=10
Round=11
Round=12
Round=13
Round=14
current privacy cost of all clients:  [4.452560630310308, 4.989186002268105, 3.3873239087081313, 4.232126556619421, 4.743771711921414, 4.635185435148208, 4.820354613545777, 4.869430286915287, 5.357871969683328, 3.8727212988002124]
Round=14, per client global perf=[0.9005, 0.902, 0.8887, 0.8863, 0.902, 0.8956, 0.8975, 0.9098, 0.9064, 0.8985], mean perf=18334/20400 (0.8987%)
Round=14, per client personal perf=[0.9583, 0.9525, 0.9588, 0.9534, 0.9593, 0.951, 0.9529, 0.9637, 0.9461, 0.952], mean perf=19478/20400 (0.9548%)
Round=14, per client personal pooled=[0.9595, 0.9557, 0.9547, 0.957, 0.9629, 0.9565, 0.9532, 0.9607, 0.9415, 0.9554], mean perf=194965/204000 (0.9557%)
Mean performance of ditto rpdp global, Perf=0.8976
Mean performance of ditto rpdp personal, Perf=0.9538
Mean performance of ditto rpdp pooled, Perf=0.9546
Finished seed 42
----------------------------------------
=== Running reg_param=0.001, num_steps=15 ===
Running seed 42
/Users/shegao_t1/DP_Research/Personal_DP_Personal_FL/rpdp_fl/experiments/datasets/fed_mnist/iid_10
 We run FedAvg with rPDP (ThreeLevels-0) ...
max_epsilon :  10.0  noise_multiplier :  9.736328125
The R-Squared value of the best-fit curve : 0.999749898528281
learning rate =  0.01
sample_rate: (min) 0.03, (max) 0.61, expected_batch_size: 435
sample_rate: (min) 0.03, (max) 0.61, expected_batch_size: 435
sample_rate: (min) 0.03, (max) 0.61, expected_batch_size: 435
sample_rate: (min) 0.03, (max) 0.61, expected_batch_size: 435
sample_rate: (min) 0.03, (max) 0.61, expected_batch_size: 435
sample_rate: (min) 0.03, (max) 0.61, expected_batch_size: 435
sample_rate: (min) 0.03, (max) 0.61, expected_batch_size: 435
sample_rate: (min) 0.03, (max) 0.61, expected_batch_size: 435
sample_rate: (min) 0.03, (max) 0.61, expected_batch_size: 435
sample_rate: (min) 0.03, (max) 0.61, expected_batch_size: 435
initial privacy cost of all clients:  [0, 0, 0, 0, 0, 0, 0, 0, 0, 0]
Round=0
Round=1
Round=2
Round=3
Round=4
Round=5
Round=6
Round=7
Round=8
Round=9
Round=10
Round=11
Round=12
Round=13
Round=14
current privacy cost of all clients:  [3.554611437795162, 3.554611437795162, 2.8039339861853394, 3.3043856205918876, 3.8048372549984366, 3.554611437795162, 3.8048372549984366, 4.055063072201711, 4.305288889404985, 3.0541598033886133]
Round=14, per client global perf=[0.898, 0.9025, 0.8902, 0.8873, 0.901, 0.8966, 0.9, 0.9142, 0.9074, 0.8995], mean perf=18353/20400 (0.8997%)
Round=14, per client personal perf=[0.9284, 0.9569, 0.9471, 0.9392, 0.952, 0.9544, 0.9471, 0.9534, 0.9583, 0.9417], mean perf=19336/20400 (0.9478%)
Round=14, per client personal pooled=[0.9248, 0.9547, 0.947, 0.9447, 0.9514, 0.9489, 0.9485, 0.9504, 0.954, 0.9466], mean perf=193205/204000 (0.9471%)
Mean performance of ditto rpdp global, Perf=0.8991
Mean performance of ditto rpdp personal, Perf=0.9448
Mean performance of ditto rpdp pooled, Perf=0.9444
 We run FedAvg with rPDP (BoundedPareto-0) ...
max_epsilon :  10.0  noise_multiplier :  9.736328125
The R-Squared value of the best-fit curve : 0.999749898528281
learning rate =  0.01
sample_rate: (min) 0.03, (max) 0.76, expected_batch_size: 293
sample_rate: (min) 0.03, (max) 0.67, expected_batch_size: 288
sample_rate: (min) 0.03, (max) 0.74, expected_batch_size: 289
sample_rate: (min) 0.03, (max) 0.98, expected_batch_size: 296
sample_rate: (min) 0.03, (max) 0.89, expected_batch_size: 303
sample_rate: (min) 0.03, (max) 0.93, expected_batch_size: 304
sample_rate: (min) 0.03, (max) 0.71, expected_batch_size: 290
sample_rate: (min) 0.03, (max) 0.77, expected_batch_size: 291
sample_rate: (min) 0.03, (max) 0.81, expected_batch_size: 290
sample_rate: (min) 0.03, (max) 0.62, expected_batch_size: 292
initial privacy cost of all clients:  [0, 0, 0, 0, 0, 0, 0, 0, 0, 0]
Round=0
Round=1
Round=2
Round=3
Round=4
Round=5
Round=6
Round=7
Round=8
Round=9
Round=10
Round=11
Round=12
Round=13
Round=14
current privacy cost of all clients:  [4.752415310075706, 4.054591694157598, 3.568320227772049, 6.0748074655109106, 6.1328811134891685, 6.124702222350012, 4.644301020258078, 5.38567160950761, 6.049312363510402, 3.1533820324004593]
Round=14, per client global perf=[0.8853, 0.8809, 0.8775, 0.8564, 0.8809, 0.8848, 0.8779, 0.8902, 0.8873, 0.8745], mean perf=17943/20400 (0.8796%)
Round=14, per client personal perf=[0.926, 0.9191, 0.9431, 0.9289, 0.9475, 0.95, 0.9574, 0.9475, 0.9426, 0.948], mean perf=19197/20400 (0.9410%)
Round=14, per client personal pooled=[0.9212, 0.9271, 0.9455, 0.9342, 0.954, 0.9522, 0.9582, 0.9461, 0.9401, 0.9514], mean perf=192372/204000 (0.9430%)
Mean performance of ditto rpdp global, Perf=0.8806
Mean performance of ditto rpdp personal, Perf=0.9448
Mean performance of ditto rpdp pooled, Perf=0.9455
 We run FedAvg with rPDP (BoundedMixGauss-0) ...
max_epsilon :  10.0  noise_multiplier :  9.736328125
The R-Squared value of the best-fit curve : 0.999749898528281
learning rate =  0.01
sample_rate: (min) 0.03, (max) 0.72, expected_batch_size: 410
sample_rate: (min) 0.03, (max) 0.79, expected_batch_size: 452
sample_rate: (min) 0.03, (max) 0.71, expected_batch_size: 444
sample_rate: (min) 0.03, (max) 0.72, expected_batch_size: 429
sample_rate: (min) 0.03, (max) 0.72, expected_batch_size: 439
sample_rate: (min) 0.03, (max) 0.74, expected_batch_size: 447
sample_rate: (min) 0.03, (max) 0.73, expected_batch_size: 448
sample_rate: (min) 0.03, (max) 0.71, expected_batch_size: 448
sample_rate: (min) 0.03, (max) 0.74, expected_batch_size: 443
sample_rate: (min) 0.03, (max) 0.73, expected_batch_size: 428
initial privacy cost of all clients:  [0, 0, 0, 0, 0, 0, 0, 0, 0, 0]
Round=0
Round=1
Round=2
Round=3
Round=4
Round=5
Round=6
Round=7
Round=8
Round=9
Round=10
Round=11
Round=12
Round=13
Round=14
current privacy cost of all clients:  [4.452560630310308, 4.989186002268105, 3.3873239087081313, 4.232126556619421, 4.743771711921414, 4.635185435148208, 4.820354613545777, 4.869430286915287, 5.357871969683328, 3.8727212988002124]
Round=14, per client global perf=[0.9005, 0.902, 0.8887, 0.8863, 0.902, 0.8956, 0.8975, 0.9098, 0.9064, 0.8985], mean perf=18334/20400 (0.8987%)
Round=14, per client personal perf=[0.9578, 0.9495, 0.9309, 0.9431, 0.9549, 0.9475, 0.9333, 0.9564, 0.9569, 0.9446], mean perf=19329/20400 (0.9475%)
Round=14, per client personal pooled=[0.9519, 0.9495, 0.9359, 0.9551, 0.9586, 0.9491, 0.9413, 0.9575, 0.9556, 0.9509], mean perf=193912/204000 (0.9505%)
Mean performance of ditto rpdp global, Perf=0.8976
Mean performance of ditto rpdp personal, Perf=0.9446
Mean performance of ditto rpdp pooled, Perf=0.9469
Finished seed 42
----------------------------------------
=== Running reg_param=0.001, num_steps=30 ===
Running seed 42
/Users/shegao_t1/DP_Research/Personal_DP_Personal_FL/rpdp_fl/experiments/datasets/fed_mnist/iid_10
 We run FedAvg with rPDP (ThreeLevels-0) ...
max_epsilon :  10.0  noise_multiplier :  9.736328125
The R-Squared value of the best-fit curve : 0.999749898528281
learning rate =  0.01
sample_rate: (min) 0.03, (max) 0.61, expected_batch_size: 435
sample_rate: (min) 0.03, (max) 0.61, expected_batch_size: 435
sample_rate: (min) 0.03, (max) 0.61, expected_batch_size: 435
sample_rate: (min) 0.03, (max) 0.61, expected_batch_size: 435
sample_rate: (min) 0.03, (max) 0.61, expected_batch_size: 435
sample_rate: (min) 0.03, (max) 0.61, expected_batch_size: 435
sample_rate: (min) 0.03, (max) 0.61, expected_batch_size: 435
sample_rate: (min) 0.03, (max) 0.61, expected_batch_size: 435
sample_rate: (min) 0.03, (max) 0.61, expected_batch_size: 435
sample_rate: (min) 0.03, (max) 0.61, expected_batch_size: 435
initial privacy cost of all clients:  [0, 0, 0, 0, 0, 0, 0, 0, 0, 0]
Round=0
Round=1
Round=2
Round=3
Round=4
Round=5
Round=6
Round=7
Round=8
Round=9
Round=10
Round=11
Round=12
Round=13
Round=14
current privacy cost of all clients:  [3.554611437795162, 3.554611437795162, 2.8039339861853394, 3.3043856205918876, 3.8048372549984366, 3.554611437795162, 3.8048372549984366, 4.055063072201711, 4.305288889404985, 3.0541598033886133]
Round=14, per client global perf=[0.898, 0.9025, 0.8902, 0.8873, 0.901, 0.8966, 0.9, 0.9142, 0.9074, 0.8995], mean perf=18353/20400 (0.8997%)
Round=14, per client personal perf=[0.9667, 0.9574, 0.9475, 0.9505, 0.9672, 0.9397, 0.9549, 0.9627, 0.9642, 0.9588], mean perf=19522/20400 (0.9570%)
Round=14, per client personal pooled=[0.9592, 0.9599, 0.9462, 0.9587, 0.9607, 0.9426, 0.9577, 0.9522, 0.9607, 0.962], mean perf=195021/204000 (0.9560%)
Mean performance of ditto rpdp global, Perf=0.8991
Mean performance of ditto rpdp personal, Perf=0.9562
Mean performance of ditto rpdp pooled, Perf=0.9560
 We run FedAvg with rPDP (BoundedPareto-0) ...
max_epsilon :  10.0  noise_multiplier :  9.736328125
The R-Squared value of the best-fit curve : 0.999749898528281
learning rate =  0.01
sample_rate: (min) 0.03, (max) 0.76, expected_batch_size: 293
sample_rate: (min) 0.03, (max) 0.67, expected_batch_size: 288
sample_rate: (min) 0.03, (max) 0.74, expected_batch_size: 289
sample_rate: (min) 0.03, (max) 0.98, expected_batch_size: 296
sample_rate: (min) 0.03, (max) 0.89, expected_batch_size: 303
sample_rate: (min) 0.03, (max) 0.93, expected_batch_size: 304
sample_rate: (min) 0.03, (max) 0.71, expected_batch_size: 290
sample_rate: (min) 0.03, (max) 0.77, expected_batch_size: 291
sample_rate: (min) 0.03, (max) 0.81, expected_batch_size: 290
sample_rate: (min) 0.03, (max) 0.62, expected_batch_size: 292
initial privacy cost of all clients:  [0, 0, 0, 0, 0, 0, 0, 0, 0, 0]
Round=0
Round=1
Round=2
Round=3
Round=4
Round=5
Round=6
Round=7
Round=8
Round=9
Round=10
Round=11
Round=12
Round=13
Round=14
current privacy cost of all clients:  [4.752415310075706, 4.054591694157598, 3.568320227772049, 6.0748074655109106, 6.1328811134891685, 6.124702222350012, 4.644301020258078, 5.38567160950761, 6.049312363510402, 3.1533820324004593]
Round=14, per client global perf=[0.8853, 0.8809, 0.8775, 0.8564, 0.8809, 0.8848, 0.8779, 0.8902, 0.8873, 0.8745], mean perf=17943/20400 (0.8796%)
Round=14, per client personal perf=[0.952, 0.9672, 0.9422, 0.9466, 0.9515, 0.9613, 0.9544, 0.9598, 0.9657, 0.9525], mean perf=19488/20400 (0.9553%)
Round=14, per client personal pooled=[0.947, 0.9679, 0.9423, 0.9499, 0.9521, 0.9609, 0.9528, 0.9537, 0.9641, 0.9615], mean perf=194861/204000 (0.9552%)
Mean performance of ditto rpdp global, Perf=0.8806
Mean performance of ditto rpdp personal, Perf=0.9543
Mean performance of ditto rpdp pooled, Perf=0.9544
 We run FedAvg with rPDP (BoundedMixGauss-0) ...
max_epsilon :  10.0  noise_multiplier :  9.736328125
The R-Squared value of the best-fit curve : 0.999749898528281
learning rate =  0.01
sample_rate: (min) 0.03, (max) 0.72, expected_batch_size: 410
sample_rate: (min) 0.03, (max) 0.79, expected_batch_size: 452
sample_rate: (min) 0.03, (max) 0.71, expected_batch_size: 444
sample_rate: (min) 0.03, (max) 0.72, expected_batch_size: 429
sample_rate: (min) 0.03, (max) 0.72, expected_batch_size: 439
sample_rate: (min) 0.03, (max) 0.74, expected_batch_size: 447
sample_rate: (min) 0.03, (max) 0.73, expected_batch_size: 448
sample_rate: (min) 0.03, (max) 0.71, expected_batch_size: 448
sample_rate: (min) 0.03, (max) 0.74, expected_batch_size: 443
sample_rate: (min) 0.03, (max) 0.73, expected_batch_size: 428
initial privacy cost of all clients:  [0, 0, 0, 0, 0, 0, 0, 0, 0, 0]
Round=0
Round=1
Round=2
Round=3
Round=4
Round=5
Round=6
Round=7
Round=8
Round=9
Round=10
Round=11
Round=12
Round=13
Round=14
current privacy cost of all clients:  [4.452560630310308, 4.989186002268105, 3.3873239087081313, 4.232126556619421, 4.743771711921414, 4.635185435148208, 4.820354613545777, 4.869430286915287, 5.357871969683328, 3.8727212988002124]
Round=14, per client global perf=[0.9005, 0.902, 0.8887, 0.8863, 0.902, 0.8956, 0.8975, 0.9098, 0.9064, 0.8985], mean perf=18334/20400 (0.8987%)
Round=14, per client personal perf=[0.9657, 0.9667, 0.9564, 0.9505, 0.9574, 0.9529, 0.9544, 0.9593, 0.9574, 0.9333], mean perf=19490/20400 (0.9554%)
Round=14, per client personal pooled=[0.9575, 0.9672, 0.9558, 0.9514, 0.9568, 0.9558, 0.9579, 0.9566, 0.9526, 0.936], mean perf=194772/204000 (0.9548%)
Mean performance of ditto rpdp global, Perf=0.8976
Mean performance of ditto rpdp personal, Perf=0.9522
Mean performance of ditto rpdp pooled, Perf=0.9516
Finished seed 42
----------------------------------------
=== Running reg_param=0.01, num_steps=15 ===
Running seed 42
/Users/shegao_t1/DP_Research/Personal_DP_Personal_FL/rpdp_fl/experiments/datasets/fed_mnist/iid_10
 We run FedAvg with rPDP (ThreeLevels-0) ...
max_epsilon :  10.0  noise_multiplier :  9.736328125
The R-Squared value of the best-fit curve : 0.999749898528281
learning rate =  0.01
sample_rate: (min) 0.03, (max) 0.61, expected_batch_size: 435
sample_rate: (min) 0.03, (max) 0.61, expected_batch_size: 435
sample_rate: (min) 0.03, (max) 0.61, expected_batch_size: 435
sample_rate: (min) 0.03, (max) 0.61, expected_batch_size: 435
sample_rate: (min) 0.03, (max) 0.61, expected_batch_size: 435
sample_rate: (min) 0.03, (max) 0.61, expected_batch_size: 435
sample_rate: (min) 0.03, (max) 0.61, expected_batch_size: 435
sample_rate: (min) 0.03, (max) 0.61, expected_batch_size: 435
sample_rate: (min) 0.03, (max) 0.61, expected_batch_size: 435
sample_rate: (min) 0.03, (max) 0.61, expected_batch_size: 435
initial privacy cost of all clients:  [0, 0, 0, 0, 0, 0, 0, 0, 0, 0]
Round=0
Round=1
Round=2
Round=3
Round=4
Round=5
Round=6
Round=7
Round=8
Round=9
Round=10
Round=11
Round=12
Round=13
Round=14
current privacy cost of all clients:  [3.554611437795162, 3.554611437795162, 2.8039339861853394, 3.3043856205918876, 3.8048372549984366, 3.554611437795162, 3.8048372549984366, 4.055063072201711, 4.305288889404985, 3.0541598033886133]
Round=14, per client global perf=[0.898, 0.9025, 0.8902, 0.8873, 0.901, 0.8966, 0.9, 0.9142, 0.9074, 0.8995], mean perf=18353/20400 (0.8997%)
Round=14, per client personal perf=[0.9294, 0.9142, 0.9363, 0.95, 0.9426, 0.9456, 0.9549, 0.9456, 0.9554, 0.9392], mean perf=19203/20400 (0.9413%)
Round=14, per client personal pooled=[0.9288, 0.9124, 0.9368, 0.9556, 0.9339, 0.9497, 0.952, 0.9432, 0.958, 0.9462], mean perf=192100/204000 (0.9417%)
Mean performance of ditto rpdp global, Perf=0.8991
Mean performance of ditto rpdp personal, Perf=0.9432
Mean performance of ditto rpdp pooled, Perf=0.9428
 We run FedAvg with rPDP (BoundedPareto-0) ...
max_epsilon :  10.0  noise_multiplier :  9.736328125
The R-Squared value of the best-fit curve : 0.999749898528281
learning rate =  0.01
sample_rate: (min) 0.03, (max) 0.76, expected_batch_size: 293
sample_rate: (min) 0.03, (max) 0.67, expected_batch_size: 288
sample_rate: (min) 0.03, (max) 0.74, expected_batch_size: 289
sample_rate: (min) 0.03, (max) 0.98, expected_batch_size: 296
sample_rate: (min) 0.03, (max) 0.89, expected_batch_size: 303
sample_rate: (min) 0.03, (max) 0.93, expected_batch_size: 304
sample_rate: (min) 0.03, (max) 0.71, expected_batch_size: 290
sample_rate: (min) 0.03, (max) 0.77, expected_batch_size: 291
sample_rate: (min) 0.03, (max) 0.81, expected_batch_size: 290
sample_rate: (min) 0.03, (max) 0.62, expected_batch_size: 292
initial privacy cost of all clients:  [0, 0, 0, 0, 0, 0, 0, 0, 0, 0]
Round=0
Round=1
Round=2
Round=3
Round=4
Round=5
Round=6
Round=7
Round=8
Round=9
Round=10
Round=11
Round=12
Round=13
Round=14
current privacy cost of all clients:  [4.752415310075706, 4.054591694157598, 3.568320227772049, 6.0748074655109106, 6.1328811134891685, 6.124702222350012, 4.644301020258078, 5.38567160950761, 6.049312363510402, 3.1533820324004593]
Round=14, per client global perf=[0.8853, 0.8809, 0.8775, 0.8564, 0.8809, 0.8848, 0.8779, 0.8902, 0.8873, 0.8745], mean perf=17943/20400 (0.8796%)
Round=14, per client personal perf=[0.9471, 0.9191, 0.9461, 0.9343, 0.9529, 0.9402, 0.9475, 0.9436, 0.9279, 0.924], mean perf=19141/20400 (0.9383%)
Round=14, per client personal pooled=[0.9465, 0.9194, 0.9458, 0.9401, 0.9543, 0.9306, 0.943, 0.9308, 0.9325, 0.9291], mean perf=191193/204000 (0.9372%)
Mean performance of ditto rpdp global, Perf=0.8806
Mean performance of ditto rpdp personal, Perf=0.9426
Mean performance of ditto rpdp pooled, Perf=0.9411
 We run FedAvg with rPDP (BoundedMixGauss-0) ...
max_epsilon :  10.0  noise_multiplier :  9.736328125
The R-Squared value of the best-fit curve : 0.999749898528281
learning rate =  0.01
sample_rate: (min) 0.03, (max) 0.72, expected_batch_size: 410
sample_rate: (min) 0.03, (max) 0.79, expected_batch_size: 452
sample_rate: (min) 0.03, (max) 0.71, expected_batch_size: 444
sample_rate: (min) 0.03, (max) 0.72, expected_batch_size: 429
sample_rate: (min) 0.03, (max) 0.72, expected_batch_size: 439
sample_rate: (min) 0.03, (max) 0.74, expected_batch_size: 447
sample_rate: (min) 0.03, (max) 0.73, expected_batch_size: 448
sample_rate: (min) 0.03, (max) 0.71, expected_batch_size: 448
sample_rate: (min) 0.03, (max) 0.74, expected_batch_size: 443
sample_rate: (min) 0.03, (max) 0.73, expected_batch_size: 428
initial privacy cost of all clients:  [0, 0, 0, 0, 0, 0, 0, 0, 0, 0]
Round=0
Round=1
Round=2
Round=3
Round=4
Round=5
Round=6
Round=7
Round=8
Round=9
Round=10
Round=11
Round=12
Round=13
Round=14
current privacy cost of all clients:  [4.452560630310308, 4.989186002268105, 3.3873239087081313, 4.232126556619421, 4.743771711921414, 4.635185435148208, 4.820354613545777, 4.869430286915287, 5.357871969683328, 3.8727212988002124]
Round=14, per client global perf=[0.9005, 0.902, 0.8887, 0.8863, 0.902, 0.8956, 0.8975, 0.9098, 0.9064, 0.8985], mean perf=18334/20400 (0.8987%)
Round=14, per client personal perf=[0.924, 0.9324, 0.9456, 0.9314, 0.9485, 0.9407, 0.924, 0.948, 0.9569, 0.9314], mean perf=19141/20400 (0.9383%)
Round=14, per client personal pooled=[0.921, 0.9362, 0.9474, 0.9308, 0.9472, 0.9441, 0.9346, 0.9429, 0.9546, 0.933], mean perf=191590/204000 (0.9392%)
Mean performance of ditto rpdp global, Perf=0.8976
Mean performance of ditto rpdp personal, Perf=0.9407
Mean performance of ditto rpdp pooled, Perf=0.9400
Finished seed 42
----------------------------------------
=== Running reg_param=0.01, num_steps=30 ===
Running seed 42
/Users/shegao_t1/DP_Research/Personal_DP_Personal_FL/rpdp_fl/experiments/datasets/fed_mnist/iid_10
 We run FedAvg with rPDP (ThreeLevels-0) ...
max_epsilon :  10.0  noise_multiplier :  9.736328125
The R-Squared value of the best-fit curve : 0.999749898528281
learning rate =  0.01
sample_rate: (min) 0.03, (max) 0.61, expected_batch_size: 435
sample_rate: (min) 0.03, (max) 0.61, expected_batch_size: 435
sample_rate: (min) 0.03, (max) 0.61, expected_batch_size: 435
sample_rate: (min) 0.03, (max) 0.61, expected_batch_size: 435
sample_rate: (min) 0.03, (max) 0.61, expected_batch_size: 435
sample_rate: (min) 0.03, (max) 0.61, expected_batch_size: 435
sample_rate: (min) 0.03, (max) 0.61, expected_batch_size: 435
sample_rate: (min) 0.03, (max) 0.61, expected_batch_size: 435
sample_rate: (min) 0.03, (max) 0.61, expected_batch_size: 435
sample_rate: (min) 0.03, (max) 0.61, expected_batch_size: 435
initial privacy cost of all clients:  [0, 0, 0, 0, 0, 0, 0, 0, 0, 0]
Round=0
Round=1
Round=2
Round=3
Round=4
Round=5
Round=6
Round=7
Round=8
Round=9
Round=10
Round=11
Round=12
Round=13
Round=14
current privacy cost of all clients:  [3.554611437795162, 3.554611437795162, 2.8039339861853394, 3.3043856205918876, 3.8048372549984366, 3.554611437795162, 3.8048372549984366, 4.055063072201711, 4.305288889404985, 3.0541598033886133]
Round=14, per client global perf=[0.898, 0.9025, 0.8902, 0.8873, 0.901, 0.8966, 0.9, 0.9142, 0.9074, 0.8995], mean perf=18353/20400 (0.8997%)
Round=14, per client personal perf=[0.9265, 0.95, 0.9299, 0.9417, 0.9475, 0.9426, 0.9436, 0.9578, 0.9441, 0.9534], mean perf=19252/20400 (0.9437%)
Round=14, per client personal pooled=[0.9181, 0.9524, 0.9348, 0.9442, 0.9444, 0.9388, 0.9411, 0.9535, 0.947, 0.9565], mean perf=192388/204000 (0.9431%)
Mean performance of ditto rpdp global, Perf=0.8991
Mean performance of ditto rpdp personal, Perf=0.9437
Mean performance of ditto rpdp pooled, Perf=0.9427
 We run FedAvg with rPDP (BoundedPareto-0) ...
max_epsilon :  10.0  noise_multiplier :  9.736328125
The R-Squared value of the best-fit curve : 0.999749898528281
learning rate =  0.01
sample_rate: (min) 0.03, (max) 0.76, expected_batch_size: 293
sample_rate: (min) 0.03, (max) 0.67, expected_batch_size: 288
sample_rate: (min) 0.03, (max) 0.74, expected_batch_size: 289
sample_rate: (min) 0.03, (max) 0.98, expected_batch_size: 296
sample_rate: (min) 0.03, (max) 0.89, expected_batch_size: 303
sample_rate: (min) 0.03, (max) 0.93, expected_batch_size: 304
sample_rate: (min) 0.03, (max) 0.71, expected_batch_size: 290
sample_rate: (min) 0.03, (max) 0.77, expected_batch_size: 291
sample_rate: (min) 0.03, (max) 0.81, expected_batch_size: 290
sample_rate: (min) 0.03, (max) 0.62, expected_batch_size: 292
initial privacy cost of all clients:  [0, 0, 0, 0, 0, 0, 0, 0, 0, 0]
Round=0
Round=1
Round=2
Round=3
Round=4
Round=5
Round=6
Round=7
Round=8
Round=9
Round=10
Round=11
Round=12
Round=13
Round=14
current privacy cost of all clients:  [4.752415310075706, 4.054591694157598, 3.568320227772049, 6.0748074655109106, 6.1328811134891685, 6.124702222350012, 4.644301020258078, 5.38567160950761, 6.049312363510402, 3.1533820324004593]
Round=14, per client global perf=[0.8853, 0.8809, 0.8775, 0.8564, 0.8809, 0.8848, 0.8779, 0.8902, 0.8873, 0.8745], mean perf=17943/20400 (0.8796%)
Round=14, per client personal perf=[0.9525, 0.9647, 0.948, 0.9368, 0.9235, 0.9574, 0.9451, 0.9456, 0.9456, 0.9363], mean perf=19289/20400 (0.9455%)
Round=14, per client personal pooled=[0.9454, 0.9618, 0.9404, 0.9418, 0.9274, 0.9545, 0.9425, 0.9436, 0.9417, 0.9475], mean perf=192712/204000 (0.9447%)
Mean performance of ditto rpdp global, Perf=0.8806
Mean performance of ditto rpdp personal, Perf=0.9460
Mean performance of ditto rpdp pooled, Perf=0.9454
 We run FedAvg with rPDP (BoundedMixGauss-0) ...
max_epsilon :  10.0  noise_multiplier :  9.736328125
The R-Squared value of the best-fit curve : 0.999749898528281
learning rate =  0.01
sample_rate: (min) 0.03, (max) 0.72, expected_batch_size: 410
sample_rate: (min) 0.03, (max) 0.79, expected_batch_size: 452
sample_rate: (min) 0.03, (max) 0.71, expected_batch_size: 444
sample_rate: (min) 0.03, (max) 0.72, expected_batch_size: 429
sample_rate: (min) 0.03, (max) 0.72, expected_batch_size: 439
sample_rate: (min) 0.03, (max) 0.74, expected_batch_size: 447
sample_rate: (min) 0.03, (max) 0.73, expected_batch_size: 448
sample_rate: (min) 0.03, (max) 0.71, expected_batch_size: 448
sample_rate: (min) 0.03, (max) 0.74, expected_batch_size: 443
sample_rate: (min) 0.03, (max) 0.73, expected_batch_size: 428
initial privacy cost of all clients:  [0, 0, 0, 0, 0, 0, 0, 0, 0, 0]
Round=0
Round=1
Round=2
Round=3
Round=4
Round=5
Round=6
Round=7
Round=8
Round=9
Round=10
Round=11
Round=12
Round=13
Round=14
current privacy cost of all clients:  [4.452560630310308, 4.989186002268105, 3.3873239087081313, 4.232126556619421, 4.743771711921414, 4.635185435148208, 4.820354613545777, 4.869430286915287, 5.357871969683328, 3.8727212988002124]
Round=14, per client global perf=[0.9005, 0.902, 0.8887, 0.8863, 0.902, 0.8956, 0.8975, 0.9098, 0.9064, 0.8985], mean perf=18334/20400 (0.8987%)
Round=14, per client personal perf=[0.9162, 0.9588, 0.9583, 0.9446, 0.9422, 0.951, 0.9382, 0.9466, 0.9534, 0.9417], mean perf=19280/20400 (0.9451%)
Round=14, per client personal pooled=[0.9178, 0.9527, 0.9575, 0.9489, 0.9376, 0.9483, 0.9457, 0.9456, 0.9481, 0.9538], mean perf=192906/204000 (0.9456%)
Mean performance of ditto rpdp global, Perf=0.8976
Mean performance of ditto rpdp personal, Perf=0.9475
Mean performance of ditto rpdp pooled, Perf=0.9479
Finished seed 42
----------------------------------------
=== Running reg_param=0.1, num_steps=15 ===
Running seed 42
/Users/shegao_t1/DP_Research/Personal_DP_Personal_FL/rpdp_fl/experiments/datasets/fed_mnist/iid_10
 We run FedAvg with rPDP (ThreeLevels-0) ...
max_epsilon :  10.0  noise_multiplier :  9.736328125
The R-Squared value of the best-fit curve : 0.999749898528281
learning rate =  0.01
sample_rate: (min) 0.03, (max) 0.61, expected_batch_size: 435
sample_rate: (min) 0.03, (max) 0.61, expected_batch_size: 435
sample_rate: (min) 0.03, (max) 0.61, expected_batch_size: 435
sample_rate: (min) 0.03, (max) 0.61, expected_batch_size: 435
sample_rate: (min) 0.03, (max) 0.61, expected_batch_size: 435
sample_rate: (min) 0.03, (max) 0.61, expected_batch_size: 435
sample_rate: (min) 0.03, (max) 0.61, expected_batch_size: 435
sample_rate: (min) 0.03, (max) 0.61, expected_batch_size: 435
sample_rate: (min) 0.03, (max) 0.61, expected_batch_size: 435
sample_rate: (min) 0.03, (max) 0.61, expected_batch_size: 435
initial privacy cost of all clients:  [0, 0, 0, 0, 0, 0, 0, 0, 0, 0]
Round=0
Round=1
Round=2
Round=3
Round=4
Round=5
Round=6
Round=7
Round=8
Round=9
Round=10
Round=11
Round=12
Round=13
Round=14
current privacy cost of all clients:  [3.554611437795162, 3.554611437795162, 2.8039339861853394, 3.3043856205918876, 3.8048372549984366, 3.554611437795162, 3.8048372549984366, 4.055063072201711, 4.305288889404985, 3.0541598033886133]
Round=14, per client global perf=[0.898, 0.9025, 0.8902, 0.8873, 0.901, 0.8966, 0.9, 0.9142, 0.9074, 0.8995], mean perf=18353/20400 (0.8997%)
Round=14, per client personal perf=[0.9103, 0.8686, 0.8931, 0.8917, 0.9069, 0.8902, 0.9167, 0.9088, 0.9025, 0.8804], mean perf=18297/20400 (0.8969%)
Round=14, per client personal pooled=[0.9124, 0.8698, 0.8941, 0.8975, 0.9071, 0.8901, 0.9244, 0.906, 0.895, 0.8916], mean perf=183354/204000 (0.8988%)
Mean performance of ditto rpdp global, Perf=0.8991
Mean performance of ditto rpdp personal, Perf=0.8968
Mean performance of ditto rpdp pooled, Perf=0.8963
 We run FedAvg with rPDP (BoundedPareto-0) ...
max_epsilon :  10.0  noise_multiplier :  9.736328125
The R-Squared value of the best-fit curve : 0.999749898528281
learning rate =  0.01
sample_rate: (min) 0.03, (max) 0.76, expected_batch_size: 293
sample_rate: (min) 0.03, (max) 0.67, expected_batch_size: 288
sample_rate: (min) 0.03, (max) 0.74, expected_batch_size: 289
sample_rate: (min) 0.03, (max) 0.98, expected_batch_size: 296
sample_rate: (min) 0.03, (max) 0.89, expected_batch_size: 303
sample_rate: (min) 0.03, (max) 0.93, expected_batch_size: 304
sample_rate: (min) 0.03, (max) 0.71, expected_batch_size: 290
sample_rate: (min) 0.03, (max) 0.77, expected_batch_size: 291
sample_rate: (min) 0.03, (max) 0.81, expected_batch_size: 290
sample_rate: (min) 0.03, (max) 0.62, expected_batch_size: 292
initial privacy cost of all clients:  [0, 0, 0, 0, 0, 0, 0, 0, 0, 0]
Round=0
Round=1
Round=2
Round=3
Round=4
Round=5
Round=6
Round=7
Round=8
Round=9
Round=10
Round=11
Round=12
Round=13
Round=14
current privacy cost of all clients:  [4.752415310075706, 4.054591694157598, 3.568320227772049, 6.0748074655109106, 6.1328811134891685, 6.124702222350012, 4.644301020258078, 5.38567160950761, 6.049312363510402, 3.1533820324004593]
Round=14, per client global perf=[0.8853, 0.8809, 0.8775, 0.8564, 0.8809, 0.8848, 0.8779, 0.8902, 0.8873, 0.8745], mean perf=17943/20400 (0.8796%)
Round=14, per client personal perf=[0.8873, 0.9034, 0.8725, 0.8676, 0.8755, 0.9069, 0.8868, 0.9103, 0.9245, 0.8765], mean perf=18179/20400 (0.8911%)
Round=14, per client personal pooled=[0.893, 0.8946, 0.875, 0.8817, 0.8742, 0.9088, 0.8906, 0.8977, 0.9176, 0.8881], mean perf=181994/204000 (0.8921%)
Mean performance of ditto rpdp global, Perf=0.8806
Mean performance of ditto rpdp personal, Perf=0.8934
Mean performance of ditto rpdp pooled, Perf=0.8945
 We run FedAvg with rPDP (BoundedMixGauss-0) ...
max_epsilon :  10.0  noise_multiplier :  9.736328125
The R-Squared value of the best-fit curve : 0.999749898528281
learning rate =  0.01
sample_rate: (min) 0.03, (max) 0.72, expected_batch_size: 410
sample_rate: (min) 0.03, (max) 0.79, expected_batch_size: 452
sample_rate: (min) 0.03, (max) 0.71, expected_batch_size: 444
sample_rate: (min) 0.03, (max) 0.72, expected_batch_size: 429
sample_rate: (min) 0.03, (max) 0.72, expected_batch_size: 439
sample_rate: (min) 0.03, (max) 0.74, expected_batch_size: 447
sample_rate: (min) 0.03, (max) 0.73, expected_batch_size: 448
sample_rate: (min) 0.03, (max) 0.71, expected_batch_size: 448
sample_rate: (min) 0.03, (max) 0.74, expected_batch_size: 443
sample_rate: (min) 0.03, (max) 0.73, expected_batch_size: 428
initial privacy cost of all clients:  [0, 0, 0, 0, 0, 0, 0, 0, 0, 0]
Round=0
Round=1
Round=2
Round=3
Round=4
Round=5
Round=6
Round=7
Round=8
Round=9
Round=10
Round=11
Round=12
Round=13
Round=14
current privacy cost of all clients:  [4.452560630310308, 4.989186002268105, 3.3873239087081313, 4.232126556619421, 4.743771711921414, 4.635185435148208, 4.820354613545777, 4.869430286915287, 5.357871969683328, 3.8727212988002124]
Round=14, per client global perf=[0.9005, 0.902, 0.8887, 0.8863, 0.902, 0.8956, 0.8975, 0.9098, 0.9064, 0.8985], mean perf=18334/20400 (0.8987%)
Round=14, per client personal perf=[0.8603, 0.9088, 0.9118, 0.9127, 0.9054, 0.902, 0.9167, 0.8907, 0.8926, 0.8848], mean perf=18331/20400 (0.8986%)
Round=14, per client personal pooled=[0.8549, 0.9086, 0.9158, 0.9198, 0.9009, 0.902, 0.923, 0.8914, 0.8832, 0.8858], mean perf=183300/204000 (0.8985%)
Mean performance of ditto rpdp global, Perf=0.8976
Mean performance of ditto rpdp personal, Perf=0.8985
Mean performance of ditto rpdp pooled, Perf=0.8988
Finished seed 42
----------------------------------------
=== Running reg_param=0.1, num_steps=30 ===
Running seed 42
/Users/shegao_t1/DP_Research/Personal_DP_Personal_FL/rpdp_fl/experiments/datasets/fed_mnist/iid_10
 We run FedAvg with rPDP (ThreeLevels-0) ...
max_epsilon :  10.0  noise_multiplier :  9.736328125
The R-Squared value of the best-fit curve : 0.999749898528281
learning rate =  0.01
sample_rate: (min) 0.03, (max) 0.61, expected_batch_size: 435
sample_rate: (min) 0.03, (max) 0.61, expected_batch_size: 435
sample_rate: (min) 0.03, (max) 0.61, expected_batch_size: 435
sample_rate: (min) 0.03, (max) 0.61, expected_batch_size: 435
sample_rate: (min) 0.03, (max) 0.61, expected_batch_size: 435
sample_rate: (min) 0.03, (max) 0.61, expected_batch_size: 435
sample_rate: (min) 0.03, (max) 0.61, expected_batch_size: 435
sample_rate: (min) 0.03, (max) 0.61, expected_batch_size: 435
sample_rate: (min) 0.03, (max) 0.61, expected_batch_size: 435
sample_rate: (min) 0.03, (max) 0.61, expected_batch_size: 435
initial privacy cost of all clients:  [0, 0, 0, 0, 0, 0, 0, 0, 0, 0]
Round=0
Round=1
Round=2
Round=3
Round=4
Round=5
Round=6
Round=7
Round=8
Round=9
Round=10
Round=11
Round=12
Round=13
Round=14
current privacy cost of all clients:  [3.554611437795162, 3.554611437795162, 2.8039339861853394, 3.3043856205918876, 3.8048372549984366, 3.554611437795162, 3.8048372549984366, 4.055063072201711, 4.305288889404985, 3.0541598033886133]
Round=14, per client global perf=[0.898, 0.9025, 0.8902, 0.8873, 0.901, 0.8966, 0.9, 0.9142, 0.9074, 0.8995], mean perf=18353/20400 (0.8997%)
Round=14, per client personal perf=[0.873, 0.8667, 0.9172, 0.9083, 0.8716, 0.8838, 0.9064, 0.8877, 0.9167, 0.8902], mean perf=18200/20400 (0.8922%)
Round=14, per client personal pooled=[0.8631, 0.8578, 0.9116, 0.9139, 0.8709, 0.8866, 0.8991, 0.8703, 0.9107, 0.8963], mean perf=181161/204000 (0.8880%)
Mean performance of ditto rpdp global, Perf=0.8991
Mean performance of ditto rpdp personal, Perf=0.8988
Mean performance of ditto rpdp pooled, Perf=0.8962
 We run FedAvg with rPDP (BoundedPareto-0) ...
max_epsilon :  10.0  noise_multiplier :  9.736328125
The R-Squared value of the best-fit curve : 0.999749898528281
learning rate =  0.01
sample_rate: (min) 0.03, (max) 0.76, expected_batch_size: 293
sample_rate: (min) 0.03, (max) 0.67, expected_batch_size: 288
sample_rate: (min) 0.03, (max) 0.74, expected_batch_size: 289
sample_rate: (min) 0.03, (max) 0.98, expected_batch_size: 296
sample_rate: (min) 0.03, (max) 0.89, expected_batch_size: 303
sample_rate: (min) 0.03, (max) 0.93, expected_batch_size: 304
sample_rate: (min) 0.03, (max) 0.71, expected_batch_size: 290
sample_rate: (min) 0.03, (max) 0.77, expected_batch_size: 291
sample_rate: (min) 0.03, (max) 0.81, expected_batch_size: 290
sample_rate: (min) 0.03, (max) 0.62, expected_batch_size: 292
initial privacy cost of all clients:  [0, 0, 0, 0, 0, 0, 0, 0, 0, 0]
Round=0
Round=1
Round=2
Round=3
Round=4
Round=5
Round=6
Round=7
Round=8
Round=9
Round=10
Round=11
Round=12
Round=13
Round=14
current privacy cost of all clients:  [4.752415310075706, 4.054591694157598, 3.568320227772049, 6.0748074655109106, 6.1328811134891685, 6.124702222350012, 4.644301020258078, 5.38567160950761, 6.049312363510402, 3.1533820324004593]
Round=14, per client global perf=[0.8853, 0.8809, 0.8775, 0.8564, 0.8809, 0.8848, 0.8779, 0.8902, 0.8873, 0.8745], mean perf=17943/20400 (0.8796%)
Round=14, per client personal perf=[0.9049, 0.9108, 0.8907, 0.9015, 0.9074, 0.8941, 0.9025, 0.9157, 0.8985, 0.8765], mean perf=18365/20400 (0.9002%)
Round=14, per client personal pooled=[0.9042, 0.9133, 0.8929, 0.9054, 0.8975, 0.8963, 0.9045, 0.9113, 0.8937, 0.8828], mean perf=183638/204000 (0.9002%)
Mean performance of ditto rpdp global, Perf=0.8806
Mean performance of ditto rpdp personal, Perf=0.8965
Mean performance of ditto rpdp pooled, Perf=0.8963
 We run FedAvg with rPDP (BoundedMixGauss-0) ...
max_epsilon :  10.0  noise_multiplier :  9.736328125
The R-Squared value of the best-fit curve : 0.999749898528281
learning rate =  0.01
sample_rate: (min) 0.03, (max) 0.72, expected_batch_size: 410
sample_rate: (min) 0.03, (max) 0.79, expected_batch_size: 452
sample_rate: (min) 0.03, (max) 0.71, expected_batch_size: 444
sample_rate: (min) 0.03, (max) 0.72, expected_batch_size: 429
sample_rate: (min) 0.03, (max) 0.72, expected_batch_size: 439
sample_rate: (min) 0.03, (max) 0.74, expected_batch_size: 447
sample_rate: (min) 0.03, (max) 0.73, expected_batch_size: 448
sample_rate: (min) 0.03, (max) 0.71, expected_batch_size: 448
sample_rate: (min) 0.03, (max) 0.74, expected_batch_size: 443
sample_rate: (min) 0.03, (max) 0.73, expected_batch_size: 428
initial privacy cost of all clients:  [0, 0, 0, 0, 0, 0, 0, 0, 0, 0]
Round=0
Round=1
Round=2
Round=3
Round=4
Round=5
Round=6
Round=7
Round=8
Round=9
Round=10
Round=11
Round=12
Round=13
Round=14
current privacy cost of all clients:  [4.452560630310308, 4.989186002268105, 3.3873239087081313, 4.232126556619421, 4.743771711921414, 4.635185435148208, 4.820354613545777, 4.869430286915287, 5.357871969683328, 3.8727212988002124]
Round=14, per client global perf=[0.9005, 0.902, 0.8887, 0.8863, 0.902, 0.8956, 0.8975, 0.9098, 0.9064, 0.8985], mean perf=18334/20400 (0.8987%)
Round=14, per client personal perf=[0.8853, 0.8887, 0.9245, 0.9167, 0.8975, 0.9088, 0.8892, 0.9137, 0.8868, 0.8877], mean perf=18358/20400 (0.8999%)
Round=14, per client personal pooled=[0.8766, 0.8931, 0.9187, 0.9219, 0.8889, 0.9079, 0.8966, 0.9079, 0.8832, 0.8917], mean perf=183322/204000 (0.8986%)
Mean performance of ditto rpdp global, Perf=0.8976
Mean performance of ditto rpdp personal, Perf=0.9000
Mean performance of ditto rpdp pooled, Perf=0.8993
Finished seed 42
----------------------------------------
=== Running reg_param=1.0, num_steps=15 ===
Running seed 42
/Users/shegao_t1/DP_Research/Personal_DP_Personal_FL/rpdp_fl/experiments/datasets/fed_mnist/iid_10
 We run FedAvg with rPDP (ThreeLevels-0) ...
max_epsilon :  10.0  noise_multiplier :  9.736328125
The R-Squared value of the best-fit curve : 0.999749898528281
learning rate =  0.01
sample_rate: (min) 0.03, (max) 0.61, expected_batch_size: 435
sample_rate: (min) 0.03, (max) 0.61, expected_batch_size: 435
sample_rate: (min) 0.03, (max) 0.61, expected_batch_size: 435
sample_rate: (min) 0.03, (max) 0.61, expected_batch_size: 435
sample_rate: (min) 0.03, (max) 0.61, expected_batch_size: 435
sample_rate: (min) 0.03, (max) 0.61, expected_batch_size: 435
sample_rate: (min) 0.03, (max) 0.61, expected_batch_size: 435
sample_rate: (min) 0.03, (max) 0.61, expected_batch_size: 435
sample_rate: (min) 0.03, (max) 0.61, expected_batch_size: 435
sample_rate: (min) 0.03, (max) 0.61, expected_batch_size: 435
initial privacy cost of all clients:  [0, 0, 0, 0, 0, 0, 0, 0, 0, 0]
Round=0
Round=1
Round=2
Round=3
Round=4
Round=5
Round=6
Round=7
Round=8
Round=9
Round=10
Round=11
Round=12
Round=13
Round=14
current privacy cost of all clients:  [3.554611437795162, 3.554611437795162, 2.8039339861853394, 3.3043856205918876, 3.8048372549984366, 3.554611437795162, 3.8048372549984366, 4.055063072201711, 4.305288889404985, 3.0541598033886133]
Round=14, per client global perf=[0.898, 0.9025, 0.8902, 0.8873, 0.901, 0.8966, 0.9, 0.9142, 0.9074, 0.8995], mean perf=18353/20400 (0.8997%)
Round=14, per client personal perf=[0.8608, 0.873, 0.8304, 0.8426, 0.848, 0.8853, 0.8701, 0.8735, 0.8172, 0.874], mean perf=17493/20400 (0.8575%)
Round=14, per client personal pooled=[0.861, 0.8676, 0.8421, 0.8514, 0.8429, 0.8808, 0.8709, 0.8641, 0.8099, 0.8766], mean perf=174773/204000 (0.8567%)
Mean performance of ditto rpdp global, Perf=0.8991
Mean performance of ditto rpdp personal, Perf=0.8536
Mean performance of ditto rpdp pooled, Perf=0.8541
 We run FedAvg with rPDP (BoundedPareto-0) ...
max_epsilon :  10.0  noise_multiplier :  9.736328125
The R-Squared value of the best-fit curve : 0.999749898528281
learning rate =  0.01
sample_rate: (min) 0.03, (max) 0.76, expected_batch_size: 293
sample_rate: (min) 0.03, (max) 0.67, expected_batch_size: 288
sample_rate: (min) 0.03, (max) 0.74, expected_batch_size: 289
sample_rate: (min) 0.03, (max) 0.98, expected_batch_size: 296
sample_rate: (min) 0.03, (max) 0.89, expected_batch_size: 303
sample_rate: (min) 0.03, (max) 0.93, expected_batch_size: 304
sample_rate: (min) 0.03, (max) 0.71, expected_batch_size: 290
sample_rate: (min) 0.03, (max) 0.77, expected_batch_size: 291
sample_rate: (min) 0.03, (max) 0.81, expected_batch_size: 290
sample_rate: (min) 0.03, (max) 0.62, expected_batch_size: 292
initial privacy cost of all clients:  [0, 0, 0, 0, 0, 0, 0, 0, 0, 0]
Round=0
Round=1
Round=2
Round=3
Round=4
Round=5
Round=6
Round=7
Round=8
Round=9
Round=10
Round=11
Round=12
Round=13
Round=14
current privacy cost of all clients:  [4.752415310075706, 4.054591694157598, 3.568320227772049, 6.0748074655109106, 6.1328811134891685, 6.124702222350012, 4.644301020258078, 5.38567160950761, 6.049312363510402, 3.1533820324004593]
Round=14, per client global perf=[0.8853, 0.8809, 0.8775, 0.8564, 0.8809, 0.8848, 0.8779, 0.8902, 0.8873, 0.8745], mean perf=17943/20400 (0.8796%)
Round=14, per client personal perf=[0.7289, 0.8412, 0.8368, 0.849, 0.8525, 0.8549, 0.8098, 0.8799, 0.8569, 0.8466], mean perf=17047/20400 (0.8356%)
Round=14, per client personal pooled=[0.7347, 0.8297, 0.8312, 0.8548, 0.8525, 0.8506, 0.8014, 0.8692, 0.8427, 0.8399], mean perf=169456/204000 (0.8307%)
Mean performance of ditto rpdp global, Perf=0.8806
Mean performance of ditto rpdp personal, Perf=0.8386
Mean performance of ditto rpdp pooled, Perf=0.8358
 We run FedAvg with rPDP (BoundedMixGauss-0) ...
max_epsilon :  10.0  noise_multiplier :  9.736328125
The R-Squared value of the best-fit curve : 0.999749898528281
learning rate =  0.01
sample_rate: (min) 0.03, (max) 0.72, expected_batch_size: 410
sample_rate: (min) 0.03, (max) 0.79, expected_batch_size: 452
sample_rate: (min) 0.03, (max) 0.71, expected_batch_size: 444
sample_rate: (min) 0.03, (max) 0.72, expected_batch_size: 429
sample_rate: (min) 0.03, (max) 0.72, expected_batch_size: 439
sample_rate: (min) 0.03, (max) 0.74, expected_batch_size: 447
sample_rate: (min) 0.03, (max) 0.73, expected_batch_size: 448
sample_rate: (min) 0.03, (max) 0.71, expected_batch_size: 448
sample_rate: (min) 0.03, (max) 0.74, expected_batch_size: 443
sample_rate: (min) 0.03, (max) 0.73, expected_batch_size: 428
initial privacy cost of all clients:  [0, 0, 0, 0, 0, 0, 0, 0, 0, 0]
Round=0
Round=1
Round=2
Round=3
Round=4
Round=5
Round=6
Round=7
Round=8
Round=9
Round=10
Round=11
Round=12
Round=13
Round=14
current privacy cost of all clients:  [4.452560630310308, 4.989186002268105, 3.3873239087081313, 4.232126556619421, 4.743771711921414, 4.635185435148208, 4.820354613545777, 4.869430286915287, 5.357871969683328, 3.8727212988002124]
Round=14, per client global perf=[0.9005, 0.902, 0.8887, 0.8863, 0.902, 0.8956, 0.8975, 0.9098, 0.9064, 0.8985], mean perf=18334/20400 (0.8987%)
Round=14, per client personal perf=[0.8029, 0.8725, 0.8515, 0.8446, 0.848, 0.8961, 0.7961, 0.8078, 0.8735, 0.8819], mean perf=17289/20400 (0.8475%)
Round=14, per client personal pooled=[0.7974, 0.8696, 0.8584, 0.8552, 0.8442, 0.8895, 0.7974, 0.8063, 0.8682, 0.8786], mean perf=172678/204000 (0.8465%)
Mean performance of ditto rpdp global, Perf=0.8976
Mean performance of ditto rpdp personal, Perf=0.8338
Mean performance of ditto rpdp pooled, Perf=0.8360
Finished seed 42
----------------------------------------
=== Running reg_param=1.0, num_steps=30 ===
Running seed 42
/Users/shegao_t1/DP_Research/Personal_DP_Personal_FL/rpdp_fl/experiments/datasets/fed_mnist/iid_10
 We run FedAvg with rPDP (ThreeLevels-0) ...
max_epsilon :  10.0  noise_multiplier :  9.736328125
The R-Squared value of the best-fit curve : 0.999749898528281
learning rate =  0.01
sample_rate: (min) 0.03, (max) 0.61, expected_batch_size: 435
sample_rate: (min) 0.03, (max) 0.61, expected_batch_size: 435
sample_rate: (min) 0.03, (max) 0.61, expected_batch_size: 435
sample_rate: (min) 0.03, (max) 0.61, expected_batch_size: 435
sample_rate: (min) 0.03, (max) 0.61, expected_batch_size: 435
sample_rate: (min) 0.03, (max) 0.61, expected_batch_size: 435
sample_rate: (min) 0.03, (max) 0.61, expected_batch_size: 435
sample_rate: (min) 0.03, (max) 0.61, expected_batch_size: 435
sample_rate: (min) 0.03, (max) 0.61, expected_batch_size: 435
sample_rate: (min) 0.03, (max) 0.61, expected_batch_size: 435
initial privacy cost of all clients:  [0, 0, 0, 0, 0, 0, 0, 0, 0, 0]
Round=0
Round=1
Round=2
Round=3
Round=4
Round=5
Round=6
Round=7
Round=8
Round=9
Round=10
Round=11
Round=12
Round=13
Round=14
current privacy cost of all clients:  [3.554611437795162, 3.554611437795162, 2.8039339861853394, 3.3043856205918876, 3.8048372549984366, 3.554611437795162, 3.8048372549984366, 4.055063072201711, 4.305288889404985, 3.0541598033886133]
Round=14, per client global perf=[0.898, 0.9025, 0.8902, 0.8873, 0.901, 0.8966, 0.9, 0.9142, 0.9074, 0.8995], mean perf=18353/20400 (0.8997%)
Round=14, per client personal perf=[0.8451, 0.8132, 0.8358, 0.8304, 0.7608, 0.8711, 0.8701, 0.8583, 0.8529, 0.8676], mean perf=17147/20400 (0.8405%)
Round=14, per client personal pooled=[0.8443, 0.8096, 0.8309, 0.8363, 0.7643, 0.8605, 0.8567, 0.8481, 0.8541, 0.8728], mean perf=170902/204000 (0.8378%)
Mean performance of ditto rpdp global, Perf=0.8991
Mean performance of ditto rpdp personal, Perf=0.8493
Mean performance of ditto rpdp pooled, Perf=0.8480
 We run FedAvg with rPDP (BoundedPareto-0) ...
max_epsilon :  10.0  noise_multiplier :  9.736328125
The R-Squared value of the best-fit curve : 0.999749898528281
learning rate =  0.01
sample_rate: (min) 0.03, (max) 0.76, expected_batch_size: 293
sample_rate: (min) 0.03, (max) 0.67, expected_batch_size: 288
sample_rate: (min) 0.03, (max) 0.74, expected_batch_size: 289
sample_rate: (min) 0.03, (max) 0.98, expected_batch_size: 296
sample_rate: (min) 0.03, (max) 0.89, expected_batch_size: 303
sample_rate: (min) 0.03, (max) 0.93, expected_batch_size: 304
sample_rate: (min) 0.03, (max) 0.71, expected_batch_size: 290
sample_rate: (min) 0.03, (max) 0.77, expected_batch_size: 291
sample_rate: (min) 0.03, (max) 0.81, expected_batch_size: 290
sample_rate: (min) 0.03, (max) 0.62, expected_batch_size: 292
initial privacy cost of all clients:  [0, 0, 0, 0, 0, 0, 0, 0, 0, 0]
Round=0
Round=1
Round=2
Round=3
Round=4
Round=5
Round=6
Round=7
Round=8
Round=9
Round=10
Round=11
Round=12
Round=13
Round=14
current privacy cost of all clients:  [4.752415310075706, 4.054591694157598, 3.568320227772049, 6.0748074655109106, 6.1328811134891685, 6.124702222350012, 4.644301020258078, 5.38567160950761, 6.049312363510402, 3.1533820324004593]
Round=14, per client global perf=[0.8853, 0.8809, 0.8775, 0.8564, 0.8809, 0.8848, 0.8779, 0.8902, 0.8873, 0.8745], mean perf=17943/20400 (0.8796%)
Round=14, per client personal perf=[0.8775, 0.7392, 0.825, 0.7922, 0.8142, 0.8338, 0.7451, 0.8015, 0.8162, 0.8333], mean perf=16479/20400 (0.8078%)
Round=14, per client personal pooled=[0.8759, 0.7437, 0.8292, 0.7985, 0.8074, 0.8454, 0.743, 0.788, 0.8179, 0.837], mean perf=164957/204000 (0.8086%)
Mean performance of ditto rpdp global, Perf=0.8806
Mean performance of ditto rpdp personal, Perf=0.8136
Mean performance of ditto rpdp pooled, Perf=0.8143
 We run FedAvg with rPDP (BoundedMixGauss-0) ...
max_epsilon :  10.0  noise_multiplier :  9.736328125
The R-Squared value of the best-fit curve : 0.999749898528281
learning rate =  0.01
sample_rate: (min) 0.03, (max) 0.72, expected_batch_size: 410
sample_rate: (min) 0.03, (max) 0.79, expected_batch_size: 452
sample_rate: (min) 0.03, (max) 0.71, expected_batch_size: 444
sample_rate: (min) 0.03, (max) 0.72, expected_batch_size: 429
sample_rate: (min) 0.03, (max) 0.72, expected_batch_size: 439
sample_rate: (min) 0.03, (max) 0.74, expected_batch_size: 447
sample_rate: (min) 0.03, (max) 0.73, expected_batch_size: 448
sample_rate: (min) 0.03, (max) 0.71, expected_batch_size: 448
sample_rate: (min) 0.03, (max) 0.74, expected_batch_size: 443
sample_rate: (min) 0.03, (max) 0.73, expected_batch_size: 428
initial privacy cost of all clients:  [0, 0, 0, 0, 0, 0, 0, 0, 0, 0]
Round=0
Round=1
Round=2
Round=3
Round=4
Round=5
Round=6
Round=7
Round=8
Round=9
Round=10
Round=11
Round=12
Round=13
Round=14
current privacy cost of all clients:  [4.452560630310308, 4.989186002268105, 3.3873239087081313, 4.232126556619421, 4.743771711921414, 4.635185435148208, 4.820354613545777, 4.869430286915287, 5.357871969683328, 3.8727212988002124]
Round=14, per client global perf=[0.9005, 0.902, 0.8887, 0.8863, 0.902, 0.8956, 0.8975, 0.9098, 0.9064, 0.8985], mean perf=18334/20400 (0.8987%)
Round=14, per client personal perf=[0.8358, 0.8505, 0.8397, 0.8701, 0.8147, 0.8623, 0.8377, 0.8554, 0.8926, 0.8064], mean perf=17269/20400 (0.8465%)
Round=14, per client personal pooled=[0.8427, 0.85, 0.8379, 0.8796, 0.8128, 0.8553, 0.823, 0.85, 0.8832, 0.8244], mean perf=172563/204000 (0.8459%)
Mean performance of ditto rpdp global, Perf=0.8976
Mean performance of ditto rpdp personal, Perf=0.8417
Mean performance of ditto rpdp pooled, Perf=0.8402
Finished seed 42
----------------------------------------
=== Running reg_param=10, num_steps=15 ===
Running seed 42
/Users/shegao_t1/DP_Research/Personal_DP_Personal_FL/rpdp_fl/experiments/datasets/fed_mnist/iid_10
 We run FedAvg with rPDP (ThreeLevels-0) ...
max_epsilon :  10.0  noise_multiplier :  9.736328125
The R-Squared value of the best-fit curve : 0.999749898528281
learning rate =  0.01
sample_rate: (min) 0.03, (max) 0.61, expected_batch_size: 435
sample_rate: (min) 0.03, (max) 0.61, expected_batch_size: 435
sample_rate: (min) 0.03, (max) 0.61, expected_batch_size: 435
sample_rate: (min) 0.03, (max) 0.61, expected_batch_size: 435
sample_rate: (min) 0.03, (max) 0.61, expected_batch_size: 435
sample_rate: (min) 0.03, (max) 0.61, expected_batch_size: 435
sample_rate: (min) 0.03, (max) 0.61, expected_batch_size: 435
sample_rate: (min) 0.03, (max) 0.61, expected_batch_size: 435
sample_rate: (min) 0.03, (max) 0.61, expected_batch_size: 435
sample_rate: (min) 0.03, (max) 0.61, expected_batch_size: 435
initial privacy cost of all clients:  [0, 0, 0, 0, 0, 0, 0, 0, 0, 0]
Round=0
Round=1
Round=2
Round=3
Round=4
Round=5
Round=6
Round=7
Round=8
Round=9
Round=10
Round=11
Round=12
Round=13
Round=14
current privacy cost of all clients:  [3.554611437795162, 3.554611437795162, 2.8039339861853394, 3.3043856205918876, 3.8048372549984366, 3.554611437795162, 3.8048372549984366, 4.055063072201711, 4.305288889404985, 3.0541598033886133]
Round=14, per client global perf=[0.898, 0.9025, 0.8902, 0.8873, 0.901, 0.8966, 0.9, 0.9142, 0.9074, 0.8995], mean perf=18353/20400 (0.8997%)
Round=14, per client personal perf=[0.8603, 0.8824, 0.8618, 0.8662, 0.8809, 0.8686, 0.8603, 0.8735, 0.8824, 0.8618], mean perf=17744/20400 (0.8698%)
Round=14, per client personal pooled=[0.8645, 0.8807, 0.8616, 0.8812, 0.8774, 0.8657, 0.8585, 0.8674, 0.8768, 0.8724], mean perf=177605/204000 (0.8706%)
Mean performance of ditto rpdp global, Perf=0.8991
Mean performance of ditto rpdp personal, Perf=0.8668
Mean performance of ditto rpdp pooled, Perf=0.8652
 We run FedAvg with rPDP (BoundedPareto-0) ...
max_epsilon :  10.0  noise_multiplier :  9.736328125
The R-Squared value of the best-fit curve : 0.999749898528281
learning rate =  0.01
sample_rate: (min) 0.03, (max) 0.76, expected_batch_size: 293
sample_rate: (min) 0.03, (max) 0.67, expected_batch_size: 288
sample_rate: (min) 0.03, (max) 0.74, expected_batch_size: 289
sample_rate: (min) 0.03, (max) 0.98, expected_batch_size: 296
sample_rate: (min) 0.03, (max) 0.89, expected_batch_size: 303
sample_rate: (min) 0.03, (max) 0.93, expected_batch_size: 304
sample_rate: (min) 0.03, (max) 0.71, expected_batch_size: 290
sample_rate: (min) 0.03, (max) 0.77, expected_batch_size: 291
sample_rate: (min) 0.03, (max) 0.81, expected_batch_size: 290
sample_rate: (min) 0.03, (max) 0.62, expected_batch_size: 292
initial privacy cost of all clients:  [0, 0, 0, 0, 0, 0, 0, 0, 0, 0]
Round=0
Round=1
Round=2
Round=3
Round=4
Round=5
Round=6
Round=7
Round=8
Round=9
Round=10
Round=11
Round=12
Round=13
Round=14
current privacy cost of all clients:  [4.752415310075706, 4.054591694157598, 3.568320227772049, 6.0748074655109106, 6.1328811134891685, 6.124702222350012, 4.644301020258078, 5.38567160950761, 6.049312363510402, 3.1533820324004593]
Round=14, per client global perf=[0.8853, 0.8809, 0.8775, 0.8564, 0.8809, 0.8848, 0.8779, 0.8902, 0.8873, 0.8745], mean perf=17943/20400 (0.8796%)
Round=14, per client personal perf=[0.8623, 0.8103, 0.8358, 0.8397, 0.8686, 0.8363, 0.8309, 0.8152, 0.8725, 0.7941], mean perf=17066/20400 (0.8366%)
Round=14, per client personal pooled=[0.8637, 0.8066, 0.8401, 0.8529, 0.8643, 0.8326, 0.8347, 0.815, 0.8611, 0.7929], mean perf=170624/204000 (0.8364%)
Mean performance of ditto rpdp global, Perf=0.8806
Mean performance of ditto rpdp personal, Perf=0.8300
Mean performance of ditto rpdp pooled, Perf=0.8283
 We run FedAvg with rPDP (BoundedMixGauss-0) ...
max_epsilon :  10.0  noise_multiplier :  9.736328125
The R-Squared value of the best-fit curve : 0.999749898528281
learning rate =  0.01
sample_rate: (min) 0.03, (max) 0.72, expected_batch_size: 410
sample_rate: (min) 0.03, (max) 0.79, expected_batch_size: 452
sample_rate: (min) 0.03, (max) 0.71, expected_batch_size: 444
sample_rate: (min) 0.03, (max) 0.72, expected_batch_size: 429
sample_rate: (min) 0.03, (max) 0.72, expected_batch_size: 439
sample_rate: (min) 0.03, (max) 0.74, expected_batch_size: 447
sample_rate: (min) 0.03, (max) 0.73, expected_batch_size: 448
sample_rate: (min) 0.03, (max) 0.71, expected_batch_size: 448
sample_rate: (min) 0.03, (max) 0.74, expected_batch_size: 443
sample_rate: (min) 0.03, (max) 0.73, expected_batch_size: 428
initial privacy cost of all clients:  [0, 0, 0, 0, 0, 0, 0, 0, 0, 0]
Round=0
Round=1
Round=2
Round=3
Round=4
Round=5
Round=6
Round=7
Round=8
Round=9
Round=10
Round=11
Round=12
Round=13
Round=14
current privacy cost of all clients:  [4.452560630310308, 4.989186002268105, 3.3873239087081313, 4.232126556619421, 4.743771711921414, 4.635185435148208, 4.820354613545777, 4.869430286915287, 5.357871969683328, 3.8727212988002124]
Round=14, per client global perf=[0.9005, 0.902, 0.8887, 0.8863, 0.902, 0.8956, 0.8975, 0.9098, 0.9064, 0.8985], mean perf=18334/20400 (0.8987%)
Round=14, per client personal perf=[0.8529, 0.8863, 0.8603, 0.8451, 0.8858, 0.8245, 0.8833, 0.8279, 0.8245, 0.848], mean perf=17419/20400 (0.8539%)
Round=14, per client personal pooled=[0.8582, 0.8798, 0.8637, 0.8608, 0.8796, 0.819, 0.8786, 0.8181, 0.8167, 0.8461], mean perf=173819/204000 (0.8521%)
Mean performance of ditto rpdp global, Perf=0.8976
Mean performance of ditto rpdp personal, Perf=0.8540
Mean performance of ditto rpdp pooled, Perf=0.8527
Finished seed 42
----------------------------------------
=== Running reg_param=10, num_steps=30 ===
Running seed 42
/Users/shegao_t1/DP_Research/Personal_DP_Personal_FL/rpdp_fl/experiments/datasets/fed_mnist/iid_10
 We run FedAvg with rPDP (ThreeLevels-0) ...
max_epsilon :  10.0  noise_multiplier :  9.736328125
The R-Squared value of the best-fit curve : 0.999749898528281
learning rate =  0.01
sample_rate: (min) 0.03, (max) 0.61, expected_batch_size: 435
sample_rate: (min) 0.03, (max) 0.61, expected_batch_size: 435
sample_rate: (min) 0.03, (max) 0.61, expected_batch_size: 435
sample_rate: (min) 0.03, (max) 0.61, expected_batch_size: 435
sample_rate: (min) 0.03, (max) 0.61, expected_batch_size: 435
sample_rate: (min) 0.03, (max) 0.61, expected_batch_size: 435
sample_rate: (min) 0.03, (max) 0.61, expected_batch_size: 435
sample_rate: (min) 0.03, (max) 0.61, expected_batch_size: 435
sample_rate: (min) 0.03, (max) 0.61, expected_batch_size: 435
sample_rate: (min) 0.03, (max) 0.61, expected_batch_size: 435
initial privacy cost of all clients:  [0, 0, 0, 0, 0, 0, 0, 0, 0, 0]
Round=0
Round=1
Round=2
Round=3
Round=4
Round=5
Round=6
Round=7
Round=8
Round=9
Round=10
Round=11
Round=12
Round=13
Round=14
current privacy cost of all clients:  [3.554611437795162, 3.554611437795162, 2.8039339861853394, 3.3043856205918876, 3.8048372549984366, 3.554611437795162, 3.8048372549984366, 4.055063072201711, 4.305288889404985, 3.0541598033886133]
Round=14, per client global perf=[0.898, 0.9025, 0.8902, 0.8873, 0.901, 0.8966, 0.9, 0.9142, 0.9074, 0.8995], mean perf=18353/20400 (0.8997%)
Round=14, per client personal perf=[0.8314, 0.7873, 0.8716, 0.827, 0.8446, 0.8412, 0.9039, 0.8103, 0.8539, 0.8657], mean perf=17211/20400 (0.8437%)
Round=14, per client personal pooled=[0.8433, 0.7898, 0.8729, 0.8278, 0.8486, 0.833, 0.8966, 0.8026, 0.8559, 0.8722], mean perf=172235/204000 (0.8443%)
Mean performance of ditto rpdp global, Perf=0.8991
Mean performance of ditto rpdp personal, Perf=0.8440
Mean performance of ditto rpdp pooled, Perf=0.8443
 We run FedAvg with rPDP (BoundedPareto-0) ...
max_epsilon :  10.0  noise_multiplier :  9.736328125
The R-Squared value of the best-fit curve : 0.999749898528281
learning rate =  0.01
sample_rate: (min) 0.03, (max) 0.76, expected_batch_size: 293
sample_rate: (min) 0.03, (max) 0.67, expected_batch_size: 288
sample_rate: (min) 0.03, (max) 0.74, expected_batch_size: 289
sample_rate: (min) 0.03, (max) 0.98, expected_batch_size: 296
sample_rate: (min) 0.03, (max) 0.89, expected_batch_size: 303
sample_rate: (min) 0.03, (max) 0.93, expected_batch_size: 304
sample_rate: (min) 0.03, (max) 0.71, expected_batch_size: 290
sample_rate: (min) 0.03, (max) 0.77, expected_batch_size: 291
sample_rate: (min) 0.03, (max) 0.81, expected_batch_size: 290
sample_rate: (min) 0.03, (max) 0.62, expected_batch_size: 292
initial privacy cost of all clients:  [0, 0, 0, 0, 0, 0, 0, 0, 0, 0]
Round=0
Round=1
Round=2
Round=3
Round=4
Round=5
Round=6
Round=7
Round=8
Round=9
Round=10
Round=11
Round=12
Round=13
Round=14
current privacy cost of all clients:  [4.752415310075706, 4.054591694157598, 3.568320227772049, 6.0748074655109106, 6.1328811134891685, 6.124702222350012, 4.644301020258078, 5.38567160950761, 6.049312363510402, 3.1533820324004593]
Round=14, per client global perf=[0.8853, 0.8809, 0.8775, 0.8564, 0.8809, 0.8848, 0.8779, 0.8902, 0.8873, 0.8745], mean perf=17943/20400 (0.8796%)
Round=14, per client personal perf=[0.8637, 0.8539, 0.8186, 0.8201, 0.8853, 0.8431, 0.8701, 0.8284, 0.8706, 0.8495], mean perf=17347/20400 (0.8503%)
Round=14, per client personal pooled=[0.859, 0.8655, 0.8306, 0.8289, 0.8827, 0.8473, 0.8657, 0.8126, 0.8623, 0.8478], mean perf=173450/204000 (0.8502%)
Mean performance of ditto rpdp global, Perf=0.8806
Mean performance of ditto rpdp personal, Perf=0.8347
Mean performance of ditto rpdp pooled, Perf=0.8345
 We run FedAvg with rPDP (BoundedMixGauss-0) ...
max_epsilon :  10.0  noise_multiplier :  9.736328125
The R-Squared value of the best-fit curve : 0.999749898528281
learning rate =  0.01
sample_rate: (min) 0.03, (max) 0.72, expected_batch_size: 410
sample_rate: (min) 0.03, (max) 0.79, expected_batch_size: 452
sample_rate: (min) 0.03, (max) 0.71, expected_batch_size: 444
sample_rate: (min) 0.03, (max) 0.72, expected_batch_size: 429
sample_rate: (min) 0.03, (max) 0.72, expected_batch_size: 439
sample_rate: (min) 0.03, (max) 0.74, expected_batch_size: 447
sample_rate: (min) 0.03, (max) 0.73, expected_batch_size: 448
sample_rate: (min) 0.03, (max) 0.71, expected_batch_size: 448
sample_rate: (min) 0.03, (max) 0.74, expected_batch_size: 443
sample_rate: (min) 0.03, (max) 0.73, expected_batch_size: 428
initial privacy cost of all clients:  [0, 0, 0, 0, 0, 0, 0, 0, 0, 0]
Round=0
Round=1
Round=2
Round=3
Round=4
Round=5
Round=6
Round=7
Round=8
Round=9
Round=10
Round=11
Round=12
Round=13
Round=14
current privacy cost of all clients:  [4.452560630310308, 4.989186002268105, 3.3873239087081313, 4.232126556619421, 4.743771711921414, 4.635185435148208, 4.820354613545777, 4.869430286915287, 5.357871969683328, 3.8727212988002124]
Round=14, per client global perf=[0.9005, 0.902, 0.8887, 0.8863, 0.902, 0.8956, 0.8975, 0.9098, 0.9064, 0.8985], mean perf=18334/20400 (0.8987%)
Round=14, per client personal perf=[0.8446, 0.8809, 0.8216, 0.8603, 0.8039, 0.8564, 0.8564, 0.8716, 0.7863, 0.8725], mean perf=17247/20400 (0.8454%)
Round=14, per client personal pooled=[0.8446, 0.8816, 0.8269, 0.8686, 0.8076, 0.8462, 0.865, 0.8629, 0.7914, 0.873], mean perf=172746/204000 (0.8468%)
Mean performance of ditto rpdp global, Perf=0.8976
Mean performance of ditto rpdp personal, Perf=0.8429
Mean performance of ditto rpdp pooled, Perf=0.8433
Finished seed 42
----------------------------------------
=== Running reg_param=20, num_steps=15 ===
Running seed 42
/Users/shegao_t1/DP_Research/Personal_DP_Personal_FL/rpdp_fl/experiments/datasets/fed_mnist/iid_10
 We run FedAvg with rPDP (ThreeLevels-0) ...
max_epsilon :  10.0  noise_multiplier :  9.736328125
The R-Squared value of the best-fit curve : 0.999749898528281
learning rate =  0.01
sample_rate: (min) 0.03, (max) 0.61, expected_batch_size: 435
sample_rate: (min) 0.03, (max) 0.61, expected_batch_size: 435
sample_rate: (min) 0.03, (max) 0.61, expected_batch_size: 435
sample_rate: (min) 0.03, (max) 0.61, expected_batch_size: 435
sample_rate: (min) 0.03, (max) 0.61, expected_batch_size: 435
sample_rate: (min) 0.03, (max) 0.61, expected_batch_size: 435
sample_rate: (min) 0.03, (max) 0.61, expected_batch_size: 435
sample_rate: (min) 0.03, (max) 0.61, expected_batch_size: 435
sample_rate: (min) 0.03, (max) 0.61, expected_batch_size: 435
sample_rate: (min) 0.03, (max) 0.61, expected_batch_size: 435
initial privacy cost of all clients:  [0, 0, 0, 0, 0, 0, 0, 0, 0, 0]
Round=0
Round=1
Round=2
Round=3
Round=4
Round=5
Round=6
Round=7
Round=8
Round=9
Round=10
Round=11
Round=12
Round=13
Round=14
current privacy cost of all clients:  [3.554611437795162, 3.554611437795162, 2.8039339861853394, 3.3043856205918876, 3.8048372549984366, 3.554611437795162, 3.8048372549984366, 4.055063072201711, 4.305288889404985, 3.0541598033886133]
Round=14, per client global perf=[0.898, 0.9025, 0.8902, 0.8873, 0.901, 0.8966, 0.9, 0.9142, 0.9074, 0.8995], mean perf=18353/20400 (0.8997%)
Round=14, per client personal perf=[0.8775, 0.8907, 0.8672, 0.8407, 0.8966, 0.8892, 0.8804, 0.898, 0.8907, 0.8735], mean perf=17961/20400 (0.8804%)
Round=14, per client personal pooled=[0.8774, 0.8886, 0.8713, 0.8483, 0.8902, 0.8877, 0.8816, 0.8918, 0.8832, 0.8732], mean perf=179383/204000 (0.8793%)
Mean performance of ditto rpdp global, Perf=0.8991
Mean performance of ditto rpdp personal, Perf=0.8755
Mean performance of ditto rpdp pooled, Perf=0.8753
 We run FedAvg with rPDP (BoundedPareto-0) ...
max_epsilon :  10.0  noise_multiplier :  9.736328125
The R-Squared value of the best-fit curve : 0.999749898528281
learning rate =  0.01
sample_rate: (min) 0.03, (max) 0.76, expected_batch_size: 293
sample_rate: (min) 0.03, (max) 0.67, expected_batch_size: 288
sample_rate: (min) 0.03, (max) 0.74, expected_batch_size: 289
sample_rate: (min) 0.03, (max) 0.98, expected_batch_size: 296
sample_rate: (min) 0.03, (max) 0.89, expected_batch_size: 303
sample_rate: (min) 0.03, (max) 0.93, expected_batch_size: 304
sample_rate: (min) 0.03, (max) 0.71, expected_batch_size: 290
sample_rate: (min) 0.03, (max) 0.77, expected_batch_size: 291
sample_rate: (min) 0.03, (max) 0.81, expected_batch_size: 290
sample_rate: (min) 0.03, (max) 0.62, expected_batch_size: 292
initial privacy cost of all clients:  [0, 0, 0, 0, 0, 0, 0, 0, 0, 0]
Round=0
Round=1
Round=2
Round=3
Round=4
Round=5
Round=6
Round=7
Round=8
Round=9
Round=10
Round=11
Round=12
Round=13
Round=14
current privacy cost of all clients:  [4.752415310075706, 4.054591694157598, 3.568320227772049, 6.0748074655109106, 6.1328811134891685, 6.124702222350012, 4.644301020258078, 5.38567160950761, 6.049312363510402, 3.1533820324004593]
Round=14, per client global perf=[0.8853, 0.8809, 0.8775, 0.8564, 0.8809, 0.8848, 0.8779, 0.8902, 0.8873, 0.8745], mean perf=17943/20400 (0.8796%)
Round=14, per client personal perf=[0.8627, 0.8319, 0.8564, 0.8647, 0.8662, 0.8456, 0.875, 0.8814, 0.8662, 0.8716], mean perf=17588/20400 (0.8622%)
Round=14, per client personal pooled=[0.8612, 0.8326, 0.8546, 0.8748, 0.8667, 0.8429, 0.8759, 0.8711, 0.8568, 0.8801], mean perf=175778/204000 (0.8617%)
Mean performance of ditto rpdp global, Perf=0.8806
Mean performance of ditto rpdp personal, Perf=0.8567
Mean performance of ditto rpdp pooled, Perf=0.8550
 We run FedAvg with rPDP (BoundedMixGauss-0) ...
max_epsilon :  10.0  noise_multiplier :  9.736328125
The R-Squared value of the best-fit curve : 0.999749898528281
learning rate =  0.01
sample_rate: (min) 0.03, (max) 0.72, expected_batch_size: 410
sample_rate: (min) 0.03, (max) 0.79, expected_batch_size: 452
sample_rate: (min) 0.03, (max) 0.71, expected_batch_size: 444
sample_rate: (min) 0.03, (max) 0.72, expected_batch_size: 429
sample_rate: (min) 0.03, (max) 0.72, expected_batch_size: 439
sample_rate: (min) 0.03, (max) 0.74, expected_batch_size: 447
sample_rate: (min) 0.03, (max) 0.73, expected_batch_size: 448
sample_rate: (min) 0.03, (max) 0.71, expected_batch_size: 448
sample_rate: (min) 0.03, (max) 0.74, expected_batch_size: 443
sample_rate: (min) 0.03, (max) 0.73, expected_batch_size: 428
initial privacy cost of all clients:  [0, 0, 0, 0, 0, 0, 0, 0, 0, 0]
Round=0
Round=1
Round=2
Round=3
Round=4
Round=5
Round=6
Round=7
Round=8
Round=9
Round=10
Round=11
Round=12
Round=13
Round=14
current privacy cost of all clients:  [4.452560630310308, 4.989186002268105, 3.3873239087081313, 4.232126556619421, 4.743771711921414, 4.635185435148208, 4.820354613545777, 4.869430286915287, 5.357871969683328, 3.8727212988002124]
Round=14, per client global perf=[0.9005, 0.902, 0.8887, 0.8863, 0.902, 0.8956, 0.8975, 0.9098, 0.9064, 0.8985], mean perf=18334/20400 (0.8987%)
Round=14, per client personal perf=[0.8853, 0.8833, 0.8799, 0.8632, 0.7912, 0.8539, 0.876, 0.8853, 0.8691, 0.8799], mean perf=17681/20400 (0.8667%)
Round=14, per client personal pooled=[0.8886, 0.8809, 0.8846, 0.8837, 0.7861, 0.8566, 0.874, 0.8842, 0.8637, 0.8848], mean perf=177220/204000 (0.8687%)
Mean performance of ditto rpdp global, Perf=0.8976
Mean performance of ditto rpdp personal, Perf=0.8729
Mean performance of ditto rpdp pooled, Perf=0.8740
Finished seed 42
----------------------------------------
=== Running reg_param=20, num_steps=30 ===
Running seed 42
/Users/shegao_t1/DP_Research/Personal_DP_Personal_FL/rpdp_fl/experiments/datasets/fed_mnist/iid_10
 We run FedAvg with rPDP (ThreeLevels-0) ...
max_epsilon :  10.0  noise_multiplier :  9.736328125
The R-Squared value of the best-fit curve : 0.999749898528281
learning rate =  0.01
sample_rate: (min) 0.03, (max) 0.61, expected_batch_size: 435
sample_rate: (min) 0.03, (max) 0.61, expected_batch_size: 435
sample_rate: (min) 0.03, (max) 0.61, expected_batch_size: 435
sample_rate: (min) 0.03, (max) 0.61, expected_batch_size: 435
sample_rate: (min) 0.03, (max) 0.61, expected_batch_size: 435
sample_rate: (min) 0.03, (max) 0.61, expected_batch_size: 435
sample_rate: (min) 0.03, (max) 0.61, expected_batch_size: 435
sample_rate: (min) 0.03, (max) 0.61, expected_batch_size: 435
sample_rate: (min) 0.03, (max) 0.61, expected_batch_size: 435
sample_rate: (min) 0.03, (max) 0.61, expected_batch_size: 435
initial privacy cost of all clients:  [0, 0, 0, 0, 0, 0, 0, 0, 0, 0]
Round=0
Round=1
Round=2
Round=3
Round=4
Round=5
Round=6
Round=7
Round=8
Round=9
Round=10
Round=11
Round=12
Round=13
Round=14
current privacy cost of all clients:  [3.554611437795162, 3.554611437795162, 2.8039339861853394, 3.3043856205918876, 3.8048372549984366, 3.554611437795162, 3.8048372549984366, 4.055063072201711, 4.305288889404985, 3.0541598033886133]
Round=14, per client global perf=[0.898, 0.9025, 0.8902, 0.8873, 0.901, 0.8966, 0.9, 0.9142, 0.9074, 0.8995], mean perf=18353/20400 (0.8997%)
Round=14, per client personal perf=[0.8784, 0.8848, 0.8838, 0.8417, 0.8662, 0.8451, 0.8794, 0.8804, 0.8711, 0.8642], mean perf=17738/20400 (0.8695%)
Round=14, per client personal pooled=[0.8793, 0.887, 0.8762, 0.8554, 0.8657, 0.8388, 0.8763, 0.8739, 0.8677, 0.8729], mean perf=177343/204000 (0.8693%)
Mean performance of ditto rpdp global, Perf=0.8991
Mean performance of ditto rpdp personal, Perf=0.8724
Mean performance of ditto rpdp pooled, Perf=0.8720
 We run FedAvg with rPDP (BoundedPareto-0) ...
max_epsilon :  10.0  noise_multiplier :  9.736328125
The R-Squared value of the best-fit curve : 0.999749898528281
learning rate =  0.01
sample_rate: (min) 0.03, (max) 0.76, expected_batch_size: 293
sample_rate: (min) 0.03, (max) 0.67, expected_batch_size: 288
sample_rate: (min) 0.03, (max) 0.74, expected_batch_size: 289
sample_rate: (min) 0.03, (max) 0.98, expected_batch_size: 296
sample_rate: (min) 0.03, (max) 0.89, expected_batch_size: 303
sample_rate: (min) 0.03, (max) 0.93, expected_batch_size: 304
sample_rate: (min) 0.03, (max) 0.71, expected_batch_size: 290
sample_rate: (min) 0.03, (max) 0.77, expected_batch_size: 291
sample_rate: (min) 0.03, (max) 0.81, expected_batch_size: 290
sample_rate: (min) 0.03, (max) 0.62, expected_batch_size: 292
initial privacy cost of all clients:  [0, 0, 0, 0, 0, 0, 0, 0, 0, 0]
Round=0
Round=1
Round=2
Round=3
Round=4
Round=5
Round=6
Round=7
Round=8
Round=9
Round=10
Round=11
Round=12
Round=13
Round=14
current privacy cost of all clients:  [4.752415310075706, 4.054591694157598, 3.568320227772049, 6.0748074655109106, 6.1328811134891685, 6.124702222350012, 4.644301020258078, 5.38567160950761, 6.049312363510402, 3.1533820324004593]
Round=14, per client global perf=[0.8853, 0.8809, 0.8775, 0.8564, 0.8809, 0.8848, 0.8779, 0.8902, 0.8873, 0.8745], mean perf=17943/20400 (0.8796%)
Round=14, per client personal perf=[0.8309, 0.8632, 0.8672, 0.8275, 0.8319, 0.8333, 0.877, 0.8637, 0.8559, 0.8696], mean perf=17381/20400 (0.8520%)
Round=14, per client personal pooled=[0.8292, 0.8703, 0.8774, 0.8381, 0.8313, 0.8292, 0.8791, 0.8589, 0.8508, 0.8757], mean perf=174212/204000 (0.8540%)
Mean performance of ditto rpdp global, Perf=0.8806
Mean performance of ditto rpdp personal, Perf=0.8567
Mean performance of ditto rpdp pooled, Perf=0.8576
 We run FedAvg with rPDP (BoundedMixGauss-0) ...
max_epsilon :  10.0  noise_multiplier :  9.736328125
The R-Squared value of the best-fit curve : 0.999749898528281
learning rate =  0.01
sample_rate: (min) 0.03, (max) 0.72, expected_batch_size: 410
sample_rate: (min) 0.03, (max) 0.79, expected_batch_size: 452
sample_rate: (min) 0.03, (max) 0.71, expected_batch_size: 444
sample_rate: (min) 0.03, (max) 0.72, expected_batch_size: 429
sample_rate: (min) 0.03, (max) 0.72, expected_batch_size: 439
sample_rate: (min) 0.03, (max) 0.74, expected_batch_size: 447
sample_rate: (min) 0.03, (max) 0.73, expected_batch_size: 448
sample_rate: (min) 0.03, (max) 0.71, expected_batch_size: 448
sample_rate: (min) 0.03, (max) 0.74, expected_batch_size: 443
sample_rate: (min) 0.03, (max) 0.73, expected_batch_size: 428
initial privacy cost of all clients:  [0, 0, 0, 0, 0, 0, 0, 0, 0, 0]
Round=0
Round=1
Round=2
Round=3
Round=4
Round=5
Round=6
Round=7
Round=8
Round=9
Round=10
Round=11
Round=12
Round=13
Round=14
current privacy cost of all clients:  [4.452560630310308, 4.989186002268105, 3.3873239087081313, 4.232126556619421, 4.743771711921414, 4.635185435148208, 4.820354613545777, 4.869430286915287, 5.357871969683328, 3.8727212988002124]
Round=14, per client global perf=[0.9005, 0.902, 0.8887, 0.8863, 0.902, 0.8956, 0.8975, 0.9098, 0.9064, 0.8985], mean perf=18334/20400 (0.8987%)
Round=14, per client personal perf=[0.8755, 0.8887, 0.8789, 0.8882, 0.8686, 0.851, 0.8882, 0.8475, 0.8946, 0.8564], mean perf=17825/20400 (0.8738%)
Round=14, per client personal pooled=[0.8758, 0.8835, 0.8851, 0.8984, 0.8731, 0.8464, 0.8855, 0.8484, 0.8857, 0.8571], mean perf=178280/204000 (0.8739%)
Mean performance of ditto rpdp global, Perf=0.8976
Mean performance of ditto rpdp personal, Perf=0.8756
Mean performance of ditto rpdp pooled, Perf=0.8749
Finished seed 42
----------------------------------------
All runs complete.
