=== Data type: niid_dir_1 ===
--- Seed: 42 ---
--- Personal steps: 15 ---
---EPSILON 0.1 ---
default_sample_rate: 0.03347280334728033
noise_multiplier :  17.5
default_sample_rate: 0.03347280334728033
noise_multiplier :  10.0
learning rate =  0.001
sample_rate: 0.03, expected_batch_size: 131
sample_rate: 0.03, expected_batch_size: 42
sample_rate: 0.03, expected_batch_size: 34
sample_rate: 0.03, expected_batch_size: 31
sample_rate: 0.03, expected_batch_size: 122
sample_rate: 0.03, expected_batch_size: 178
sample_rate: 0.03, expected_batch_size: 89
sample_rate: 0.03, expected_batch_size: 125
sample_rate: 0.03, expected_batch_size: 283
sample_rate: 0.03, expected_batch_size: 63
sample_rate: 0.03, expected_batch_size: 131
sample_rate: 0.03, expected_batch_size: 42
sample_rate: 0.03, expected_batch_size: 34
sample_rate: 0.03, expected_batch_size: 31
sample_rate: 0.03, expected_batch_size: 122
sample_rate: 0.03, expected_batch_size: 178
sample_rate: 0.03, expected_batch_size: 89
sample_rate: 0.03, expected_batch_size: 125
sample_rate: 0.03, expected_batch_size: 283
sample_rate: 0.03, expected_batch_size: 63
initial privacy cost of all clients:  [0, 0, 0, 0, 0, 0, 0, 0, 0, 0]
Round=0
Round=1
Round=2
Round=3
Traceback (most recent call last):
  File "dp_ditto_unidp.py", line 192, in <module>
    cm, perf_global, perf_personal, perf_pooled = s.run()
  File "/Volumes/Users/shegao_t1/DP_Research/Personal_DP_Personal_FL/rpdp_fl/myopacus/strategies/ditto.py", line 436, in run
    self.perform_round()
  File "/Volumes/Users/shegao_t1/DP_Research/Personal_DP_Personal_FL/rpdp_fl/myopacus/strategies/ditto.py", line 359, in perform_round
    self._local_optimization(local_model)
  File "/Volumes/Users/shegao_t1/DP_Research/Personal_DP_Personal_FL/rpdp_fl/myopacus/strategies/ditto.py", line 269, in _local_optimization
    _model._local_train(self.num_steps, \
  File "/Volumes/Users/shegao_t1/DP_Research/Personal_DP_Personal_FL/rpdp_fl/myopacus/strategies/strategies_utils.py", line 190, in _local_train
    loss.backward()
  File "/Volumes/Users/shegao_t1/.conda/envs/rpdp/lib/python3.8/site-packages/torch/_tensor.py", line 488, in backward
    torch.autograd.backward(
  File "/Volumes/Users/shegao_t1/.conda/envs/rpdp/lib/python3.8/site-packages/torch/autograd/__init__.py", line 197, in backward
    Variable._execution_engine.run_backward(  # Calls into the C++ engine to run the backward pass
  File "/Volumes/Users/shegao_t1/.conda/envs/rpdp/lib/python3.8/site-packages/torch/nn/modules/module.py", line 62, in __call__
    return self.hook(module, *args, **kwargs)
  File "/Volumes/Users/shegao_t1/DP_Research/Personal_DP_Personal_FL/rpdp_fl/myopacus/grad_sample/grad_sample_module.py", line 340, in capture_backprops_hook
    create_or_accumulate_grad_sample(
  File "/Volumes/Users/shegao_t1/DP_Research/Personal_DP_Personal_FL/rpdp_fl/myopacus/grad_sample/grad_sample_module.py", line 57, in create_or_accumulate_grad_sample
    param._current_grad_sample = torch.zeros(
torch.cuda.OutOfMemoryError: CUDA out of memory. Tried to allocate 288.00 MiB (GPU 0; 9.66 GiB total capacity; 3.55 GiB already allocated; 173.06 MiB free; 9.03 GiB reserved in total by PyTorch) If reserved memory is >> allocated memory try setting max_split_size_mb to avoid fragmentation.  See documentation for Memory Management and PYTORCH_CUDA_ALLOC_CONF
---EPSILON 0.5 ---
default_sample_rate: 0.03347280334728033
noise_multiplier :  4.53125
default_sample_rate: 0.03347280334728033
noise_multiplier :  2.6171875
learning rate =  0.001
sample_rate: 0.03, expected_batch_size: 131
sample_rate: 0.03, expected_batch_size: 42
sample_rate: 0.03, expected_batch_size: 34
sample_rate: 0.03, expected_batch_size: 31
sample_rate: 0.03, expected_batch_size: 122
sample_rate: 0.03, expected_batch_size: 178
sample_rate: 0.03, expected_batch_size: 89
sample_rate: 0.03, expected_batch_size: 125
sample_rate: 0.03, expected_batch_size: 283
sample_rate: 0.03, expected_batch_size: 63
sample_rate: 0.03, expected_batch_size: 131
sample_rate: 0.03, expected_batch_size: 42
sample_rate: 0.03, expected_batch_size: 34
sample_rate: 0.03, expected_batch_size: 31
sample_rate: 0.03, expected_batch_size: 122
sample_rate: 0.03, expected_batch_size: 178
sample_rate: 0.03, expected_batch_size: 89
sample_rate: 0.03, expected_batch_size: 125
sample_rate: 0.03, expected_batch_size: 283
sample_rate: 0.03, expected_batch_size: 63
initial privacy cost of all clients:  [0, 0, 0, 0, 0, 0, 0, 0, 0, 0]
Round=0
Round=1
Round=2
Round=3
Traceback (most recent call last):
  File "dp_ditto_unidp.py", line 192, in <module>
    cm, perf_global, perf_personal, perf_pooled = s.run()
  File "/Volumes/Users/shegao_t1/DP_Research/Personal_DP_Personal_FL/rpdp_fl/myopacus/strategies/ditto.py", line 436, in run
    self.perform_round()
  File "/Volumes/Users/shegao_t1/DP_Research/Personal_DP_Personal_FL/rpdp_fl/myopacus/strategies/ditto.py", line 359, in perform_round
    self._local_optimization(local_model)
  File "/Volumes/Users/shegao_t1/DP_Research/Personal_DP_Personal_FL/rpdp_fl/myopacus/strategies/ditto.py", line 269, in _local_optimization
    _model._local_train(self.num_steps, \
  File "/Volumes/Users/shegao_t1/DP_Research/Personal_DP_Personal_FL/rpdp_fl/myopacus/strategies/strategies_utils.py", line 190, in _local_train
    loss.backward()
  File "/Volumes/Users/shegao_t1/.conda/envs/rpdp/lib/python3.8/site-packages/torch/_tensor.py", line 488, in backward
    torch.autograd.backward(
  File "/Volumes/Users/shegao_t1/.conda/envs/rpdp/lib/python3.8/site-packages/torch/autograd/__init__.py", line 197, in backward
    Variable._execution_engine.run_backward(  # Calls into the C++ engine to run the backward pass
  File "/Volumes/Users/shegao_t1/.conda/envs/rpdp/lib/python3.8/site-packages/torch/nn/modules/module.py", line 62, in __call__
    return self.hook(module, *args, **kwargs)
  File "/Volumes/Users/shegao_t1/DP_Research/Personal_DP_Personal_FL/rpdp_fl/myopacus/grad_sample/grad_sample_module.py", line 340, in capture_backprops_hook
    create_or_accumulate_grad_sample(
  File "/Volumes/Users/shegao_t1/DP_Research/Personal_DP_Personal_FL/rpdp_fl/myopacus/grad_sample/grad_sample_module.py", line 57, in create_or_accumulate_grad_sample
    param._current_grad_sample = torch.zeros(
torch.cuda.OutOfMemoryError: CUDA out of memory. Tried to allocate 288.00 MiB (GPU 0; 9.66 GiB total capacity; 3.55 GiB already allocated; 173.06 MiB free; 9.03 GiB reserved in total by PyTorch) If reserved memory is >> allocated memory try setting max_split_size_mb to avoid fragmentation.  See documentation for Memory Management and PYTORCH_CUDA_ALLOC_CONF
---EPSILON 1 ---
default_sample_rate: 0.03347280334728033
noise_multiplier :  2.578125
default_sample_rate: 0.03347280334728033
noise_multiplier :  1.591796875
learning rate =  0.001
sample_rate: 0.03, expected_batch_size: 131
sample_rate: 0.03, expected_batch_size: 42
sample_rate: 0.03, expected_batch_size: 34
sample_rate: 0.03, expected_batch_size: 31
sample_rate: 0.03, expected_batch_size: 122
sample_rate: 0.03, expected_batch_size: 178
sample_rate: 0.03, expected_batch_size: 89
sample_rate: 0.03, expected_batch_size: 125
sample_rate: 0.03, expected_batch_size: 283
sample_rate: 0.03, expected_batch_size: 63
sample_rate: 0.03, expected_batch_size: 131
sample_rate: 0.03, expected_batch_size: 42
sample_rate: 0.03, expected_batch_size: 34
sample_rate: 0.03, expected_batch_size: 31
sample_rate: 0.03, expected_batch_size: 122
sample_rate: 0.03, expected_batch_size: 178
sample_rate: 0.03, expected_batch_size: 89
sample_rate: 0.03, expected_batch_size: 125
sample_rate: 0.03, expected_batch_size: 283
sample_rate: 0.03, expected_batch_size: 63
initial privacy cost of all clients:  [0, 0, 0, 0, 0, 0, 0, 0, 0, 0]
Round=0
Round=1
Round=2
Round=3
Traceback (most recent call last):
  File "dp_ditto_unidp.py", line 192, in <module>
    cm, perf_global, perf_personal, perf_pooled = s.run()
  File "/Volumes/Users/shegao_t1/DP_Research/Personal_DP_Personal_FL/rpdp_fl/myopacus/strategies/ditto.py", line 436, in run
    self.perform_round()
  File "/Volumes/Users/shegao_t1/DP_Research/Personal_DP_Personal_FL/rpdp_fl/myopacus/strategies/ditto.py", line 359, in perform_round
    self._local_optimization(local_model)
  File "/Volumes/Users/shegao_t1/DP_Research/Personal_DP_Personal_FL/rpdp_fl/myopacus/strategies/ditto.py", line 269, in _local_optimization
    _model._local_train(self.num_steps, \
  File "/Volumes/Users/shegao_t1/DP_Research/Personal_DP_Personal_FL/rpdp_fl/myopacus/strategies/strategies_utils.py", line 190, in _local_train
    loss.backward()
  File "/Volumes/Users/shegao_t1/.conda/envs/rpdp/lib/python3.8/site-packages/torch/_tensor.py", line 488, in backward
    torch.autograd.backward(
  File "/Volumes/Users/shegao_t1/.conda/envs/rpdp/lib/python3.8/site-packages/torch/autograd/__init__.py", line 197, in backward
    Variable._execution_engine.run_backward(  # Calls into the C++ engine to run the backward pass
  File "/Volumes/Users/shegao_t1/.conda/envs/rpdp/lib/python3.8/site-packages/torch/nn/modules/module.py", line 62, in __call__
    return self.hook(module, *args, **kwargs)
  File "/Volumes/Users/shegao_t1/DP_Research/Personal_DP_Personal_FL/rpdp_fl/myopacus/grad_sample/grad_sample_module.py", line 340, in capture_backprops_hook
    create_or_accumulate_grad_sample(
  File "/Volumes/Users/shegao_t1/DP_Research/Personal_DP_Personal_FL/rpdp_fl/myopacus/grad_sample/grad_sample_module.py", line 57, in create_or_accumulate_grad_sample
    param._current_grad_sample = torch.zeros(
torch.cuda.OutOfMemoryError: CUDA out of memory. Tried to allocate 288.00 MiB (GPU 0; 9.66 GiB total capacity; 3.55 GiB already allocated; 173.06 MiB free; 9.03 GiB reserved in total by PyTorch) If reserved memory is >> allocated memory try setting max_split_size_mb to avoid fragmentation.  See documentation for Memory Management and PYTORCH_CUDA_ALLOC_CONF
---EPSILON 4 ---
default_sample_rate: 0.03347280334728033
noise_multiplier :  1.048583984375
default_sample_rate: 0.03347280334728033
noise_multiplier :  0.799560546875
learning rate =  0.001
sample_rate: 0.03, expected_batch_size: 131
sample_rate: 0.03, expected_batch_size: 42
sample_rate: 0.03, expected_batch_size: 34
sample_rate: 0.03, expected_batch_size: 31
sample_rate: 0.03, expected_batch_size: 122
sample_rate: 0.03, expected_batch_size: 178
sample_rate: 0.03, expected_batch_size: 89
sample_rate: 0.03, expected_batch_size: 125
sample_rate: 0.03, expected_batch_size: 283
sample_rate: 0.03, expected_batch_size: 63
sample_rate: 0.03, expected_batch_size: 131
sample_rate: 0.03, expected_batch_size: 42
sample_rate: 0.03, expected_batch_size: 34
sample_rate: 0.03, expected_batch_size: 31
sample_rate: 0.03, expected_batch_size: 122
sample_rate: 0.03, expected_batch_size: 178
sample_rate: 0.03, expected_batch_size: 89
sample_rate: 0.03, expected_batch_size: 125
sample_rate: 0.03, expected_batch_size: 283
sample_rate: 0.03, expected_batch_size: 63
initial privacy cost of all clients:  [0, 0, 0, 0, 0, 0, 0, 0, 0, 0]
Round=0
Round=1
Round=2
Round=3
Traceback (most recent call last):
  File "dp_ditto_unidp.py", line 192, in <module>
    cm, perf_global, perf_personal, perf_pooled = s.run()
  File "/Volumes/Users/shegao_t1/DP_Research/Personal_DP_Personal_FL/rpdp_fl/myopacus/strategies/ditto.py", line 436, in run
    self.perform_round()
  File "/Volumes/Users/shegao_t1/DP_Research/Personal_DP_Personal_FL/rpdp_fl/myopacus/strategies/ditto.py", line 359, in perform_round
    self._local_optimization(local_model)
  File "/Volumes/Users/shegao_t1/DP_Research/Personal_DP_Personal_FL/rpdp_fl/myopacus/strategies/ditto.py", line 269, in _local_optimization
    _model._local_train(self.num_steps, \
  File "/Volumes/Users/shegao_t1/DP_Research/Personal_DP_Personal_FL/rpdp_fl/myopacus/strategies/strategies_utils.py", line 190, in _local_train
    loss.backward()
  File "/Volumes/Users/shegao_t1/.conda/envs/rpdp/lib/python3.8/site-packages/torch/_tensor.py", line 488, in backward
    torch.autograd.backward(
  File "/Volumes/Users/shegao_t1/.conda/envs/rpdp/lib/python3.8/site-packages/torch/autograd/__init__.py", line 197, in backward
    Variable._execution_engine.run_backward(  # Calls into the C++ engine to run the backward pass
  File "/Volumes/Users/shegao_t1/.conda/envs/rpdp/lib/python3.8/site-packages/torch/nn/modules/module.py", line 62, in __call__
    return self.hook(module, *args, **kwargs)
  File "/Volumes/Users/shegao_t1/DP_Research/Personal_DP_Personal_FL/rpdp_fl/myopacus/grad_sample/grad_sample_module.py", line 340, in capture_backprops_hook
    create_or_accumulate_grad_sample(
  File "/Volumes/Users/shegao_t1/DP_Research/Personal_DP_Personal_FL/rpdp_fl/myopacus/grad_sample/grad_sample_module.py", line 57, in create_or_accumulate_grad_sample
    param._current_grad_sample = torch.zeros(
torch.cuda.OutOfMemoryError: CUDA out of memory. Tried to allocate 288.00 MiB (GPU 0; 9.66 GiB total capacity; 3.55 GiB already allocated; 173.06 MiB free; 9.03 GiB reserved in total by PyTorch) If reserved memory is >> allocated memory try setting max_split_size_mb to avoid fragmentation.  See documentation for Memory Management and PYTORCH_CUDA_ALLOC_CONF
---EPSILON 8 ---
default_sample_rate: 0.03347280334728033
noise_multiplier :  0.7916259765625
default_sample_rate: 0.03347280334728033
noise_multiplier :  0.6231689453125
learning rate =  0.001
sample_rate: 0.03, expected_batch_size: 131
sample_rate: 0.03, expected_batch_size: 42
sample_rate: 0.03, expected_batch_size: 34
sample_rate: 0.03, expected_batch_size: 31
sample_rate: 0.03, expected_batch_size: 122
sample_rate: 0.03, expected_batch_size: 178
sample_rate: 0.03, expected_batch_size: 89
sample_rate: 0.03, expected_batch_size: 125
sample_rate: 0.03, expected_batch_size: 283
sample_rate: 0.03, expected_batch_size: 63
sample_rate: 0.03, expected_batch_size: 131
sample_rate: 0.03, expected_batch_size: 42
sample_rate: 0.03, expected_batch_size: 34
sample_rate: 0.03, expected_batch_size: 31
sample_rate: 0.03, expected_batch_size: 122
sample_rate: 0.03, expected_batch_size: 178
sample_rate: 0.03, expected_batch_size: 89
sample_rate: 0.03, expected_batch_size: 125
sample_rate: 0.03, expected_batch_size: 283
sample_rate: 0.03, expected_batch_size: 63
initial privacy cost of all clients:  [0, 0, 0, 0, 0, 0, 0, 0, 0, 0]
Round=0
Round=1
Round=2
Round=3
Traceback (most recent call last):
  File "dp_ditto_unidp.py", line 192, in <module>
    cm, perf_global, perf_personal, perf_pooled = s.run()
  File "/Volumes/Users/shegao_t1/DP_Research/Personal_DP_Personal_FL/rpdp_fl/myopacus/strategies/ditto.py", line 436, in run
    self.perform_round()
  File "/Volumes/Users/shegao_t1/DP_Research/Personal_DP_Personal_FL/rpdp_fl/myopacus/strategies/ditto.py", line 359, in perform_round
    self._local_optimization(local_model)
  File "/Volumes/Users/shegao_t1/DP_Research/Personal_DP_Personal_FL/rpdp_fl/myopacus/strategies/ditto.py", line 269, in _local_optimization
    _model._local_train(self.num_steps, \
  File "/Volumes/Users/shegao_t1/DP_Research/Personal_DP_Personal_FL/rpdp_fl/myopacus/strategies/strategies_utils.py", line 190, in _local_train
    loss.backward()
  File "/Volumes/Users/shegao_t1/.conda/envs/rpdp/lib/python3.8/site-packages/torch/_tensor.py", line 488, in backward
    torch.autograd.backward(
  File "/Volumes/Users/shegao_t1/.conda/envs/rpdp/lib/python3.8/site-packages/torch/autograd/__init__.py", line 197, in backward
    Variable._execution_engine.run_backward(  # Calls into the C++ engine to run the backward pass
  File "/Volumes/Users/shegao_t1/.conda/envs/rpdp/lib/python3.8/site-packages/torch/nn/modules/module.py", line 62, in __call__
    return self.hook(module, *args, **kwargs)
  File "/Volumes/Users/shegao_t1/DP_Research/Personal_DP_Personal_FL/rpdp_fl/myopacus/grad_sample/grad_sample_module.py", line 340, in capture_backprops_hook
    create_or_accumulate_grad_sample(
  File "/Volumes/Users/shegao_t1/DP_Research/Personal_DP_Personal_FL/rpdp_fl/myopacus/grad_sample/grad_sample_module.py", line 57, in create_or_accumulate_grad_sample
    param._current_grad_sample = torch.zeros(
torch.cuda.OutOfMemoryError: CUDA out of memory. Tried to allocate 288.00 MiB (GPU 0; 9.66 GiB total capacity; 3.55 GiB already allocated; 173.06 MiB free; 9.03 GiB reserved in total by PyTorch) If reserved memory is >> allocated memory try setting max_split_size_mb to avoid fragmentation.  See documentation for Memory Management and PYTORCH_CUDA_ALLOC_CONF
---EPSILON 16 ---
default_sample_rate: 0.03347280334728033
noise_multiplier :  0.6026458740234375
default_sample_rate: 0.03347280334728033
noise_multiplier :  0.5043792724609375
learning rate =  0.001
sample_rate: 0.03, expected_batch_size: 131
sample_rate: 0.03, expected_batch_size: 42
sample_rate: 0.03, expected_batch_size: 34
sample_rate: 0.03, expected_batch_size: 31
sample_rate: 0.03, expected_batch_size: 122
sample_rate: 0.03, expected_batch_size: 178
sample_rate: 0.03, expected_batch_size: 89
sample_rate: 0.03, expected_batch_size: 125
sample_rate: 0.03, expected_batch_size: 283
sample_rate: 0.03, expected_batch_size: 63
sample_rate: 0.03, expected_batch_size: 131
sample_rate: 0.03, expected_batch_size: 42
sample_rate: 0.03, expected_batch_size: 34
sample_rate: 0.03, expected_batch_size: 31
sample_rate: 0.03, expected_batch_size: 122
sample_rate: 0.03, expected_batch_size: 178
sample_rate: 0.03, expected_batch_size: 89
sample_rate: 0.03, expected_batch_size: 125
sample_rate: 0.03, expected_batch_size: 283
sample_rate: 0.03, expected_batch_size: 63
initial privacy cost of all clients:  [0, 0, 0, 0, 0, 0, 0, 0, 0, 0]
Round=0
Round=1
Round=2
Round=3
Traceback (most recent call last):
  File "dp_ditto_unidp.py", line 192, in <module>
    cm, perf_global, perf_personal, perf_pooled = s.run()
  File "/Volumes/Users/shegao_t1/DP_Research/Personal_DP_Personal_FL/rpdp_fl/myopacus/strategies/ditto.py", line 436, in run
    self.perform_round()
  File "/Volumes/Users/shegao_t1/DP_Research/Personal_DP_Personal_FL/rpdp_fl/myopacus/strategies/ditto.py", line 359, in perform_round
    self._local_optimization(local_model)
  File "/Volumes/Users/shegao_t1/DP_Research/Personal_DP_Personal_FL/rpdp_fl/myopacus/strategies/ditto.py", line 269, in _local_optimization
    _model._local_train(self.num_steps, \
  File "/Volumes/Users/shegao_t1/DP_Research/Personal_DP_Personal_FL/rpdp_fl/myopacus/strategies/strategies_utils.py", line 190, in _local_train
    loss.backward()
  File "/Volumes/Users/shegao_t1/.conda/envs/rpdp/lib/python3.8/site-packages/torch/_tensor.py", line 488, in backward
    torch.autograd.backward(
  File "/Volumes/Users/shegao_t1/.conda/envs/rpdp/lib/python3.8/site-packages/torch/autograd/__init__.py", line 197, in backward
    Variable._execution_engine.run_backward(  # Calls into the C++ engine to run the backward pass
  File "/Volumes/Users/shegao_t1/.conda/envs/rpdp/lib/python3.8/site-packages/torch/nn/modules/module.py", line 62, in __call__
    return self.hook(module, *args, **kwargs)
  File "/Volumes/Users/shegao_t1/DP_Research/Personal_DP_Personal_FL/rpdp_fl/myopacus/grad_sample/grad_sample_module.py", line 340, in capture_backprops_hook
    create_or_accumulate_grad_sample(
  File "/Volumes/Users/shegao_t1/DP_Research/Personal_DP_Personal_FL/rpdp_fl/myopacus/grad_sample/grad_sample_module.py", line 57, in create_or_accumulate_grad_sample
    param._current_grad_sample = torch.zeros(
torch.cuda.OutOfMemoryError: CUDA out of memory. Tried to allocate 288.00 MiB (GPU 0; 9.66 GiB total capacity; 3.55 GiB already allocated; 173.06 MiB free; 9.03 GiB reserved in total by PyTorch) If reserved memory is >> allocated memory try setting max_split_size_mb to avoid fragmentation.  See documentation for Memory Management and PYTORCH_CUDA_ALLOC_CONF
--- Finished seed: 42 ---
--- Seed: 43 ---
--- Personal steps: 15 ---
---EPSILON 0.1 ---
default_sample_rate: 0.03347280334728033
noise_multiplier :  17.5
default_sample_rate: 0.03347280334728033
noise_multiplier :  10.0
learning rate =  0.001
sample_rate: 0.03, expected_batch_size: 131
sample_rate: 0.03, expected_batch_size: 42
sample_rate: 0.03, expected_batch_size: 34
sample_rate: 0.03, expected_batch_size: 31
sample_rate: 0.03, expected_batch_size: 122
sample_rate: 0.03, expected_batch_size: 178
sample_rate: 0.03, expected_batch_size: 89
sample_rate: 0.03, expected_batch_size: 125
sample_rate: 0.03, expected_batch_size: 283
sample_rate: 0.03, expected_batch_size: 63
sample_rate: 0.03, expected_batch_size: 131
sample_rate: 0.03, expected_batch_size: 42
sample_rate: 0.03, expected_batch_size: 34
sample_rate: 0.03, expected_batch_size: 31
sample_rate: 0.03, expected_batch_size: 122
sample_rate: 0.03, expected_batch_size: 178
sample_rate: 0.03, expected_batch_size: 89
sample_rate: 0.03, expected_batch_size: 125
sample_rate: 0.03, expected_batch_size: 283
sample_rate: 0.03, expected_batch_size: 63
initial privacy cost of all clients:  [0, 0, 0, 0, 0, 0, 0, 0, 0, 0]
Round=0
Round=1
Round=2
Traceback (most recent call last):
  File "dp_ditto_unidp.py", line 192, in <module>
    cm, perf_global, perf_personal, perf_pooled = s.run()
  File "/Volumes/Users/shegao_t1/DP_Research/Personal_DP_Personal_FL/rpdp_fl/myopacus/strategies/ditto.py", line 436, in run
    self.perform_round()
  File "/Volumes/Users/shegao_t1/DP_Research/Personal_DP_Personal_FL/rpdp_fl/myopacus/strategies/ditto.py", line 363, in perform_round
    self._personal_optimization(personal_model, global_snapshot)            
  File "/Volumes/Users/shegao_t1/DP_Research/Personal_DP_Personal_FL/rpdp_fl/myopacus/strategies/ditto.py", line 287, in _personal_optimization
    personal_model._ditto_local_train(global_params, \
  File "/Volumes/Users/shegao_t1/DP_Research/Personal_DP_Personal_FL/rpdp_fl/myopacus/strategies/strategies_utils.py", line 299, in _ditto_local_train
    loss.backward()
  File "/Volumes/Users/shegao_t1/.conda/envs/rpdp/lib/python3.8/site-packages/torch/_tensor.py", line 488, in backward
    torch.autograd.backward(
  File "/Volumes/Users/shegao_t1/.conda/envs/rpdp/lib/python3.8/site-packages/torch/autograd/__init__.py", line 197, in backward
    Variable._execution_engine.run_backward(  # Calls into the C++ engine to run the backward pass
  File "/Volumes/Users/shegao_t1/.conda/envs/rpdp/lib/python3.8/site-packages/torch/nn/modules/module.py", line 62, in __call__
    return self.hook(module, *args, **kwargs)
  File "/Volumes/Users/shegao_t1/DP_Research/Personal_DP_Personal_FL/rpdp_fl/myopacus/grad_sample/grad_sample_module.py", line 340, in capture_backprops_hook
    create_or_accumulate_grad_sample(
  File "/Volumes/Users/shegao_t1/DP_Research/Personal_DP_Personal_FL/rpdp_fl/myopacus/grad_sample/grad_sample_module.py", line 57, in create_or_accumulate_grad_sample
    param._current_grad_sample = torch.zeros(
torch.cuda.OutOfMemoryError: CUDA out of memory. Tried to allocate 288.00 MiB (GPU 0; 9.66 GiB total capacity; 3.57 GiB already allocated; 181.06 MiB free; 9.02 GiB reserved in total by PyTorch) If reserved memory is >> allocated memory try setting max_split_size_mb to avoid fragmentation.  See documentation for Memory Management and PYTORCH_CUDA_ALLOC_CONF
---EPSILON 0.5 ---
default_sample_rate: 0.03347280334728033
noise_multiplier :  4.53125
default_sample_rate: 0.03347280334728033
noise_multiplier :  2.6171875
learning rate =  0.001
sample_rate: 0.03, expected_batch_size: 131
sample_rate: 0.03, expected_batch_size: 42
sample_rate: 0.03, expected_batch_size: 34
sample_rate: 0.03, expected_batch_size: 31
sample_rate: 0.03, expected_batch_size: 122
sample_rate: 0.03, expected_batch_size: 178
sample_rate: 0.03, expected_batch_size: 89
sample_rate: 0.03, expected_batch_size: 125
sample_rate: 0.03, expected_batch_size: 283
sample_rate: 0.03, expected_batch_size: 63
sample_rate: 0.03, expected_batch_size: 131
sample_rate: 0.03, expected_batch_size: 42
sample_rate: 0.03, expected_batch_size: 34
sample_rate: 0.03, expected_batch_size: 31
sample_rate: 0.03, expected_batch_size: 122
sample_rate: 0.03, expected_batch_size: 178
sample_rate: 0.03, expected_batch_size: 89
sample_rate: 0.03, expected_batch_size: 125
sample_rate: 0.03, expected_batch_size: 283
sample_rate: 0.03, expected_batch_size: 63
initial privacy cost of all clients:  [0, 0, 0, 0, 0, 0, 0, 0, 0, 0]
Round=0
Round=1
Round=2
Traceback (most recent call last):
  File "dp_ditto_unidp.py", line 192, in <module>
    cm, perf_global, perf_personal, perf_pooled = s.run()
  File "/Volumes/Users/shegao_t1/DP_Research/Personal_DP_Personal_FL/rpdp_fl/myopacus/strategies/ditto.py", line 436, in run
    self.perform_round()
  File "/Volumes/Users/shegao_t1/DP_Research/Personal_DP_Personal_FL/rpdp_fl/myopacus/strategies/ditto.py", line 363, in perform_round
    self._personal_optimization(personal_model, global_snapshot)            
  File "/Volumes/Users/shegao_t1/DP_Research/Personal_DP_Personal_FL/rpdp_fl/myopacus/strategies/ditto.py", line 287, in _personal_optimization
    personal_model._ditto_local_train(global_params, \
  File "/Volumes/Users/shegao_t1/DP_Research/Personal_DP_Personal_FL/rpdp_fl/myopacus/strategies/strategies_utils.py", line 299, in _ditto_local_train
    loss.backward()
  File "/Volumes/Users/shegao_t1/.conda/envs/rpdp/lib/python3.8/site-packages/torch/_tensor.py", line 488, in backward
    torch.autograd.backward(
  File "/Volumes/Users/shegao_t1/.conda/envs/rpdp/lib/python3.8/site-packages/torch/autograd/__init__.py", line 197, in backward
    Variable._execution_engine.run_backward(  # Calls into the C++ engine to run the backward pass
  File "/Volumes/Users/shegao_t1/.conda/envs/rpdp/lib/python3.8/site-packages/torch/nn/modules/module.py", line 62, in __call__
    return self.hook(module, *args, **kwargs)
  File "/Volumes/Users/shegao_t1/DP_Research/Personal_DP_Personal_FL/rpdp_fl/myopacus/grad_sample/grad_sample_module.py", line 340, in capture_backprops_hook
    create_or_accumulate_grad_sample(
  File "/Volumes/Users/shegao_t1/DP_Research/Personal_DP_Personal_FL/rpdp_fl/myopacus/grad_sample/grad_sample_module.py", line 57, in create_or_accumulate_grad_sample
    param._current_grad_sample = torch.zeros(
torch.cuda.OutOfMemoryError: CUDA out of memory. Tried to allocate 288.00 MiB (GPU 0; 9.66 GiB total capacity; 3.57 GiB already allocated; 181.06 MiB free; 9.02 GiB reserved in total by PyTorch) If reserved memory is >> allocated memory try setting max_split_size_mb to avoid fragmentation.  See documentation for Memory Management and PYTORCH_CUDA_ALLOC_CONF
---EPSILON 1 ---
default_sample_rate: 0.03347280334728033
noise_multiplier :  2.578125
default_sample_rate: 0.03347280334728033
noise_multiplier :  1.591796875
learning rate =  0.001
sample_rate: 0.03, expected_batch_size: 131
sample_rate: 0.03, expected_batch_size: 42
sample_rate: 0.03, expected_batch_size: 34
sample_rate: 0.03, expected_batch_size: 31
sample_rate: 0.03, expected_batch_size: 122
sample_rate: 0.03, expected_batch_size: 178
sample_rate: 0.03, expected_batch_size: 89
sample_rate: 0.03, expected_batch_size: 125
sample_rate: 0.03, expected_batch_size: 283
sample_rate: 0.03, expected_batch_size: 63
sample_rate: 0.03, expected_batch_size: 131
sample_rate: 0.03, expected_batch_size: 42
sample_rate: 0.03, expected_batch_size: 34
sample_rate: 0.03, expected_batch_size: 31
sample_rate: 0.03, expected_batch_size: 122
sample_rate: 0.03, expected_batch_size: 178
sample_rate: 0.03, expected_batch_size: 89
sample_rate: 0.03, expected_batch_size: 125
sample_rate: 0.03, expected_batch_size: 283
sample_rate: 0.03, expected_batch_size: 63
initial privacy cost of all clients:  [0, 0, 0, 0, 0, 0, 0, 0, 0, 0]
Round=0
Round=1
Round=2
Traceback (most recent call last):
  File "dp_ditto_unidp.py", line 192, in <module>
    cm, perf_global, perf_personal, perf_pooled = s.run()
  File "/Volumes/Users/shegao_t1/DP_Research/Personal_DP_Personal_FL/rpdp_fl/myopacus/strategies/ditto.py", line 436, in run
    self.perform_round()
  File "/Volumes/Users/shegao_t1/DP_Research/Personal_DP_Personal_FL/rpdp_fl/myopacus/strategies/ditto.py", line 363, in perform_round
    self._personal_optimization(personal_model, global_snapshot)            
  File "/Volumes/Users/shegao_t1/DP_Research/Personal_DP_Personal_FL/rpdp_fl/myopacus/strategies/ditto.py", line 287, in _personal_optimization
    personal_model._ditto_local_train(global_params, \
  File "/Volumes/Users/shegao_t1/DP_Research/Personal_DP_Personal_FL/rpdp_fl/myopacus/strategies/strategies_utils.py", line 299, in _ditto_local_train
    loss.backward()
  File "/Volumes/Users/shegao_t1/.conda/envs/rpdp/lib/python3.8/site-packages/torch/_tensor.py", line 488, in backward
    torch.autograd.backward(
  File "/Volumes/Users/shegao_t1/.conda/envs/rpdp/lib/python3.8/site-packages/torch/autograd/__init__.py", line 197, in backward
    Variable._execution_engine.run_backward(  # Calls into the C++ engine to run the backward pass
  File "/Volumes/Users/shegao_t1/.conda/envs/rpdp/lib/python3.8/site-packages/torch/nn/modules/module.py", line 62, in __call__
    return self.hook(module, *args, **kwargs)
  File "/Volumes/Users/shegao_t1/DP_Research/Personal_DP_Personal_FL/rpdp_fl/myopacus/grad_sample/grad_sample_module.py", line 340, in capture_backprops_hook
    create_or_accumulate_grad_sample(
  File "/Volumes/Users/shegao_t1/DP_Research/Personal_DP_Personal_FL/rpdp_fl/myopacus/grad_sample/grad_sample_module.py", line 57, in create_or_accumulate_grad_sample
    param._current_grad_sample = torch.zeros(
torch.cuda.OutOfMemoryError: CUDA out of memory. Tried to allocate 288.00 MiB (GPU 0; 9.66 GiB total capacity; 3.57 GiB already allocated; 181.06 MiB free; 9.02 GiB reserved in total by PyTorch) If reserved memory is >> allocated memory try setting max_split_size_mb to avoid fragmentation.  See documentation for Memory Management and PYTORCH_CUDA_ALLOC_CONF
---EPSILON 4 ---
default_sample_rate: 0.03347280334728033
noise_multiplier :  1.048583984375
default_sample_rate: 0.03347280334728033
noise_multiplier :  0.799560546875
learning rate =  0.001
sample_rate: 0.03, expected_batch_size: 131
sample_rate: 0.03, expected_batch_size: 42
sample_rate: 0.03, expected_batch_size: 34
sample_rate: 0.03, expected_batch_size: 31
sample_rate: 0.03, expected_batch_size: 122
sample_rate: 0.03, expected_batch_size: 178
sample_rate: 0.03, expected_batch_size: 89
sample_rate: 0.03, expected_batch_size: 125
sample_rate: 0.03, expected_batch_size: 283
sample_rate: 0.03, expected_batch_size: 63
sample_rate: 0.03, expected_batch_size: 131
sample_rate: 0.03, expected_batch_size: 42
sample_rate: 0.03, expected_batch_size: 34
sample_rate: 0.03, expected_batch_size: 31
sample_rate: 0.03, expected_batch_size: 122
sample_rate: 0.03, expected_batch_size: 178
sample_rate: 0.03, expected_batch_size: 89
sample_rate: 0.03, expected_batch_size: 125
sample_rate: 0.03, expected_batch_size: 283
sample_rate: 0.03, expected_batch_size: 63
initial privacy cost of all clients:  [0, 0, 0, 0, 0, 0, 0, 0, 0, 0]
Round=0
Round=1
Round=2
Traceback (most recent call last):
  File "dp_ditto_unidp.py", line 192, in <module>
    cm, perf_global, perf_personal, perf_pooled = s.run()
  File "/Volumes/Users/shegao_t1/DP_Research/Personal_DP_Personal_FL/rpdp_fl/myopacus/strategies/ditto.py", line 436, in run
    self.perform_round()
  File "/Volumes/Users/shegao_t1/DP_Research/Personal_DP_Personal_FL/rpdp_fl/myopacus/strategies/ditto.py", line 363, in perform_round
    self._personal_optimization(personal_model, global_snapshot)            
  File "/Volumes/Users/shegao_t1/DP_Research/Personal_DP_Personal_FL/rpdp_fl/myopacus/strategies/ditto.py", line 287, in _personal_optimization
    personal_model._ditto_local_train(global_params, \
  File "/Volumes/Users/shegao_t1/DP_Research/Personal_DP_Personal_FL/rpdp_fl/myopacus/strategies/strategies_utils.py", line 299, in _ditto_local_train
    loss.backward()
  File "/Volumes/Users/shegao_t1/.conda/envs/rpdp/lib/python3.8/site-packages/torch/_tensor.py", line 488, in backward
    torch.autograd.backward(
  File "/Volumes/Users/shegao_t1/.conda/envs/rpdp/lib/python3.8/site-packages/torch/autograd/__init__.py", line 197, in backward
    Variable._execution_engine.run_backward(  # Calls into the C++ engine to run the backward pass
  File "/Volumes/Users/shegao_t1/.conda/envs/rpdp/lib/python3.8/site-packages/torch/nn/modules/module.py", line 62, in __call__
    return self.hook(module, *args, **kwargs)
  File "/Volumes/Users/shegao_t1/DP_Research/Personal_DP_Personal_FL/rpdp_fl/myopacus/grad_sample/grad_sample_module.py", line 340, in capture_backprops_hook
    create_or_accumulate_grad_sample(
  File "/Volumes/Users/shegao_t1/DP_Research/Personal_DP_Personal_FL/rpdp_fl/myopacus/grad_sample/grad_sample_module.py", line 57, in create_or_accumulate_grad_sample
    param._current_grad_sample = torch.zeros(
torch.cuda.OutOfMemoryError: CUDA out of memory. Tried to allocate 288.00 MiB (GPU 0; 9.66 GiB total capacity; 3.57 GiB already allocated; 181.06 MiB free; 9.02 GiB reserved in total by PyTorch) If reserved memory is >> allocated memory try setting max_split_size_mb to avoid fragmentation.  See documentation for Memory Management and PYTORCH_CUDA_ALLOC_CONF
---EPSILON 8 ---
default_sample_rate: 0.03347280334728033
noise_multiplier :  0.7916259765625
default_sample_rate: 0.03347280334728033
noise_multiplier :  0.6231689453125
learning rate =  0.001
sample_rate: 0.03, expected_batch_size: 131
sample_rate: 0.03, expected_batch_size: 42
sample_rate: 0.03, expected_batch_size: 34
sample_rate: 0.03, expected_batch_size: 31
sample_rate: 0.03, expected_batch_size: 122
sample_rate: 0.03, expected_batch_size: 178
sample_rate: 0.03, expected_batch_size: 89
sample_rate: 0.03, expected_batch_size: 125
sample_rate: 0.03, expected_batch_size: 283
sample_rate: 0.03, expected_batch_size: 63
sample_rate: 0.03, expected_batch_size: 131
sample_rate: 0.03, expected_batch_size: 42
sample_rate: 0.03, expected_batch_size: 34
sample_rate: 0.03, expected_batch_size: 31
sample_rate: 0.03, expected_batch_size: 122
sample_rate: 0.03, expected_batch_size: 178
sample_rate: 0.03, expected_batch_size: 89
sample_rate: 0.03, expected_batch_size: 125
sample_rate: 0.03, expected_batch_size: 283
sample_rate: 0.03, expected_batch_size: 63
initial privacy cost of all clients:  [0, 0, 0, 0, 0, 0, 0, 0, 0, 0]
Round=0
Round=1
Round=2
Traceback (most recent call last):
  File "dp_ditto_unidp.py", line 192, in <module>
    cm, perf_global, perf_personal, perf_pooled = s.run()
  File "/Volumes/Users/shegao_t1/DP_Research/Personal_DP_Personal_FL/rpdp_fl/myopacus/strategies/ditto.py", line 436, in run
    self.perform_round()
  File "/Volumes/Users/shegao_t1/DP_Research/Personal_DP_Personal_FL/rpdp_fl/myopacus/strategies/ditto.py", line 363, in perform_round
    self._personal_optimization(personal_model, global_snapshot)            
  File "/Volumes/Users/shegao_t1/DP_Research/Personal_DP_Personal_FL/rpdp_fl/myopacus/strategies/ditto.py", line 287, in _personal_optimization
    personal_model._ditto_local_train(global_params, \
  File "/Volumes/Users/shegao_t1/DP_Research/Personal_DP_Personal_FL/rpdp_fl/myopacus/strategies/strategies_utils.py", line 299, in _ditto_local_train
    loss.backward()
  File "/Volumes/Users/shegao_t1/.conda/envs/rpdp/lib/python3.8/site-packages/torch/_tensor.py", line 488, in backward
    torch.autograd.backward(
  File "/Volumes/Users/shegao_t1/.conda/envs/rpdp/lib/python3.8/site-packages/torch/autograd/__init__.py", line 197, in backward
    Variable._execution_engine.run_backward(  # Calls into the C++ engine to run the backward pass
  File "/Volumes/Users/shegao_t1/.conda/envs/rpdp/lib/python3.8/site-packages/torch/nn/modules/module.py", line 62, in __call__
    return self.hook(module, *args, **kwargs)
  File "/Volumes/Users/shegao_t1/DP_Research/Personal_DP_Personal_FL/rpdp_fl/myopacus/grad_sample/grad_sample_module.py", line 340, in capture_backprops_hook
    create_or_accumulate_grad_sample(
  File "/Volumes/Users/shegao_t1/DP_Research/Personal_DP_Personal_FL/rpdp_fl/myopacus/grad_sample/grad_sample_module.py", line 57, in create_or_accumulate_grad_sample
    param._current_grad_sample = torch.zeros(
torch.cuda.OutOfMemoryError: CUDA out of memory. Tried to allocate 288.00 MiB (GPU 0; 9.66 GiB total capacity; 3.57 GiB already allocated; 181.06 MiB free; 9.02 GiB reserved in total by PyTorch) If reserved memory is >> allocated memory try setting max_split_size_mb to avoid fragmentation.  See documentation for Memory Management and PYTORCH_CUDA_ALLOC_CONF
---EPSILON 16 ---
default_sample_rate: 0.03347280334728033
noise_multiplier :  0.6026458740234375
default_sample_rate: 0.03347280334728033
noise_multiplier :  0.5043792724609375
learning rate =  0.001
sample_rate: 0.03, expected_batch_size: 131
sample_rate: 0.03, expected_batch_size: 42
sample_rate: 0.03, expected_batch_size: 34
sample_rate: 0.03, expected_batch_size: 31
sample_rate: 0.03, expected_batch_size: 122
sample_rate: 0.03, expected_batch_size: 178
sample_rate: 0.03, expected_batch_size: 89
sample_rate: 0.03, expected_batch_size: 125
sample_rate: 0.03, expected_batch_size: 283
sample_rate: 0.03, expected_batch_size: 63
sample_rate: 0.03, expected_batch_size: 131
sample_rate: 0.03, expected_batch_size: 42
sample_rate: 0.03, expected_batch_size: 34
sample_rate: 0.03, expected_batch_size: 31
sample_rate: 0.03, expected_batch_size: 122
sample_rate: 0.03, expected_batch_size: 178
sample_rate: 0.03, expected_batch_size: 89
sample_rate: 0.03, expected_batch_size: 125
sample_rate: 0.03, expected_batch_size: 283
sample_rate: 0.03, expected_batch_size: 63
initial privacy cost of all clients:  [0, 0, 0, 0, 0, 0, 0, 0, 0, 0]
Round=0
Round=1
Round=2
Traceback (most recent call last):
  File "dp_ditto_unidp.py", line 192, in <module>
    cm, perf_global, perf_personal, perf_pooled = s.run()
  File "/Volumes/Users/shegao_t1/DP_Research/Personal_DP_Personal_FL/rpdp_fl/myopacus/strategies/ditto.py", line 436, in run
    self.perform_round()
  File "/Volumes/Users/shegao_t1/DP_Research/Personal_DP_Personal_FL/rpdp_fl/myopacus/strategies/ditto.py", line 363, in perform_round
    self._personal_optimization(personal_model, global_snapshot)            
  File "/Volumes/Users/shegao_t1/DP_Research/Personal_DP_Personal_FL/rpdp_fl/myopacus/strategies/ditto.py", line 287, in _personal_optimization
    personal_model._ditto_local_train(global_params, \
  File "/Volumes/Users/shegao_t1/DP_Research/Personal_DP_Personal_FL/rpdp_fl/myopacus/strategies/strategies_utils.py", line 299, in _ditto_local_train
    loss.backward()
  File "/Volumes/Users/shegao_t1/.conda/envs/rpdp/lib/python3.8/site-packages/torch/_tensor.py", line 488, in backward
    torch.autograd.backward(
  File "/Volumes/Users/shegao_t1/.conda/envs/rpdp/lib/python3.8/site-packages/torch/autograd/__init__.py", line 197, in backward
    Variable._execution_engine.run_backward(  # Calls into the C++ engine to run the backward pass
  File "/Volumes/Users/shegao_t1/.conda/envs/rpdp/lib/python3.8/site-packages/torch/nn/modules/module.py", line 62, in __call__
    return self.hook(module, *args, **kwargs)
  File "/Volumes/Users/shegao_t1/DP_Research/Personal_DP_Personal_FL/rpdp_fl/myopacus/grad_sample/grad_sample_module.py", line 340, in capture_backprops_hook
    create_or_accumulate_grad_sample(
  File "/Volumes/Users/shegao_t1/DP_Research/Personal_DP_Personal_FL/rpdp_fl/myopacus/grad_sample/grad_sample_module.py", line 57, in create_or_accumulate_grad_sample
    param._current_grad_sample = torch.zeros(
torch.cuda.OutOfMemoryError: CUDA out of memory. Tried to allocate 288.00 MiB (GPU 0; 9.66 GiB total capacity; 3.57 GiB already allocated; 181.06 MiB free; 9.02 GiB reserved in total by PyTorch) If reserved memory is >> allocated memory try setting max_split_size_mb to avoid fragmentation.  See documentation for Memory Management and PYTORCH_CUDA_ALLOC_CONF
--- Finished seed: 43 ---
--- Seed: 44 ---
--- Personal steps: 15 ---
---EPSILON 0.1 ---
