PARAMS: dataset=mnist, gpu=0, data_type=niid_dir_5, num_steps=15
=== Running epsilon=0.1 ===
=== Running reg_param=0 ===
Running seed 42
default_sample_rate: 0.05423728813559322
noise_multiplier :  23.75
learning rate =  0.01
sample_rate: 0.05, expected_batch_size: 202
sample_rate: 0.05, expected_batch_size: 234
sample_rate: 0.05, expected_batch_size: 185
sample_rate: 0.05, expected_batch_size: 352
sample_rate: 0.05, expected_batch_size: 147
sample_rate: 0.05, expected_batch_size: 164
sample_rate: 0.05, expected_batch_size: 384
sample_rate: 0.05, expected_batch_size: 128
sample_rate: 0.05, expected_batch_size: 203
sample_rate: 0.05, expected_batch_size: 142
initial privacy cost of all clients:  [0, 0, 0, 0, 0, 0, 0, 0, 0, 0]
Round=0
Round=1
Round=2
Round=3
Round=4
Round=5
Round=6
Round=7
Round=8
Round=9
Round=10
Round=11
Round=12
Round=13
Round=14
current privacy cost of all clients:  [0.06585083971196351, 0.06585083971196351, 0.050645800309257166, 0.06110719577731065, 0.07047756469279491, 0.06585083971196351, 0.07047756469279491, 0.07469050475835073, 0.07886661318119374, 0.05605885708476636]
Round=14, per client global perf=[0.7956, 0.6161, 0.7599, 0.7873, 0.62, 0.6063, 0.7958, 0.6998, 0.5468, 0.5255], mean perf=14238/20405 (0.6978%)
Round=14, per client personal perf=[0.9554, 0.9561, 0.9298, 0.9532, 0.9593, 0.9311, 0.9615, 0.9671, 0.9596, 0.9675], mean perf=19472/20405 (0.9543%)
Round=14, per client personal pooled=[0.7918, 0.6139, 0.8582, 0.8268, 0.9079, 0.9159, 0.834, 0.7104, 0.8673, 0.719], mean perf=164161/204050 (0.8045%)
Mean performance of unidp ditto global,  eps=0.1, Perf=0.6557
Mean performance of unidp ditto personal,  eps=0.1, Perf=0.9532
Mean performance of unidp ditto pooled,  eps=0.1, Perf=0.7933
Finished seed 42
----------------------------------------
=== Running reg_param=0.001 ===
Running seed 42
default_sample_rate: 0.05423728813559322
noise_multiplier :  23.75
learning rate =  0.01
sample_rate: 0.05, expected_batch_size: 202
sample_rate: 0.05, expected_batch_size: 234
sample_rate: 0.05, expected_batch_size: 185
sample_rate: 0.05, expected_batch_size: 352
sample_rate: 0.05, expected_batch_size: 147
sample_rate: 0.05, expected_batch_size: 164
sample_rate: 0.05, expected_batch_size: 384
sample_rate: 0.05, expected_batch_size: 128
sample_rate: 0.05, expected_batch_size: 203
sample_rate: 0.05, expected_batch_size: 142
initial privacy cost of all clients:  [0, 0, 0, 0, 0, 0, 0, 0, 0, 0]
Round=0
Round=1
Round=2
Round=3
Round=4
Round=5
Round=6
Round=7
Round=8
Round=9
Round=10
Round=11
Round=12
Round=13
Round=14
current privacy cost of all clients:  [0.06585083971196351, 0.06585083971196351, 0.050645800309257166, 0.06110719577731065, 0.07047756469279491, 0.06585083971196351, 0.07047756469279491, 0.07469050475835073, 0.07886661318119374, 0.05605885708476636]
Round=14, per client global perf=[0.7956, 0.6161, 0.7599, 0.7873, 0.62, 0.6063, 0.7958, 0.6998, 0.5468, 0.5255], mean perf=14238/20405 (0.6978%)
Round=14, per client personal perf=[0.9606, 0.97, 0.9332, 0.9532, 0.9464, 0.9413, 0.9568, 0.9581, 0.9612, 0.9565], mean perf=19477/20405 (0.9545%)
Round=14, per client personal pooled=[0.8878, 0.7359, 0.852, 0.825, 0.882, 0.9308, 0.7913, 0.7183, 0.9145, 0.7151], mean perf=168396/204050 (0.8253%)
Mean performance of unidp ditto global,  eps=0.1, Perf=0.6557
Mean performance of unidp ditto personal,  eps=0.1, Perf=0.9538
Mean performance of unidp ditto pooled,  eps=0.1, Perf=0.8163
Finished seed 42
----------------------------------------
=== Running reg_param=0.01 ===
Running seed 42
default_sample_rate: 0.05423728813559322
noise_multiplier :  23.75
learning rate =  0.01
sample_rate: 0.05, expected_batch_size: 202
sample_rate: 0.05, expected_batch_size: 234
sample_rate: 0.05, expected_batch_size: 185
sample_rate: 0.05, expected_batch_size: 352
sample_rate: 0.05, expected_batch_size: 147
sample_rate: 0.05, expected_batch_size: 164
sample_rate: 0.05, expected_batch_size: 384
sample_rate: 0.05, expected_batch_size: 128
sample_rate: 0.05, expected_batch_size: 203
sample_rate: 0.05, expected_batch_size: 142
initial privacy cost of all clients:  [0, 0, 0, 0, 0, 0, 0, 0, 0, 0]
Round=0
Round=1
Round=2
Round=3
Round=4
Round=5
Round=6
Round=7
Round=8
Round=9
Round=10
Round=11
Round=12
Round=13
Round=14
current privacy cost of all clients:  [0.06585083971196351, 0.06585083971196351, 0.050645800309257166, 0.06110719577731065, 0.07047756469279491, 0.06585083971196351, 0.07047756469279491, 0.07469050475835073, 0.07886661318119374, 0.05605885708476636]
Round=14, per client global perf=[0.7956, 0.6161, 0.7599, 0.7873, 0.62, 0.6063, 0.7958, 0.6998, 0.5468, 0.5255], mean perf=14238/20405 (0.6978%)
Round=14, per client personal perf=[0.9632, 0.9673, 0.9224, 0.9693, 0.9643, 0.9202, 0.9464, 0.9581, 0.9415, 0.9587], mean perf=19430/20405 (0.9522%)
Round=14, per client personal pooled=[0.8336, 0.7419, 0.8303, 0.8294, 0.9158, 0.9013, 0.741, 0.7389, 0.8627, 0.7419], mean perf=166033/204050 (0.8137%)
Mean performance of unidp ditto global,  eps=0.1, Perf=0.6557
Mean performance of unidp ditto personal,  eps=0.1, Perf=0.9544
Mean performance of unidp ditto pooled,  eps=0.1, Perf=0.8095
Finished seed 42
----------------------------------------
=== Running reg_param=0.1 ===
Running seed 42
default_sample_rate: 0.05423728813559322
noise_multiplier :  23.75
learning rate =  0.01
sample_rate: 0.05, expected_batch_size: 202
sample_rate: 0.05, expected_batch_size: 234
sample_rate: 0.05, expected_batch_size: 185
sample_rate: 0.05, expected_batch_size: 352
sample_rate: 0.05, expected_batch_size: 147
sample_rate: 0.05, expected_batch_size: 164
sample_rate: 0.05, expected_batch_size: 384
sample_rate: 0.05, expected_batch_size: 128
sample_rate: 0.05, expected_batch_size: 203
sample_rate: 0.05, expected_batch_size: 142
initial privacy cost of all clients:  [0, 0, 0, 0, 0, 0, 0, 0, 0, 0]
Round=0
Round=1
Round=2
Round=3
Round=4
Round=5
Round=6
Round=7
Round=8
Round=9
Round=10
Round=11
Round=12
Round=13
Round=14
current privacy cost of all clients:  [0.06585083971196351, 0.06585083971196351, 0.050645800309257166, 0.06110719577731065, 0.07047756469279491, 0.06585083971196351, 0.07047756469279491, 0.07469050475835073, 0.07886661318119374, 0.05605885708476636]
Round=14, per client global perf=[0.7956, 0.6161, 0.7599, 0.7873, 0.62, 0.6063, 0.7958, 0.6998, 0.5468, 0.5255], mean perf=14238/20405 (0.6978%)
Round=14, per client personal perf=[0.9092, 0.9336, 0.8822, 0.929, 0.8936, 0.8928, 0.9278, 0.9416, 0.8748, 0.9196], mean perf=18633/20405 (0.9132%)
Round=14, per client personal pooled=[0.6473, 0.6565, 0.7491, 0.7624, 0.8562, 0.8856, 0.6895, 0.6345, 0.777, 0.6739], mean perf=149608/204050 (0.7332%)
Mean performance of unidp ditto global,  eps=0.1, Perf=0.6557
Mean performance of unidp ditto personal,  eps=0.1, Perf=0.9099
Mean performance of unidp ditto pooled,  eps=0.1, Perf=0.7243
Finished seed 42
----------------------------------------
=== Running reg_param=1.0 ===
Running seed 42
default_sample_rate: 0.05423728813559322
noise_multiplier :  23.75
learning rate =  0.01
sample_rate: 0.05, expected_batch_size: 202
sample_rate: 0.05, expected_batch_size: 234
sample_rate: 0.05, expected_batch_size: 185
sample_rate: 0.05, expected_batch_size: 352
sample_rate: 0.05, expected_batch_size: 147
sample_rate: 0.05, expected_batch_size: 164
sample_rate: 0.05, expected_batch_size: 384
sample_rate: 0.05, expected_batch_size: 128
sample_rate: 0.05, expected_batch_size: 203
sample_rate: 0.05, expected_batch_size: 142
initial privacy cost of all clients:  [0, 0, 0, 0, 0, 0, 0, 0, 0, 0]
Round=0
Round=1
Round=2
Round=3
Round=4
Round=5
Round=6
Round=7
Round=8
Round=9
Round=10
Round=11
Round=12
Round=13
Round=14
current privacy cost of all clients:  [0.06585083971196351, 0.06585083971196351, 0.050645800309257166, 0.06110719577731065, 0.07047756469279491, 0.06585083971196351, 0.07047756469279491, 0.07469050475835073, 0.07886661318119374, 0.05605885708476636]
Round=14, per client global perf=[0.7956, 0.6161, 0.7599, 0.7873, 0.62, 0.6063, 0.7958, 0.6998, 0.5468, 0.5255], mean perf=14238/20405 (0.6978%)
Round=14, per client personal perf=[0.8537, 0.739, 0.8245, 0.8837, 0.6136, 0.6828, 0.8447, 0.884, 0.7351, 0.8517], mean perf=16381/20405 (0.8028%)
Round=14, per client personal pooled=[0.6935, 0.5141, 0.6391, 0.6617, 0.583, 0.7474, 0.6538, 0.5567, 0.641, 0.6068], mean perf=128490/204050 (0.6297%)
Mean performance of unidp ditto global,  eps=0.1, Perf=0.6557
Mean performance of unidp ditto personal,  eps=0.1, Perf=0.8070
Mean performance of unidp ditto pooled,  eps=0.1, Perf=0.6044
Finished seed 42
----------------------------------------
=== Running reg_param=10 ===
Running seed 42
default_sample_rate: 0.05423728813559322
noise_multiplier :  23.75
learning rate =  0.01
sample_rate: 0.05, expected_batch_size: 202
sample_rate: 0.05, expected_batch_size: 234
sample_rate: 0.05, expected_batch_size: 185
sample_rate: 0.05, expected_batch_size: 352
sample_rate: 0.05, expected_batch_size: 147
sample_rate: 0.05, expected_batch_size: 164
sample_rate: 0.05, expected_batch_size: 384
sample_rate: 0.05, expected_batch_size: 128
sample_rate: 0.05, expected_batch_size: 203
sample_rate: 0.05, expected_batch_size: 142
initial privacy cost of all clients:  [0, 0, 0, 0, 0, 0, 0, 0, 0, 0]
Round=0
Round=1
Round=2
Round=3
Round=4
Round=5
Round=6
Round=7
Round=8
Round=9
Round=10
Round=11
Round=12
Round=13
Round=14
current privacy cost of all clients:  [0.06585083971196351, 0.06585083971196351, 0.050645800309257166, 0.06110719577731065, 0.07047756469279491, 0.06585083971196351, 0.07047756469279491, 0.07469050475835073, 0.07886661318119374, 0.05605885708476636]
Round=14, per client global perf=[0.7956, 0.6161, 0.7599, 0.7873, 0.62, 0.6063, 0.7958, 0.6998, 0.5468, 0.5255], mean perf=14238/20405 (0.6978%)
Round=14, per client personal perf=[0.8086, 0.8081, 0.7378, 0.8404, 0.6829, 0.6535, 0.8218, 0.7952, 0.6917, 0.7697], mean perf=15814/20405 (0.7750%)
Round=14, per client personal pooled=[0.6268, 0.5797, 0.6055, 0.6538, 0.6623, 0.6638, 0.6423, 0.6123, 0.7073, 0.5807], mean perf=129257/204050 (0.6335%)
Mean performance of unidp ditto global,  eps=0.1, Perf=0.6557
Mean performance of unidp ditto personal,  eps=0.1, Perf=0.7600
Mean performance of unidp ditto pooled,  eps=0.1, Perf=0.5956
Finished seed 42
----------------------------------------
=== Running epsilon=0.5 ===
=== Running reg_param=0 ===
Running seed 42
default_sample_rate: 0.05423728813559322
noise_multiplier :  6.015625
learning rate =  0.01
sample_rate: 0.05, expected_batch_size: 202
sample_rate: 0.05, expected_batch_size: 234
sample_rate: 0.05, expected_batch_size: 185
sample_rate: 0.05, expected_batch_size: 352
sample_rate: 0.05, expected_batch_size: 147
sample_rate: 0.05, expected_batch_size: 164
sample_rate: 0.05, expected_batch_size: 384
sample_rate: 0.05, expected_batch_size: 128
sample_rate: 0.05, expected_batch_size: 203
sample_rate: 0.05, expected_batch_size: 142
initial privacy cost of all clients:  [0, 0, 0, 0, 0, 0, 0, 0, 0, 0]
Round=0
Round=1
Round=2
Round=3
Round=4
Round=5
Round=6
Round=7
Round=8
Round=9
Round=10
Round=11
Round=12
Round=13
Round=14
current privacy cost of all clients:  [0.3551010340035497, 0.3551010340035497, 0.2795113978095696, 0.33147803195415276, 0.3771637317577487, 0.3551010340035497, 0.3771637317577487, 0.39840072036853996, 0.4188373674937505, 0.30643638543846624]
Round=14, per client global perf=[0.9336, 0.8408, 0.8794, 0.9126, 0.8814, 0.8488, 0.9303, 0.8816, 0.8484, 0.7897], mean perf=18036/20405 (0.8839%)
Round=14, per client personal perf=[0.9554, 0.9561, 0.9298, 0.9532, 0.9593, 0.9311, 0.9615, 0.9671, 0.9596, 0.9675], mean perf=19472/20405 (0.9543%)
Round=14, per client personal pooled=[0.7918, 0.6139, 0.8582, 0.8268, 0.9079, 0.9159, 0.834, 0.7104, 0.8673, 0.719], mean perf=164161/204050 (0.8045%)
Mean performance of unidp ditto global,  eps=0.5, Perf=0.8628
Mean performance of unidp ditto personal,  eps=0.5, Perf=0.9532
Mean performance of unidp ditto pooled,  eps=0.5, Perf=0.7933
Finished seed 42
----------------------------------------
=== Running reg_param=0.001 ===
Running seed 42
default_sample_rate: 0.05423728813559322
noise_multiplier :  6.015625
learning rate =  0.01
sample_rate: 0.05, expected_batch_size: 202
sample_rate: 0.05, expected_batch_size: 234
sample_rate: 0.05, expected_batch_size: 185
sample_rate: 0.05, expected_batch_size: 352
sample_rate: 0.05, expected_batch_size: 147
sample_rate: 0.05, expected_batch_size: 164
sample_rate: 0.05, expected_batch_size: 384
sample_rate: 0.05, expected_batch_size: 128
sample_rate: 0.05, expected_batch_size: 203
sample_rate: 0.05, expected_batch_size: 142
initial privacy cost of all clients:  [0, 0, 0, 0, 0, 0, 0, 0, 0, 0]
Round=0
Round=1
Round=2
Round=3
Round=4
Round=5
Round=6
Round=7
Round=8
Round=9
Round=10
Round=11
Round=12
Round=13
Round=14
current privacy cost of all clients:  [0.3551010340035497, 0.3551010340035497, 0.2795113978095696, 0.33147803195415276, 0.3771637317577487, 0.3551010340035497, 0.3771637317577487, 0.39840072036853996, 0.4188373674937505, 0.30643638543846624]
Round=14, per client global perf=[0.9336, 0.8408, 0.8794, 0.9126, 0.8814, 0.8488, 0.9303, 0.8816, 0.8484, 0.7897], mean perf=18036/20405 (0.8839%)
Round=14, per client personal perf=[0.9461, 0.9592, 0.9275, 0.9648, 0.9607, 0.9183, 0.971, 0.9655, 0.9669, 0.9668], mean perf=19524/20405 (0.9568%)
Round=14, per client personal pooled=[0.7599, 0.7808, 0.8373, 0.8429, 0.9126, 0.891, 0.8192, 0.777, 0.9213, 0.7124], mean perf=168432/204050 (0.8254%)
Mean performance of unidp ditto global,  eps=0.5, Perf=0.8628
Mean performance of unidp ditto personal,  eps=0.5, Perf=0.9558
Mean performance of unidp ditto pooled,  eps=0.5, Perf=0.8169
Finished seed 42
----------------------------------------
=== Running reg_param=0.01 ===
Running seed 42
default_sample_rate: 0.05423728813559322
noise_multiplier :  6.015625
learning rate =  0.01
sample_rate: 0.05, expected_batch_size: 202
sample_rate: 0.05, expected_batch_size: 234
sample_rate: 0.05, expected_batch_size: 185
sample_rate: 0.05, expected_batch_size: 352
sample_rate: 0.05, expected_batch_size: 147
sample_rate: 0.05, expected_batch_size: 164
sample_rate: 0.05, expected_batch_size: 384
sample_rate: 0.05, expected_batch_size: 128
sample_rate: 0.05, expected_batch_size: 203
sample_rate: 0.05, expected_batch_size: 142
initial privacy cost of all clients:  [0, 0, 0, 0, 0, 0, 0, 0, 0, 0]
Round=0
Round=1
Round=2
Round=3
Round=4
Round=5
Round=6
Round=7
Round=8
Round=9
Round=10
Round=11
Round=12
Round=13
Round=14
current privacy cost of all clients:  [0.3551010340035497, 0.3551010340035497, 0.2795113978095696, 0.33147803195415276, 0.3771637317577487, 0.3551010340035497, 0.3771637317577487, 0.39840072036853996, 0.4188373674937505, 0.30643638543846624]
Round=14, per client global perf=[0.9336, 0.8408, 0.8794, 0.9126, 0.8814, 0.8488, 0.9303, 0.8816, 0.8484, 0.7897], mean perf=18036/20405 (0.8839%)
Round=14, per client personal perf=[0.9642, 0.9673, 0.9411, 0.9678, 0.9514, 0.9394, 0.941, 0.9235, 0.9498, 0.9587], mean perf=19426/20405 (0.9520%)
Round=14, per client personal pooled=[0.8433, 0.764, 0.8826, 0.873, 0.8799, 0.9211, 0.7288, 0.7582, 0.8694, 0.7069], mean perf=167881/204050 (0.8227%)
Mean performance of unidp ditto global,  eps=0.5, Perf=0.8628
Mean performance of unidp ditto personal,  eps=0.5, Perf=0.9543
Mean performance of unidp ditto pooled,  eps=0.5, Perf=0.8241
Finished seed 42
----------------------------------------
=== Running reg_param=0.1 ===
Running seed 42
default_sample_rate: 0.05423728813559322
noise_multiplier :  6.015625
learning rate =  0.01
sample_rate: 0.05, expected_batch_size: 202
sample_rate: 0.05, expected_batch_size: 234
sample_rate: 0.05, expected_batch_size: 185
sample_rate: 0.05, expected_batch_size: 352
sample_rate: 0.05, expected_batch_size: 147
sample_rate: 0.05, expected_batch_size: 164
sample_rate: 0.05, expected_batch_size: 384
sample_rate: 0.05, expected_batch_size: 128
sample_rate: 0.05, expected_batch_size: 203
sample_rate: 0.05, expected_batch_size: 142
initial privacy cost of all clients:  [0, 0, 0, 0, 0, 0, 0, 0, 0, 0]
Round=0
Round=1
Round=2
Round=3
Round=4
Round=5
Round=6
Round=7
Round=8
Round=9
Round=10
Round=11
Round=12
Round=13
Round=14
current privacy cost of all clients:  [0.3551010340035497, 0.3551010340035497, 0.2795113978095696, 0.33147803195415276, 0.3771637317577487, 0.3551010340035497, 0.3771637317577487, 0.39840072036853996, 0.4188373674937505, 0.30643638543846624]
Round=14, per client global perf=[0.9336, 0.8408, 0.8794, 0.9126, 0.8814, 0.8488, 0.9303, 0.8816, 0.8484, 0.7897], mean perf=18036/20405 (0.8839%)
Round=14, per client personal perf=[0.9435, 0.9341, 0.9015, 0.9433, 0.9314, 0.9138, 0.9218, 0.8931, 0.9048, 0.8494], mean perf=18750/20405 (0.9189%)
Round=14, per client personal pooled=[0.7679, 0.8042, 0.7941, 0.7963, 0.8889, 0.8963, 0.6719, 0.7596, 0.7183, 0.6019], mean perf=157105/204050 (0.7699%)
Mean performance of unidp ditto global,  eps=0.5, Perf=0.8628
Mean performance of unidp ditto personal,  eps=0.5, Perf=0.9217
Mean performance of unidp ditto pooled,  eps=0.5, Perf=0.7731
Finished seed 42
----------------------------------------
=== Running reg_param=1.0 ===
Running seed 42
default_sample_rate: 0.05423728813559322
noise_multiplier :  6.015625
learning rate =  0.01
sample_rate: 0.05, expected_batch_size: 202
sample_rate: 0.05, expected_batch_size: 234
sample_rate: 0.05, expected_batch_size: 185
sample_rate: 0.05, expected_batch_size: 352
sample_rate: 0.05, expected_batch_size: 147
sample_rate: 0.05, expected_batch_size: 164
sample_rate: 0.05, expected_batch_size: 384
sample_rate: 0.05, expected_batch_size: 128
sample_rate: 0.05, expected_batch_size: 203
sample_rate: 0.05, expected_batch_size: 142
initial privacy cost of all clients:  [0, 0, 0, 0, 0, 0, 0, 0, 0, 0]
Round=0
Round=1
Round=2
Round=3
Round=4
Round=5
Round=6
Round=7
Round=8
Round=9
Round=10
Round=11
Round=12
Round=13
Round=14
current privacy cost of all clients:  [0.3551010340035497, 0.3551010340035497, 0.2795113978095696, 0.33147803195415276, 0.3771637317577487, 0.3551010340035497, 0.3771637317577487, 0.39840072036853996, 0.4188373674937505, 0.30643638543846624]
Round=14, per client global perf=[0.9336, 0.8408, 0.8794, 0.9126, 0.8814, 0.8488, 0.9303, 0.8816, 0.8484, 0.7897], mean perf=18036/20405 (0.8839%)
Round=14, per client personal perf=[0.918, 0.8121, 0.8698, 0.9123, 0.7286, 0.8583, 0.8846, 0.8651, 0.9043, 0.8967], mean perf=17791/20405 (0.8719%)
Round=14, per client personal pooled=[0.7447, 0.6848, 0.8364, 0.7778, 0.6349, 0.8285, 0.6876, 0.7185, 0.8729, 0.8481], mean perf=155775/204050 (0.7634%)
Mean performance of unidp ditto global,  eps=0.5, Perf=0.8628
Mean performance of unidp ditto personal,  eps=0.5, Perf=0.8708
Mean performance of unidp ditto pooled,  eps=0.5, Perf=0.7600
Finished seed 42
----------------------------------------
=== Running reg_param=10 ===
Running seed 42
default_sample_rate: 0.05423728813559322
noise_multiplier :  6.015625
learning rate =  0.01
sample_rate: 0.05, expected_batch_size: 202
sample_rate: 0.05, expected_batch_size: 234
sample_rate: 0.05, expected_batch_size: 185
sample_rate: 0.05, expected_batch_size: 352
sample_rate: 0.05, expected_batch_size: 147
sample_rate: 0.05, expected_batch_size: 164
sample_rate: 0.05, expected_batch_size: 384
sample_rate: 0.05, expected_batch_size: 128
sample_rate: 0.05, expected_batch_size: 203
sample_rate: 0.05, expected_batch_size: 142
initial privacy cost of all clients:  [0, 0, 0, 0, 0, 0, 0, 0, 0, 0]
Round=0
Round=1
Round=2
Round=3
Round=4
Round=5
Round=6
Round=7
Round=8
Round=9
Round=10
Round=11
Round=12
Round=13
Round=14
current privacy cost of all clients:  [0.3551010340035497, 0.3551010340035497, 0.2795113978095696, 0.33147803195415276, 0.3771637317577487, 0.3551010340035497, 0.3771637317577487, 0.39840072036853996, 0.4188373674937505, 0.30643638543846624]
Round=14, per client global perf=[0.9336, 0.8408, 0.8794, 0.9126, 0.8814, 0.8488, 0.9303, 0.8816, 0.8484, 0.7897], mean perf=18036/20405 (0.8839%)
Round=14, per client personal perf=[0.93, 0.9004, 0.8318, 0.9317, 0.7793, 0.8411, 0.9016, 0.9211, 0.8251, 0.9203], mean perf=18062/20405 (0.8852%)
Round=14, per client personal pooled=[0.8654, 0.8388, 0.7962, 0.8427, 0.7767, 0.8537, 0.7638, 0.8174, 0.8596, 0.8391], mean perf=168413/204050 (0.8254%)
Mean performance of unidp ditto global,  eps=0.5, Perf=0.8628
Mean performance of unidp ditto personal,  eps=0.5, Perf=0.8857
Mean performance of unidp ditto pooled,  eps=0.5, Perf=0.8052
Finished seed 42
----------------------------------------
=== Running epsilon=1 ===
=== Running reg_param=0 ===
Running seed 42
default_sample_rate: 0.05423728813559322
noise_multiplier :  3.3984375
learning rate =  0.01
sample_rate: 0.05, expected_batch_size: 202
sample_rate: 0.05, expected_batch_size: 234
sample_rate: 0.05, expected_batch_size: 185
sample_rate: 0.05, expected_batch_size: 352
sample_rate: 0.05, expected_batch_size: 147
sample_rate: 0.05, expected_batch_size: 164
sample_rate: 0.05, expected_batch_size: 384
sample_rate: 0.05, expected_batch_size: 128
sample_rate: 0.05, expected_batch_size: 203
sample_rate: 0.05, expected_batch_size: 142
initial privacy cost of all clients:  [0, 0, 0, 0, 0, 0, 0, 0, 0, 0]
Round=0
Round=1
Round=2
Round=3
Round=4
Round=5
Round=6
Round=7
Round=8
Round=9
Round=10
Round=11
Round=12
Round=13
Round=14
current privacy cost of all clients:  [0.7187037798602608, 0.7187037798602608, 0.5698131627082416, 0.6733252849794846, 0.7640822747410368, 0.7187037798602608, 0.7640822747410368, 0.8051624336510912, 0.8450461709598929, 0.6227210916747566]
Round=14, per client global perf=[0.9378, 0.8892, 0.8975, 0.9278, 0.8964, 0.8883, 0.9379, 0.9137, 0.8924, 0.8428], mean perf=18542/20405 (0.9087%)
Round=14, per client personal perf=[0.9554, 0.9561, 0.9298, 0.9532, 0.9593, 0.9311, 0.9615, 0.9671, 0.9596, 0.9675], mean perf=19472/20405 (0.9543%)
Round=14, per client personal pooled=[0.7918, 0.6139, 0.8582, 0.8268, 0.9079, 0.9159, 0.834, 0.7104, 0.8673, 0.719], mean perf=164161/204050 (0.8045%)
Mean performance of unidp ditto global,  eps=1.0, Perf=0.8979
Mean performance of unidp ditto personal,  eps=1.0, Perf=0.9532
Mean performance of unidp ditto pooled,  eps=1.0, Perf=0.7933
Finished seed 42
----------------------------------------
=== Running reg_param=0.001 ===
Running seed 42
default_sample_rate: 0.05423728813559322
noise_multiplier :  3.3984375
learning rate =  0.01
sample_rate: 0.05, expected_batch_size: 202
sample_rate: 0.05, expected_batch_size: 234
sample_rate: 0.05, expected_batch_size: 185
sample_rate: 0.05, expected_batch_size: 352
sample_rate: 0.05, expected_batch_size: 147
sample_rate: 0.05, expected_batch_size: 164
sample_rate: 0.05, expected_batch_size: 384
sample_rate: 0.05, expected_batch_size: 128
sample_rate: 0.05, expected_batch_size: 203
sample_rate: 0.05, expected_batch_size: 142
initial privacy cost of all clients:  [0, 0, 0, 0, 0, 0, 0, 0, 0, 0]
Round=0
Round=1
Round=2
Round=3
Round=4
Round=5
Round=6
Round=7
Round=8
Round=9
Round=10
Round=11
Round=12
Round=13
Round=14
current privacy cost of all clients:  [0.7187037798602608, 0.7187037798602608, 0.5698131627082416, 0.6733252849794846, 0.7640822747410368, 0.7187037798602608, 0.7640822747410368, 0.8051624336510912, 0.8450461709598929, 0.6227210916747566]
Round=14, per client global perf=[0.9378, 0.8892, 0.8975, 0.9278, 0.8964, 0.8883, 0.9379, 0.9137, 0.8924, 0.8428], mean perf=18542/20405 (0.9087%)
Round=14, per client personal perf=[0.9621, 0.9695, 0.9292, 0.9588, 0.9436, 0.9368, 0.9582, 0.9449, 0.9617, 0.972], mean perf=19491/20405 (0.9552%)
Round=14, per client personal pooled=[0.8769, 0.7595, 0.8481, 0.8306, 0.8991, 0.9198, 0.7732, 0.7309, 0.9308, 0.736], mean perf=169463/204050 (0.8305%)
Mean performance of unidp ditto global,  eps=1.0, Perf=0.8979
Mean performance of unidp ditto personal,  eps=1.0, Perf=0.9533
Mean performance of unidp ditto pooled,  eps=1.0, Perf=0.8099
Finished seed 42
----------------------------------------
=== Running reg_param=0.01 ===
Running seed 42
default_sample_rate: 0.05423728813559322
noise_multiplier :  3.3984375
learning rate =  0.01
sample_rate: 0.05, expected_batch_size: 202
sample_rate: 0.05, expected_batch_size: 234
sample_rate: 0.05, expected_batch_size: 185
sample_rate: 0.05, expected_batch_size: 352
sample_rate: 0.05, expected_batch_size: 147
sample_rate: 0.05, expected_batch_size: 164
sample_rate: 0.05, expected_batch_size: 384
sample_rate: 0.05, expected_batch_size: 128
sample_rate: 0.05, expected_batch_size: 203
sample_rate: 0.05, expected_batch_size: 142
initial privacy cost of all clients:  [0, 0, 0, 0, 0, 0, 0, 0, 0, 0]
Round=0
Round=1
Round=2
Round=3
Round=4
Round=5
Round=6
Round=7
Round=8
Round=9
Round=10
Round=11
Round=12
Round=13
Round=14
current privacy cost of all clients:  [0.7187037798602608, 0.7187037798602608, 0.5698131627082416, 0.6733252849794846, 0.7640822747410368, 0.7187037798602608, 0.7640822747410368, 0.8051624336510912, 0.8450461709598929, 0.6227210916747566]
Round=14, per client global perf=[0.9378, 0.8892, 0.8975, 0.9278, 0.8964, 0.8883, 0.9379, 0.9137, 0.8924, 0.8428], mean perf=18542/20405 (0.9087%)
Round=14, per client personal perf=[0.9694, 0.9691, 0.9468, 0.9621, 0.9486, 0.9509, 0.9494, 0.9391, 0.9379, 0.9697], mean perf=19487/20405 (0.9550%)
Round=14, per client personal pooled=[0.8936, 0.7279, 0.8978, 0.867, 0.8647, 0.9337, 0.7428, 0.7052, 0.7746, 0.7439], mean perf=166324/204050 (0.8151%)
Mean performance of unidp ditto global,  eps=1.0, Perf=0.8979
Mean performance of unidp ditto personal,  eps=1.0, Perf=0.9556
Mean performance of unidp ditto pooled,  eps=1.0, Perf=0.8243
Finished seed 42
----------------------------------------
=== Running reg_param=0.1 ===
Running seed 42
default_sample_rate: 0.05423728813559322
noise_multiplier :  3.3984375
learning rate =  0.01
sample_rate: 0.05, expected_batch_size: 202
sample_rate: 0.05, expected_batch_size: 234
sample_rate: 0.05, expected_batch_size: 185
sample_rate: 0.05, expected_batch_size: 352
sample_rate: 0.05, expected_batch_size: 147
sample_rate: 0.05, expected_batch_size: 164
sample_rate: 0.05, expected_batch_size: 384
sample_rate: 0.05, expected_batch_size: 128
sample_rate: 0.05, expected_batch_size: 203
sample_rate: 0.05, expected_batch_size: 142
initial privacy cost of all clients:  [0, 0, 0, 0, 0, 0, 0, 0, 0, 0]
Round=0
Round=1
Round=2
Round=3
Round=4
Round=5
Round=6
Round=7
Round=8
Round=9
Round=10
Round=11
Round=12
Round=13
Round=14
current privacy cost of all clients:  [0.7187037798602608, 0.7187037798602608, 0.5698131627082416, 0.6733252849794846, 0.7640822747410368, 0.7187037798602608, 0.7640822747410368, 0.8051624336510912, 0.8450461709598929, 0.6227210916747566]
Round=14, per client global perf=[0.9378, 0.8892, 0.8975, 0.9278, 0.8964, 0.8883, 0.9379, 0.9137, 0.8924, 0.8428], mean perf=18542/20405 (0.9087%)
Round=14, per client personal perf=[0.9336, 0.8673, 0.9168, 0.9379, 0.9321, 0.889, 0.9453, 0.9071, 0.8319, 0.9196], mean perf=18610/20405 (0.9120%)
Round=14, per client personal pooled=[0.7579, 0.8145, 0.8242, 0.7704, 0.9012, 0.9026, 0.7665, 0.6148, 0.7411, 0.7685], mean perf=160417/204050 (0.7862%)
Mean performance of unidp ditto global,  eps=1.0, Perf=0.8979
Mean performance of unidp ditto personal,  eps=1.0, Perf=0.9235
Mean performance of unidp ditto pooled,  eps=1.0, Perf=0.7908
Finished seed 42
----------------------------------------
=== Running reg_param=1.0 ===
Running seed 42
default_sample_rate: 0.05423728813559322
noise_multiplier :  3.3984375
learning rate =  0.01
sample_rate: 0.05, expected_batch_size: 202
sample_rate: 0.05, expected_batch_size: 234
sample_rate: 0.05, expected_batch_size: 185
sample_rate: 0.05, expected_batch_size: 352
sample_rate: 0.05, expected_batch_size: 147
sample_rate: 0.05, expected_batch_size: 164
sample_rate: 0.05, expected_batch_size: 384
sample_rate: 0.05, expected_batch_size: 128
sample_rate: 0.05, expected_batch_size: 203
sample_rate: 0.05, expected_batch_size: 142
initial privacy cost of all clients:  [0, 0, 0, 0, 0, 0, 0, 0, 0, 0]
Round=0
Round=1
Round=2
Round=3
Round=4
Round=5
Round=6
Round=7
Round=8
Round=9
Round=10
Round=11
Round=12
Round=13
Round=14
current privacy cost of all clients:  [0.7187037798602608, 0.7187037798602608, 0.5698131627082416, 0.6733252849794846, 0.7640822747410368, 0.7187037798602608, 0.7640822747410368, 0.8051624336510912, 0.8450461709598929, 0.6227210916747566]
Round=14, per client global perf=[0.9378, 0.8892, 0.8975, 0.9278, 0.8964, 0.8883, 0.9379, 0.9137, 0.8924, 0.8428], mean perf=18542/20405 (0.9087%)
Round=14, per client personal perf=[0.9248, 0.9099, 0.88, 0.8819, 0.635, 0.7945, 0.9103, 0.8783, 0.8727, 0.9092], mean perf=17773/20405 (0.8710%)
Round=14, per client personal pooled=[0.7601, 0.7511, 0.8272, 0.7709, 0.5755, 0.765, 0.7739, 0.6691, 0.8592, 0.764], mean perf=153363/204050 (0.7516%)
Mean performance of unidp ditto global,  eps=1.0, Perf=0.8979
Mean performance of unidp ditto personal,  eps=1.0, Perf=0.8694
Mean performance of unidp ditto pooled,  eps=1.0, Perf=0.7635
Finished seed 42
----------------------------------------
=== Running reg_param=10 ===
Running seed 42
default_sample_rate: 0.05423728813559322
noise_multiplier :  3.3984375
learning rate =  0.01
sample_rate: 0.05, expected_batch_size: 202
sample_rate: 0.05, expected_batch_size: 234
sample_rate: 0.05, expected_batch_size: 185
sample_rate: 0.05, expected_batch_size: 352
sample_rate: 0.05, expected_batch_size: 147
sample_rate: 0.05, expected_batch_size: 164
sample_rate: 0.05, expected_batch_size: 384
sample_rate: 0.05, expected_batch_size: 128
sample_rate: 0.05, expected_batch_size: 203
sample_rate: 0.05, expected_batch_size: 142
initial privacy cost of all clients:  [0, 0, 0, 0, 0, 0, 0, 0, 0, 0]
Round=0
Round=1
Round=2
Round=3
Round=4
Round=5
Round=6
Round=7
Round=8
Round=9
Round=10
Round=11
Round=12
Round=13
Round=14
current privacy cost of all clients:  [0.7187037798602608, 0.7187037798602608, 0.5698131627082416, 0.6733252849794846, 0.7640822747410368, 0.7187037798602608, 0.7640822747410368, 0.8051624336510912, 0.8450461709598929, 0.6227210916747566]
Round=14, per client global perf=[0.9378, 0.8892, 0.8975, 0.9278, 0.8964, 0.8883, 0.9379, 0.9137, 0.8924, 0.8428], mean perf=18542/20405 (0.9087%)
Round=14, per client personal perf=[0.9481, 0.9224, 0.8918, 0.9436, 0.885, 0.8851, 0.9347, 0.9375, 0.8614, 0.9262], mean perf=18728/20405 (0.9178%)
Round=14, per client personal pooled=[0.8941, 0.818, 0.8866, 0.882, 0.8747, 0.9036, 0.8562, 0.8269, 0.8795, 0.8644], mean perf=177241/204050 (0.8686%)
Mean performance of unidp ditto global,  eps=1.0, Perf=0.8979
Mean performance of unidp ditto personal,  eps=1.0, Perf=0.9177
Mean performance of unidp ditto pooled,  eps=1.0, Perf=0.8599
Finished seed 42
----------------------------------------
=== Running epsilon=8 ===
=== Running reg_param=0 ===
Running seed 42
default_sample_rate: 0.05423728813559322
noise_multiplier :  0.92864990234375
learning rate =  0.01
sample_rate: 0.05, expected_batch_size: 202
sample_rate: 0.05, expected_batch_size: 234
sample_rate: 0.05, expected_batch_size: 185
sample_rate: 0.05, expected_batch_size: 352
sample_rate: 0.05, expected_batch_size: 147
sample_rate: 0.05, expected_batch_size: 164
sample_rate: 0.05, expected_batch_size: 384
sample_rate: 0.05, expected_batch_size: 128
sample_rate: 0.05, expected_batch_size: 203
sample_rate: 0.05, expected_batch_size: 142
initial privacy cost of all clients:  [0, 0, 0, 0, 0, 0, 0, 0, 0, 0]
Round=0
Round=1
Round=2
Round=3
Round=4
Round=5
Round=6
Round=7
Round=8
Round=9
Round=10
Round=11
Round=12
Round=13
Round=14
current privacy cost of all clients:  [5.428718965633604, 5.428718965633604, 4.33011424866432, 5.062517393310509, 5.794920537956698, 5.428718965633604, 5.794920537956698, 6.161122110279792, 6.527323682602886, 4.696315820987414]
Round=14, per client global perf=[0.9704, 0.9287, 0.9434, 0.9597, 0.9421, 0.926, 0.9669, 0.9285, 0.9193, 0.9004], mean perf=19258/20405 (0.9438%)
Round=14, per client personal perf=[0.9554, 0.9561, 0.9298, 0.9532, 0.9593, 0.9311, 0.9615, 0.9671, 0.9596, 0.9675], mean perf=19472/20405 (0.9543%)
Round=14, per client personal pooled=[0.7918, 0.6139, 0.8582, 0.8268, 0.9079, 0.9159, 0.834, 0.7104, 0.8673, 0.719], mean perf=164161/204050 (0.8045%)
Mean performance of unidp ditto global,  eps=8.0, Perf=0.9416
Mean performance of unidp ditto personal,  eps=8.0, Perf=0.9532
Mean performance of unidp ditto pooled,  eps=8.0, Perf=0.7933
Finished seed 42
----------------------------------------
=== Running reg_param=0.001 ===
Running seed 42
default_sample_rate: 0.05423728813559322
noise_multiplier :  0.92864990234375
learning rate =  0.01
sample_rate: 0.05, expected_batch_size: 202
sample_rate: 0.05, expected_batch_size: 234
sample_rate: 0.05, expected_batch_size: 185
sample_rate: 0.05, expected_batch_size: 352
sample_rate: 0.05, expected_batch_size: 147
sample_rate: 0.05, expected_batch_size: 164
sample_rate: 0.05, expected_batch_size: 384
sample_rate: 0.05, expected_batch_size: 128
sample_rate: 0.05, expected_batch_size: 203
sample_rate: 0.05, expected_batch_size: 142
initial privacy cost of all clients:  [0, 0, 0, 0, 0, 0, 0, 0, 0, 0]
Round=0
Round=1
Round=2
Round=3
Round=4
Round=5
Round=6
Round=7
Round=8
Round=9
Round=10
Round=11
Round=12
Round=13
Round=14
current privacy cost of all clients:  [5.428718965633604, 5.428718965633604, 4.33011424866432, 5.062517393310509, 5.794920537956698, 5.428718965633604, 5.794920537956698, 6.161122110279792, 6.527323682602886, 4.696315820987414]
Round=14, per client global perf=[0.9704, 0.9287, 0.9434, 0.9597, 0.9421, 0.926, 0.9669, 0.9285, 0.9193, 0.9004], mean perf=19258/20405 (0.9438%)
Round=14, per client personal perf=[0.9627, 0.9709, 0.9439, 0.9672, 0.9493, 0.9387, 0.9669, 0.9655, 0.9581, 0.9653], mean perf=19601/20405 (0.9606%)
Round=14, per client personal pooled=[0.8458, 0.7755, 0.8755, 0.8418, 0.9256, 0.9416, 0.8201, 0.7474, 0.9156, 0.7078], mean perf=171335/204050 (0.8397%)
Mean performance of unidp ditto global,  eps=8.0, Perf=0.9416
Mean performance of unidp ditto personal,  eps=8.0, Perf=0.9588
Mean performance of unidp ditto pooled,  eps=8.0, Perf=0.8202
Finished seed 42
----------------------------------------
=== Running reg_param=0.01 ===
Running seed 42
default_sample_rate: 0.05423728813559322
noise_multiplier :  0.92864990234375
learning rate =  0.01
sample_rate: 0.05, expected_batch_size: 202
sample_rate: 0.05, expected_batch_size: 234
sample_rate: 0.05, expected_batch_size: 185
sample_rate: 0.05, expected_batch_size: 352
sample_rate: 0.05, expected_batch_size: 147
sample_rate: 0.05, expected_batch_size: 164
sample_rate: 0.05, expected_batch_size: 384
sample_rate: 0.05, expected_batch_size: 128
sample_rate: 0.05, expected_batch_size: 203
sample_rate: 0.05, expected_batch_size: 142
initial privacy cost of all clients:  [0, 0, 0, 0, 0, 0, 0, 0, 0, 0]
Round=0
Round=1
Round=2
Round=3
Round=4
Round=5
Round=6
Round=7
Round=8
Round=9
Round=10
Round=11
Round=12
Round=13
Round=14
current privacy cost of all clients:  [5.428718965633604, 5.428718965633604, 4.33011424866432, 5.062517393310509, 5.794920537956698, 5.428718965633604, 5.794920537956698, 6.161122110279792, 6.527323682602886, 4.696315820987414]
Round=14, per client global perf=[0.9704, 0.9287, 0.9434, 0.9597, 0.9421, 0.926, 0.9669, 0.9285, 0.9193, 0.9004], mean perf=19258/20405 (0.9438%)
Round=14, per client personal perf=[0.9627, 0.9655, 0.9411, 0.9487, 0.9479, 0.9438, 0.965, 0.9655, 0.9581, 0.9535], mean perf=19505/20405 (0.9559%)
Round=14, per client personal pooled=[0.8877, 0.7214, 0.9087, 0.8977, 0.885, 0.9301, 0.7988, 0.7469, 0.8887, 0.7486], mean perf=171678/204050 (0.8414%)
Mean performance of unidp ditto global,  eps=8.0, Perf=0.9416
Mean performance of unidp ditto personal,  eps=8.0, Perf=0.9562
Mean performance of unidp ditto pooled,  eps=8.0, Perf=0.8376
Finished seed 42
----------------------------------------
=== Running reg_param=0.1 ===
Running seed 42
default_sample_rate: 0.05423728813559322
noise_multiplier :  0.92864990234375
learning rate =  0.01
sample_rate: 0.05, expected_batch_size: 202
sample_rate: 0.05, expected_batch_size: 234
sample_rate: 0.05, expected_batch_size: 185
sample_rate: 0.05, expected_batch_size: 352
sample_rate: 0.05, expected_batch_size: 147
sample_rate: 0.05, expected_batch_size: 164
sample_rate: 0.05, expected_batch_size: 384
sample_rate: 0.05, expected_batch_size: 128
sample_rate: 0.05, expected_batch_size: 203
sample_rate: 0.05, expected_batch_size: 142
initial privacy cost of all clients:  [0, 0, 0, 0, 0, 0, 0, 0, 0, 0]
Round=0
Round=1
Round=2
Round=3
Round=4
Round=5
Round=6
Round=7
Round=8
Round=9
Round=10
Round=11
Round=12
Round=13
Round=14
current privacy cost of all clients:  [5.428718965633604, 5.428718965633604, 4.33011424866432, 5.062517393310509, 5.794920537956698, 5.428718965633604, 5.794920537956698, 6.161122110279792, 6.527323682602886, 4.696315820987414]
Round=14, per client global perf=[0.9704, 0.9287, 0.9434, 0.9597, 0.9421, 0.926, 0.9669, 0.9285, 0.9193, 0.9004], mean perf=19258/20405 (0.9438%)
Round=14, per client personal perf=[0.9429, 0.9484, 0.8998, 0.9582, 0.9286, 0.9394, 0.9533, 0.8865, 0.9079, 0.9557], mean perf=19121/20405 (0.9371%)
Round=14, per client personal pooled=[0.8209, 0.7396, 0.8225, 0.8636, 0.9151, 0.9147, 0.7697, 0.7879, 0.9069, 0.8108], mean perf=170416/204050 (0.8352%)
Mean performance of unidp ditto global,  eps=8.0, Perf=0.9416
Mean performance of unidp ditto personal,  eps=8.0, Perf=0.9412
Mean performance of unidp ditto pooled,  eps=8.0, Perf=0.8430
Finished seed 42
----------------------------------------
=== Running reg_param=1.0 ===
Running seed 42
default_sample_rate: 0.05423728813559322
noise_multiplier :  0.92864990234375
learning rate =  0.01
sample_rate: 0.05, expected_batch_size: 202
sample_rate: 0.05, expected_batch_size: 234
sample_rate: 0.05, expected_batch_size: 185
sample_rate: 0.05, expected_batch_size: 352
sample_rate: 0.05, expected_batch_size: 147
sample_rate: 0.05, expected_batch_size: 164
sample_rate: 0.05, expected_batch_size: 384
sample_rate: 0.05, expected_batch_size: 128
sample_rate: 0.05, expected_batch_size: 203
sample_rate: 0.05, expected_batch_size: 142
initial privacy cost of all clients:  [0, 0, 0, 0, 0, 0, 0, 0, 0, 0]
Round=0
Round=1
Round=2
Round=3
Round=4
Round=5
Round=6
Round=7
Round=8
Round=9
Round=10
Round=11
Round=12
Round=13
Round=14
current privacy cost of all clients:  [5.428718965633604, 5.428718965633604, 4.33011424866432, 5.062517393310509, 5.794920537956698, 5.428718965633604, 5.794920537956698, 6.161122110279792, 6.527323682602886, 4.696315820987414]
Round=14, per client global perf=[0.9704, 0.9287, 0.9434, 0.9597, 0.9421, 0.926, 0.9669, 0.9285, 0.9193, 0.9004], mean perf=19258/20405 (0.9438%)
Round=14, per client personal perf=[0.9367, 0.9372, 0.9315, 0.9439, 0.9021, 0.9209, 0.9587, 0.9153, 0.8769, 0.9528], mean perf=19017/20405 (0.9320%)
Round=14, per client personal pooled=[0.8074, 0.8815, 0.8704, 0.8965, 0.8645, 0.9201, 0.8653, 0.8362, 0.7928, 0.9071], mean perf=176336/204050 (0.8642%)
Mean performance of unidp ditto global,  eps=8.0, Perf=0.9416
Mean performance of unidp ditto personal,  eps=8.0, Perf=0.9321
Mean performance of unidp ditto pooled,  eps=8.0, Perf=0.8601
Finished seed 42
----------------------------------------
=== Running reg_param=10 ===
Running seed 42
default_sample_rate: 0.05423728813559322
noise_multiplier :  0.92864990234375
learning rate =  0.01
sample_rate: 0.05, expected_batch_size: 202
sample_rate: 0.05, expected_batch_size: 234
sample_rate: 0.05, expected_batch_size: 185
sample_rate: 0.05, expected_batch_size: 352
sample_rate: 0.05, expected_batch_size: 147
sample_rate: 0.05, expected_batch_size: 164
sample_rate: 0.05, expected_batch_size: 384
sample_rate: 0.05, expected_batch_size: 128
sample_rate: 0.05, expected_batch_size: 203
sample_rate: 0.05, expected_batch_size: 142
initial privacy cost of all clients:  [0, 0, 0, 0, 0, 0, 0, 0, 0, 0]
Round=0
Round=1
Round=2
Round=3
Round=4
Round=5
Round=6
Round=7
Round=8
Round=9
Round=10
Round=11
Round=12
Round=13
Round=14
current privacy cost of all clients:  [5.428718965633604, 5.428718965633604, 4.33011424866432, 5.062517393310509, 5.794920537956698, 5.428718965633604, 5.794920537956698, 6.161122110279792, 6.527323682602886, 4.696315820987414]
Round=14, per client global perf=[0.9704, 0.9287, 0.9434, 0.9597, 0.9421, 0.926, 0.9669, 0.9285, 0.9193, 0.9004], mean perf=19258/20405 (0.9438%)
Round=14, per client personal perf=[0.9616, 0.9511, 0.9541, 0.9663, 0.9371, 0.9387, 0.9677, 0.9638, 0.9208, 0.9601], mean perf=19475/20405 (0.9544%)
Round=14, per client personal pooled=[0.938, 0.9256, 0.9409, 0.9149, 0.9312, 0.9359, 0.9112, 0.9313, 0.9268, 0.9298], mean perf=189472/204050 (0.9286%)
Mean performance of unidp ditto global,  eps=8.0, Perf=0.9416
Mean performance of unidp ditto personal,  eps=8.0, Perf=0.9510
Mean performance of unidp ditto pooled,  eps=8.0, Perf=0.9256
Finished seed 42
----------------------------------------
