PARAMS: dataset=fashion_mnist, gpu=0, data_type=iid_10, num_steps=15
=== Running epsilon=4 ===
=== Running reg_param=0 ===
Running seed 42
default_sample_rate: 0.03232323232323232
noise_multiplier :  0.93994140625
learning rate =  0.001
sample_rate: 0.03, expected_batch_size: 128
sample_rate: 0.03, expected_batch_size: 128
sample_rate: 0.03, expected_batch_size: 128
sample_rate: 0.03, expected_batch_size: 128
sample_rate: 0.03, expected_batch_size: 128
sample_rate: 0.03, expected_batch_size: 128
sample_rate: 0.03, expected_batch_size: 128
sample_rate: 0.03, expected_batch_size: 128
sample_rate: 0.03, expected_batch_size: 128
sample_rate: 0.03, expected_batch_size: 128
initial privacy cost of all clients:  [0, 0, 0, 0, 0, 0, 0, 0, 0, 0]
Round=0
Round=1
Round=2
Round=3
Round=4
Round=5
Round=6
Round=7
Round=8
Round=9
Round=10
Round=11
Round=12
Round=13
Round=14
current privacy cost of all clients:  [2.9136136495948044, 2.9136136495948044, 2.4033103685601156, 2.743512555916575, 3.083714743273034, 2.9136136495948044, 3.083714743273034, 3.2538158369512633, 3.4239169306294928, 2.573411462238345]
Round=14, per client global perf=[0.7113, 0.7152, 0.7142, 0.7029, 0.6922, 0.7078, 0.7142, 0.6887, 0.698, 0.7039], mean perf=14379/20400 (0.7049%)
Round=14, per client personal perf=[0.752, 0.749, 0.7039, 0.723, 0.7559, 0.7588, 0.7775, 0.7407, 0.7382, 0.7475], mean perf=15191/20400 (0.7447%)
Round=14, per client personal pooled=[0.7426, 0.7555, 0.6949, 0.7255, 0.7617, 0.7592, 0.7675, 0.75, 0.7511, 0.7449], mean perf=152038/204000 (0.7453%)
Mean performance of unidp ditto global,  eps=4.0, Perf=0.6980
Mean performance of unidp ditto personal,  eps=4.0, Perf=0.7399
Mean performance of unidp ditto pooled,  eps=4.0, Perf=0.7401
Finished seed 42
----------------------------------------
=== Running reg_param=0.001 ===
Running seed 42
default_sample_rate: 0.03232323232323232
noise_multiplier :  0.93994140625
learning rate =  0.001
sample_rate: 0.03, expected_batch_size: 128
sample_rate: 0.03, expected_batch_size: 128
sample_rate: 0.03, expected_batch_size: 128
sample_rate: 0.03, expected_batch_size: 128
sample_rate: 0.03, expected_batch_size: 128
sample_rate: 0.03, expected_batch_size: 128
sample_rate: 0.03, expected_batch_size: 128
sample_rate: 0.03, expected_batch_size: 128
sample_rate: 0.03, expected_batch_size: 128
sample_rate: 0.03, expected_batch_size: 128
initial privacy cost of all clients:  [0, 0, 0, 0, 0, 0, 0, 0, 0, 0]
Round=0
Round=1
Round=2
Round=3
Round=4
Round=5
Round=6
Round=7
Round=8
Round=9
Round=10
Round=11
Round=12
Round=13
Round=14
current privacy cost of all clients:  [2.9136136495948044, 2.9136136495948044, 2.4033103685601156, 2.743512555916575, 3.083714743273034, 2.9136136495948044, 3.083714743273034, 3.2538158369512633, 3.4239169306294928, 2.573411462238345]
Round=14, per client global perf=[0.7113, 0.7152, 0.7142, 0.7029, 0.6922, 0.7078, 0.7142, 0.6887, 0.698, 0.7039], mean perf=14379/20400 (0.7049%)
Round=14, per client personal perf=[0.7603, 0.748, 0.7172, 0.7373, 0.7559, 0.7657, 0.777, 0.7402, 0.7279, 0.7485], mean perf=15255/20400 (0.7478%)
Round=14, per client personal pooled=[0.7481, 0.7537, 0.71, 0.7372, 0.7613, 0.7599, 0.7673, 0.7459, 0.7405, 0.7461], mean perf=152387/204000 (0.7470%)
Mean performance of unidp ditto global,  eps=4.0, Perf=0.6980
Mean performance of unidp ditto personal,  eps=4.0, Perf=0.7446
Mean performance of unidp ditto pooled,  eps=4.0, Perf=0.7432
Finished seed 42
----------------------------------------
=== Running reg_param=0.01 ===
Running seed 42
default_sample_rate: 0.03232323232323232
noise_multiplier :  0.93994140625
learning rate =  0.001
sample_rate: 0.03, expected_batch_size: 128
sample_rate: 0.03, expected_batch_size: 128
sample_rate: 0.03, expected_batch_size: 128
sample_rate: 0.03, expected_batch_size: 128
sample_rate: 0.03, expected_batch_size: 128
sample_rate: 0.03, expected_batch_size: 128
sample_rate: 0.03, expected_batch_size: 128
sample_rate: 0.03, expected_batch_size: 128
sample_rate: 0.03, expected_batch_size: 128
sample_rate: 0.03, expected_batch_size: 128
initial privacy cost of all clients:  [0, 0, 0, 0, 0, 0, 0, 0, 0, 0]
Round=0
Round=1
Round=2
Round=3
Round=4
Round=5
Round=6
Round=7
Round=8
Round=9
Round=10
Round=11
Round=12
Round=13
Round=14
current privacy cost of all clients:  [2.9136136495948044, 2.9136136495948044, 2.4033103685601156, 2.743512555916575, 3.083714743273034, 2.9136136495948044, 3.083714743273034, 3.2538158369512633, 3.4239169306294928, 2.573411462238345]
Round=14, per client global perf=[0.7113, 0.7152, 0.7142, 0.7029, 0.6922, 0.7078, 0.7142, 0.6887, 0.698, 0.7039], mean perf=14379/20400 (0.7049%)
Round=14, per client personal perf=[0.749, 0.7373, 0.7431, 0.726, 0.7505, 0.7623, 0.775, 0.7471, 0.7471, 0.748], mean perf=15270/20400 (0.7485%)
Round=14, per client personal pooled=[0.7392, 0.7482, 0.7327, 0.7284, 0.7619, 0.765, 0.7669, 0.7493, 0.755, 0.7446], mean perf=152820/204000 (0.7491%)
Mean performance of unidp ditto global,  eps=4.0, Perf=0.6980
Mean performance of unidp ditto personal,  eps=4.0, Perf=0.7463
Mean performance of unidp ditto pooled,  eps=4.0, Perf=0.7448
Finished seed 42
----------------------------------------
=== Running reg_param=0.1 ===
Running seed 42
default_sample_rate: 0.03232323232323232
noise_multiplier :  0.93994140625
learning rate =  0.001
sample_rate: 0.03, expected_batch_size: 128
sample_rate: 0.03, expected_batch_size: 128
sample_rate: 0.03, expected_batch_size: 128
sample_rate: 0.03, expected_batch_size: 128
sample_rate: 0.03, expected_batch_size: 128
sample_rate: 0.03, expected_batch_size: 128
sample_rate: 0.03, expected_batch_size: 128
sample_rate: 0.03, expected_batch_size: 128
sample_rate: 0.03, expected_batch_size: 128
sample_rate: 0.03, expected_batch_size: 128
initial privacy cost of all clients:  [0, 0, 0, 0, 0, 0, 0, 0, 0, 0]
Round=0
Round=1
Round=2
Round=3
Round=4
Round=5
Round=6
Round=7
Round=8
Round=9
Round=10
Round=11
Round=12
Round=13
Round=14
current privacy cost of all clients:  [2.9136136495948044, 2.9136136495948044, 2.4033103685601156, 2.743512555916575, 3.083714743273034, 2.9136136495948044, 3.083714743273034, 3.2538158369512633, 3.4239169306294928, 2.573411462238345]
Round=14, per client global perf=[0.7113, 0.7152, 0.7142, 0.7029, 0.6922, 0.7078, 0.7142, 0.6887, 0.698, 0.7039], mean perf=14379/20400 (0.7049%)
Round=14, per client personal perf=[0.7441, 0.7235, 0.725, 0.7221, 0.7137, 0.7475, 0.7642, 0.724, 0.7289, 0.7387], mean perf=14957/20400 (0.7332%)
Round=14, per client personal pooled=[0.7368, 0.7317, 0.7147, 0.7221, 0.7246, 0.7445, 0.7525, 0.7319, 0.7405, 0.739], mean perf=149701/204000 (0.7338%)
Mean performance of unidp ditto global,  eps=4.0, Perf=0.6980
Mean performance of unidp ditto personal,  eps=4.0, Perf=0.7311
Mean performance of unidp ditto pooled,  eps=4.0, Perf=0.7307
Finished seed 42
----------------------------------------
=== Running reg_param=1.0 ===
Running seed 42
default_sample_rate: 0.03232323232323232
noise_multiplier :  0.93994140625
learning rate =  0.001
sample_rate: 0.03, expected_batch_size: 128
sample_rate: 0.03, expected_batch_size: 128
sample_rate: 0.03, expected_batch_size: 128
sample_rate: 0.03, expected_batch_size: 128
sample_rate: 0.03, expected_batch_size: 128
sample_rate: 0.03, expected_batch_size: 128
sample_rate: 0.03, expected_batch_size: 128
sample_rate: 0.03, expected_batch_size: 128
sample_rate: 0.03, expected_batch_size: 128
sample_rate: 0.03, expected_batch_size: 128
initial privacy cost of all clients:  [0, 0, 0, 0, 0, 0, 0, 0, 0, 0]
Round=0
Round=1
Round=2
Round=3
Round=4
Round=5
Round=6
Round=7
Round=8
Round=9
Round=10
Round=11
Round=12
Round=13
Round=14
current privacy cost of all clients:  [2.9136136495948044, 2.9136136495948044, 2.4033103685601156, 2.743512555916575, 3.083714743273034, 2.9136136495948044, 3.083714743273034, 3.2538158369512633, 3.4239169306294928, 2.573411462238345]
Round=14, per client global perf=[0.7113, 0.7152, 0.7142, 0.7029, 0.6922, 0.7078, 0.7142, 0.6887, 0.698, 0.7039], mean perf=14379/20400 (0.7049%)
Round=14, per client personal perf=[0.7137, 0.7044, 0.7265, 0.6917, 0.702, 0.7152, 0.7299, 0.6819, 0.7039, 0.7157], mean perf=14453/20400 (0.7085%)
Round=14, per client personal pooled=[0.7075, 0.7025, 0.7023, 0.6882, 0.7121, 0.7155, 0.7227, 0.7003, 0.7137, 0.7136], mean perf=144400/204000 (0.7078%)
Mean performance of unidp ditto global,  eps=4.0, Perf=0.6980
Mean performance of unidp ditto personal,  eps=4.0, Perf=0.7037
Mean performance of unidp ditto pooled,  eps=4.0, Perf=0.7036
Finished seed 42
----------------------------------------
=== Running reg_param=10 ===
Running seed 42
default_sample_rate: 0.03232323232323232
noise_multiplier :  0.93994140625
learning rate =  0.001
sample_rate: 0.03, expected_batch_size: 128
sample_rate: 0.03, expected_batch_size: 128
sample_rate: 0.03, expected_batch_size: 128
sample_rate: 0.03, expected_batch_size: 128
sample_rate: 0.03, expected_batch_size: 128
sample_rate: 0.03, expected_batch_size: 128
sample_rate: 0.03, expected_batch_size: 128
sample_rate: 0.03, expected_batch_size: 128
sample_rate: 0.03, expected_batch_size: 128
sample_rate: 0.03, expected_batch_size: 128
initial privacy cost of all clients:  [0, 0, 0, 0, 0, 0, 0, 0, 0, 0]
Round=0
Round=1
Round=2
Round=3
Round=4
Round=5
Round=6
Round=7
Round=8
Round=9
Round=10
Round=11
Round=12
Round=13
Round=14
current privacy cost of all clients:  [2.9136136495948044, 2.9136136495948044, 2.4033103685601156, 2.743512555916575, 3.083714743273034, 2.9136136495948044, 3.083714743273034, 3.2538158369512633, 3.4239169306294928, 2.573411462238345]
Round=14, per client global perf=[0.7113, 0.7152, 0.7142, 0.7029, 0.6922, 0.7078, 0.7142, 0.6887, 0.698, 0.7039], mean perf=14379/20400 (0.7049%)
Round=14, per client personal perf=[0.6848, 0.7005, 0.7064, 0.6853, 0.6922, 0.7015, 0.7201, 0.673, 0.6961, 0.7113], mean perf=14221/20400 (0.6971%)
Round=14, per client personal pooled=[0.6874, 0.7015, 0.6986, 0.6872, 0.6985, 0.703, 0.7144, 0.6873, 0.7028, 0.714], mean perf=142691/204000 (0.6995%)
Mean performance of unidp ditto global,  eps=4.0, Perf=0.6980
Mean performance of unidp ditto personal,  eps=4.0, Perf=0.6920
Mean performance of unidp ditto pooled,  eps=4.0, Perf=0.6932
Finished seed 42
----------------------------------------
