PARAMS: dataset=mnist, gpu=0, data_type=niid_10_5, num_steps=15
=== Running epsilon=0.1 ===
=== Running reg_param=0 ===
Running seed 42
default_sample_rate: 0.03737226277372263
noise_multiplier :  16.25
learning rate =  0.01
sample_rate: 0.04, expected_batch_size: 147
sample_rate: 0.04, expected_batch_size: 147
sample_rate: 0.04, expected_batch_size: 147
sample_rate: 0.04, expected_batch_size: 147
sample_rate: 0.04, expected_batch_size: 147
sample_rate: 0.04, expected_batch_size: 147
sample_rate: 0.04, expected_batch_size: 143
sample_rate: 0.04, expected_batch_size: 147
sample_rate: 0.04, expected_batch_size: 144
sample_rate: 0.04, expected_batch_size: 128
initial privacy cost of all clients:  [0, 0, 0, 0, 0, 0, 0, 0, 0, 0]
Round=0
Round=1
Round=2
Round=3
Round=4
Round=5
Round=6
Round=7
Round=8
Round=9
Round=10
Round=11
Round=12
Round=13
Round=14
current privacy cost of all clients:  [0.0666000428185364, 0.0666000428185364, 0.051216574946498276, 0.06182985592672452, 0.07121998763743889, 0.0666000428185364, 0.07121998763743889, 0.07551541914128848, 0.07970499485135578, 0.056699536148299576]
Round=14, per client global perf=[0.5686, 0.5691, 0.5211, 0.474, 0.7961, 0.6922, 0.6658, 0.5196, 0.5388, 0.5592], mean perf=11823/20014 (0.5907%)
Round=14, per client personal perf=[0.9755, 0.9676, 0.9632, 0.974, 0.9814, 0.9804, 0.9691, 0.9828, 0.9399, 0.8374], mean perf=19189/20014 (0.9588%)
Round=14, per client personal pooled=[0.4662, 0.4784, 0.4892, 0.4887, 0.4855, 0.4859, 0.4889, 0.4787, 0.4727, 0.372], mean perf=94188/200140 (0.4706%)
Mean performance of unidp ditto global,  eps=0.1, Perf=0.5190
Mean performance of unidp ditto personal,  eps=0.1, Perf=0.9596
Mean performance of unidp ditto pooled,  eps=0.1, Perf=0.4719
Finished seed 42
----------------------------------------
=== Running reg_param=0.001 ===
Running seed 42
default_sample_rate: 0.03737226277372263
noise_multiplier :  16.25
learning rate =  0.01
sample_rate: 0.04, expected_batch_size: 147
sample_rate: 0.04, expected_batch_size: 147
sample_rate: 0.04, expected_batch_size: 147
sample_rate: 0.04, expected_batch_size: 147
sample_rate: 0.04, expected_batch_size: 147
sample_rate: 0.04, expected_batch_size: 147
sample_rate: 0.04, expected_batch_size: 143
sample_rate: 0.04, expected_batch_size: 147
sample_rate: 0.04, expected_batch_size: 144
sample_rate: 0.04, expected_batch_size: 128
initial privacy cost of all clients:  [0, 0, 0, 0, 0, 0, 0, 0, 0, 0]
Round=0
Round=1
Round=2
Round=3
Round=4
Round=5
Round=6
Round=7
Round=8
Round=9
Round=10
Round=11
Round=12
Round=13
Round=14
current privacy cost of all clients:  [0.0666000428185364, 0.0666000428185364, 0.051216574946498276, 0.06182985592672452, 0.07121998763743889, 0.0666000428185364, 0.07121998763743889, 0.07551541914128848, 0.07970499485135578, 0.056699536148299576]
Round=14, per client global perf=[0.5686, 0.5691, 0.5211, 0.474, 0.7961, 0.6922, 0.6658, 0.5196, 0.5388, 0.5592], mean perf=11823/20014 (0.5907%)
Round=14, per client personal perf=[0.976, 0.9676, 0.9627, 0.9627, 0.9716, 0.9814, 0.9736, 0.9784, 0.9409, 0.8459], mean perf=19165/20014 (0.9576%)
Round=14, per client personal pooled=[0.4677, 0.4788, 0.4878, 0.4818, 0.4819, 0.4863, 0.4914, 0.4771, 0.472, 0.3563], mean perf=93688/200140 (0.4681%)
Mean performance of unidp ditto global,  eps=0.1, Perf=0.5190
Mean performance of unidp ditto personal,  eps=0.1, Perf=0.9581
Mean performance of unidp ditto pooled,  eps=0.1, Perf=0.4691
Finished seed 42
----------------------------------------
=== Running reg_param=0.01 ===
Running seed 42
default_sample_rate: 0.03737226277372263
noise_multiplier :  16.25
learning rate =  0.01
sample_rate: 0.04, expected_batch_size: 147
sample_rate: 0.04, expected_batch_size: 147
sample_rate: 0.04, expected_batch_size: 147
sample_rate: 0.04, expected_batch_size: 147
sample_rate: 0.04, expected_batch_size: 147
sample_rate: 0.04, expected_batch_size: 147
sample_rate: 0.04, expected_batch_size: 143
sample_rate: 0.04, expected_batch_size: 147
sample_rate: 0.04, expected_batch_size: 144
sample_rate: 0.04, expected_batch_size: 128
initial privacy cost of all clients:  [0, 0, 0, 0, 0, 0, 0, 0, 0, 0]
Round=0
Round=1
Round=2
Round=3
Round=4
Round=5
Round=6
Round=7
Round=8
Round=9
Round=10
Round=11
Round=12
Round=13
Round=14
current privacy cost of all clients:  [0.0666000428185364, 0.0666000428185364, 0.051216574946498276, 0.06182985592672452, 0.07121998763743889, 0.0666000428185364, 0.07121998763743889, 0.07551541914128848, 0.07970499485135578, 0.056699536148299576]
Round=14, per client global perf=[0.5686, 0.5691, 0.5211, 0.474, 0.7961, 0.6922, 0.6658, 0.5196, 0.5388, 0.5592], mean perf=11823/20014 (0.5907%)
Round=14, per client personal perf=[0.9819, 0.9618, 0.9578, 0.976, 0.9882, 0.9799, 0.9625, 0.974, 0.9354, 0.8538], mean perf=19185/20014 (0.9586%)
Round=14, per client personal pooled=[0.4674, 0.4724, 0.4867, 0.4911, 0.4903, 0.4849, 0.4868, 0.4752, 0.4711, 0.3682], mean perf=93947/200140 (0.4694%)
Mean performance of unidp ditto global,  eps=0.1, Perf=0.5190
Mean performance of unidp ditto personal,  eps=0.1, Perf=0.9572
Mean performance of unidp ditto pooled,  eps=0.1, Perf=0.4681
Finished seed 42
----------------------------------------
=== Running reg_param=0.1 ===
Running seed 42
default_sample_rate: 0.03737226277372263
noise_multiplier :  16.25
learning rate =  0.01
sample_rate: 0.04, expected_batch_size: 147
sample_rate: 0.04, expected_batch_size: 147
sample_rate: 0.04, expected_batch_size: 147
sample_rate: 0.04, expected_batch_size: 147
sample_rate: 0.04, expected_batch_size: 147
sample_rate: 0.04, expected_batch_size: 147
sample_rate: 0.04, expected_batch_size: 143
sample_rate: 0.04, expected_batch_size: 147
sample_rate: 0.04, expected_batch_size: 144
sample_rate: 0.04, expected_batch_size: 128
initial privacy cost of all clients:  [0, 0, 0, 0, 0, 0, 0, 0, 0, 0]
Round=0
Round=1
Round=2
Round=3
Round=4
Round=5
Round=6
Round=7
Round=8
Round=9
Round=10
Round=11
Round=12
Round=13
Round=14
current privacy cost of all clients:  [0.0666000428185364, 0.0666000428185364, 0.051216574946498276, 0.06182985592672452, 0.07121998763743889, 0.0666000428185364, 0.07121998763743889, 0.07551541914128848, 0.07970499485135578, 0.056699536148299576]
Round=14, per client global perf=[0.5686, 0.5691, 0.5211, 0.474, 0.7961, 0.6922, 0.6658, 0.5196, 0.5388, 0.5592], mean perf=11823/20014 (0.5907%)
Round=14, per client personal perf=[0.9363, 0.9294, 0.9069, 0.95, 0.9324, 0.9505, 0.9255, 0.9475, 0.9234, 0.8618], mean perf=18558/20014 (0.9273%)
Round=14, per client personal pooled=[0.4794, 0.4533, 0.4654, 0.4756, 0.463, 0.4702, 0.4914, 0.4881, 0.4639, 0.3871], mean perf=92814/200140 (0.4637%)
Mean performance of unidp ditto global,  eps=0.1, Perf=0.5190
Mean performance of unidp ditto personal,  eps=0.1, Perf=0.9214
Mean performance of unidp ditto pooled,  eps=0.1, Perf=0.4560
Finished seed 42
----------------------------------------
=== Running reg_param=1.0 ===
Running seed 42
default_sample_rate: 0.03737226277372263
noise_multiplier :  16.25
learning rate =  0.01
sample_rate: 0.04, expected_batch_size: 147
sample_rate: 0.04, expected_batch_size: 147
sample_rate: 0.04, expected_batch_size: 147
sample_rate: 0.04, expected_batch_size: 147
sample_rate: 0.04, expected_batch_size: 147
sample_rate: 0.04, expected_batch_size: 147
sample_rate: 0.04, expected_batch_size: 143
sample_rate: 0.04, expected_batch_size: 147
sample_rate: 0.04, expected_batch_size: 144
sample_rate: 0.04, expected_batch_size: 128
initial privacy cost of all clients:  [0, 0, 0, 0, 0, 0, 0, 0, 0, 0]
Round=0
Round=1
Round=2
Round=3
Round=4
Round=5
Round=6
Round=7
Round=8
Round=9
Round=10
Round=11
Round=12
Round=13
Round=14
current privacy cost of all clients:  [0.0666000428185364, 0.0666000428185364, 0.051216574946498276, 0.06182985592672452, 0.07121998763743889, 0.0666000428185364, 0.07121998763743889, 0.07551541914128848, 0.07970499485135578, 0.056699536148299576]
Round=14, per client global perf=[0.5686, 0.5691, 0.5211, 0.474, 0.7961, 0.6922, 0.6658, 0.5196, 0.5388, 0.5592], mean perf=11823/20014 (0.5907%)
Round=14, per client personal perf=[0.8608, 0.7946, 0.8642, 0.8397, 0.9275, 0.8819, 0.8834, 0.8387, 0.8768, 0.7224], mean perf=17023/20014 (0.8506%)
Round=14, per client personal pooled=[0.5241, 0.4371, 0.4804, 0.4228, 0.5242, 0.5008, 0.4695, 0.4843, 0.4655, 0.3956], mean perf=94151/200140 (0.4704%)
Mean performance of unidp ditto global,  eps=0.1, Perf=0.5190
Mean performance of unidp ditto personal,  eps=0.1, Perf=0.8322
Mean performance of unidp ditto pooled,  eps=0.1, Perf=0.4446
Finished seed 42
----------------------------------------
=== Running reg_param=10 ===
Running seed 42
default_sample_rate: 0.03737226277372263
noise_multiplier :  16.25
learning rate =  0.01
sample_rate: 0.04, expected_batch_size: 147
sample_rate: 0.04, expected_batch_size: 147
sample_rate: 0.04, expected_batch_size: 147
sample_rate: 0.04, expected_batch_size: 147
sample_rate: 0.04, expected_batch_size: 147
sample_rate: 0.04, expected_batch_size: 147
sample_rate: 0.04, expected_batch_size: 143
sample_rate: 0.04, expected_batch_size: 147
sample_rate: 0.04, expected_batch_size: 144
sample_rate: 0.04, expected_batch_size: 128
initial privacy cost of all clients:  [0, 0, 0, 0, 0, 0, 0, 0, 0, 0]
Round=0
Round=1
Round=2
Round=3
Round=4
Round=5
Round=6
Round=7
Round=8
Round=9
Round=10
Round=11
Round=12
Round=13
Round=14
current privacy cost of all clients:  [0.0666000428185364, 0.0666000428185364, 0.051216574946498276, 0.06182985592672452, 0.07121998763743889, 0.0666000428185364, 0.07121998763743889, 0.07551541914128848, 0.07970499485135578, 0.056699536148299576]
Round=14, per client global perf=[0.5686, 0.5691, 0.5211, 0.474, 0.7961, 0.6922, 0.6658, 0.5196, 0.5388, 0.5592], mean perf=11823/20014 (0.5907%)
Round=14, per client personal perf=[0.6657, 0.625, 0.7554, 0.648, 0.8324, 0.7828, 0.8174, 0.7721, 0.8338, 0.6561], mean perf=14801/20014 (0.7395%)
Round=14, per client personal pooled=[0.4305, 0.4206, 0.4189, 0.4474, 0.5025, 0.405, 0.4858, 0.4563, 0.5023, 0.393], mean perf=89308/200140 (0.4462%)
Mean performance of unidp ditto global,  eps=0.1, Perf=0.5190
Mean performance of unidp ditto personal,  eps=0.1, Perf=0.7170
Mean performance of unidp ditto pooled,  eps=0.1, Perf=0.4142
Finished seed 42
----------------------------------------
=== Running epsilon=0.5 ===
=== Running reg_param=0 ===
Running seed 42
default_sample_rate: 0.03737226277372263
noise_multiplier :  4.1796875
learning rate =  0.01
sample_rate: 0.04, expected_batch_size: 147
sample_rate: 0.04, expected_batch_size: 147
sample_rate: 0.04, expected_batch_size: 147
sample_rate: 0.04, expected_batch_size: 147
sample_rate: 0.04, expected_batch_size: 147
sample_rate: 0.04, expected_batch_size: 147
sample_rate: 0.04, expected_batch_size: 143
sample_rate: 0.04, expected_batch_size: 147
sample_rate: 0.04, expected_batch_size: 144
sample_rate: 0.04, expected_batch_size: 128
initial privacy cost of all clients:  [0, 0, 0, 0, 0, 0, 0, 0, 0, 0]
Round=0
Round=1
Round=2
Round=3
Round=4
Round=5
Round=6
Round=7
Round=8
Round=9
Round=10
Round=11
Round=12
Round=13
Round=14
current privacy cost of all clients:  [0.357206201115514, 0.357206201115514, 0.2817999227100404, 0.3335681844325747, 0.3794621932710794, 0.357206201115514, 0.3794621932710794, 0.4005670951978502, 0.42122037980599175, 0.3085156431829289]
Round=14, per client global perf=[0.6882, 0.8377, 0.6931, 0.6598, 0.9093, 0.8564, 0.8621, 0.648, 0.6525, 0.6861], mean perf=15011/20014 (0.7500%)
Round=14, per client personal perf=[0.9755, 0.9676, 0.9632, 0.974, 0.9814, 0.9804, 0.9691, 0.9828, 0.9399, 0.8374], mean perf=19189/20014 (0.9588%)
Round=14, per client personal pooled=[0.4662, 0.4784, 0.4892, 0.4887, 0.4855, 0.4859, 0.4889, 0.4787, 0.4727, 0.372], mean perf=94188/200140 (0.4706%)
Mean performance of unidp ditto global,  eps=0.5, Perf=0.7567
Mean performance of unidp ditto personal,  eps=0.5, Perf=0.9596
Mean performance of unidp ditto pooled,  eps=0.5, Perf=0.4719
Finished seed 42
----------------------------------------
=== Running reg_param=0.001 ===
Running seed 42
default_sample_rate: 0.03737226277372263
noise_multiplier :  4.1796875
learning rate =  0.01
sample_rate: 0.04, expected_batch_size: 147
sample_rate: 0.04, expected_batch_size: 147
sample_rate: 0.04, expected_batch_size: 147
sample_rate: 0.04, expected_batch_size: 147
sample_rate: 0.04, expected_batch_size: 147
sample_rate: 0.04, expected_batch_size: 147
sample_rate: 0.04, expected_batch_size: 143
sample_rate: 0.04, expected_batch_size: 147
sample_rate: 0.04, expected_batch_size: 144
sample_rate: 0.04, expected_batch_size: 128
initial privacy cost of all clients:  [0, 0, 0, 0, 0, 0, 0, 0, 0, 0]
Round=0
Round=1
Round=2
Round=3
Round=4
Round=5
Round=6
Round=7
Round=8
Round=9
Round=10
Round=11
Round=12
Round=13
Round=14
current privacy cost of all clients:  [0.357206201115514, 0.357206201115514, 0.2817999227100404, 0.3335681844325747, 0.3794621932710794, 0.357206201115514, 0.3794621932710794, 0.4005670951978502, 0.42122037980599175, 0.3085156431829289]
Round=14, per client global perf=[0.6882, 0.8377, 0.6931, 0.6598, 0.9093, 0.8564, 0.8621, 0.648, 0.6525, 0.6861], mean perf=15011/20014 (0.7500%)
Round=14, per client personal perf=[0.9686, 0.9564, 0.9603, 0.976, 0.9784, 0.9838, 0.963, 0.9828, 0.9394, 0.8431], mean perf=19148/20014 (0.9567%)
Round=14, per client personal pooled=[0.4625, 0.4708, 0.4879, 0.4945, 0.4872, 0.487, 0.4859, 0.4782, 0.4727, 0.3572], mean perf=93742/200140 (0.4684%)
Mean performance of unidp ditto global,  eps=0.5, Perf=0.7567
Mean performance of unidp ditto personal,  eps=0.5, Perf=0.9574
Mean performance of unidp ditto pooled,  eps=0.5, Perf=0.4714
Finished seed 42
----------------------------------------
=== Running reg_param=0.01 ===
Running seed 42
default_sample_rate: 0.03737226277372263
noise_multiplier :  4.1796875
learning rate =  0.01
sample_rate: 0.04, expected_batch_size: 147
sample_rate: 0.04, expected_batch_size: 147
sample_rate: 0.04, expected_batch_size: 147
sample_rate: 0.04, expected_batch_size: 147
sample_rate: 0.04, expected_batch_size: 147
sample_rate: 0.04, expected_batch_size: 147
sample_rate: 0.04, expected_batch_size: 143
sample_rate: 0.04, expected_batch_size: 147
sample_rate: 0.04, expected_batch_size: 144
sample_rate: 0.04, expected_batch_size: 128
initial privacy cost of all clients:  [0, 0, 0, 0, 0, 0, 0, 0, 0, 0]
Round=0
Round=1
Round=2
Round=3
Round=4
Round=5
Round=6
Round=7
Round=8
Round=9
Round=10
Round=11
Round=12
Round=13
Round=14
current privacy cost of all clients:  [0.357206201115514, 0.357206201115514, 0.2817999227100404, 0.3335681844325747, 0.3794621932710794, 0.357206201115514, 0.3794621932710794, 0.4005670951978502, 0.42122037980599175, 0.3085156431829289]
Round=14, per client global perf=[0.6882, 0.8377, 0.6931, 0.6598, 0.9093, 0.8564, 0.8621, 0.648, 0.6525, 0.6861], mean perf=15011/20014 (0.7500%)
Round=14, per client personal perf=[0.9716, 0.9672, 0.9681, 0.9608, 0.9863, 0.9676, 0.9696, 0.9676, 0.9384, 0.8385], mean perf=19116/20014 (0.9551%)
Round=14, per client personal pooled=[0.4622, 0.476, 0.4917, 0.4848, 0.4875, 0.4791, 0.4875, 0.4723, 0.4719, 0.3469], mean perf=93260/200140 (0.4660%)
Mean performance of unidp ditto global,  eps=0.5, Perf=0.7567
Mean performance of unidp ditto personal,  eps=0.5, Perf=0.9569
Mean performance of unidp ditto pooled,  eps=0.5, Perf=0.4681
Finished seed 42
----------------------------------------
=== Running reg_param=0.1 ===
Running seed 42
default_sample_rate: 0.03737226277372263
noise_multiplier :  4.1796875
learning rate =  0.01
sample_rate: 0.04, expected_batch_size: 147
sample_rate: 0.04, expected_batch_size: 147
sample_rate: 0.04, expected_batch_size: 147
sample_rate: 0.04, expected_batch_size: 147
sample_rate: 0.04, expected_batch_size: 147
sample_rate: 0.04, expected_batch_size: 147
sample_rate: 0.04, expected_batch_size: 143
sample_rate: 0.04, expected_batch_size: 147
sample_rate: 0.04, expected_batch_size: 144
sample_rate: 0.04, expected_batch_size: 128
initial privacy cost of all clients:  [0, 0, 0, 0, 0, 0, 0, 0, 0, 0]
Round=0
Round=1
Round=2
Round=3
Round=4
Round=5
Round=6
Round=7
Round=8
Round=9
Round=10
Round=11
Round=12
Round=13
Round=14
current privacy cost of all clients:  [0.357206201115514, 0.357206201115514, 0.2817999227100404, 0.3335681844325747, 0.3794621932710794, 0.357206201115514, 0.3794621932710794, 0.4005670951978502, 0.42122037980599175, 0.3085156431829289]
Round=14, per client global perf=[0.6882, 0.8377, 0.6931, 0.6598, 0.9093, 0.8564, 0.8621, 0.648, 0.6525, 0.6861], mean perf=15011/20014 (0.7500%)
Round=14, per client personal perf=[0.8922, 0.9211, 0.9245, 0.9275, 0.9574, 0.9529, 0.8783, 0.9515, 0.9159, 0.7632], mean perf=18223/20014 (0.9105%)
Round=14, per client personal pooled=[0.5095, 0.5406, 0.6367, 0.6666, 0.4738, 0.4744, 0.4394, 0.56, 0.4944, 0.3994], mean perf=103967/200140 (0.5195%)
Mean performance of unidp ditto global,  eps=0.5, Perf=0.7567
Mean performance of unidp ditto personal,  eps=0.5, Perf=0.9174
Mean performance of unidp ditto pooled,  eps=0.5, Perf=0.5107
Finished seed 42
----------------------------------------
=== Running reg_param=1.0 ===
Running seed 42
default_sample_rate: 0.03737226277372263
noise_multiplier :  4.1796875
learning rate =  0.01
sample_rate: 0.04, expected_batch_size: 147
sample_rate: 0.04, expected_batch_size: 147
sample_rate: 0.04, expected_batch_size: 147
sample_rate: 0.04, expected_batch_size: 147
sample_rate: 0.04, expected_batch_size: 147
sample_rate: 0.04, expected_batch_size: 147
sample_rate: 0.04, expected_batch_size: 143
sample_rate: 0.04, expected_batch_size: 147
sample_rate: 0.04, expected_batch_size: 144
sample_rate: 0.04, expected_batch_size: 128
initial privacy cost of all clients:  [0, 0, 0, 0, 0, 0, 0, 0, 0, 0]
Round=0
Round=1
Round=2
Round=3
Round=4
Round=5
Round=6
Round=7
Round=8
Round=9
Round=10
Round=11
Round=12
Round=13
Round=14
current privacy cost of all clients:  [0.357206201115514, 0.357206201115514, 0.2817999227100404, 0.3335681844325747, 0.3794621932710794, 0.357206201115514, 0.3794621932710794, 0.4005670951978502, 0.42122037980599175, 0.3085156431829289]
Round=14, per client global perf=[0.6882, 0.8377, 0.6931, 0.6598, 0.9093, 0.8564, 0.8621, 0.648, 0.6525, 0.6861], mean perf=15011/20014 (0.7500%)
Round=14, per client personal perf=[0.8843, 0.8784, 0.8902, 0.8819, 0.9328, 0.9157, 0.9148, 0.8559, 0.9069, 0.7728], mean perf=17707/20014 (0.8847%)
Round=14, per client personal pooled=[0.6537, 0.6628, 0.6182, 0.7653, 0.5236, 0.6029, 0.575, 0.5488, 0.5036, 0.6221], mean perf=121609/200140 (0.6076%)
Mean performance of unidp ditto global,  eps=0.5, Perf=0.7567
Mean performance of unidp ditto personal,  eps=0.5, Perf=0.8742
Mean performance of unidp ditto pooled,  eps=0.5, Perf=0.5904
Finished seed 42
----------------------------------------
=== Running reg_param=10 ===
Running seed 42
default_sample_rate: 0.03737226277372263
noise_multiplier :  4.1796875
learning rate =  0.01
sample_rate: 0.04, expected_batch_size: 147
sample_rate: 0.04, expected_batch_size: 147
sample_rate: 0.04, expected_batch_size: 147
sample_rate: 0.04, expected_batch_size: 147
sample_rate: 0.04, expected_batch_size: 147
sample_rate: 0.04, expected_batch_size: 147
sample_rate: 0.04, expected_batch_size: 143
sample_rate: 0.04, expected_batch_size: 147
sample_rate: 0.04, expected_batch_size: 144
sample_rate: 0.04, expected_batch_size: 128
initial privacy cost of all clients:  [0, 0, 0, 0, 0, 0, 0, 0, 0, 0]
Round=0
Round=1
Round=2
Round=3
Round=4
Round=5
Round=6
Round=7
Round=8
Round=9
Round=10
Round=11
Round=12
Round=13
Round=14
current privacy cost of all clients:  [0.357206201115514, 0.357206201115514, 0.2817999227100404, 0.3335681844325747, 0.3794621932710794, 0.357206201115514, 0.3794621932710794, 0.4005670951978502, 0.42122037980599175, 0.3085156431829289]
Round=14, per client global perf=[0.6882, 0.8377, 0.6931, 0.6598, 0.9093, 0.8564, 0.8621, 0.648, 0.6525, 0.6861], mean perf=15011/20014 (0.7500%)
Round=14, per client personal perf=[0.9029, 0.8716, 0.8745, 0.8701, 0.9078, 0.9186, 0.9143, 0.8475, 0.8963, 0.8374], mean perf=17705/20014 (0.8846%)
Round=14, per client personal pooled=[0.7747, 0.7681, 0.5911, 0.7244, 0.6673, 0.6497, 0.7462, 0.6102, 0.7048, 0.6091], mean perf=137005/200140 (0.6845%)
Mean performance of unidp ditto global,  eps=0.5, Perf=0.7567
Mean performance of unidp ditto personal,  eps=0.5, Perf=0.8768
Mean performance of unidp ditto pooled,  eps=0.5, Perf=0.6667
Finished seed 42
----------------------------------------
=== Running epsilon=1 ===
=== Running reg_param=0 ===
Running seed 42
default_sample_rate: 0.03737226277372263
noise_multiplier :  2.40234375
learning rate =  0.01
sample_rate: 0.04, expected_batch_size: 147
sample_rate: 0.04, expected_batch_size: 147
sample_rate: 0.04, expected_batch_size: 147
sample_rate: 0.04, expected_batch_size: 147
sample_rate: 0.04, expected_batch_size: 147
sample_rate: 0.04, expected_batch_size: 147
sample_rate: 0.04, expected_batch_size: 143
sample_rate: 0.04, expected_batch_size: 147
sample_rate: 0.04, expected_batch_size: 144
sample_rate: 0.04, expected_batch_size: 128
initial privacy cost of all clients:  [0, 0, 0, 0, 0, 0, 0, 0, 0, 0]
Round=0
Round=1
Round=2
Round=3
Round=4
Round=5
Round=6
Round=7
Round=8
Round=9
Round=10
Round=11
Round=12
Round=13
Round=14
current privacy cost of all clients:  [0.7260230735296279, 0.7260230735296279, 0.5776371832915923, 0.6797296669401808, 0.7711597447659064, 0.7260230735296279, 0.7711597447659064, 0.8116969318995546, 0.8522341190332028, 0.6301514657261251]
Round=14, per client global perf=[0.7338, 0.8819, 0.7387, 0.7201, 0.9309, 0.9078, 0.9133, 0.752, 0.7406, 0.7637], mean perf=16185/20014 (0.8087%)
Round=14, per client personal perf=[0.9755, 0.9676, 0.9632, 0.974, 0.9814, 0.9804, 0.9691, 0.9828, 0.9399, 0.8374], mean perf=19189/20014 (0.9588%)
Round=14, per client personal pooled=[0.4662, 0.4784, 0.4892, 0.4887, 0.4855, 0.4859, 0.4889, 0.4787, 0.4727, 0.372], mean perf=94188/200140 (0.4706%)
Mean performance of unidp ditto global,  eps=1.0, Perf=0.8164
Mean performance of unidp ditto personal,  eps=1.0, Perf=0.9596
Mean performance of unidp ditto pooled,  eps=1.0, Perf=0.4719
Finished seed 42
----------------------------------------
=== Running reg_param=0.001 ===
Running seed 42
default_sample_rate: 0.03737226277372263
noise_multiplier :  2.40234375
learning rate =  0.01
sample_rate: 0.04, expected_batch_size: 147
sample_rate: 0.04, expected_batch_size: 147
sample_rate: 0.04, expected_batch_size: 147
sample_rate: 0.04, expected_batch_size: 147
sample_rate: 0.04, expected_batch_size: 147
sample_rate: 0.04, expected_batch_size: 147
sample_rate: 0.04, expected_batch_size: 143
sample_rate: 0.04, expected_batch_size: 147
sample_rate: 0.04, expected_batch_size: 144
sample_rate: 0.04, expected_batch_size: 128
initial privacy cost of all clients:  [0, 0, 0, 0, 0, 0, 0, 0, 0, 0]
Round=0
Round=1
Round=2
Round=3
Round=4
Round=5
Round=6
Round=7
Round=8
Round=9
Round=10
Round=11
Round=12
Round=13
Round=14
current privacy cost of all clients:  [0.7260230735296279, 0.7260230735296279, 0.5776371832915923, 0.6797296669401808, 0.7711597447659064, 0.7260230735296279, 0.7711597447659064, 0.8116969318995546, 0.8522341190332028, 0.6301514657261251]
Round=14, per client global perf=[0.7338, 0.8819, 0.7387, 0.7201, 0.9309, 0.9078, 0.9133, 0.752, 0.7406, 0.7637], mean perf=16185/20014 (0.8087%)
Round=14, per client personal perf=[0.9775, 0.973, 0.9637, 0.9716, 0.9779, 0.9828, 0.9686, 0.9814, 0.9374, 0.8419], mean perf=19197/20014 (0.9592%)
Round=14, per client personal pooled=[0.4649, 0.4784, 0.4895, 0.4895, 0.4852, 0.4877, 0.4881, 0.4791, 0.4711, 0.3562], mean perf=93857/200140 (0.4690%)
Mean performance of unidp ditto global,  eps=1.0, Perf=0.8164
Mean performance of unidp ditto personal,  eps=1.0, Perf=0.9608
Mean performance of unidp ditto pooled,  eps=1.0, Perf=0.4707
Finished seed 42
----------------------------------------
=== Running reg_param=0.01 ===
Running seed 42
default_sample_rate: 0.03737226277372263
noise_multiplier :  2.40234375
learning rate =  0.01
sample_rate: 0.04, expected_batch_size: 147
sample_rate: 0.04, expected_batch_size: 147
sample_rate: 0.04, expected_batch_size: 147
sample_rate: 0.04, expected_batch_size: 147
sample_rate: 0.04, expected_batch_size: 147
sample_rate: 0.04, expected_batch_size: 147
sample_rate: 0.04, expected_batch_size: 143
sample_rate: 0.04, expected_batch_size: 147
sample_rate: 0.04, expected_batch_size: 144
sample_rate: 0.04, expected_batch_size: 128
initial privacy cost of all clients:  [0, 0, 0, 0, 0, 0, 0, 0, 0, 0]
Round=0
Round=1
Round=2
Round=3
Round=4
Round=5
Round=6
Round=7
Round=8
Round=9
Round=10
Round=11
Round=12
Round=13
Round=14
current privacy cost of all clients:  [0.7260230735296279, 0.7260230735296279, 0.5776371832915923, 0.6797296669401808, 0.7711597447659064, 0.7260230735296279, 0.7711597447659064, 0.8116969318995546, 0.8522341190332028, 0.6301514657261251]
Round=14, per client global perf=[0.7338, 0.8819, 0.7387, 0.7201, 0.9309, 0.9078, 0.9133, 0.752, 0.7406, 0.7637], mean perf=16185/20014 (0.8087%)
Round=14, per client personal perf=[0.977, 0.9402, 0.9672, 0.9706, 0.9868, 0.9765, 0.9681, 0.9725, 0.9294, 0.8623], mean perf=19140/20014 (0.9563%)
Round=14, per client personal pooled=[0.4661, 0.4638, 0.4907, 0.4936, 0.4883, 0.4848, 0.4866, 0.4736, 0.4678, 0.396], mean perf=94290/200140 (0.4711%)
Mean performance of unidp ditto global,  eps=1.0, Perf=0.8164
Mean performance of unidp ditto personal,  eps=1.0, Perf=0.9583
Mean performance of unidp ditto pooled,  eps=1.0, Perf=0.4705
Finished seed 42
----------------------------------------
=== Running reg_param=0.1 ===
Running seed 42
default_sample_rate: 0.03737226277372263
noise_multiplier :  2.40234375
learning rate =  0.01
sample_rate: 0.04, expected_batch_size: 147
sample_rate: 0.04, expected_batch_size: 147
sample_rate: 0.04, expected_batch_size: 147
sample_rate: 0.04, expected_batch_size: 147
sample_rate: 0.04, expected_batch_size: 147
sample_rate: 0.04, expected_batch_size: 147
sample_rate: 0.04, expected_batch_size: 143
sample_rate: 0.04, expected_batch_size: 147
sample_rate: 0.04, expected_batch_size: 144
sample_rate: 0.04, expected_batch_size: 128
initial privacy cost of all clients:  [0, 0, 0, 0, 0, 0, 0, 0, 0, 0]
Round=0
Round=1
Round=2
Round=3
Round=4
Round=5
Round=6
Round=7
Round=8
Round=9
Round=10
Round=11
Round=12
Round=13
Round=14
current privacy cost of all clients:  [0.7260230735296279, 0.7260230735296279, 0.5776371832915923, 0.6797296669401808, 0.7711597447659064, 0.7260230735296279, 0.7711597447659064, 0.8116969318995546, 0.8522341190332028, 0.6301514657261251]
Round=14, per client global perf=[0.7338, 0.8819, 0.7387, 0.7201, 0.9309, 0.9078, 0.9133, 0.752, 0.7406, 0.7637], mean perf=16185/20014 (0.8087%)
Round=14, per client personal perf=[0.9294, 0.9485, 0.9402, 0.9225, 0.9314, 0.9363, 0.8879, 0.9549, 0.8768, 0.8601], mean perf=18409/20014 (0.9198%)
Round=14, per client personal pooled=[0.4928, 0.5576, 0.5974, 0.588, 0.5649, 0.6751, 0.5771, 0.531, 0.4695, 0.452], mean perf=110184/200140 (0.5505%)
Mean performance of unidp ditto global,  eps=1.0, Perf=0.8164
Mean performance of unidp ditto personal,  eps=1.0, Perf=0.9253
Mean performance of unidp ditto pooled,  eps=1.0, Perf=0.5453
Finished seed 42
----------------------------------------
=== Running reg_param=1.0 ===
Running seed 42
default_sample_rate: 0.03737226277372263
noise_multiplier :  2.40234375
learning rate =  0.01
sample_rate: 0.04, expected_batch_size: 147
sample_rate: 0.04, expected_batch_size: 147
sample_rate: 0.04, expected_batch_size: 147
sample_rate: 0.04, expected_batch_size: 147
sample_rate: 0.04, expected_batch_size: 147
sample_rate: 0.04, expected_batch_size: 147
sample_rate: 0.04, expected_batch_size: 143
sample_rate: 0.04, expected_batch_size: 147
sample_rate: 0.04, expected_batch_size: 144
sample_rate: 0.04, expected_batch_size: 128
initial privacy cost of all clients:  [0, 0, 0, 0, 0, 0, 0, 0, 0, 0]
Round=0
Round=1
Round=2
Round=3
Round=4
Round=5
Round=6
Round=7
Round=8
Round=9
Round=10
Round=11
Round=12
Round=13
Round=14
current privacy cost of all clients:  [0.7260230735296279, 0.7260230735296279, 0.5776371832915923, 0.6797296669401808, 0.7711597447659064, 0.7260230735296279, 0.7711597447659064, 0.8116969318995546, 0.8522341190332028, 0.6301514657261251]
Round=14, per client global perf=[0.7338, 0.8819, 0.7387, 0.7201, 0.9309, 0.9078, 0.9133, 0.752, 0.7406, 0.7637], mean perf=16185/20014 (0.8087%)
Round=14, per client personal perf=[0.8725, 0.9088, 0.9167, 0.8902, 0.9431, 0.9132, 0.9407, 0.9436, 0.9199, 0.7892], mean perf=18117/20014 (0.9052%)
Round=14, per client personal pooled=[0.541, 0.785, 0.6458, 0.6632, 0.6319, 0.5001, 0.65, 0.6421, 0.5639, 0.638], mean perf=125306/200140 (0.6261%)
Mean performance of unidp ditto global,  eps=1.0, Perf=0.8164
Mean performance of unidp ditto personal,  eps=1.0, Perf=0.9112
Mean performance of unidp ditto pooled,  eps=1.0, Perf=0.6344
Finished seed 42
----------------------------------------
=== Running reg_param=10 ===
Running seed 42
default_sample_rate: 0.03737226277372263
noise_multiplier :  2.40234375
learning rate =  0.01
sample_rate: 0.04, expected_batch_size: 147
sample_rate: 0.04, expected_batch_size: 147
sample_rate: 0.04, expected_batch_size: 147
sample_rate: 0.04, expected_batch_size: 147
sample_rate: 0.04, expected_batch_size: 147
sample_rate: 0.04, expected_batch_size: 147
sample_rate: 0.04, expected_batch_size: 143
sample_rate: 0.04, expected_batch_size: 147
sample_rate: 0.04, expected_batch_size: 144
sample_rate: 0.04, expected_batch_size: 128
initial privacy cost of all clients:  [0, 0, 0, 0, 0, 0, 0, 0, 0, 0]
Round=0
Round=1
Round=2
Round=3
Round=4
Round=5
Round=6
Round=7
Round=8
Round=9
Round=10
Round=11
Round=12
Round=13
Round=14
current privacy cost of all clients:  [0.7260230735296279, 0.7260230735296279, 0.5776371832915923, 0.6797296669401808, 0.7711597447659064, 0.7260230735296279, 0.7711597447659064, 0.8116969318995546, 0.8522341190332028, 0.6301514657261251]
Round=14, per client global perf=[0.7338, 0.8819, 0.7387, 0.7201, 0.9309, 0.9078, 0.9133, 0.752, 0.7406, 0.7637], mean perf=16185/20014 (0.8087%)
Round=14, per client personal perf=[0.925, 0.8887, 0.9172, 0.899, 0.9436, 0.9392, 0.9173, 0.951, 0.9114, 0.8011], mean perf=18229/20014 (0.9108%)
Round=14, per client personal pooled=[0.8148, 0.8283, 0.7691, 0.8049, 0.8017, 0.7899, 0.7527, 0.6618, 0.7462, 0.6975], mean perf=153448/200140 (0.7667%)
Mean performance of unidp ditto global,  eps=1.0, Perf=0.8164
Mean performance of unidp ditto personal,  eps=1.0, Perf=0.9051
Mean performance of unidp ditto pooled,  eps=1.0, Perf=0.7500
Finished seed 42
----------------------------------------
=== Running epsilon=8 ===
=== Running reg_param=0 ===
Running seed 42
default_sample_rate: 0.03737226277372263
noise_multiplier :  0.770263671875
learning rate =  0.01
sample_rate: 0.04, expected_batch_size: 147
sample_rate: 0.04, expected_batch_size: 147
sample_rate: 0.04, expected_batch_size: 147
sample_rate: 0.04, expected_batch_size: 147
sample_rate: 0.04, expected_batch_size: 147
sample_rate: 0.04, expected_batch_size: 147
sample_rate: 0.04, expected_batch_size: 143
sample_rate: 0.04, expected_batch_size: 147
sample_rate: 0.04, expected_batch_size: 144
sample_rate: 0.04, expected_batch_size: 128
initial privacy cost of all clients:  [0, 0, 0, 0, 0, 0, 0, 0, 0, 0]
Round=0
Round=1
Round=2
Round=3
Round=4
Round=5
Round=6
Round=7
Round=8
Round=9
Round=10
Round=11
Round=12
Round=13
Round=14
current privacy cost of all clients:  [5.8187749103344695, 5.8187749103344695, 4.5738992141023616, 5.403816344923766, 6.233733475745171, 5.8187749103344695, 6.233733475745171, 6.648692041155875, 7.0636506065665765, 4.988857779513064]
Round=14, per client global perf=[0.8505, 0.9265, 0.8475, 0.8348, 0.9593, 0.9397, 0.9478, 0.8495, 0.8398, 0.783], mean perf=17592/20014 (0.8790%)
Round=14, per client personal perf=[0.9755, 0.9676, 0.9632, 0.974, 0.9814, 0.9804, 0.9691, 0.9828, 0.9399, 0.8374], mean perf=19189/20014 (0.9588%)
Round=14, per client personal pooled=[0.4662, 0.4784, 0.4892, 0.4887, 0.4855, 0.4859, 0.4889, 0.4787, 0.4727, 0.372], mean perf=94188/200140 (0.4706%)
Mean performance of unidp ditto global,  eps=8.0, Perf=0.8456
Mean performance of unidp ditto personal,  eps=8.0, Perf=0.9596
Mean performance of unidp ditto pooled,  eps=8.0, Perf=0.4719
Finished seed 42
----------------------------------------
=== Running reg_param=0.001 ===
Running seed 42
default_sample_rate: 0.03737226277372263
noise_multiplier :  0.770263671875
learning rate =  0.01
sample_rate: 0.04, expected_batch_size: 147
sample_rate: 0.04, expected_batch_size: 147
sample_rate: 0.04, expected_batch_size: 147
sample_rate: 0.04, expected_batch_size: 147
sample_rate: 0.04, expected_batch_size: 147
sample_rate: 0.04, expected_batch_size: 147
sample_rate: 0.04, expected_batch_size: 143
sample_rate: 0.04, expected_batch_size: 147
sample_rate: 0.04, expected_batch_size: 144
sample_rate: 0.04, expected_batch_size: 128
initial privacy cost of all clients:  [0, 0, 0, 0, 0, 0, 0, 0, 0, 0]
Round=0
Round=1
Round=2
Round=3
Round=4
Round=5
Round=6
Round=7
Round=8
Round=9
Round=10
Round=11
Round=12
Round=13
Round=14
current privacy cost of all clients:  [5.8187749103344695, 5.8187749103344695, 4.5738992141023616, 5.403816344923766, 6.233733475745171, 5.8187749103344695, 6.233733475745171, 6.648692041155875, 7.0636506065665765, 4.988857779513064]
Round=14, per client global perf=[0.8505, 0.9265, 0.8475, 0.8348, 0.9593, 0.9397, 0.9478, 0.8495, 0.8398, 0.783], mean perf=17592/20014 (0.8790%)
Round=14, per client personal perf=[0.9799, 0.9549, 0.9662, 0.9745, 0.977, 0.9843, 0.967, 0.9814, 0.9404, 0.8572], mean perf=19207/20014 (0.9597%)
Round=14, per client personal pooled=[0.4674, 0.4692, 0.4894, 0.4897, 0.483, 0.4868, 0.4884, 0.4775, 0.4744, 0.3829], mean perf=94241/200140 (0.4709%)
Mean performance of unidp ditto global,  eps=8.0, Perf=0.8456
Mean performance of unidp ditto personal,  eps=8.0, Perf=0.9606
Mean performance of unidp ditto pooled,  eps=8.0, Perf=0.4715
Finished seed 42
----------------------------------------
=== Running reg_param=0.01 ===
Running seed 42
default_sample_rate: 0.03737226277372263
noise_multiplier :  0.770263671875
learning rate =  0.01
sample_rate: 0.04, expected_batch_size: 147
sample_rate: 0.04, expected_batch_size: 147
sample_rate: 0.04, expected_batch_size: 147
sample_rate: 0.04, expected_batch_size: 147
sample_rate: 0.04, expected_batch_size: 147
sample_rate: 0.04, expected_batch_size: 147
sample_rate: 0.04, expected_batch_size: 143
sample_rate: 0.04, expected_batch_size: 147
sample_rate: 0.04, expected_batch_size: 144
sample_rate: 0.04, expected_batch_size: 128
initial privacy cost of all clients:  [0, 0, 0, 0, 0, 0, 0, 0, 0, 0]
Round=0
Round=1
Round=2
Round=3
Round=4
Round=5
Round=6
Round=7
Round=8
Round=9
Round=10
Round=11
Round=12
Round=13
Round=14
current privacy cost of all clients:  [5.8187749103344695, 5.8187749103344695, 4.5738992141023616, 5.403816344923766, 6.233733475745171, 5.8187749103344695, 6.233733475745171, 6.648692041155875, 7.0636506065665765, 4.988857779513064]
Round=14, per client global perf=[0.8505, 0.9265, 0.8475, 0.8348, 0.9593, 0.9397, 0.9478, 0.8495, 0.8398, 0.783], mean perf=17592/20014 (0.8790%)
Round=14, per client personal perf=[0.9755, 0.9299, 0.9623, 0.9735, 0.9794, 0.9755, 0.9589, 0.952, 0.9359, 0.8442], mean perf=19016/20014 (0.9501%)
Round=14, per client personal pooled=[0.4638, 0.4547, 0.4882, 0.4956, 0.4808, 0.4813, 0.4838, 0.4847, 0.4707, 0.3497], mean perf=93130/200140 (0.4653%)
Mean performance of unidp ditto global,  eps=8.0, Perf=0.8456
Mean performance of unidp ditto personal,  eps=8.0, Perf=0.9529
Mean performance of unidp ditto pooled,  eps=8.0, Perf=0.4679
Finished seed 42
----------------------------------------
=== Running reg_param=0.1 ===
Running seed 42
default_sample_rate: 0.03737226277372263
noise_multiplier :  0.770263671875
learning rate =  0.01
sample_rate: 0.04, expected_batch_size: 147
sample_rate: 0.04, expected_batch_size: 147
sample_rate: 0.04, expected_batch_size: 147
sample_rate: 0.04, expected_batch_size: 147
sample_rate: 0.04, expected_batch_size: 147
sample_rate: 0.04, expected_batch_size: 147
sample_rate: 0.04, expected_batch_size: 143
sample_rate: 0.04, expected_batch_size: 147
sample_rate: 0.04, expected_batch_size: 144
sample_rate: 0.04, expected_batch_size: 128
initial privacy cost of all clients:  [0, 0, 0, 0, 0, 0, 0, 0, 0, 0]
Round=0
Round=1
Round=2
Round=3
Round=4
Round=5
Round=6
Round=7
Round=8
Round=9
Round=10
Round=11
Round=12
Round=13
Round=14
current privacy cost of all clients:  [5.8187749103344695, 5.8187749103344695, 4.5738992141023616, 5.403816344923766, 6.233733475745171, 5.8187749103344695, 6.233733475745171, 6.648692041155875, 7.0636506065665765, 4.988857779513064]
Round=14, per client global perf=[0.8505, 0.9265, 0.8475, 0.8348, 0.9593, 0.9397, 0.9478, 0.8495, 0.8398, 0.783], mean perf=17592/20014 (0.8790%)
Round=14, per client personal perf=[0.9632, 0.9446, 0.9559, 0.948, 0.9574, 0.9382, 0.9432, 0.9632, 0.9299, 0.8391], mean perf=18806/20014 (0.9396%)
Round=14, per client personal pooled=[0.6073, 0.6823, 0.5754, 0.7378, 0.6519, 0.5576, 0.6092, 0.5098, 0.5633, 0.4961], mean perf=119895/200140 (0.5991%)
Mean performance of unidp ditto global,  eps=8.0, Perf=0.8456
Mean performance of unidp ditto personal,  eps=8.0, Perf=0.9426
Mean performance of unidp ditto pooled,  eps=8.0, Perf=0.6000
Finished seed 42
----------------------------------------
=== Running reg_param=1.0 ===
Running seed 42
default_sample_rate: 0.03737226277372263
noise_multiplier :  0.770263671875
learning rate =  0.01
sample_rate: 0.04, expected_batch_size: 147
sample_rate: 0.04, expected_batch_size: 147
sample_rate: 0.04, expected_batch_size: 147
sample_rate: 0.04, expected_batch_size: 147
sample_rate: 0.04, expected_batch_size: 147
sample_rate: 0.04, expected_batch_size: 147
sample_rate: 0.04, expected_batch_size: 143
sample_rate: 0.04, expected_batch_size: 147
sample_rate: 0.04, expected_batch_size: 144
sample_rate: 0.04, expected_batch_size: 128
initial privacy cost of all clients:  [0, 0, 0, 0, 0, 0, 0, 0, 0, 0]
Round=0
Round=1
Round=2
Round=3
Round=4
Round=5
Round=6
Round=7
Round=8
Round=9
Round=10
Round=11
Round=12
Round=13
Round=14
current privacy cost of all clients:  [5.8187749103344695, 5.8187749103344695, 4.5738992141023616, 5.403816344923766, 6.233733475745171, 5.8187749103344695, 6.233733475745171, 6.648692041155875, 7.0636506065665765, 4.988857779513064]
Round=14, per client global perf=[0.8505, 0.9265, 0.8475, 0.8348, 0.9593, 0.9397, 0.9478, 0.8495, 0.8398, 0.783], mean perf=17592/20014 (0.8790%)
Round=14, per client personal perf=[0.9363, 0.9466, 0.9103, 0.9397, 0.9485, 0.9691, 0.9391, 0.9623, 0.8978, 0.8295], mean perf=18599/20014 (0.9293%)
Round=14, per client personal pooled=[0.7181, 0.7786, 0.7175, 0.7352, 0.7147, 0.7934, 0.8205, 0.6414, 0.7115, 0.6945], mean perf=146613/200140 (0.7326%)
Mean performance of unidp ditto global,  eps=8.0, Perf=0.8456
Mean performance of unidp ditto personal,  eps=8.0, Perf=0.9297
Mean performance of unidp ditto pooled,  eps=8.0, Perf=0.7318
Finished seed 42
----------------------------------------
=== Running reg_param=10 ===
Running seed 42
default_sample_rate: 0.03737226277372263
noise_multiplier :  0.770263671875
learning rate =  0.01
sample_rate: 0.04, expected_batch_size: 147
sample_rate: 0.04, expected_batch_size: 147
sample_rate: 0.04, expected_batch_size: 147
sample_rate: 0.04, expected_batch_size: 147
sample_rate: 0.04, expected_batch_size: 147
sample_rate: 0.04, expected_batch_size: 147
sample_rate: 0.04, expected_batch_size: 143
sample_rate: 0.04, expected_batch_size: 147
sample_rate: 0.04, expected_batch_size: 144
sample_rate: 0.04, expected_batch_size: 128
initial privacy cost of all clients:  [0, 0, 0, 0, 0, 0, 0, 0, 0, 0]
Round=0
Round=1
Round=2
Round=3
Round=4
Round=5
Round=6
Round=7
Round=8
Round=9
Round=10
Round=11
Round=12
Round=13
Round=14
current privacy cost of all clients:  [5.8187749103344695, 5.8187749103344695, 4.5738992141023616, 5.403816344923766, 6.233733475745171, 5.8187749103344695, 6.233733475745171, 6.648692041155875, 7.0636506065665765, 4.988857779513064]
Round=14, per client global perf=[0.8505, 0.9265, 0.8475, 0.8348, 0.9593, 0.9397, 0.9478, 0.8495, 0.8398, 0.783], mean perf=17592/20014 (0.8790%)
Round=14, per client personal perf=[0.9446, 0.925, 0.9225, 0.9225, 0.9436, 0.9539, 0.93, 0.9662, 0.9154, 0.8329], mean perf=18552/20014 (0.9270%)
Round=14, per client personal pooled=[0.8566, 0.8714, 0.8035, 0.8457, 0.8892, 0.8763, 0.8715, 0.7434, 0.8681, 0.8059], mean perf=168752/200140 (0.8432%)
Mean performance of unidp ditto global,  eps=8.0, Perf=0.8456
Mean performance of unidp ditto personal,  eps=8.0, Perf=0.9229
Mean performance of unidp ditto pooled,  eps=8.0, Perf=0.8183
Finished seed 42
----------------------------------------
