PARAMS: dataset=cifar10, gpu=0, data_type=niid_dir_5
=== Running reg_param=0, num_steps=15 ===
Running seed 42
/Users/shegao_t1/DP_Research/Personal_DP_Personal_FL/rpdp_fl/experiments/datasets/fed_cifar10/dirichlet_10_alpha_5
 We run FedAvg with rPDP (ThreeLevels-0) ...
max_epsilon :  10.0  noise_multiplier :  11.4404296875
The R-Squared value of the best-fit curve : 0.9998649040687166
learning rate =  0.001
sample_rate: (min) 0.03, (max) 0.6, expected_batch_size: 108
sample_rate: (min) 0.03, (max) 0.6, expected_batch_size: 512
sample_rate: (min) 0.03, (max) 0.6, expected_batch_size: 251
sample_rate: (min) 0.03, (max) 0.6, expected_batch_size: 400
sample_rate: (min) 0.03, (max) 0.6, expected_batch_size: 226
sample_rate: (min) 0.03, (max) 0.6, expected_batch_size: 523
sample_rate: (min) 0.03, (max) 0.6, expected_batch_size: 421
sample_rate: (min) 0.03, (max) 0.6, expected_batch_size: 778
sample_rate: (min) 0.03, (max) 0.6, expected_batch_size: 237
sample_rate: (min) 0.03, (max) 0.6, expected_batch_size: 121
initial privacy cost of all clients:  [0, 0, 0, 0, 0, 0, 0, 0, 0, 0]
Round=0
Round=1
Round=2
Round=3
Round=4
Round=5
Round=6
Round=7
Round=8
Round=9
Round=10
Round=11
Round=12
Round=13
Round=14
current privacy cost of all clients:  [4.896127762871594, 4.179701435149603, 3.940892659242272, 4.418510211056934, 4.896127762871594, 4.418510211056934, 4.896127762871594, 5.10082093327143, 4.896127762871594, 4.657318986964264]
Round=14, per client global perf=[0.1362, 0.2185, 0.1477, 0.2746, 0.3748, 0.2639, 0.2382, 0.3378, 0.3286, 0.1183], mean perf=4524/17005 (0.2660%)
Round=14, per client personal perf=[0.5545, 0.4624, 0.5327, 0.5334, 0.513, 0.4646, 0.4635, 0.3771, 0.4322, 0.473], mean perf=7848/17005 (0.4615%)
Round=14, per client personal pooled=[0.1936, 0.1741, 0.131, 0.1491, 0.1705, 0.1904, 0.2018, 0.2413, 0.1808, 0.1587], mean perf=30459/170050 (0.1791%)
Mean performance of ditto rpdp global, Perf=0.2623
Mean performance of ditto rpdp personal, Perf=0.4657
Mean performance of ditto rpdp pooled, Perf=0.1697
 We run FedAvg with rPDP (BoundedPareto-0) ...
max_epsilon :  10.0  noise_multiplier :  11.4404296875
The R-Squared value of the best-fit curve : 0.9998649040687166
learning rate =  0.001
sample_rate: (min) 0.03, (max) 0.76, expected_batch_size: 70
sample_rate: (min) 0.03, (max) 0.69, expected_batch_size: 339
sample_rate: (min) 0.03, (max) 0.66, expected_batch_size: 163
sample_rate: (min) 0.03, (max) 0.74, expected_batch_size: 262
sample_rate: (min) 0.03, (max) 0.56, expected_batch_size: 153
sample_rate: (min) 0.03, (max) 1.0, expected_batch_size: 351
sample_rate: (min) 0.03, (max) 0.94, expected_batch_size: 293
sample_rate: (min) 0.03, (max) 0.75, expected_batch_size: 510
sample_rate: (min) 0.03, (max) 0.77, expected_batch_size: 161
sample_rate: (min) 0.03, (max) 0.53, expected_batch_size: 80
initial privacy cost of all clients:  [0, 0, 0, 0, 0, 0, 0, 0, 0, 0]
Round=0
Round=1
Round=2
Round=3
Round=4
Traceback (most recent call last):
  File "ditto_rpdp.py", line 188, in <module>
    cm, perf_global, perf_personal, perf_pooled = s.run()
  File "/Volumes/Users/shegao_t1/DP_Research/Personal_DP_Personal_FL/rpdp_fl/myopacus/strategies/ditto.py", line 436, in run
    self.perform_round()
  File "/Volumes/Users/shegao_t1/DP_Research/Personal_DP_Personal_FL/rpdp_fl/myopacus/strategies/ditto.py", line 359, in perform_round
    self._local_optimization(local_model)
  File "/Volumes/Users/shegao_t1/DP_Research/Personal_DP_Personal_FL/rpdp_fl/myopacus/strategies/ditto.py", line 269, in _local_optimization
    _model._local_train(self.num_steps, \
  File "/Volumes/Users/shegao_t1/DP_Research/Personal_DP_Personal_FL/rpdp_fl/myopacus/strategies/strategies_utils.py", line 190, in _local_train
    loss.backward()
  File "/Volumes/Users/shegao_t1/.conda/envs/rpdp/lib/python3.8/site-packages/torch/_tensor.py", line 488, in backward
    torch.autograd.backward(
  File "/Volumes/Users/shegao_t1/.conda/envs/rpdp/lib/python3.8/site-packages/torch/autograd/__init__.py", line 197, in backward
    Variable._execution_engine.run_backward(  # Calls into the C++ engine to run the backward pass
  File "/Volumes/Users/shegao_t1/.conda/envs/rpdp/lib/python3.8/site-packages/torch/nn/modules/module.py", line 62, in __call__
    return self.hook(module, *args, **kwargs)
  File "/Volumes/Users/shegao_t1/DP_Research/Personal_DP_Personal_FL/rpdp_fl/myopacus/grad_sample/grad_sample_module.py", line 340, in capture_backprops_hook
    create_or_accumulate_grad_sample(
  File "/Volumes/Users/shegao_t1/DP_Research/Personal_DP_Personal_FL/rpdp_fl/myopacus/grad_sample/grad_sample_module.py", line 57, in create_or_accumulate_grad_sample
    param._current_grad_sample = torch.zeros(
torch.cuda.OutOfMemoryError: CUDA out of memory. Tried to allocate 288.00 MiB (GPU 0; 9.66 GiB total capacity; 4.40 GiB already allocated; 117.06 MiB free; 9.08 GiB reserved in total by PyTorch) If reserved memory is >> allocated memory try setting max_split_size_mb to avoid fragmentation.  See documentation for Memory Management and PYTORCH_CUDA_ALLOC_CONF
Finished seed 42
----------------------------------------
=== Running reg_param=0, num_steps=30 ===
Running seed 42
/Users/shegao_t1/DP_Research/Personal_DP_Personal_FL/rpdp_fl/experiments/datasets/fed_cifar10/dirichlet_10_alpha_5
 We run FedAvg with rPDP (ThreeLevels-0) ...
max_epsilon :  10.0  noise_multiplier :  11.4404296875
The R-Squared value of the best-fit curve : 0.9998649040687166
learning rate =  0.001
sample_rate: (min) 0.03, (max) 0.6, expected_batch_size: 108
sample_rate: (min) 0.03, (max) 0.6, expected_batch_size: 512
sample_rate: (min) 0.03, (max) 0.6, expected_batch_size: 251
sample_rate: (min) 0.03, (max) 0.6, expected_batch_size: 400
sample_rate: (min) 0.03, (max) 0.6, expected_batch_size: 226
sample_rate: (min) 0.03, (max) 0.6, expected_batch_size: 523
sample_rate: (min) 0.03, (max) 0.6, expected_batch_size: 421
sample_rate: (min) 0.03, (max) 0.6, expected_batch_size: 778
sample_rate: (min) 0.03, (max) 0.6, expected_batch_size: 237
sample_rate: (min) 0.03, (max) 0.6, expected_batch_size: 121
initial privacy cost of all clients:  [0, 0, 0, 0, 0, 0, 0, 0, 0, 0]
Round=0
Round=1
Round=2
Round=3
Round=4
Round=5
Round=6
Round=7
Round=8
Round=9
Round=10
Round=11
Round=12
Round=13
Round=14
current privacy cost of all clients:  [4.896127762871594, 4.179701435149603, 3.940892659242272, 4.418510211056934, 4.896127762871594, 4.418510211056934, 4.896127762871594, 5.10082093327143, 4.896127762871594, 4.657318986964264]
Round=14, per client global perf=[0.1362, 0.2185, 0.1477, 0.2746, 0.3748, 0.2639, 0.2382, 0.3378, 0.3286, 0.1183], mean perf=4524/17005 (0.2660%)
Round=14, per client personal perf=[0.6109, 0.4468, 0.6057, 0.7244, 0.5677, 0.5201, 0.5601, 0.4977, 0.5031, 0.5965], mean perf=9276/17005 (0.5455%)
Round=14, per client personal pooled=[0.2546, 0.135, 0.1894, 0.1837, 0.2468, 0.2072, 0.2294, 0.3098, 0.2361, 0.1901], mean perf=37106/170050 (0.2182%)
Mean performance of ditto rpdp global, Perf=0.2623
Mean performance of ditto rpdp personal, Perf=0.5314
Mean performance of ditto rpdp pooled, Perf=0.2170
 We run FedAvg with rPDP (BoundedPareto-0) ...
max_epsilon :  10.0  noise_multiplier :  11.4404296875
The R-Squared value of the best-fit curve : 0.9998649040687166
learning rate =  0.001
sample_rate: (min) 0.03, (max) 0.76, expected_batch_size: 70
sample_rate: (min) 0.03, (max) 0.69, expected_batch_size: 339
sample_rate: (min) 0.03, (max) 0.66, expected_batch_size: 163
sample_rate: (min) 0.03, (max) 0.74, expected_batch_size: 262
sample_rate: (min) 0.03, (max) 0.56, expected_batch_size: 153
sample_rate: (min) 0.03, (max) 1.0, expected_batch_size: 351
sample_rate: (min) 0.03, (max) 0.94, expected_batch_size: 293
sample_rate: (min) 0.03, (max) 0.75, expected_batch_size: 510
sample_rate: (min) 0.03, (max) 0.77, expected_batch_size: 161
sample_rate: (min) 0.03, (max) 0.53, expected_batch_size: 80
initial privacy cost of all clients:  [0, 0, 0, 0, 0, 0, 0, 0, 0, 0]
Round=0
Round=1
Round=2
Round=3
Round=4
Traceback (most recent call last):
  File "ditto_rpdp.py", line 188, in <module>
    cm, perf_global, perf_personal, perf_pooled = s.run()
  File "/Volumes/Users/shegao_t1/DP_Research/Personal_DP_Personal_FL/rpdp_fl/myopacus/strategies/ditto.py", line 436, in run
    self.perform_round()
  File "/Volumes/Users/shegao_t1/DP_Research/Personal_DP_Personal_FL/rpdp_fl/myopacus/strategies/ditto.py", line 359, in perform_round
    self._local_optimization(local_model)
  File "/Volumes/Users/shegao_t1/DP_Research/Personal_DP_Personal_FL/rpdp_fl/myopacus/strategies/ditto.py", line 269, in _local_optimization
    _model._local_train(self.num_steps, \
  File "/Volumes/Users/shegao_t1/DP_Research/Personal_DP_Personal_FL/rpdp_fl/myopacus/strategies/strategies_utils.py", line 190, in _local_train
    loss.backward()
  File "/Volumes/Users/shegao_t1/.conda/envs/rpdp/lib/python3.8/site-packages/torch/_tensor.py", line 488, in backward
    torch.autograd.backward(
  File "/Volumes/Users/shegao_t1/.conda/envs/rpdp/lib/python3.8/site-packages/torch/autograd/__init__.py", line 197, in backward
    Variable._execution_engine.run_backward(  # Calls into the C++ engine to run the backward pass
  File "/Volumes/Users/shegao_t1/.conda/envs/rpdp/lib/python3.8/site-packages/torch/nn/modules/module.py", line 62, in __call__
    return self.hook(module, *args, **kwargs)
  File "/Volumes/Users/shegao_t1/DP_Research/Personal_DP_Personal_FL/rpdp_fl/myopacus/grad_sample/grad_sample_module.py", line 340, in capture_backprops_hook
    create_or_accumulate_grad_sample(
  File "/Volumes/Users/shegao_t1/DP_Research/Personal_DP_Personal_FL/rpdp_fl/myopacus/grad_sample/grad_sample_module.py", line 57, in create_or_accumulate_grad_sample
    param._current_grad_sample = torch.zeros(
torch.cuda.OutOfMemoryError: CUDA out of memory. Tried to allocate 288.00 MiB (GPU 0; 9.66 GiB total capacity; 4.40 GiB already allocated; 117.06 MiB free; 9.08 GiB reserved in total by PyTorch) If reserved memory is >> allocated memory try setting max_split_size_mb to avoid fragmentation.  See documentation for Memory Management and PYTORCH_CUDA_ALLOC_CONF
Finished seed 42
----------------------------------------
=== Running reg_param=0.001, num_steps=15 ===
Running seed 42
/Users/shegao_t1/DP_Research/Personal_DP_Personal_FL/rpdp_fl/experiments/datasets/fed_cifar10/dirichlet_10_alpha_5
 We run FedAvg with rPDP (ThreeLevels-0) ...
max_epsilon :  10.0  noise_multiplier :  11.4404296875
The R-Squared value of the best-fit curve : 0.9998649040687166
learning rate =  0.001
sample_rate: (min) 0.03, (max) 0.6, expected_batch_size: 108
sample_rate: (min) 0.03, (max) 0.6, expected_batch_size: 512
sample_rate: (min) 0.03, (max) 0.6, expected_batch_size: 251
sample_rate: (min) 0.03, (max) 0.6, expected_batch_size: 400
sample_rate: (min) 0.03, (max) 0.6, expected_batch_size: 226
sample_rate: (min) 0.03, (max) 0.6, expected_batch_size: 523
sample_rate: (min) 0.03, (max) 0.6, expected_batch_size: 421
sample_rate: (min) 0.03, (max) 0.6, expected_batch_size: 778
sample_rate: (min) 0.03, (max) 0.6, expected_batch_size: 237
sample_rate: (min) 0.03, (max) 0.6, expected_batch_size: 121
initial privacy cost of all clients:  [0, 0, 0, 0, 0, 0, 0, 0, 0, 0]
Round=0
Round=1
Round=2
Round=3
Round=4
Round=5
Round=6
Round=7
Round=8
Round=9
Round=10
Round=11
Round=12
Round=13
Round=14
current privacy cost of all clients:  [4.896127762871594, 4.179701435149603, 3.940892659242272, 4.418510211056934, 4.896127762871594, 4.418510211056934, 4.896127762871594, 5.10082093327143, 4.896127762871594, 4.657318986964264]
Round=14, per client global perf=[0.1362, 0.2185, 0.1477, 0.2746, 0.3748, 0.2639, 0.2382, 0.3378, 0.3286, 0.1183], mean perf=4524/17005 (0.2660%)
Round=14, per client personal perf=[0.535, 0.4526, 0.5067, 0.6113, 0.5028, 0.4135, 0.4344, 0.3773, 0.4287, 0.5148], mean perf=7756/17005 (0.4561%)
Round=14, per client personal pooled=[0.2053, 0.1458, 0.1343, 0.1531, 0.17, 0.1751, 0.1892, 0.2329, 0.1834, 0.1615], mean perf=29770/170050 (0.1751%)
Mean performance of ditto rpdp global, Perf=0.2623
Mean performance of ditto rpdp personal, Perf=0.4553
Mean performance of ditto rpdp pooled, Perf=0.1669
 We run FedAvg with rPDP (BoundedPareto-0) ...
max_epsilon :  10.0  noise_multiplier :  11.4404296875
The R-Squared value of the best-fit curve : 0.9998649040687166
learning rate =  0.001
sample_rate: (min) 0.03, (max) 0.76, expected_batch_size: 70
sample_rate: (min) 0.03, (max) 0.69, expected_batch_size: 339
sample_rate: (min) 0.03, (max) 0.66, expected_batch_size: 163
sample_rate: (min) 0.03, (max) 0.74, expected_batch_size: 262
sample_rate: (min) 0.03, (max) 0.56, expected_batch_size: 153
sample_rate: (min) 0.03, (max) 1.0, expected_batch_size: 351
sample_rate: (min) 0.03, (max) 0.94, expected_batch_size: 293
sample_rate: (min) 0.03, (max) 0.75, expected_batch_size: 510
sample_rate: (min) 0.03, (max) 0.77, expected_batch_size: 161
sample_rate: (min) 0.03, (max) 0.53, expected_batch_size: 80
initial privacy cost of all clients:  [0, 0, 0, 0, 0, 0, 0, 0, 0, 0]
Round=0
Round=1
Round=2
Round=3
Round=4
Traceback (most recent call last):
  File "ditto_rpdp.py", line 188, in <module>
    cm, perf_global, perf_personal, perf_pooled = s.run()
  File "/Volumes/Users/shegao_t1/DP_Research/Personal_DP_Personal_FL/rpdp_fl/myopacus/strategies/ditto.py", line 436, in run
    self.perform_round()
  File "/Volumes/Users/shegao_t1/DP_Research/Personal_DP_Personal_FL/rpdp_fl/myopacus/strategies/ditto.py", line 359, in perform_round
    self._local_optimization(local_model)
  File "/Volumes/Users/shegao_t1/DP_Research/Personal_DP_Personal_FL/rpdp_fl/myopacus/strategies/ditto.py", line 269, in _local_optimization
    _model._local_train(self.num_steps, \
  File "/Volumes/Users/shegao_t1/DP_Research/Personal_DP_Personal_FL/rpdp_fl/myopacus/strategies/strategies_utils.py", line 190, in _local_train
    loss.backward()
  File "/Volumes/Users/shegao_t1/.conda/envs/rpdp/lib/python3.8/site-packages/torch/_tensor.py", line 488, in backward
    torch.autograd.backward(
  File "/Volumes/Users/shegao_t1/.conda/envs/rpdp/lib/python3.8/site-packages/torch/autograd/__init__.py", line 197, in backward
    Variable._execution_engine.run_backward(  # Calls into the C++ engine to run the backward pass
  File "/Volumes/Users/shegao_t1/.conda/envs/rpdp/lib/python3.8/site-packages/torch/nn/modules/module.py", line 62, in __call__
    return self.hook(module, *args, **kwargs)
  File "/Volumes/Users/shegao_t1/DP_Research/Personal_DP_Personal_FL/rpdp_fl/myopacus/grad_sample/grad_sample_module.py", line 340, in capture_backprops_hook
    create_or_accumulate_grad_sample(
  File "/Volumes/Users/shegao_t1/DP_Research/Personal_DP_Personal_FL/rpdp_fl/myopacus/grad_sample/grad_sample_module.py", line 57, in create_or_accumulate_grad_sample
    param._current_grad_sample = torch.zeros(
torch.cuda.OutOfMemoryError: CUDA out of memory. Tried to allocate 288.00 MiB (GPU 0; 9.66 GiB total capacity; 4.40 GiB already allocated; 117.06 MiB free; 9.08 GiB reserved in total by PyTorch) If reserved memory is >> allocated memory try setting max_split_size_mb to avoid fragmentation.  See documentation for Memory Management and PYTORCH_CUDA_ALLOC_CONF
Finished seed 42
----------------------------------------
=== Running reg_param=0.001, num_steps=30 ===
Running seed 42
/Users/shegao_t1/DP_Research/Personal_DP_Personal_FL/rpdp_fl/experiments/datasets/fed_cifar10/dirichlet_10_alpha_5
 We run FedAvg with rPDP (ThreeLevels-0) ...
max_epsilon :  10.0  noise_multiplier :  11.4404296875
The R-Squared value of the best-fit curve : 0.9998649040687166
learning rate =  0.001
sample_rate: (min) 0.03, (max) 0.6, expected_batch_size: 108
sample_rate: (min) 0.03, (max) 0.6, expected_batch_size: 512
sample_rate: (min) 0.03, (max) 0.6, expected_batch_size: 251
sample_rate: (min) 0.03, (max) 0.6, expected_batch_size: 400
sample_rate: (min) 0.03, (max) 0.6, expected_batch_size: 226
sample_rate: (min) 0.03, (max) 0.6, expected_batch_size: 523
sample_rate: (min) 0.03, (max) 0.6, expected_batch_size: 421
sample_rate: (min) 0.03, (max) 0.6, expected_batch_size: 778
sample_rate: (min) 0.03, (max) 0.6, expected_batch_size: 237
sample_rate: (min) 0.03, (max) 0.6, expected_batch_size: 121
initial privacy cost of all clients:  [0, 0, 0, 0, 0, 0, 0, 0, 0, 0]
Round=0
Round=1
Round=2
Round=3
Round=4
Round=5
Round=6
Round=7
Round=8
Round=9
Round=10
Round=11
Round=12
Round=13
Round=14
current privacy cost of all clients:  [4.896127762871594, 4.179701435149603, 3.940892659242272, 4.418510211056934, 4.896127762871594, 4.418510211056934, 4.896127762871594, 5.10082093327143, 4.896127762871594, 4.657318986964264]
Round=14, per client global perf=[0.1362, 0.2185, 0.1477, 0.2746, 0.3748, 0.2639, 0.2382, 0.3378, 0.3286, 0.1183], mean perf=4524/17005 (0.2660%)
Round=14, per client personal perf=[0.5603, 0.4324, 0.5805, 0.7075, 0.564, 0.4747, 0.5395, 0.4539, 0.4597, 0.5826], mean perf=8776/17005 (0.5161%)
Round=14, per client personal pooled=[0.2306, 0.1204, 0.1824, 0.1784, 0.2202, 0.1856, 0.2246, 0.27, 0.2101, 0.1956], mean perf=34312/170050 (0.2018%)
Mean performance of ditto rpdp global, Perf=0.2623
Mean performance of ditto rpdp personal, Perf=0.5062
Mean performance of ditto rpdp pooled, Perf=0.2017
 We run FedAvg with rPDP (BoundedPareto-0) ...
max_epsilon :  10.0  noise_multiplier :  11.4404296875
The R-Squared value of the best-fit curve : 0.9998649040687166
learning rate =  0.001
sample_rate: (min) 0.03, (max) 0.76, expected_batch_size: 70
sample_rate: (min) 0.03, (max) 0.69, expected_batch_size: 339
sample_rate: (min) 0.03, (max) 0.66, expected_batch_size: 163
sample_rate: (min) 0.03, (max) 0.74, expected_batch_size: 262
sample_rate: (min) 0.03, (max) 0.56, expected_batch_size: 153
sample_rate: (min) 0.03, (max) 1.0, expected_batch_size: 351
sample_rate: (min) 0.03, (max) 0.94, expected_batch_size: 293
sample_rate: (min) 0.03, (max) 0.75, expected_batch_size: 510
sample_rate: (min) 0.03, (max) 0.77, expected_batch_size: 161
sample_rate: (min) 0.03, (max) 0.53, expected_batch_size: 80
initial privacy cost of all clients:  [0, 0, 0, 0, 0, 0, 0, 0, 0, 0]
Round=0
Round=1
Round=2
Round=3
Round=4
Traceback (most recent call last):
  File "ditto_rpdp.py", line 188, in <module>
    cm, perf_global, perf_personal, perf_pooled = s.run()
  File "/Volumes/Users/shegao_t1/DP_Research/Personal_DP_Personal_FL/rpdp_fl/myopacus/strategies/ditto.py", line 436, in run
    self.perform_round()
  File "/Volumes/Users/shegao_t1/DP_Research/Personal_DP_Personal_FL/rpdp_fl/myopacus/strategies/ditto.py", line 359, in perform_round
    self._local_optimization(local_model)
  File "/Volumes/Users/shegao_t1/DP_Research/Personal_DP_Personal_FL/rpdp_fl/myopacus/strategies/ditto.py", line 269, in _local_optimization
    _model._local_train(self.num_steps, \
  File "/Volumes/Users/shegao_t1/DP_Research/Personal_DP_Personal_FL/rpdp_fl/myopacus/strategies/strategies_utils.py", line 190, in _local_train
    loss.backward()
  File "/Volumes/Users/shegao_t1/.conda/envs/rpdp/lib/python3.8/site-packages/torch/_tensor.py", line 488, in backward
    torch.autograd.backward(
  File "/Volumes/Users/shegao_t1/.conda/envs/rpdp/lib/python3.8/site-packages/torch/autograd/__init__.py", line 197, in backward
    Variable._execution_engine.run_backward(  # Calls into the C++ engine to run the backward pass
  File "/Volumes/Users/shegao_t1/.conda/envs/rpdp/lib/python3.8/site-packages/torch/nn/modules/module.py", line 62, in __call__
    return self.hook(module, *args, **kwargs)
  File "/Volumes/Users/shegao_t1/DP_Research/Personal_DP_Personal_FL/rpdp_fl/myopacus/grad_sample/grad_sample_module.py", line 340, in capture_backprops_hook
    create_or_accumulate_grad_sample(
  File "/Volumes/Users/shegao_t1/DP_Research/Personal_DP_Personal_FL/rpdp_fl/myopacus/grad_sample/grad_sample_module.py", line 57, in create_or_accumulate_grad_sample
    param._current_grad_sample = torch.zeros(
torch.cuda.OutOfMemoryError: CUDA out of memory. Tried to allocate 288.00 MiB (GPU 0; 9.66 GiB total capacity; 4.40 GiB already allocated; 117.06 MiB free; 9.08 GiB reserved in total by PyTorch) If reserved memory is >> allocated memory try setting max_split_size_mb to avoid fragmentation.  See documentation for Memory Management and PYTORCH_CUDA_ALLOC_CONF
Finished seed 42
----------------------------------------
=== Running reg_param=0.01, num_steps=15 ===
Running seed 42
