PARAMS: dataset=fashion_mnist, gpu=0, data_type=iid_10
=== Running reg_param=0, num_steps=15 ===
Running seed 42
/Users/shegao_t1/DP_Research/Personal_DP_Personal_FL/rpdp_fl/experiments/datasets/fed_fashion_mnist/iid_10
 We run FedAvg with rPDP (ThreeLevels-0) ...
max_epsilon :  10.0  noise_multiplier :  9.736328125
The R-Squared value of the best-fit curve : 0.999749898528281
learning rate =  0.001
sample_rate: (min) 0.03, (max) 0.61, expected_batch_size: 435
sample_rate: (min) 0.03, (max) 0.61, expected_batch_size: 435
sample_rate: (min) 0.03, (max) 0.61, expected_batch_size: 435
sample_rate: (min) 0.03, (max) 0.61, expected_batch_size: 435
sample_rate: (min) 0.03, (max) 0.61, expected_batch_size: 435
sample_rate: (min) 0.03, (max) 0.61, expected_batch_size: 435
sample_rate: (min) 0.03, (max) 0.61, expected_batch_size: 435
sample_rate: (min) 0.03, (max) 0.61, expected_batch_size: 435
sample_rate: (min) 0.03, (max) 0.61, expected_batch_size: 435
sample_rate: (min) 0.03, (max) 0.61, expected_batch_size: 435
initial privacy cost of all clients:  [0, 0, 0, 0, 0, 0, 0, 0, 0, 0]
Round=0
Round=1
Round=2
Round=3
Round=4
Round=5
Round=6
Round=7
Round=8
Round=9
Round=10
Round=11
Round=12
Round=13
Round=14
current privacy cost of all clients:  [3.554611437795162, 3.554611437795162, 2.8039339861853394, 3.3043856205918876, 3.8048372549984366, 3.554611437795162, 3.8048372549984366, 4.055063072201711, 4.305288889404985, 3.0541598033886133]
Round=14, per client global perf=[0.6598, 0.6574, 0.6578, 0.6471, 0.6549, 0.6544, 0.6608, 0.6294, 0.6402, 0.6422], mean perf=13268/20400 (0.6504%)
Round=14, per client personal perf=[0.752, 0.749, 0.7039, 0.723, 0.7559, 0.7588, 0.7775, 0.7407, 0.7382, 0.7475], mean perf=15191/20400 (0.7447%)
Round=14, per client personal pooled=[0.7426, 0.7555, 0.6949, 0.7255, 0.7617, 0.7592, 0.7675, 0.75, 0.7511, 0.7449], mean perf=152038/204000 (0.7453%)
Mean performance of ditto rpdp global, Perf=0.6398
Mean performance of ditto rpdp personal, Perf=0.7399
Mean performance of ditto rpdp pooled, Perf=0.7401
 We run FedAvg with rPDP (BoundedPareto-0) ...
max_epsilon :  10.0  noise_multiplier :  9.736328125
The R-Squared value of the best-fit curve : 0.999749898528281
learning rate =  0.001
sample_rate: (min) 0.03, (max) 0.76, expected_batch_size: 293
sample_rate: (min) 0.03, (max) 0.67, expected_batch_size: 288
sample_rate: (min) 0.03, (max) 0.74, expected_batch_size: 289
sample_rate: (min) 0.03, (max) 0.98, expected_batch_size: 296
sample_rate: (min) 0.03, (max) 0.89, expected_batch_size: 303
sample_rate: (min) 0.03, (max) 0.93, expected_batch_size: 304
sample_rate: (min) 0.03, (max) 0.71, expected_batch_size: 290
sample_rate: (min) 0.03, (max) 0.77, expected_batch_size: 291
sample_rate: (min) 0.03, (max) 0.81, expected_batch_size: 290
sample_rate: (min) 0.03, (max) 0.62, expected_batch_size: 292
initial privacy cost of all clients:  [0, 0, 0, 0, 0, 0, 0, 0, 0, 0]
Round=0
Round=1
Round=2
Round=3
Round=4
Round=5
Round=6
Round=7
Round=8
Round=9
Round=10
Round=11
Round=12
Round=13
Round=14
current privacy cost of all clients:  [4.752415310075706, 4.054591694157598, 3.568320227772049, 6.0748074655109106, 6.1328811134891685, 6.124702222350012, 4.644301020258078, 5.38567160950761, 6.049312363510402, 3.1533820324004593]
Round=14, per client global perf=[0.6441, 0.6324, 0.6279, 0.6245, 0.6284, 0.6284, 0.6284, 0.6054, 0.6176, 0.6186], mean perf=12762/20400 (0.6256%)
Round=14, per client personal perf=[0.7632, 0.748, 0.7284, 0.7539, 0.7417, 0.7368, 0.7799, 0.7275, 0.7505, 0.7549], mean perf=15269/20400 (0.7485%)
Round=14, per client personal pooled=[0.7512, 0.7592, 0.7176, 0.755, 0.7448, 0.7375, 0.7672, 0.7496, 0.7612, 0.7489], mean perf=152841/204000 (0.7492%)
Mean performance of ditto rpdp global, Perf=0.6148
Mean performance of ditto rpdp personal, Perf=0.7455
Mean performance of ditto rpdp pooled, Perf=0.7444
 We run FedAvg with rPDP (BoundedMixGauss-0) ...
max_epsilon :  10.0  noise_multiplier :  9.736328125
The R-Squared value of the best-fit curve : 0.999749898528281
learning rate =  0.001
sample_rate: (min) 0.03, (max) 0.72, expected_batch_size: 410
sample_rate: (min) 0.03, (max) 0.79, expected_batch_size: 452
sample_rate: (min) 0.03, (max) 0.71, expected_batch_size: 444
sample_rate: (min) 0.03, (max) 0.72, expected_batch_size: 429
sample_rate: (min) 0.03, (max) 0.72, expected_batch_size: 439
sample_rate: (min) 0.03, (max) 0.74, expected_batch_size: 447
sample_rate: (min) 0.03, (max) 0.73, expected_batch_size: 448
sample_rate: (min) 0.03, (max) 0.71, expected_batch_size: 448
sample_rate: (min) 0.03, (max) 0.74, expected_batch_size: 443
sample_rate: (min) 0.03, (max) 0.73, expected_batch_size: 428
initial privacy cost of all clients:  [0, 0, 0, 0, 0, 0, 0, 0, 0, 0]
Round=0
Round=1
Round=2
Round=3
Round=4
Round=5
Round=6
Round=7
Round=8
Round=9
Round=10
Round=11
Round=12
Round=13
Round=14
current privacy cost of all clients:  [4.452560630310308, 4.989186002268105, 3.3873239087081313, 4.232126556619421, 4.743771711921414, 4.635185435148208, 4.820354613545777, 4.869430286915287, 5.357871969683328, 3.8727212988002124]
Round=14, per client global perf=[0.6534, 0.6539, 0.6475, 0.6402, 0.649, 0.649, 0.6505, 0.6186, 0.6309, 0.6377], mean perf=13119/20400 (0.6431%)
Round=14, per client personal perf=[0.7505, 0.7495, 0.7338, 0.7574, 0.7632, 0.7485, 0.776, 0.7505, 0.7544, 0.748], mean perf=15365/20400 (0.7532%)
Round=14, per client personal pooled=[0.7452, 0.7525, 0.7237, 0.7441, 0.7574, 0.7475, 0.7637, 0.7645, 0.7671, 0.7461], mean perf=153240/204000 (0.7512%)
Mean performance of ditto rpdp global, Perf=0.6284
Mean performance of ditto rpdp personal, Perf=0.7504
Mean performance of ditto rpdp pooled, Perf=0.7478
Finished seed 42
----------------------------------------
=== Running reg_param=0, num_steps=30 ===
Running seed 42
/Users/shegao_t1/DP_Research/Personal_DP_Personal_FL/rpdp_fl/experiments/datasets/fed_fashion_mnist/iid_10
 We run FedAvg with rPDP (ThreeLevels-0) ...
max_epsilon :  10.0  noise_multiplier :  9.736328125
The R-Squared value of the best-fit curve : 0.999749898528281
learning rate =  0.001
sample_rate: (min) 0.03, (max) 0.61, expected_batch_size: 435
sample_rate: (min) 0.03, (max) 0.61, expected_batch_size: 435
sample_rate: (min) 0.03, (max) 0.61, expected_batch_size: 435
sample_rate: (min) 0.03, (max) 0.61, expected_batch_size: 435
sample_rate: (min) 0.03, (max) 0.61, expected_batch_size: 435
sample_rate: (min) 0.03, (max) 0.61, expected_batch_size: 435
sample_rate: (min) 0.03, (max) 0.61, expected_batch_size: 435
sample_rate: (min) 0.03, (max) 0.61, expected_batch_size: 435
sample_rate: (min) 0.03, (max) 0.61, expected_batch_size: 435
sample_rate: (min) 0.03, (max) 0.61, expected_batch_size: 435
initial privacy cost of all clients:  [0, 0, 0, 0, 0, 0, 0, 0, 0, 0]
Round=0
Round=1
Round=2
Round=3
Round=4
Round=5
Round=6
Round=7
Round=8
Round=9
Round=10
Round=11
Round=12
Round=13
Round=14
current privacy cost of all clients:  [3.554611437795162, 3.554611437795162, 2.8039339861853394, 3.3043856205918876, 3.8048372549984366, 3.554611437795162, 3.8048372549984366, 4.055063072201711, 4.305288889404985, 3.0541598033886133]
Round=14, per client global perf=[0.6598, 0.6574, 0.6578, 0.6471, 0.6549, 0.6544, 0.6608, 0.6294, 0.6402, 0.6422], mean perf=13268/20400 (0.6504%)
Round=14, per client personal perf=[0.7858, 0.7946, 0.7662, 0.7765, 0.7858, 0.7799, 0.7961, 0.7706, 0.7814, 0.7706], mean perf=15927/20400 (0.7807%)
Round=14, per client personal pooled=[0.7825, 0.7942, 0.7605, 0.773, 0.7967, 0.7744, 0.7884, 0.777, 0.7809, 0.7697], mean perf=159064/204000 (0.7797%)
Mean performance of ditto rpdp global, Perf=0.6398
Mean performance of ditto rpdp personal, Perf=0.7761
Mean performance of ditto rpdp pooled, Perf=0.7756
 We run FedAvg with rPDP (BoundedPareto-0) ...
max_epsilon :  10.0  noise_multiplier :  9.736328125
The R-Squared value of the best-fit curve : 0.999749898528281
learning rate =  0.001
sample_rate: (min) 0.03, (max) 0.76, expected_batch_size: 293
sample_rate: (min) 0.03, (max) 0.67, expected_batch_size: 288
sample_rate: (min) 0.03, (max) 0.74, expected_batch_size: 289
sample_rate: (min) 0.03, (max) 0.98, expected_batch_size: 296
sample_rate: (min) 0.03, (max) 0.89, expected_batch_size: 303
sample_rate: (min) 0.03, (max) 0.93, expected_batch_size: 304
sample_rate: (min) 0.03, (max) 0.71, expected_batch_size: 290
sample_rate: (min) 0.03, (max) 0.77, expected_batch_size: 291
sample_rate: (min) 0.03, (max) 0.81, expected_batch_size: 290
sample_rate: (min) 0.03, (max) 0.62, expected_batch_size: 292
initial privacy cost of all clients:  [0, 0, 0, 0, 0, 0, 0, 0, 0, 0]
Round=0
Round=1
Round=2
Round=3
Round=4
Round=5
Round=6
Round=7
Round=8
Round=9
Round=10
Round=11
Round=12
Round=13
Round=14
current privacy cost of all clients:  [4.752415310075706, 4.054591694157598, 3.568320227772049, 6.0748074655109106, 6.1328811134891685, 6.124702222350012, 4.644301020258078, 5.38567160950761, 6.049312363510402, 3.1533820324004593]
Round=14, per client global perf=[0.6441, 0.6324, 0.6279, 0.6245, 0.6284, 0.6284, 0.6284, 0.6054, 0.6176, 0.6186], mean perf=12762/20400 (0.6256%)
Round=14, per client personal perf=[0.7917, 0.7608, 0.7843, 0.7838, 0.7843, 0.7598, 0.8074, 0.7784, 0.7951, 0.7632], mean perf=15930/20400 (0.7809%)
Round=14, per client personal pooled=[0.784, 0.7753, 0.7681, 0.7786, 0.7875, 0.7672, 0.7901, 0.7917, 0.7948, 0.7589], mean perf=159040/204000 (0.7796%)
Mean performance of ditto rpdp global, Perf=0.6148
Mean performance of ditto rpdp personal, Perf=0.7758
Mean performance of ditto rpdp pooled, Perf=0.7759
 We run FedAvg with rPDP (BoundedMixGauss-0) ...
max_epsilon :  10.0  noise_multiplier :  9.736328125
The R-Squared value of the best-fit curve : 0.999749898528281
learning rate =  0.001
sample_rate: (min) 0.03, (max) 0.72, expected_batch_size: 410
sample_rate: (min) 0.03, (max) 0.79, expected_batch_size: 452
sample_rate: (min) 0.03, (max) 0.71, expected_batch_size: 444
sample_rate: (min) 0.03, (max) 0.72, expected_batch_size: 429
sample_rate: (min) 0.03, (max) 0.72, expected_batch_size: 439
sample_rate: (min) 0.03, (max) 0.74, expected_batch_size: 447
sample_rate: (min) 0.03, (max) 0.73, expected_batch_size: 448
sample_rate: (min) 0.03, (max) 0.71, expected_batch_size: 448
sample_rate: (min) 0.03, (max) 0.74, expected_batch_size: 443
sample_rate: (min) 0.03, (max) 0.73, expected_batch_size: 428
initial privacy cost of all clients:  [0, 0, 0, 0, 0, 0, 0, 0, 0, 0]
Round=0
Round=1
Round=2
Round=3
Round=4
Round=5
Round=6
Round=7
Round=8
Round=9
Round=10
Round=11
Round=12
Round=13
Round=14
current privacy cost of all clients:  [4.452560630310308, 4.989186002268105, 3.3873239087081313, 4.232126556619421, 4.743771711921414, 4.635185435148208, 4.820354613545777, 4.869430286915287, 5.357871969683328, 3.8727212988002124]
Round=14, per client global perf=[0.6534, 0.6539, 0.6475, 0.6402, 0.649, 0.649, 0.6505, 0.6186, 0.6309, 0.6377], mean perf=13119/20400 (0.6431%)
Round=14, per client personal perf=[0.7887, 0.773, 0.7691, 0.7873, 0.7931, 0.7877, 0.8103, 0.7882, 0.7863, 0.7716], mean perf=16025/20400 (0.7855%)
Round=14, per client personal pooled=[0.7755, 0.7851, 0.7647, 0.7801, 0.7917, 0.7919, 0.7917, 0.803, 0.7944, 0.77], mean perf=160099/204000 (0.7848%)
Mean performance of ditto rpdp global, Perf=0.6284
Mean performance of ditto rpdp personal, Perf=0.7792
Mean performance of ditto rpdp pooled, Perf=0.7798
Finished seed 42
----------------------------------------
=== Running reg_param=0.001, num_steps=15 ===
Running seed 42
/Users/shegao_t1/DP_Research/Personal_DP_Personal_FL/rpdp_fl/experiments/datasets/fed_fashion_mnist/iid_10
 We run FedAvg with rPDP (ThreeLevels-0) ...
max_epsilon :  10.0  noise_multiplier :  9.736328125
The R-Squared value of the best-fit curve : 0.999749898528281
learning rate =  0.001
sample_rate: (min) 0.03, (max) 0.61, expected_batch_size: 435
sample_rate: (min) 0.03, (max) 0.61, expected_batch_size: 435
sample_rate: (min) 0.03, (max) 0.61, expected_batch_size: 435
sample_rate: (min) 0.03, (max) 0.61, expected_batch_size: 435
sample_rate: (min) 0.03, (max) 0.61, expected_batch_size: 435
sample_rate: (min) 0.03, (max) 0.61, expected_batch_size: 435
sample_rate: (min) 0.03, (max) 0.61, expected_batch_size: 435
sample_rate: (min) 0.03, (max) 0.61, expected_batch_size: 435
sample_rate: (min) 0.03, (max) 0.61, expected_batch_size: 435
sample_rate: (min) 0.03, (max) 0.61, expected_batch_size: 435
initial privacy cost of all clients:  [0, 0, 0, 0, 0, 0, 0, 0, 0, 0]
Round=0
Round=1
Round=2
Round=3
Round=4
Round=5
Round=6
Round=7
Round=8
Round=9
Round=10
Round=11
Round=12
Round=13
Round=14
current privacy cost of all clients:  [3.554611437795162, 3.554611437795162, 2.8039339861853394, 3.3043856205918876, 3.8048372549984366, 3.554611437795162, 3.8048372549984366, 4.055063072201711, 4.305288889404985, 3.0541598033886133]
Round=14, per client global perf=[0.6598, 0.6574, 0.6578, 0.6471, 0.6549, 0.6544, 0.6608, 0.6294, 0.6402, 0.6422], mean perf=13268/20400 (0.6504%)
Round=14, per client personal perf=[0.75, 0.7461, 0.7157, 0.7265, 0.7564, 0.7647, 0.7755, 0.7412, 0.7402, 0.748], mean perf=15227/20400 (0.7464%)
Round=14, per client personal pooled=[0.7385, 0.7551, 0.7076, 0.7279, 0.7634, 0.7575, 0.7686, 0.754, 0.7517, 0.7459], mean perf=152394/204000 (0.7470%)
Mean performance of ditto rpdp global, Perf=0.6398
Mean performance of ditto rpdp personal, Perf=0.7419
Mean performance of ditto rpdp pooled, Perf=0.7418
 We run FedAvg with rPDP (BoundedPareto-0) ...
max_epsilon :  10.0  noise_multiplier :  9.736328125
The R-Squared value of the best-fit curve : 0.999749898528281
learning rate =  0.001
sample_rate: (min) 0.03, (max) 0.76, expected_batch_size: 293
sample_rate: (min) 0.03, (max) 0.67, expected_batch_size: 288
sample_rate: (min) 0.03, (max) 0.74, expected_batch_size: 289
sample_rate: (min) 0.03, (max) 0.98, expected_batch_size: 296
sample_rate: (min) 0.03, (max) 0.89, expected_batch_size: 303
sample_rate: (min) 0.03, (max) 0.93, expected_batch_size: 304
sample_rate: (min) 0.03, (max) 0.71, expected_batch_size: 290
sample_rate: (min) 0.03, (max) 0.77, expected_batch_size: 291
sample_rate: (min) 0.03, (max) 0.81, expected_batch_size: 290
sample_rate: (min) 0.03, (max) 0.62, expected_batch_size: 292
initial privacy cost of all clients:  [0, 0, 0, 0, 0, 0, 0, 0, 0, 0]
Round=0
Round=1
Round=2
Round=3
Round=4
Round=5
Round=6
Round=7
Round=8
Round=9
Round=10
Round=11
Round=12
Round=13
Round=14
current privacy cost of all clients:  [4.752415310075706, 4.054591694157598, 3.568320227772049, 6.0748074655109106, 6.1328811134891685, 6.124702222350012, 4.644301020258078, 5.38567160950761, 6.049312363510402, 3.1533820324004593]
Round=14, per client global perf=[0.6441, 0.6324, 0.6279, 0.6245, 0.6284, 0.6284, 0.6284, 0.6054, 0.6176, 0.6186], mean perf=12762/20400 (0.6256%)
Round=14, per client personal perf=[0.7642, 0.748, 0.7275, 0.7554, 0.7412, 0.7319, 0.773, 0.7221, 0.7564, 0.7588], mean perf=15256/20400 (0.7478%)
Round=14, per client personal pooled=[0.7527, 0.7623, 0.7163, 0.7553, 0.7433, 0.7347, 0.7596, 0.7455, 0.7661, 0.7508], mean perf=152727/204000 (0.7487%)
Mean performance of ditto rpdp global, Perf=0.6148
Mean performance of ditto rpdp personal, Perf=0.7451
Mean performance of ditto rpdp pooled, Perf=0.7439
 We run FedAvg with rPDP (BoundedMixGauss-0) ...
max_epsilon :  10.0  noise_multiplier :  9.736328125
The R-Squared value of the best-fit curve : 0.999749898528281
learning rate =  0.001
sample_rate: (min) 0.03, (max) 0.72, expected_batch_size: 410
sample_rate: (min) 0.03, (max) 0.79, expected_batch_size: 452
sample_rate: (min) 0.03, (max) 0.71, expected_batch_size: 444
sample_rate: (min) 0.03, (max) 0.72, expected_batch_size: 429
sample_rate: (min) 0.03, (max) 0.72, expected_batch_size: 439
sample_rate: (min) 0.03, (max) 0.74, expected_batch_size: 447
sample_rate: (min) 0.03, (max) 0.73, expected_batch_size: 448
sample_rate: (min) 0.03, (max) 0.71, expected_batch_size: 448
sample_rate: (min) 0.03, (max) 0.74, expected_batch_size: 443
sample_rate: (min) 0.03, (max) 0.73, expected_batch_size: 428
initial privacy cost of all clients:  [0, 0, 0, 0, 0, 0, 0, 0, 0, 0]
Round=0
Round=1
Round=2
Round=3
Round=4
Round=5
Round=6
Round=7
Round=8
Round=9
Round=10
Round=11
Round=12
Round=13
Round=14
current privacy cost of all clients:  [4.452560630310308, 4.989186002268105, 3.3873239087081313, 4.232126556619421, 4.743771711921414, 4.635185435148208, 4.820354613545777, 4.869430286915287, 5.357871969683328, 3.8727212988002124]
Round=14, per client global perf=[0.6534, 0.6539, 0.6475, 0.6402, 0.649, 0.649, 0.6505, 0.6186, 0.6309, 0.6377], mean perf=13119/20400 (0.6431%)
Round=14, per client personal perf=[0.7534, 0.7505, 0.7333, 0.7559, 0.7603, 0.7549, 0.7794, 0.7471, 0.7588, 0.7525], mean perf=15394/20400 (0.7546%)
Round=14, per client personal pooled=[0.7476, 0.7528, 0.7233, 0.7448, 0.7548, 0.7497, 0.7669, 0.7643, 0.769, 0.7488], mean perf=153446/204000 (0.7522%)
Mean performance of ditto rpdp global, Perf=0.6284
Mean performance of ditto rpdp personal, Perf=0.7499
Mean performance of ditto rpdp pooled, Perf=0.7476
Finished seed 42
----------------------------------------
=== Running reg_param=0.001, num_steps=30 ===
Running seed 42
/Users/shegao_t1/DP_Research/Personal_DP_Personal_FL/rpdp_fl/experiments/datasets/fed_fashion_mnist/iid_10
 We run FedAvg with rPDP (ThreeLevels-0) ...
max_epsilon :  10.0  noise_multiplier :  9.736328125
The R-Squared value of the best-fit curve : 0.999749898528281
learning rate =  0.001
sample_rate: (min) 0.03, (max) 0.61, expected_batch_size: 435
sample_rate: (min) 0.03, (max) 0.61, expected_batch_size: 435
sample_rate: (min) 0.03, (max) 0.61, expected_batch_size: 435
sample_rate: (min) 0.03, (max) 0.61, expected_batch_size: 435
sample_rate: (min) 0.03, (max) 0.61, expected_batch_size: 435
sample_rate: (min) 0.03, (max) 0.61, expected_batch_size: 435
sample_rate: (min) 0.03, (max) 0.61, expected_batch_size: 435
sample_rate: (min) 0.03, (max) 0.61, expected_batch_size: 435
sample_rate: (min) 0.03, (max) 0.61, expected_batch_size: 435
sample_rate: (min) 0.03, (max) 0.61, expected_batch_size: 435
initial privacy cost of all clients:  [0, 0, 0, 0, 0, 0, 0, 0, 0, 0]
Round=0
Round=1
Round=2
Round=3
Round=4
Round=5
Round=6
Round=7
Round=8
Round=9
Round=10
Round=11
Round=12
Round=13
Round=14
current privacy cost of all clients:  [3.554611437795162, 3.554611437795162, 2.8039339861853394, 3.3043856205918876, 3.8048372549984366, 3.554611437795162, 3.8048372549984366, 4.055063072201711, 4.305288889404985, 3.0541598033886133]
Round=14, per client global perf=[0.6598, 0.6574, 0.6578, 0.6471, 0.6549, 0.6544, 0.6608, 0.6294, 0.6402, 0.6422], mean perf=13268/20400 (0.6504%)
Round=14, per client personal perf=[0.7882, 0.7858, 0.7485, 0.774, 0.7877, 0.7814, 0.7966, 0.7745, 0.7892, 0.776], mean perf=15916/20400 (0.7802%)
Round=14, per client personal pooled=[0.7828, 0.7908, 0.7467, 0.7729, 0.7983, 0.7799, 0.7859, 0.7777, 0.7854, 0.7723], mean perf=158970/204000 (0.7793%)
Mean performance of ditto rpdp global, Perf=0.6398
Mean performance of ditto rpdp personal, Perf=0.7745
Mean performance of ditto rpdp pooled, Perf=0.7751
 We run FedAvg with rPDP (BoundedPareto-0) ...
max_epsilon :  10.0  noise_multiplier :  9.736328125
The R-Squared value of the best-fit curve : 0.999749898528281
learning rate =  0.001
sample_rate: (min) 0.03, (max) 0.76, expected_batch_size: 293
sample_rate: (min) 0.03, (max) 0.67, expected_batch_size: 288
sample_rate: (min) 0.03, (max) 0.74, expected_batch_size: 289
sample_rate: (min) 0.03, (max) 0.98, expected_batch_size: 296
sample_rate: (min) 0.03, (max) 0.89, expected_batch_size: 303
sample_rate: (min) 0.03, (max) 0.93, expected_batch_size: 304
sample_rate: (min) 0.03, (max) 0.71, expected_batch_size: 290
sample_rate: (min) 0.03, (max) 0.77, expected_batch_size: 291
sample_rate: (min) 0.03, (max) 0.81, expected_batch_size: 290
sample_rate: (min) 0.03, (max) 0.62, expected_batch_size: 292
initial privacy cost of all clients:  [0, 0, 0, 0, 0, 0, 0, 0, 0, 0]
Round=0
Round=1
Round=2
Round=3
Round=4
Round=5
Round=6
Round=7
Round=8
Round=9
Round=10
Round=11
Round=12
Round=13
Round=14
current privacy cost of all clients:  [4.752415310075706, 4.054591694157598, 3.568320227772049, 6.0748074655109106, 6.1328811134891685, 6.124702222350012, 4.644301020258078, 5.38567160950761, 6.049312363510402, 3.1533820324004593]
Round=14, per client global perf=[0.6441, 0.6324, 0.6279, 0.6245, 0.6284, 0.6284, 0.6284, 0.6054, 0.6176, 0.6186], mean perf=12762/20400 (0.6256%)
Round=14, per client personal perf=[0.7917, 0.7608, 0.776, 0.7828, 0.7848, 0.7613, 0.8064, 0.776, 0.8005, 0.7623], mean perf=15917/20400 (0.7802%)
Round=14, per client personal pooled=[0.7872, 0.7743, 0.7597, 0.7785, 0.7864, 0.7679, 0.7865, 0.792, 0.7979, 0.7567], mean perf=158856/204000 (0.7787%)
Mean performance of ditto rpdp global, Perf=0.6148
Mean performance of ditto rpdp personal, Perf=0.7768
Mean performance of ditto rpdp pooled, Perf=0.7761
 We run FedAvg with rPDP (BoundedMixGauss-0) ...
max_epsilon :  10.0  noise_multiplier :  9.736328125
The R-Squared value of the best-fit curve : 0.999749898528281
learning rate =  0.001
sample_rate: (min) 0.03, (max) 0.72, expected_batch_size: 410
sample_rate: (min) 0.03, (max) 0.79, expected_batch_size: 452
sample_rate: (min) 0.03, (max) 0.71, expected_batch_size: 444
sample_rate: (min) 0.03, (max) 0.72, expected_batch_size: 429
sample_rate: (min) 0.03, (max) 0.72, expected_batch_size: 439
sample_rate: (min) 0.03, (max) 0.74, expected_batch_size: 447
sample_rate: (min) 0.03, (max) 0.73, expected_batch_size: 448
sample_rate: (min) 0.03, (max) 0.71, expected_batch_size: 448
sample_rate: (min) 0.03, (max) 0.74, expected_batch_size: 443
sample_rate: (min) 0.03, (max) 0.73, expected_batch_size: 428
initial privacy cost of all clients:  [0, 0, 0, 0, 0, 0, 0, 0, 0, 0]
Round=0
Round=1
Round=2
Round=3
Round=4
Round=5
Round=6
Round=7
Round=8
Round=9
Round=10
Round=11
Round=12
Round=13
Round=14
current privacy cost of all clients:  [4.452560630310308, 4.989186002268105, 3.3873239087081313, 4.232126556619421, 4.743771711921414, 4.635185435148208, 4.820354613545777, 4.869430286915287, 5.357871969683328, 3.8727212988002124]
Round=14, per client global perf=[0.6534, 0.6539, 0.6475, 0.6402, 0.649, 0.649, 0.6505, 0.6186, 0.6309, 0.6377], mean perf=13119/20400 (0.6431%)
Round=14, per client personal perf=[0.7887, 0.775, 0.7686, 0.7882, 0.7882, 0.7887, 0.8054, 0.7902, 0.7843, 0.7691], mean perf=16007/20400 (0.7847%)
Round=14, per client personal pooled=[0.7758, 0.7852, 0.764, 0.7821, 0.794, 0.7919, 0.7905, 0.8024, 0.7919, 0.7683], mean perf=160061/204000 (0.7846%)
Mean performance of ditto rpdp global, Perf=0.6284
Mean performance of ditto rpdp personal, Perf=0.7790
Mean performance of ditto rpdp pooled, Perf=0.7798
Finished seed 42
----------------------------------------
=== Running reg_param=0.01, num_steps=15 ===
Running seed 42
/Users/shegao_t1/DP_Research/Personal_DP_Personal_FL/rpdp_fl/experiments/datasets/fed_fashion_mnist/iid_10
 We run FedAvg with rPDP (ThreeLevels-0) ...
max_epsilon :  10.0  noise_multiplier :  9.736328125
The R-Squared value of the best-fit curve : 0.999749898528281
learning rate =  0.001
sample_rate: (min) 0.03, (max) 0.61, expected_batch_size: 435
sample_rate: (min) 0.03, (max) 0.61, expected_batch_size: 435
sample_rate: (min) 0.03, (max) 0.61, expected_batch_size: 435
sample_rate: (min) 0.03, (max) 0.61, expected_batch_size: 435
sample_rate: (min) 0.03, (max) 0.61, expected_batch_size: 435
sample_rate: (min) 0.03, (max) 0.61, expected_batch_size: 435
sample_rate: (min) 0.03, (max) 0.61, expected_batch_size: 435
sample_rate: (min) 0.03, (max) 0.61, expected_batch_size: 435
sample_rate: (min) 0.03, (max) 0.61, expected_batch_size: 435
sample_rate: (min) 0.03, (max) 0.61, expected_batch_size: 435
initial privacy cost of all clients:  [0, 0, 0, 0, 0, 0, 0, 0, 0, 0]
Round=0
Round=1
Round=2
Round=3
Round=4
Round=5
Round=6
Round=7
Round=8
Round=9
Round=10
Round=11
Round=12
Round=13
Round=14
current privacy cost of all clients:  [3.554611437795162, 3.554611437795162, 2.8039339861853394, 3.3043856205918876, 3.8048372549984366, 3.554611437795162, 3.8048372549984366, 4.055063072201711, 4.305288889404985, 3.0541598033886133]
Round=14, per client global perf=[0.6598, 0.6574, 0.6578, 0.6471, 0.6549, 0.6544, 0.6608, 0.6294, 0.6402, 0.6422], mean perf=13268/20400 (0.6504%)
Round=14, per client personal perf=[0.752, 0.7456, 0.7289, 0.724, 0.751, 0.7696, 0.7745, 0.7475, 0.7471, 0.7456], mean perf=15271/20400 (0.7486%)
Round=14, per client personal pooled=[0.7406, 0.7556, 0.7249, 0.7261, 0.7586, 0.7595, 0.7647, 0.7579, 0.7496, 0.7436], mean perf=152614/204000 (0.7481%)
Mean performance of ditto rpdp global, Perf=0.6398
Mean performance of ditto rpdp personal, Perf=0.7446
Mean performance of ditto rpdp pooled, Perf=0.7438
 We run FedAvg with rPDP (BoundedPareto-0) ...
max_epsilon :  10.0  noise_multiplier :  9.736328125
The R-Squared value of the best-fit curve : 0.999749898528281
learning rate =  0.001
sample_rate: (min) 0.03, (max) 0.76, expected_batch_size: 293
sample_rate: (min) 0.03, (max) 0.67, expected_batch_size: 288
sample_rate: (min) 0.03, (max) 0.74, expected_batch_size: 289
sample_rate: (min) 0.03, (max) 0.98, expected_batch_size: 296
sample_rate: (min) 0.03, (max) 0.89, expected_batch_size: 303
sample_rate: (min) 0.03, (max) 0.93, expected_batch_size: 304
sample_rate: (min) 0.03, (max) 0.71, expected_batch_size: 290
sample_rate: (min) 0.03, (max) 0.77, expected_batch_size: 291
sample_rate: (min) 0.03, (max) 0.81, expected_batch_size: 290
sample_rate: (min) 0.03, (max) 0.62, expected_batch_size: 292
initial privacy cost of all clients:  [0, 0, 0, 0, 0, 0, 0, 0, 0, 0]
Round=0
Round=1
Round=2
Round=3
Round=4
Round=5
Round=6
Round=7
Round=8
Round=9
Round=10
Round=11
Round=12
Round=13
Round=14
current privacy cost of all clients:  [4.752415310075706, 4.054591694157598, 3.568320227772049, 6.0748074655109106, 6.1328811134891685, 6.124702222350012, 4.644301020258078, 5.38567160950761, 6.049312363510402, 3.1533820324004593]
Round=14, per client global perf=[0.6441, 0.6324, 0.6279, 0.6245, 0.6284, 0.6284, 0.6284, 0.6054, 0.6176, 0.6186], mean perf=12762/20400 (0.6256%)
Round=14, per client personal perf=[0.7652, 0.7466, 0.7265, 0.7578, 0.7456, 0.7441, 0.7716, 0.7279, 0.7495, 0.7574], mean perf=15284/20400 (0.7492%)
Round=14, per client personal pooled=[0.755, 0.7617, 0.7145, 0.7565, 0.747, 0.744, 0.7627, 0.7501, 0.7564, 0.7523], mean perf=153003/204000 (0.7500%)
Mean performance of ditto rpdp global, Perf=0.6148
Mean performance of ditto rpdp personal, Perf=0.7457
Mean performance of ditto rpdp pooled, Perf=0.7444
 We run FedAvg with rPDP (BoundedMixGauss-0) ...
max_epsilon :  10.0  noise_multiplier :  9.736328125
The R-Squared value of the best-fit curve : 0.999749898528281
learning rate =  0.001
sample_rate: (min) 0.03, (max) 0.72, expected_batch_size: 410
sample_rate: (min) 0.03, (max) 0.79, expected_batch_size: 452
sample_rate: (min) 0.03, (max) 0.71, expected_batch_size: 444
sample_rate: (min) 0.03, (max) 0.72, expected_batch_size: 429
sample_rate: (min) 0.03, (max) 0.72, expected_batch_size: 439
sample_rate: (min) 0.03, (max) 0.74, expected_batch_size: 447
sample_rate: (min) 0.03, (max) 0.73, expected_batch_size: 448
sample_rate: (min) 0.03, (max) 0.71, expected_batch_size: 448
sample_rate: (min) 0.03, (max) 0.74, expected_batch_size: 443
sample_rate: (min) 0.03, (max) 0.73, expected_batch_size: 428
initial privacy cost of all clients:  [0, 0, 0, 0, 0, 0, 0, 0, 0, 0]
Round=0
Round=1
Round=2
Round=3
Round=4
Round=5
Round=6
Round=7
Round=8
Round=9
Round=10
Round=11
Round=12
Round=13
Round=14
current privacy cost of all clients:  [4.452560630310308, 4.989186002268105, 3.3873239087081313, 4.232126556619421, 4.743771711921414, 4.635185435148208, 4.820354613545777, 4.869430286915287, 5.357871969683328, 3.8727212988002124]
Round=14, per client global perf=[0.6534, 0.6539, 0.6475, 0.6402, 0.649, 0.649, 0.6505, 0.6186, 0.6309, 0.6377], mean perf=13119/20400 (0.6431%)
Round=14, per client personal perf=[0.752, 0.7549, 0.7431, 0.7549, 0.752, 0.7598, 0.7706, 0.7456, 0.7471, 0.7559], mean perf=15373/20400 (0.7536%)
Round=14, per client personal pooled=[0.745, 0.7507, 0.7368, 0.7414, 0.7495, 0.7516, 0.7564, 0.76, 0.7615, 0.7487], mean perf=153034/204000 (0.7502%)
Mean performance of ditto rpdp global, Perf=0.6284
Mean performance of ditto rpdp personal, Perf=0.7477
Mean performance of ditto rpdp pooled, Perf=0.7470
Finished seed 42
----------------------------------------
=== Running reg_param=0.01, num_steps=30 ===
Running seed 42
/Users/shegao_t1/DP_Research/Personal_DP_Personal_FL/rpdp_fl/experiments/datasets/fed_fashion_mnist/iid_10
 We run FedAvg with rPDP (ThreeLevels-0) ...
max_epsilon :  10.0  noise_multiplier :  9.736328125
The R-Squared value of the best-fit curve : 0.999749898528281
learning rate =  0.001
sample_rate: (min) 0.03, (max) 0.61, expected_batch_size: 435
sample_rate: (min) 0.03, (max) 0.61, expected_batch_size: 435
sample_rate: (min) 0.03, (max) 0.61, expected_batch_size: 435
sample_rate: (min) 0.03, (max) 0.61, expected_batch_size: 435
sample_rate: (min) 0.03, (max) 0.61, expected_batch_size: 435
sample_rate: (min) 0.03, (max) 0.61, expected_batch_size: 435
sample_rate: (min) 0.03, (max) 0.61, expected_batch_size: 435
sample_rate: (min) 0.03, (max) 0.61, expected_batch_size: 435
sample_rate: (min) 0.03, (max) 0.61, expected_batch_size: 435
sample_rate: (min) 0.03, (max) 0.61, expected_batch_size: 435
initial privacy cost of all clients:  [0, 0, 0, 0, 0, 0, 0, 0, 0, 0]
Round=0
Round=1
Round=2
Round=3
Round=4
Round=5
Round=6
Round=7
Round=8
Round=9
Round=10
Round=11
Round=12
Round=13
Round=14
current privacy cost of all clients:  [3.554611437795162, 3.554611437795162, 2.8039339861853394, 3.3043856205918876, 3.8048372549984366, 3.554611437795162, 3.8048372549984366, 4.055063072201711, 4.305288889404985, 3.0541598033886133]
Round=14, per client global perf=[0.6598, 0.6574, 0.6578, 0.6471, 0.6549, 0.6544, 0.6608, 0.6294, 0.6402, 0.6422], mean perf=13268/20400 (0.6504%)
Round=14, per client personal perf=[0.7799, 0.7868, 0.7471, 0.7691, 0.7887, 0.777, 0.7804, 0.7686, 0.7814, 0.7667], mean perf=15801/20400 (0.7746%)
Round=14, per client personal pooled=[0.7799, 0.7888, 0.7464, 0.777, 0.7925, 0.7676, 0.7791, 0.7744, 0.7791, 0.7671], mean perf=158140/204000 (0.7752%)
Mean performance of ditto rpdp global, Perf=0.6398
Mean performance of ditto rpdp personal, Perf=0.7712
Mean performance of ditto rpdp pooled, Perf=0.7726
 We run FedAvg with rPDP (BoundedPareto-0) ...
max_epsilon :  10.0  noise_multiplier :  9.736328125
The R-Squared value of the best-fit curve : 0.999749898528281
learning rate =  0.001
sample_rate: (min) 0.03, (max) 0.76, expected_batch_size: 293
sample_rate: (min) 0.03, (max) 0.67, expected_batch_size: 288
sample_rate: (min) 0.03, (max) 0.74, expected_batch_size: 289
sample_rate: (min) 0.03, (max) 0.98, expected_batch_size: 296
sample_rate: (min) 0.03, (max) 0.89, expected_batch_size: 303
sample_rate: (min) 0.03, (max) 0.93, expected_batch_size: 304
sample_rate: (min) 0.03, (max) 0.71, expected_batch_size: 290
sample_rate: (min) 0.03, (max) 0.77, expected_batch_size: 291
sample_rate: (min) 0.03, (max) 0.81, expected_batch_size: 290
sample_rate: (min) 0.03, (max) 0.62, expected_batch_size: 292
initial privacy cost of all clients:  [0, 0, 0, 0, 0, 0, 0, 0, 0, 0]
Round=0
Round=1
Round=2
Round=3
Round=4
Round=5
Round=6
Round=7
Round=8
Round=9
Round=10
Round=11
Round=12
Round=13
Round=14
current privacy cost of all clients:  [4.752415310075706, 4.054591694157598, 3.568320227772049, 6.0748074655109106, 6.1328811134891685, 6.124702222350012, 4.644301020258078, 5.38567160950761, 6.049312363510402, 3.1533820324004593]
Round=14, per client global perf=[0.6441, 0.6324, 0.6279, 0.6245, 0.6284, 0.6284, 0.6284, 0.6054, 0.6176, 0.6186], mean perf=12762/20400 (0.6256%)
Round=14, per client personal perf=[0.7917, 0.7598, 0.7725, 0.7721, 0.7858, 0.7637, 0.7951, 0.7672, 0.7961, 0.7627], mean perf=15844/20400 (0.7767%)
Round=14, per client personal pooled=[0.783, 0.7724, 0.7557, 0.7701, 0.788, 0.7697, 0.7827, 0.7839, 0.7926, 0.7585], mean perf=158234/204000 (0.7757%)
Mean performance of ditto rpdp global, Perf=0.6148
Mean performance of ditto rpdp personal, Perf=0.7713
Mean performance of ditto rpdp pooled, Perf=0.7720
 We run FedAvg with rPDP (BoundedMixGauss-0) ...
max_epsilon :  10.0  noise_multiplier :  9.736328125
The R-Squared value of the best-fit curve : 0.999749898528281
learning rate =  0.001
sample_rate: (min) 0.03, (max) 0.72, expected_batch_size: 410
sample_rate: (min) 0.03, (max) 0.79, expected_batch_size: 452
sample_rate: (min) 0.03, (max) 0.71, expected_batch_size: 444
sample_rate: (min) 0.03, (max) 0.72, expected_batch_size: 429
sample_rate: (min) 0.03, (max) 0.72, expected_batch_size: 439
sample_rate: (min) 0.03, (max) 0.74, expected_batch_size: 447
sample_rate: (min) 0.03, (max) 0.73, expected_batch_size: 448
sample_rate: (min) 0.03, (max) 0.71, expected_batch_size: 448
sample_rate: (min) 0.03, (max) 0.74, expected_batch_size: 443
sample_rate: (min) 0.03, (max) 0.73, expected_batch_size: 428
initial privacy cost of all clients:  [0, 0, 0, 0, 0, 0, 0, 0, 0, 0]
Round=0
Round=1
Round=2
Round=3
Round=4
Round=5
Round=6
Round=7
Round=8
Round=9
Round=10
Round=11
Round=12
Round=13
Round=14
current privacy cost of all clients:  [4.452560630310308, 4.989186002268105, 3.3873239087081313, 4.232126556619421, 4.743771711921414, 4.635185435148208, 4.820354613545777, 4.869430286915287, 5.357871969683328, 3.8727212988002124]
Round=14, per client global perf=[0.6534, 0.6539, 0.6475, 0.6402, 0.649, 0.649, 0.6505, 0.6186, 0.6309, 0.6377], mean perf=13119/20400 (0.6431%)
Round=14, per client personal perf=[0.7819, 0.7706, 0.7696, 0.7853, 0.7966, 0.7833, 0.8039, 0.7794, 0.7853, 0.7676], mean perf=15960/20400 (0.7824%)
Round=14, per client personal pooled=[0.7691, 0.7813, 0.7637, 0.7807, 0.7902, 0.7876, 0.7886, 0.7946, 0.7898, 0.7693], mean perf=159423/204000 (0.7815%)
Mean performance of ditto rpdp global, Perf=0.6284
Mean performance of ditto rpdp personal, Perf=0.7775
Mean performance of ditto rpdp pooled, Perf=0.7767
Finished seed 42
----------------------------------------
=== Running reg_param=0.1, num_steps=15 ===
Running seed 42
/Users/shegao_t1/DP_Research/Personal_DP_Personal_FL/rpdp_fl/experiments/datasets/fed_fashion_mnist/iid_10
 We run FedAvg with rPDP (ThreeLevels-0) ...
max_epsilon :  10.0  noise_multiplier :  9.736328125
The R-Squared value of the best-fit curve : 0.999749898528281
learning rate =  0.001
sample_rate: (min) 0.03, (max) 0.61, expected_batch_size: 435
sample_rate: (min) 0.03, (max) 0.61, expected_batch_size: 435
sample_rate: (min) 0.03, (max) 0.61, expected_batch_size: 435
sample_rate: (min) 0.03, (max) 0.61, expected_batch_size: 435
sample_rate: (min) 0.03, (max) 0.61, expected_batch_size: 435
sample_rate: (min) 0.03, (max) 0.61, expected_batch_size: 435
sample_rate: (min) 0.03, (max) 0.61, expected_batch_size: 435
sample_rate: (min) 0.03, (max) 0.61, expected_batch_size: 435
sample_rate: (min) 0.03, (max) 0.61, expected_batch_size: 435
sample_rate: (min) 0.03, (max) 0.61, expected_batch_size: 435
initial privacy cost of all clients:  [0, 0, 0, 0, 0, 0, 0, 0, 0, 0]
Round=0
Round=1
Round=2
Round=3
Round=4
Round=5
Round=6
Round=7
Round=8
Round=9
Round=10
Round=11
Round=12
Round=13
Round=14
current privacy cost of all clients:  [3.554611437795162, 3.554611437795162, 2.8039339861853394, 3.3043856205918876, 3.8048372549984366, 3.554611437795162, 3.8048372549984366, 4.055063072201711, 4.305288889404985, 3.0541598033886133]
Round=14, per client global perf=[0.6598, 0.6574, 0.6578, 0.6471, 0.6549, 0.6544, 0.6608, 0.6294, 0.6402, 0.6422], mean perf=13268/20400 (0.6504%)
Round=14, per client personal perf=[0.7407, 0.7216, 0.7147, 0.7123, 0.7142, 0.7451, 0.7642, 0.7044, 0.7147, 0.7358], mean perf=14826/20400 (0.7268%)
Round=14, per client personal pooled=[0.7324, 0.7314, 0.7041, 0.7093, 0.726, 0.7404, 0.7522, 0.7165, 0.7212, 0.7359], mean perf=148295/204000 (0.7269%)
Mean performance of ditto rpdp global, Perf=0.6398
Mean performance of ditto rpdp personal, Perf=0.7258
Mean performance of ditto rpdp pooled, Perf=0.7254
 We run FedAvg with rPDP (BoundedPareto-0) ...
max_epsilon :  10.0  noise_multiplier :  9.736328125
The R-Squared value of the best-fit curve : 0.999749898528281
learning rate =  0.001
sample_rate: (min) 0.03, (max) 0.76, expected_batch_size: 293
sample_rate: (min) 0.03, (max) 0.67, expected_batch_size: 288
sample_rate: (min) 0.03, (max) 0.74, expected_batch_size: 289
sample_rate: (min) 0.03, (max) 0.98, expected_batch_size: 296
sample_rate: (min) 0.03, (max) 0.89, expected_batch_size: 303
sample_rate: (min) 0.03, (max) 0.93, expected_batch_size: 304
sample_rate: (min) 0.03, (max) 0.71, expected_batch_size: 290
sample_rate: (min) 0.03, (max) 0.77, expected_batch_size: 291
sample_rate: (min) 0.03, (max) 0.81, expected_batch_size: 290
sample_rate: (min) 0.03, (max) 0.62, expected_batch_size: 292
initial privacy cost of all clients:  [0, 0, 0, 0, 0, 0, 0, 0, 0, 0]
Round=0
Round=1
Round=2
Round=3
Round=4
Round=5
Round=6
Round=7
Round=8
Round=9
Round=10
Round=11
Round=12
Round=13
Round=14
current privacy cost of all clients:  [4.752415310075706, 4.054591694157598, 3.568320227772049, 6.0748074655109106, 6.1328811134891685, 6.124702222350012, 4.644301020258078, 5.38567160950761, 6.049312363510402, 3.1533820324004593]
Round=14, per client global perf=[0.6441, 0.6324, 0.6279, 0.6245, 0.6284, 0.6284, 0.6284, 0.6054, 0.6176, 0.6186], mean perf=12762/20400 (0.6256%)
Round=14, per client personal perf=[0.7436, 0.727, 0.7167, 0.7373, 0.7103, 0.7299, 0.7701, 0.7132, 0.7333, 0.7431], mean perf=14942/20400 (0.7325%)
Round=14, per client personal pooled=[0.7341, 0.7368, 0.7122, 0.739, 0.7151, 0.7303, 0.7561, 0.7348, 0.7378, 0.741], mean perf=149678/204000 (0.7337%)
Mean performance of ditto rpdp global, Perf=0.6148
Mean performance of ditto rpdp personal, Perf=0.7302
Mean performance of ditto rpdp pooled, Perf=0.7299
 We run FedAvg with rPDP (BoundedMixGauss-0) ...
max_epsilon :  10.0  noise_multiplier :  9.736328125
The R-Squared value of the best-fit curve : 0.999749898528281
learning rate =  0.001
sample_rate: (min) 0.03, (max) 0.72, expected_batch_size: 410
sample_rate: (min) 0.03, (max) 0.79, expected_batch_size: 452
sample_rate: (min) 0.03, (max) 0.71, expected_batch_size: 444
sample_rate: (min) 0.03, (max) 0.72, expected_batch_size: 429
sample_rate: (min) 0.03, (max) 0.72, expected_batch_size: 439
sample_rate: (min) 0.03, (max) 0.74, expected_batch_size: 447
sample_rate: (min) 0.03, (max) 0.73, expected_batch_size: 448
sample_rate: (min) 0.03, (max) 0.71, expected_batch_size: 448
sample_rate: (min) 0.03, (max) 0.74, expected_batch_size: 443
sample_rate: (min) 0.03, (max) 0.73, expected_batch_size: 428
initial privacy cost of all clients:  [0, 0, 0, 0, 0, 0, 0, 0, 0, 0]
Round=0
Round=1
Round=2
Round=3
Round=4
Round=5
Round=6
Round=7
Round=8
Round=9
Round=10
Round=11
Round=12
Round=13
Round=14
current privacy cost of all clients:  [4.452560630310308, 4.989186002268105, 3.3873239087081313, 4.232126556619421, 4.743771711921414, 4.635185435148208, 4.820354613545777, 4.869430286915287, 5.357871969683328, 3.8727212988002124]
Round=14, per client global perf=[0.6534, 0.6539, 0.6475, 0.6402, 0.649, 0.649, 0.6505, 0.6186, 0.6309, 0.6377], mean perf=13119/20400 (0.6431%)
Round=14, per client personal perf=[0.7603, 0.7294, 0.7279, 0.7368, 0.7495, 0.7358, 0.7569, 0.7245, 0.7328, 0.7382], mean perf=15080/20400 (0.7392%)
Round=14, per client personal pooled=[0.7434, 0.734, 0.7168, 0.7324, 0.7497, 0.7388, 0.7482, 0.7404, 0.7456, 0.7323], mean perf=150583/204000 (0.7382%)
Mean performance of ditto rpdp global, Perf=0.6284
Mean performance of ditto rpdp personal, Perf=0.7336
Mean performance of ditto rpdp pooled, Perf=0.7330
Finished seed 42
----------------------------------------
=== Running reg_param=0.1, num_steps=30 ===
Running seed 42
/Users/shegao_t1/DP_Research/Personal_DP_Personal_FL/rpdp_fl/experiments/datasets/fed_fashion_mnist/iid_10
 We run FedAvg with rPDP (ThreeLevels-0) ...
max_epsilon :  10.0  noise_multiplier :  9.736328125
The R-Squared value of the best-fit curve : 0.999749898528281
learning rate =  0.001
sample_rate: (min) 0.03, (max) 0.61, expected_batch_size: 435
sample_rate: (min) 0.03, (max) 0.61, expected_batch_size: 435
sample_rate: (min) 0.03, (max) 0.61, expected_batch_size: 435
sample_rate: (min) 0.03, (max) 0.61, expected_batch_size: 435
sample_rate: (min) 0.03, (max) 0.61, expected_batch_size: 435
sample_rate: (min) 0.03, (max) 0.61, expected_batch_size: 435
sample_rate: (min) 0.03, (max) 0.61, expected_batch_size: 435
sample_rate: (min) 0.03, (max) 0.61, expected_batch_size: 435
sample_rate: (min) 0.03, (max) 0.61, expected_batch_size: 435
sample_rate: (min) 0.03, (max) 0.61, expected_batch_size: 435
initial privacy cost of all clients:  [0, 0, 0, 0, 0, 0, 0, 0, 0, 0]
Round=0
Round=1
Round=2
Round=3
Round=4
Round=5
Round=6
Round=7
Round=8
Round=9
Round=10
Round=11
Round=12
Round=13
Round=14
current privacy cost of all clients:  [3.554611437795162, 3.554611437795162, 2.8039339861853394, 3.3043856205918876, 3.8048372549984366, 3.554611437795162, 3.8048372549984366, 4.055063072201711, 4.305288889404985, 3.0541598033886133]
Round=14, per client global perf=[0.6598, 0.6574, 0.6578, 0.6471, 0.6549, 0.6544, 0.6608, 0.6294, 0.6402, 0.6422], mean perf=13268/20400 (0.6504%)
Round=14, per client personal perf=[0.7417, 0.7534, 0.7304, 0.7525, 0.7525, 0.7422, 0.7441, 0.7431, 0.7348, 0.7588], mean perf=15205/20400 (0.7453%)
Round=14, per client personal pooled=[0.7347, 0.755, 0.7227, 0.7522, 0.7583, 0.7333, 0.7409, 0.7596, 0.7507, 0.7479], mean perf=152088/204000 (0.7455%)
Mean performance of ditto rpdp global, Perf=0.6398
Mean performance of ditto rpdp personal, Perf=0.7462
Mean performance of ditto rpdp pooled, Perf=0.7458
 We run FedAvg with rPDP (BoundedPareto-0) ...
max_epsilon :  10.0  noise_multiplier :  9.736328125
The R-Squared value of the best-fit curve : 0.999749898528281
learning rate =  0.001
sample_rate: (min) 0.03, (max) 0.76, expected_batch_size: 293
sample_rate: (min) 0.03, (max) 0.67, expected_batch_size: 288
sample_rate: (min) 0.03, (max) 0.74, expected_batch_size: 289
sample_rate: (min) 0.03, (max) 0.98, expected_batch_size: 296
sample_rate: (min) 0.03, (max) 0.89, expected_batch_size: 303
sample_rate: (min) 0.03, (max) 0.93, expected_batch_size: 304
sample_rate: (min) 0.03, (max) 0.71, expected_batch_size: 290
sample_rate: (min) 0.03, (max) 0.77, expected_batch_size: 291
sample_rate: (min) 0.03, (max) 0.81, expected_batch_size: 290
sample_rate: (min) 0.03, (max) 0.62, expected_batch_size: 292
initial privacy cost of all clients:  [0, 0, 0, 0, 0, 0, 0, 0, 0, 0]
Round=0
Round=1
Round=2
Round=3
Round=4
Round=5
Round=6
Round=7
Round=8
Round=9
Round=10
Round=11
Round=12
Round=13
Round=14
current privacy cost of all clients:  [4.752415310075706, 4.054591694157598, 3.568320227772049, 6.0748074655109106, 6.1328811134891685, 6.124702222350012, 4.644301020258078, 5.38567160950761, 6.049312363510402, 3.1533820324004593]
Round=14, per client global perf=[0.6441, 0.6324, 0.6279, 0.6245, 0.6284, 0.6284, 0.6284, 0.6054, 0.6176, 0.6186], mean perf=12762/20400 (0.6256%)
Round=14, per client personal perf=[0.7505, 0.7363, 0.749, 0.7515, 0.7407, 0.7299, 0.7461, 0.7186, 0.7662, 0.7431], mean perf=15161/20400 (0.7432%)
Round=14, per client personal pooled=[0.7465, 0.7385, 0.7313, 0.7532, 0.7468, 0.7314, 0.7441, 0.7317, 0.7664, 0.7419], mean perf=151606/204000 (0.7432%)
Mean performance of ditto rpdp global, Perf=0.6148
Mean performance of ditto rpdp personal, Perf=0.7472
Mean performance of ditto rpdp pooled, Perf=0.7460
 We run FedAvg with rPDP (BoundedMixGauss-0) ...
max_epsilon :  10.0  noise_multiplier :  9.736328125
The R-Squared value of the best-fit curve : 0.999749898528281
learning rate =  0.001
sample_rate: (min) 0.03, (max) 0.72, expected_batch_size: 410
sample_rate: (min) 0.03, (max) 0.79, expected_batch_size: 452
sample_rate: (min) 0.03, (max) 0.71, expected_batch_size: 444
sample_rate: (min) 0.03, (max) 0.72, expected_batch_size: 429
sample_rate: (min) 0.03, (max) 0.72, expected_batch_size: 439
sample_rate: (min) 0.03, (max) 0.74, expected_batch_size: 447
sample_rate: (min) 0.03, (max) 0.73, expected_batch_size: 448
sample_rate: (min) 0.03, (max) 0.71, expected_batch_size: 448
sample_rate: (min) 0.03, (max) 0.74, expected_batch_size: 443
sample_rate: (min) 0.03, (max) 0.73, expected_batch_size: 428
initial privacy cost of all clients:  [0, 0, 0, 0, 0, 0, 0, 0, 0, 0]
Round=0
Round=1
Round=2
Round=3
Round=4
Round=5
Round=6
Round=7
Round=8
Round=9
Round=10
Round=11
Round=12
Round=13
Round=14
current privacy cost of all clients:  [4.452560630310308, 4.989186002268105, 3.3873239087081313, 4.232126556619421, 4.743771711921414, 4.635185435148208, 4.820354613545777, 4.869430286915287, 5.357871969683328, 3.8727212988002124]
Round=14, per client global perf=[0.6534, 0.6539, 0.6475, 0.6402, 0.649, 0.649, 0.6505, 0.6186, 0.6309, 0.6377], mean perf=13119/20400 (0.6431%)
Round=14, per client personal perf=[0.7505, 0.7525, 0.7676, 0.7539, 0.7593, 0.7495, 0.7613, 0.7358, 0.7397, 0.7554], mean perf=15352/20400 (0.7525%)
Round=14, per client personal pooled=[0.7439, 0.7547, 0.7542, 0.7537, 0.7604, 0.7537, 0.7471, 0.7559, 0.7445, 0.7521], mean perf=153411/204000 (0.7520%)
Mean performance of ditto rpdp global, Perf=0.6284
Mean performance of ditto rpdp personal, Perf=0.7499
Mean performance of ditto rpdp pooled, Perf=0.7498
Finished seed 42
----------------------------------------
=== Running reg_param=1.0, num_steps=15 ===
Running seed 42
/Users/shegao_t1/DP_Research/Personal_DP_Personal_FL/rpdp_fl/experiments/datasets/fed_fashion_mnist/iid_10
 We run FedAvg with rPDP (ThreeLevels-0) ...
max_epsilon :  10.0  noise_multiplier :  9.736328125
The R-Squared value of the best-fit curve : 0.999749898528281
learning rate =  0.001
sample_rate: (min) 0.03, (max) 0.61, expected_batch_size: 435
sample_rate: (min) 0.03, (max) 0.61, expected_batch_size: 435
sample_rate: (min) 0.03, (max) 0.61, expected_batch_size: 435
sample_rate: (min) 0.03, (max) 0.61, expected_batch_size: 435
sample_rate: (min) 0.03, (max) 0.61, expected_batch_size: 435
sample_rate: (min) 0.03, (max) 0.61, expected_batch_size: 435
sample_rate: (min) 0.03, (max) 0.61, expected_batch_size: 435
sample_rate: (min) 0.03, (max) 0.61, expected_batch_size: 435
sample_rate: (min) 0.03, (max) 0.61, expected_batch_size: 435
sample_rate: (min) 0.03, (max) 0.61, expected_batch_size: 435
initial privacy cost of all clients:  [0, 0, 0, 0, 0, 0, 0, 0, 0, 0]
Round=0
Round=1
Round=2
Round=3
Round=4
Round=5
Round=6
Round=7
Round=8
Round=9
Round=10
Round=11
Round=12
Round=13
Round=14
current privacy cost of all clients:  [3.554611437795162, 3.554611437795162, 2.8039339861853394, 3.3043856205918876, 3.8048372549984366, 3.554611437795162, 3.8048372549984366, 4.055063072201711, 4.305288889404985, 3.0541598033886133]
Round=14, per client global perf=[0.6598, 0.6574, 0.6578, 0.6471, 0.6549, 0.6544, 0.6608, 0.6294, 0.6402, 0.6422], mean perf=13268/20400 (0.6504%)
Round=14, per client personal perf=[0.6892, 0.6789, 0.6608, 0.6647, 0.6676, 0.6686, 0.6833, 0.6755, 0.6936, 0.6863], mean perf=13808/20400 (0.6769%)
Round=14, per client personal pooled=[0.6765, 0.6788, 0.6519, 0.6617, 0.671, 0.6701, 0.6767, 0.6916, 0.6996, 0.6939], mean perf=138143/204000 (0.6772%)
Mean performance of ditto rpdp global, Perf=0.6398
Mean performance of ditto rpdp personal, Perf=0.6718
Mean performance of ditto rpdp pooled, Perf=0.6722
 We run FedAvg with rPDP (BoundedPareto-0) ...
max_epsilon :  10.0  noise_multiplier :  9.736328125
The R-Squared value of the best-fit curve : 0.999749898528281
learning rate =  0.001
sample_rate: (min) 0.03, (max) 0.76, expected_batch_size: 293
sample_rate: (min) 0.03, (max) 0.67, expected_batch_size: 288
sample_rate: (min) 0.03, (max) 0.74, expected_batch_size: 289
sample_rate: (min) 0.03, (max) 0.98, expected_batch_size: 296
sample_rate: (min) 0.03, (max) 0.89, expected_batch_size: 303
sample_rate: (min) 0.03, (max) 0.93, expected_batch_size: 304
sample_rate: (min) 0.03, (max) 0.71, expected_batch_size: 290
sample_rate: (min) 0.03, (max) 0.77, expected_batch_size: 291
sample_rate: (min) 0.03, (max) 0.81, expected_batch_size: 290
sample_rate: (min) 0.03, (max) 0.62, expected_batch_size: 292
initial privacy cost of all clients:  [0, 0, 0, 0, 0, 0, 0, 0, 0, 0]
Round=0
Round=1
Round=2
Round=3
Round=4
Round=5
Round=6
Round=7
Round=8
Round=9
Round=10
Round=11
Round=12
Round=13
Round=14
current privacy cost of all clients:  [4.752415310075706, 4.054591694157598, 3.568320227772049, 6.0748074655109106, 6.1328811134891685, 6.124702222350012, 4.644301020258078, 5.38567160950761, 6.049312363510402, 3.1533820324004593]
Round=14, per client global perf=[0.6441, 0.6324, 0.6279, 0.6245, 0.6284, 0.6284, 0.6284, 0.6054, 0.6176, 0.6186], mean perf=12762/20400 (0.6256%)
Round=14, per client personal perf=[0.6917, 0.6627, 0.673, 0.6618, 0.6279, 0.6676, 0.7054, 0.6314, 0.6657, 0.6775], mean perf=13596/20400 (0.6665%)
Round=14, per client personal pooled=[0.68, 0.6621, 0.6578, 0.6582, 0.6161, 0.6693, 0.6958, 0.6625, 0.6665, 0.6828], mean perf=135679/204000 (0.6651%)
Mean performance of ditto rpdp global, Perf=0.6148
Mean performance of ditto rpdp personal, Perf=0.6595
Mean performance of ditto rpdp pooled, Perf=0.6593
 We run FedAvg with rPDP (BoundedMixGauss-0) ...
max_epsilon :  10.0  noise_multiplier :  9.736328125
The R-Squared value of the best-fit curve : 0.999749898528281
learning rate =  0.001
sample_rate: (min) 0.03, (max) 0.72, expected_batch_size: 410
sample_rate: (min) 0.03, (max) 0.79, expected_batch_size: 452
sample_rate: (min) 0.03, (max) 0.71, expected_batch_size: 444
sample_rate: (min) 0.03, (max) 0.72, expected_batch_size: 429
sample_rate: (min) 0.03, (max) 0.72, expected_batch_size: 439
sample_rate: (min) 0.03, (max) 0.74, expected_batch_size: 447
sample_rate: (min) 0.03, (max) 0.73, expected_batch_size: 448
sample_rate: (min) 0.03, (max) 0.71, expected_batch_size: 448
sample_rate: (min) 0.03, (max) 0.74, expected_batch_size: 443
sample_rate: (min) 0.03, (max) 0.73, expected_batch_size: 428
initial privacy cost of all clients:  [0, 0, 0, 0, 0, 0, 0, 0, 0, 0]
Round=0
Round=1
Round=2
Round=3
Round=4
Round=5
Round=6
Round=7
Round=8
Round=9
Round=10
Round=11
Round=12
Round=13
Round=14
current privacy cost of all clients:  [4.452560630310308, 4.989186002268105, 3.3873239087081313, 4.232126556619421, 4.743771711921414, 4.635185435148208, 4.820354613545777, 4.869430286915287, 5.357871969683328, 3.8727212988002124]
Round=14, per client global perf=[0.6534, 0.6539, 0.6475, 0.6402, 0.649, 0.649, 0.6505, 0.6186, 0.6309, 0.6377], mean perf=13119/20400 (0.6431%)
Round=14, per client personal perf=[0.7064, 0.6873, 0.6961, 0.6755, 0.6765, 0.6961, 0.6779, 0.6676, 0.6564, 0.6775], mean perf=13907/20400 (0.6817%)
Round=14, per client personal pooled=[0.6961, 0.681, 0.69, 0.6697, 0.6731, 0.6912, 0.6828, 0.6802, 0.6703, 0.676], mean perf=138935/204000 (0.6811%)
Mean performance of ditto rpdp global, Perf=0.6284
Mean performance of ditto rpdp personal, Perf=0.6760
Mean performance of ditto rpdp pooled, Perf=0.6761
Finished seed 42
----------------------------------------
=== Running reg_param=1.0, num_steps=30 ===
Running seed 42
/Users/shegao_t1/DP_Research/Personal_DP_Personal_FL/rpdp_fl/experiments/datasets/fed_fashion_mnist/iid_10
 We run FedAvg with rPDP (ThreeLevels-0) ...
max_epsilon :  10.0  noise_multiplier :  9.736328125
The R-Squared value of the best-fit curve : 0.999749898528281
learning rate =  0.001
sample_rate: (min) 0.03, (max) 0.61, expected_batch_size: 435
sample_rate: (min) 0.03, (max) 0.61, expected_batch_size: 435
sample_rate: (min) 0.03, (max) 0.61, expected_batch_size: 435
sample_rate: (min) 0.03, (max) 0.61, expected_batch_size: 435
sample_rate: (min) 0.03, (max) 0.61, expected_batch_size: 435
sample_rate: (min) 0.03, (max) 0.61, expected_batch_size: 435
sample_rate: (min) 0.03, (max) 0.61, expected_batch_size: 435
sample_rate: (min) 0.03, (max) 0.61, expected_batch_size: 435
sample_rate: (min) 0.03, (max) 0.61, expected_batch_size: 435
sample_rate: (min) 0.03, (max) 0.61, expected_batch_size: 435
initial privacy cost of all clients:  [0, 0, 0, 0, 0, 0, 0, 0, 0, 0]
Round=0
Round=1
Round=2
Round=3
Round=4
Round=5
Round=6
Round=7
Round=8
Round=9
Round=10
Round=11
Round=12
Round=13
Round=14
current privacy cost of all clients:  [3.554611437795162, 3.554611437795162, 2.8039339861853394, 3.3043856205918876, 3.8048372549984366, 3.554611437795162, 3.8048372549984366, 4.055063072201711, 4.305288889404985, 3.0541598033886133]
Round=14, per client global perf=[0.6598, 0.6574, 0.6578, 0.6471, 0.6549, 0.6544, 0.6608, 0.6294, 0.6402, 0.6422], mean perf=13268/20400 (0.6504%)
Round=14, per client personal perf=[0.6672, 0.6833, 0.6779, 0.6868, 0.6966, 0.6941, 0.6941, 0.6755, 0.6711, 0.6873], mean perf=13941/20400 (0.6834%)
Round=14, per client personal pooled=[0.6579, 0.6812, 0.6742, 0.6839, 0.6988, 0.6903, 0.6938, 0.6971, 0.682, 0.6762], mean perf=139442/204000 (0.6835%)
Mean performance of ditto rpdp global, Perf=0.6398
Mean performance of ditto rpdp personal, Perf=0.6798
Mean performance of ditto rpdp pooled, Perf=0.6809
 We run FedAvg with rPDP (BoundedPareto-0) ...
max_epsilon :  10.0  noise_multiplier :  9.736328125
The R-Squared value of the best-fit curve : 0.999749898528281
learning rate =  0.001
sample_rate: (min) 0.03, (max) 0.76, expected_batch_size: 293
sample_rate: (min) 0.03, (max) 0.67, expected_batch_size: 288
sample_rate: (min) 0.03, (max) 0.74, expected_batch_size: 289
sample_rate: (min) 0.03, (max) 0.98, expected_batch_size: 296
sample_rate: (min) 0.03, (max) 0.89, expected_batch_size: 303
sample_rate: (min) 0.03, (max) 0.93, expected_batch_size: 304
sample_rate: (min) 0.03, (max) 0.71, expected_batch_size: 290
sample_rate: (min) 0.03, (max) 0.77, expected_batch_size: 291
sample_rate: (min) 0.03, (max) 0.81, expected_batch_size: 290
sample_rate: (min) 0.03, (max) 0.62, expected_batch_size: 292
initial privacy cost of all clients:  [0, 0, 0, 0, 0, 0, 0, 0, 0, 0]
Round=0
Round=1
Round=2
Round=3
Round=4
Round=5
Round=6
Round=7
Round=8
Round=9
Round=10
Round=11
Round=12
Round=13
Round=14
current privacy cost of all clients:  [4.752415310075706, 4.054591694157598, 3.568320227772049, 6.0748074655109106, 6.1328811134891685, 6.124702222350012, 4.644301020258078, 5.38567160950761, 6.049312363510402, 3.1533820324004593]
Round=14, per client global perf=[0.6441, 0.6324, 0.6279, 0.6245, 0.6284, 0.6284, 0.6284, 0.6054, 0.6176, 0.6186], mean perf=12762/20400 (0.6256%)
Round=14, per client personal perf=[0.6975, 0.673, 0.6838, 0.6892, 0.6647, 0.6637, 0.6848, 0.6789, 0.6676, 0.6691], mean perf=13816/20400 (0.6773%)
Round=14, per client personal pooled=[0.6817, 0.6595, 0.6683, 0.6912, 0.67, 0.6589, 0.6815, 0.6929, 0.6793, 0.6766], mean perf=137901/204000 (0.6760%)
Mean performance of ditto rpdp global, Perf=0.6148
Mean performance of ditto rpdp personal, Perf=0.6712
Mean performance of ditto rpdp pooled, Perf=0.6699
 We run FedAvg with rPDP (BoundedMixGauss-0) ...
max_epsilon :  10.0  noise_multiplier :  9.736328125
The R-Squared value of the best-fit curve : 0.999749898528281
learning rate =  0.001
sample_rate: (min) 0.03, (max) 0.72, expected_batch_size: 410
sample_rate: (min) 0.03, (max) 0.79, expected_batch_size: 452
sample_rate: (min) 0.03, (max) 0.71, expected_batch_size: 444
sample_rate: (min) 0.03, (max) 0.72, expected_batch_size: 429
sample_rate: (min) 0.03, (max) 0.72, expected_batch_size: 439
sample_rate: (min) 0.03, (max) 0.74, expected_batch_size: 447
sample_rate: (min) 0.03, (max) 0.73, expected_batch_size: 448
sample_rate: (min) 0.03, (max) 0.71, expected_batch_size: 448
sample_rate: (min) 0.03, (max) 0.74, expected_batch_size: 443
sample_rate: (min) 0.03, (max) 0.73, expected_batch_size: 428
initial privacy cost of all clients:  [0, 0, 0, 0, 0, 0, 0, 0, 0, 0]
Round=0
Round=1
Round=2
Round=3
Round=4
Round=5
Round=6
Round=7
Round=8
Round=9
Round=10
Round=11
Round=12
Round=13
Round=14
current privacy cost of all clients:  [4.452560630310308, 4.989186002268105, 3.3873239087081313, 4.232126556619421, 4.743771711921414, 4.635185435148208, 4.820354613545777, 4.869430286915287, 5.357871969683328, 3.8727212988002124]
Round=14, per client global perf=[0.6534, 0.6539, 0.6475, 0.6402, 0.649, 0.649, 0.6505, 0.6186, 0.6309, 0.6377], mean perf=13119/20400 (0.6431%)
Round=14, per client personal perf=[0.6956, 0.7054, 0.6985, 0.6588, 0.7083, 0.698, 0.6985, 0.6799, 0.6907, 0.6819], mean perf=14108/20400 (0.6916%)
Round=14, per client personal pooled=[0.6759, 0.6978, 0.6935, 0.655, 0.7124, 0.698, 0.6833, 0.6974, 0.695, 0.692], mean perf=140763/204000 (0.6900%)
Mean performance of ditto rpdp global, Perf=0.6284
Mean performance of ditto rpdp personal, Perf=0.6826
Mean performance of ditto rpdp pooled, Perf=0.6826
Finished seed 42
----------------------------------------
=== Running reg_param=10, num_steps=15 ===
Running seed 42
/Users/shegao_t1/DP_Research/Personal_DP_Personal_FL/rpdp_fl/experiments/datasets/fed_fashion_mnist/iid_10
 We run FedAvg with rPDP (ThreeLevels-0) ...
max_epsilon :  10.0  noise_multiplier :  9.736328125
The R-Squared value of the best-fit curve : 0.999749898528281
learning rate =  0.001
sample_rate: (min) 0.03, (max) 0.61, expected_batch_size: 435
sample_rate: (min) 0.03, (max) 0.61, expected_batch_size: 435
sample_rate: (min) 0.03, (max) 0.61, expected_batch_size: 435
sample_rate: (min) 0.03, (max) 0.61, expected_batch_size: 435
sample_rate: (min) 0.03, (max) 0.61, expected_batch_size: 435
sample_rate: (min) 0.03, (max) 0.61, expected_batch_size: 435
sample_rate: (min) 0.03, (max) 0.61, expected_batch_size: 435
sample_rate: (min) 0.03, (max) 0.61, expected_batch_size: 435
sample_rate: (min) 0.03, (max) 0.61, expected_batch_size: 435
sample_rate: (min) 0.03, (max) 0.61, expected_batch_size: 435
initial privacy cost of all clients:  [0, 0, 0, 0, 0, 0, 0, 0, 0, 0]
Round=0
Round=1
Round=2
Round=3
Round=4
Round=5
Round=6
Round=7
Round=8
Round=9
Round=10
Round=11
Round=12
Round=13
Round=14
current privacy cost of all clients:  [3.554611437795162, 3.554611437795162, 2.8039339861853394, 3.3043856205918876, 3.8048372549984366, 3.554611437795162, 3.8048372549984366, 4.055063072201711, 4.305288889404985, 3.0541598033886133]
Round=14, per client global perf=[0.6598, 0.6574, 0.6578, 0.6471, 0.6549, 0.6544, 0.6608, 0.6294, 0.6402, 0.6422], mean perf=13268/20400 (0.6504%)
Round=14, per client personal perf=[0.6681, 0.6613, 0.6725, 0.648, 0.6583, 0.6681, 0.6588, 0.6505, 0.6745, 0.6647], mean perf=13515/20400 (0.6625%)
Round=14, per client personal pooled=[0.6677, 0.6576, 0.6605, 0.6517, 0.6584, 0.6699, 0.6505, 0.6726, 0.6734, 0.6729], mean perf=135361/204000 (0.6635%)
Mean performance of ditto rpdp global, Perf=0.6398
Mean performance of ditto rpdp personal, Perf=0.6563
Mean performance of ditto rpdp pooled, Perf=0.6559
 We run FedAvg with rPDP (BoundedPareto-0) ...
max_epsilon :  10.0  noise_multiplier :  9.736328125
The R-Squared value of the best-fit curve : 0.999749898528281
learning rate =  0.001
sample_rate: (min) 0.03, (max) 0.76, expected_batch_size: 293
sample_rate: (min) 0.03, (max) 0.67, expected_batch_size: 288
sample_rate: (min) 0.03, (max) 0.74, expected_batch_size: 289
sample_rate: (min) 0.03, (max) 0.98, expected_batch_size: 296
sample_rate: (min) 0.03, (max) 0.89, expected_batch_size: 303
sample_rate: (min) 0.03, (max) 0.93, expected_batch_size: 304
sample_rate: (min) 0.03, (max) 0.71, expected_batch_size: 290
sample_rate: (min) 0.03, (max) 0.77, expected_batch_size: 291
sample_rate: (min) 0.03, (max) 0.81, expected_batch_size: 290
sample_rate: (min) 0.03, (max) 0.62, expected_batch_size: 292
initial privacy cost of all clients:  [0, 0, 0, 0, 0, 0, 0, 0, 0, 0]
Round=0
Round=1
Round=2
Round=3
Round=4
Round=5
Round=6
Round=7
Round=8
Round=9
Round=10
Round=11
Round=12
Round=13
Round=14
current privacy cost of all clients:  [4.752415310075706, 4.054591694157598, 3.568320227772049, 6.0748074655109106, 6.1328811134891685, 6.124702222350012, 4.644301020258078, 5.38567160950761, 6.049312363510402, 3.1533820324004593]
Round=14, per client global perf=[0.6441, 0.6324, 0.6279, 0.6245, 0.6284, 0.6284, 0.6284, 0.6054, 0.6176, 0.6186], mean perf=12762/20400 (0.6256%)
Round=14, per client personal perf=[0.676, 0.6358, 0.6431, 0.6279, 0.5804, 0.6534, 0.6397, 0.5882, 0.6407, 0.6544], mean perf=12933/20400 (0.6340%)
Round=14, per client personal pooled=[0.6538, 0.6379, 0.6422, 0.6305, 0.5778, 0.6429, 0.6354, 0.6106, 0.6492, 0.6615], mean perf=129372/204000 (0.6342%)
Mean performance of ditto rpdp global, Perf=0.6148
Mean performance of ditto rpdp personal, Perf=0.6321
Mean performance of ditto rpdp pooled, Perf=0.6312
 We run FedAvg with rPDP (BoundedMixGauss-0) ...
max_epsilon :  10.0  noise_multiplier :  9.736328125
The R-Squared value of the best-fit curve : 0.999749898528281
learning rate =  0.001
sample_rate: (min) 0.03, (max) 0.72, expected_batch_size: 410
sample_rate: (min) 0.03, (max) 0.79, expected_batch_size: 452
sample_rate: (min) 0.03, (max) 0.71, expected_batch_size: 444
sample_rate: (min) 0.03, (max) 0.72, expected_batch_size: 429
sample_rate: (min) 0.03, (max) 0.72, expected_batch_size: 439
sample_rate: (min) 0.03, (max) 0.74, expected_batch_size: 447
sample_rate: (min) 0.03, (max) 0.73, expected_batch_size: 448
sample_rate: (min) 0.03, (max) 0.71, expected_batch_size: 448
sample_rate: (min) 0.03, (max) 0.74, expected_batch_size: 443
sample_rate: (min) 0.03, (max) 0.73, expected_batch_size: 428
initial privacy cost of all clients:  [0, 0, 0, 0, 0, 0, 0, 0, 0, 0]
Round=0
Round=1
Round=2
Round=3
Round=4
Round=5
Round=6
Round=7
Round=8
Round=9
Round=10
Round=11
Round=12
Round=13
Round=14
current privacy cost of all clients:  [4.452560630310308, 4.989186002268105, 3.3873239087081313, 4.232126556619421, 4.743771711921414, 4.635185435148208, 4.820354613545777, 4.869430286915287, 5.357871969683328, 3.8727212988002124]
Round=14, per client global perf=[0.6534, 0.6539, 0.6475, 0.6402, 0.649, 0.649, 0.6505, 0.6186, 0.6309, 0.6377], mean perf=13119/20400 (0.6431%)
Round=14, per client personal perf=[0.6873, 0.6588, 0.6382, 0.6672, 0.6892, 0.6598, 0.6613, 0.6279, 0.627, 0.6716], mean perf=13440/20400 (0.6588%)
Round=14, per client personal pooled=[0.6788, 0.6564, 0.6365, 0.6676, 0.6738, 0.665, 0.664, 0.6517, 0.6401, 0.675], mean perf=134822/204000 (0.6609%)
Mean performance of ditto rpdp global, Perf=0.6284
Mean performance of ditto rpdp personal, Perf=0.6516
Mean performance of ditto rpdp pooled, Perf=0.6523
Finished seed 42
----------------------------------------
=== Running reg_param=10, num_steps=30 ===
Running seed 42
/Users/shegao_t1/DP_Research/Personal_DP_Personal_FL/rpdp_fl/experiments/datasets/fed_fashion_mnist/iid_10
 We run FedAvg with rPDP (ThreeLevels-0) ...
max_epsilon :  10.0  noise_multiplier :  9.736328125
The R-Squared value of the best-fit curve : 0.999749898528281
learning rate =  0.001
sample_rate: (min) 0.03, (max) 0.61, expected_batch_size: 435
sample_rate: (min) 0.03, (max) 0.61, expected_batch_size: 435
sample_rate: (min) 0.03, (max) 0.61, expected_batch_size: 435
sample_rate: (min) 0.03, (max) 0.61, expected_batch_size: 435
sample_rate: (min) 0.03, (max) 0.61, expected_batch_size: 435
sample_rate: (min) 0.03, (max) 0.61, expected_batch_size: 435
sample_rate: (min) 0.03, (max) 0.61, expected_batch_size: 435
sample_rate: (min) 0.03, (max) 0.61, expected_batch_size: 435
sample_rate: (min) 0.03, (max) 0.61, expected_batch_size: 435
sample_rate: (min) 0.03, (max) 0.61, expected_batch_size: 435
initial privacy cost of all clients:  [0, 0, 0, 0, 0, 0, 0, 0, 0, 0]
Round=0
Round=1
Round=2
Round=3
Round=4
Round=5
Round=6
Round=7
Round=8
Round=9
Round=10
Round=11
Round=12
Round=13
Round=14
current privacy cost of all clients:  [3.554611437795162, 3.554611437795162, 2.8039339861853394, 3.3043856205918876, 3.8048372549984366, 3.554611437795162, 3.8048372549984366, 4.055063072201711, 4.305288889404985, 3.0541598033886133]
Round=14, per client global perf=[0.6598, 0.6574, 0.6578, 0.6471, 0.6549, 0.6544, 0.6608, 0.6294, 0.6402, 0.6422], mean perf=13268/20400 (0.6504%)
Round=14, per client personal perf=[0.6466, 0.6451, 0.649, 0.6828, 0.6794, 0.6691, 0.6539, 0.6387, 0.6431, 0.6426], mean perf=13363/20400 (0.6550%)
Round=14, per client personal pooled=[0.6359, 0.6414, 0.6428, 0.6752, 0.6734, 0.6636, 0.6565, 0.6578, 0.6565, 0.6424], mean perf=133530/204000 (0.6546%)
Mean performance of ditto rpdp global, Perf=0.6398
Mean performance of ditto rpdp personal, Perf=0.6502
Mean performance of ditto rpdp pooled, Perf=0.6504
 We run FedAvg with rPDP (BoundedPareto-0) ...
max_epsilon :  10.0  noise_multiplier :  9.736328125
The R-Squared value of the best-fit curve : 0.999749898528281
learning rate =  0.001
sample_rate: (min) 0.03, (max) 0.76, expected_batch_size: 293
sample_rate: (min) 0.03, (max) 0.67, expected_batch_size: 288
sample_rate: (min) 0.03, (max) 0.74, expected_batch_size: 289
sample_rate: (min) 0.03, (max) 0.98, expected_batch_size: 296
sample_rate: (min) 0.03, (max) 0.89, expected_batch_size: 303
sample_rate: (min) 0.03, (max) 0.93, expected_batch_size: 304
sample_rate: (min) 0.03, (max) 0.71, expected_batch_size: 290
sample_rate: (min) 0.03, (max) 0.77, expected_batch_size: 291
sample_rate: (min) 0.03, (max) 0.81, expected_batch_size: 290
sample_rate: (min) 0.03, (max) 0.62, expected_batch_size: 292
initial privacy cost of all clients:  [0, 0, 0, 0, 0, 0, 0, 0, 0, 0]
Round=0
Round=1
Round=2
Round=3
Round=4
Round=5
Round=6
Round=7
Round=8
Round=9
Round=10
Round=11
Round=12
Round=13
Round=14
current privacy cost of all clients:  [4.752415310075706, 4.054591694157598, 3.568320227772049, 6.0748074655109106, 6.1328811134891685, 6.124702222350012, 4.644301020258078, 5.38567160950761, 6.049312363510402, 3.1533820324004593]
Round=14, per client global perf=[0.6441, 0.6324, 0.6279, 0.6245, 0.6284, 0.6284, 0.6284, 0.6054, 0.6176, 0.6186], mean perf=12762/20400 (0.6256%)
Round=14, per client personal perf=[0.6627, 0.6172, 0.6485, 0.6103, 0.6574, 0.601, 0.6211, 0.6324, 0.5902, 0.6529], mean perf=12839/20400 (0.6294%)
Round=14, per client personal pooled=[0.648, 0.6074, 0.6376, 0.6069, 0.6534, 0.6004, 0.6226, 0.6532, 0.6063, 0.6599], mean perf=128431/204000 (0.6296%)
Mean performance of ditto rpdp global, Perf=0.6148
Mean performance of ditto rpdp personal, Perf=0.6262
Mean performance of ditto rpdp pooled, Perf=0.6257
 We run FedAvg with rPDP (BoundedMixGauss-0) ...
max_epsilon :  10.0  noise_multiplier :  9.736328125
The R-Squared value of the best-fit curve : 0.999749898528281
learning rate =  0.001
sample_rate: (min) 0.03, (max) 0.72, expected_batch_size: 410
sample_rate: (min) 0.03, (max) 0.79, expected_batch_size: 452
sample_rate: (min) 0.03, (max) 0.71, expected_batch_size: 444
sample_rate: (min) 0.03, (max) 0.72, expected_batch_size: 429
sample_rate: (min) 0.03, (max) 0.72, expected_batch_size: 439
sample_rate: (min) 0.03, (max) 0.74, expected_batch_size: 447
sample_rate: (min) 0.03, (max) 0.73, expected_batch_size: 448
sample_rate: (min) 0.03, (max) 0.71, expected_batch_size: 448
sample_rate: (min) 0.03, (max) 0.74, expected_batch_size: 443
sample_rate: (min) 0.03, (max) 0.73, expected_batch_size: 428
initial privacy cost of all clients:  [0, 0, 0, 0, 0, 0, 0, 0, 0, 0]
Round=0
Round=1
Round=2
Round=3
Round=4
Round=5
Round=6
Round=7
Round=8
Round=9
Round=10
Round=11
Round=12
Round=13
Round=14
current privacy cost of all clients:  [4.452560630310308, 4.989186002268105, 3.3873239087081313, 4.232126556619421, 4.743771711921414, 4.635185435148208, 4.820354613545777, 4.869430286915287, 5.357871969683328, 3.8727212988002124]
Round=14, per client global perf=[0.6534, 0.6539, 0.6475, 0.6402, 0.649, 0.649, 0.6505, 0.6186, 0.6309, 0.6377], mean perf=13119/20400 (0.6431%)
Round=14, per client personal perf=[0.6647, 0.6686, 0.677, 0.6412, 0.6799, 0.676, 0.6706, 0.6407, 0.6721, 0.6451], mean perf=13537/20400 (0.6636%)
Round=14, per client personal pooled=[0.6457, 0.6624, 0.6697, 0.6375, 0.6773, 0.6767, 0.6625, 0.6602, 0.6688, 0.6603], mean perf=135070/204000 (0.6621%)
Mean performance of ditto rpdp global, Perf=0.6284
Mean performance of ditto rpdp personal, Perf=0.6506
Mean performance of ditto rpdp pooled, Perf=0.6497
Finished seed 42
----------------------------------------
=== Running reg_param=20, num_steps=15 ===
Running seed 42
/Users/shegao_t1/DP_Research/Personal_DP_Personal_FL/rpdp_fl/experiments/datasets/fed_fashion_mnist/iid_10
 We run FedAvg with rPDP (ThreeLevels-0) ...
max_epsilon :  10.0  noise_multiplier :  9.736328125
The R-Squared value of the best-fit curve : 0.999749898528281
learning rate =  0.001
sample_rate: (min) 0.03, (max) 0.61, expected_batch_size: 435
sample_rate: (min) 0.03, (max) 0.61, expected_batch_size: 435
sample_rate: (min) 0.03, (max) 0.61, expected_batch_size: 435
sample_rate: (min) 0.03, (max) 0.61, expected_batch_size: 435
sample_rate: (min) 0.03, (max) 0.61, expected_batch_size: 435
sample_rate: (min) 0.03, (max) 0.61, expected_batch_size: 435
sample_rate: (min) 0.03, (max) 0.61, expected_batch_size: 435
sample_rate: (min) 0.03, (max) 0.61, expected_batch_size: 435
sample_rate: (min) 0.03, (max) 0.61, expected_batch_size: 435
sample_rate: (min) 0.03, (max) 0.61, expected_batch_size: 435
initial privacy cost of all clients:  [0, 0, 0, 0, 0, 0, 0, 0, 0, 0]
Round=0
Round=1
Round=2
Round=3
Round=4
Round=5
Round=6
Round=7
Round=8
Round=9
Round=10
Round=11
Round=12
Round=13
Round=14
current privacy cost of all clients:  [3.554611437795162, 3.554611437795162, 2.8039339861853394, 3.3043856205918876, 3.8048372549984366, 3.554611437795162, 3.8048372549984366, 4.055063072201711, 4.305288889404985, 3.0541598033886133]
Round=14, per client global perf=[0.6598, 0.6574, 0.6578, 0.6471, 0.6549, 0.6544, 0.6608, 0.6294, 0.6402, 0.6422], mean perf=13268/20400 (0.6504%)
Round=14, per client personal perf=[0.6672, 0.6608, 0.6613, 0.6559, 0.6623, 0.6681, 0.6608, 0.6221, 0.6667, 0.6652], mean perf=13444/20400 (0.6590%)
Round=14, per client personal pooled=[0.6573, 0.6625, 0.6595, 0.6532, 0.6576, 0.6624, 0.6498, 0.6398, 0.6656, 0.6682], mean perf=134145/204000 (0.6576%)
Mean performance of ditto rpdp global, Perf=0.6398
Mean performance of ditto rpdp personal, Perf=0.6555
Mean performance of ditto rpdp pooled, Perf=0.6548
 We run FedAvg with rPDP (BoundedPareto-0) ...
max_epsilon :  10.0  noise_multiplier :  9.736328125
The R-Squared value of the best-fit curve : 0.999749898528281
learning rate =  0.001
sample_rate: (min) 0.03, (max) 0.76, expected_batch_size: 293
sample_rate: (min) 0.03, (max) 0.67, expected_batch_size: 288
sample_rate: (min) 0.03, (max) 0.74, expected_batch_size: 289
sample_rate: (min) 0.03, (max) 0.98, expected_batch_size: 296
sample_rate: (min) 0.03, (max) 0.89, expected_batch_size: 303
sample_rate: (min) 0.03, (max) 0.93, expected_batch_size: 304
sample_rate: (min) 0.03, (max) 0.71, expected_batch_size: 290
sample_rate: (min) 0.03, (max) 0.77, expected_batch_size: 291
sample_rate: (min) 0.03, (max) 0.81, expected_batch_size: 290
sample_rate: (min) 0.03, (max) 0.62, expected_batch_size: 292
initial privacy cost of all clients:  [0, 0, 0, 0, 0, 0, 0, 0, 0, 0]
Round=0
Round=1
Round=2
Round=3
Round=4
Round=5
Round=6
Round=7
Round=8
Round=9
Round=10
Round=11
Round=12
Round=13
Round=14
current privacy cost of all clients:  [4.752415310075706, 4.054591694157598, 3.568320227772049, 6.0748074655109106, 6.1328811134891685, 6.124702222350012, 4.644301020258078, 5.38567160950761, 6.049312363510402, 3.1533820324004593]
Round=14, per client global perf=[0.6441, 0.6324, 0.6279, 0.6245, 0.6284, 0.6284, 0.6284, 0.6054, 0.6176, 0.6186], mean perf=12762/20400 (0.6256%)
Round=14, per client personal perf=[0.674, 0.6603, 0.6167, 0.6564, 0.6623, 0.626, 0.6358, 0.5941, 0.5941, 0.6574], mean perf=13009/20400 (0.6377%)
Round=14, per client personal pooled=[0.6587, 0.6565, 0.6227, 0.6503, 0.6621, 0.6277, 0.6382, 0.609, 0.6154, 0.6619], mean perf=130610/204000 (0.6402%)
Mean performance of ditto rpdp global, Perf=0.6148
Mean performance of ditto rpdp personal, Perf=0.6333
Mean performance of ditto rpdp pooled, Perf=0.6341
 We run FedAvg with rPDP (BoundedMixGauss-0) ...
max_epsilon :  10.0  noise_multiplier :  9.736328125
The R-Squared value of the best-fit curve : 0.999749898528281
learning rate =  0.001
sample_rate: (min) 0.03, (max) 0.72, expected_batch_size: 410
sample_rate: (min) 0.03, (max) 0.79, expected_batch_size: 452
sample_rate: (min) 0.03, (max) 0.71, expected_batch_size: 444
sample_rate: (min) 0.03, (max) 0.72, expected_batch_size: 429
sample_rate: (min) 0.03, (max) 0.72, expected_batch_size: 439
sample_rate: (min) 0.03, (max) 0.74, expected_batch_size: 447
sample_rate: (min) 0.03, (max) 0.73, expected_batch_size: 448
sample_rate: (min) 0.03, (max) 0.71, expected_batch_size: 448
sample_rate: (min) 0.03, (max) 0.74, expected_batch_size: 443
sample_rate: (min) 0.03, (max) 0.73, expected_batch_size: 428
initial privacy cost of all clients:  [0, 0, 0, 0, 0, 0, 0, 0, 0, 0]
Round=0
Round=1
Round=2
Round=3
Round=4
Round=5
Round=6
Round=7
Round=8
Round=9
Round=10
Round=11
Round=12
Round=13
Round=14
current privacy cost of all clients:  [4.452560630310308, 4.989186002268105, 3.3873239087081313, 4.232126556619421, 4.743771711921414, 4.635185435148208, 4.820354613545777, 4.869430286915287, 5.357871969683328, 3.8727212988002124]
Round=14, per client global perf=[0.6534, 0.6539, 0.6475, 0.6402, 0.649, 0.649, 0.6505, 0.6186, 0.6309, 0.6377], mean perf=13119/20400 (0.6431%)
Round=14, per client personal perf=[0.6779, 0.6637, 0.6426, 0.6598, 0.6676, 0.6603, 0.674, 0.6377, 0.6309, 0.6686], mean perf=13430/20400 (0.6583%)
Round=14, per client personal pooled=[0.6734, 0.6692, 0.6421, 0.659, 0.6646, 0.66, 0.6746, 0.6661, 0.6427, 0.6679], mean perf=135042/204000 (0.6620%)
Mean performance of ditto rpdp global, Perf=0.6284
Mean performance of ditto rpdp personal, Perf=0.6511
Mean performance of ditto rpdp pooled, Perf=0.6531
Finished seed 42
----------------------------------------
=== Running reg_param=20, num_steps=30 ===
Running seed 42
/Users/shegao_t1/DP_Research/Personal_DP_Personal_FL/rpdp_fl/experiments/datasets/fed_fashion_mnist/iid_10
 We run FedAvg with rPDP (ThreeLevels-0) ...
max_epsilon :  10.0  noise_multiplier :  9.736328125
The R-Squared value of the best-fit curve : 0.999749898528281
learning rate =  0.001
sample_rate: (min) 0.03, (max) 0.61, expected_batch_size: 435
sample_rate: (min) 0.03, (max) 0.61, expected_batch_size: 435
sample_rate: (min) 0.03, (max) 0.61, expected_batch_size: 435
sample_rate: (min) 0.03, (max) 0.61, expected_batch_size: 435
sample_rate: (min) 0.03, (max) 0.61, expected_batch_size: 435
sample_rate: (min) 0.03, (max) 0.61, expected_batch_size: 435
sample_rate: (min) 0.03, (max) 0.61, expected_batch_size: 435
sample_rate: (min) 0.03, (max) 0.61, expected_batch_size: 435
sample_rate: (min) 0.03, (max) 0.61, expected_batch_size: 435
sample_rate: (min) 0.03, (max) 0.61, expected_batch_size: 435
initial privacy cost of all clients:  [0, 0, 0, 0, 0, 0, 0, 0, 0, 0]
Round=0
Round=1
Round=2
Round=3
Round=4
Round=5
Round=6
Round=7
Round=8
Round=9
Round=10
Round=11
Round=12
Round=13
Round=14
current privacy cost of all clients:  [3.554611437795162, 3.554611437795162, 2.8039339861853394, 3.3043856205918876, 3.8048372549984366, 3.554611437795162, 3.8048372549984366, 4.055063072201711, 4.305288889404985, 3.0541598033886133]
Round=14, per client global perf=[0.6598, 0.6574, 0.6578, 0.6471, 0.6549, 0.6544, 0.6608, 0.6294, 0.6402, 0.6422], mean perf=13268/20400 (0.6504%)
Round=14, per client personal perf=[0.6475, 0.6446, 0.6657, 0.6814, 0.677, 0.6402, 0.6299, 0.6446, 0.6157, 0.651], mean perf=13255/20400 (0.6498%)
Round=14, per client personal pooled=[0.637, 0.6372, 0.6573, 0.6738, 0.6619, 0.6371, 0.627, 0.6621, 0.632, 0.6527], mean perf=132149/204000 (0.6478%)
Mean performance of ditto rpdp global, Perf=0.6398
Mean performance of ditto rpdp personal, Perf=0.6511
Mean performance of ditto rpdp pooled, Perf=0.6511
 We run FedAvg with rPDP (BoundedPareto-0) ...
max_epsilon :  10.0  noise_multiplier :  9.736328125
The R-Squared value of the best-fit curve : 0.999749898528281
learning rate =  0.001
sample_rate: (min) 0.03, (max) 0.76, expected_batch_size: 293
sample_rate: (min) 0.03, (max) 0.67, expected_batch_size: 288
sample_rate: (min) 0.03, (max) 0.74, expected_batch_size: 289
sample_rate: (min) 0.03, (max) 0.98, expected_batch_size: 296
sample_rate: (min) 0.03, (max) 0.89, expected_batch_size: 303
sample_rate: (min) 0.03, (max) 0.93, expected_batch_size: 304
sample_rate: (min) 0.03, (max) 0.71, expected_batch_size: 290
sample_rate: (min) 0.03, (max) 0.77, expected_batch_size: 291
sample_rate: (min) 0.03, (max) 0.81, expected_batch_size: 290
sample_rate: (min) 0.03, (max) 0.62, expected_batch_size: 292
initial privacy cost of all clients:  [0, 0, 0, 0, 0, 0, 0, 0, 0, 0]
Round=0
Round=1
Round=2
Round=3
Round=4
Round=5
Round=6
Round=7
Round=8
Round=9
Round=10
Round=11
Round=12
Round=13
Round=14
current privacy cost of all clients:  [4.752415310075706, 4.054591694157598, 3.568320227772049, 6.0748074655109106, 6.1328811134891685, 6.124702222350012, 4.644301020258078, 5.38567160950761, 6.049312363510402, 3.1533820324004593]
Round=14, per client global perf=[0.6441, 0.6324, 0.6279, 0.6245, 0.6284, 0.6284, 0.6284, 0.6054, 0.6176, 0.6186], mean perf=12762/20400 (0.6256%)
Round=14, per client personal perf=[0.6358, 0.6588, 0.6309, 0.5951, 0.651, 0.6534, 0.6324, 0.6304, 0.6152, 0.648], mean perf=12956/20400 (0.6351%)
Round=14, per client personal pooled=[0.6234, 0.656, 0.6268, 0.5891, 0.6507, 0.6554, 0.6342, 0.65, 0.628, 0.6557], mean perf=129936/204000 (0.6369%)
Mean performance of ditto rpdp global, Perf=0.6148
Mean performance of ditto rpdp personal, Perf=0.6209
Mean performance of ditto rpdp pooled, Perf=0.6210
 We run FedAvg with rPDP (BoundedMixGauss-0) ...
max_epsilon :  10.0  noise_multiplier :  9.736328125
The R-Squared value of the best-fit curve : 0.999749898528281
learning rate =  0.001
sample_rate: (min) 0.03, (max) 0.72, expected_batch_size: 410
sample_rate: (min) 0.03, (max) 0.79, expected_batch_size: 452
sample_rate: (min) 0.03, (max) 0.71, expected_batch_size: 444
sample_rate: (min) 0.03, (max) 0.72, expected_batch_size: 429
sample_rate: (min) 0.03, (max) 0.72, expected_batch_size: 439
sample_rate: (min) 0.03, (max) 0.74, expected_batch_size: 447
sample_rate: (min) 0.03, (max) 0.73, expected_batch_size: 448
sample_rate: (min) 0.03, (max) 0.71, expected_batch_size: 448
sample_rate: (min) 0.03, (max) 0.74, expected_batch_size: 443
sample_rate: (min) 0.03, (max) 0.73, expected_batch_size: 428
initial privacy cost of all clients:  [0, 0, 0, 0, 0, 0, 0, 0, 0, 0]
Round=0
Round=1
Round=2
Round=3
Round=4
Round=5
Round=6
Round=7
Round=8
Round=9
Round=10
Round=11
Round=12
Round=13
Round=14
current privacy cost of all clients:  [4.452560630310308, 4.989186002268105, 3.3873239087081313, 4.232126556619421, 4.743771711921414, 4.635185435148208, 4.820354613545777, 4.869430286915287, 5.357871969683328, 3.8727212988002124]
Round=14, per client global perf=[0.6534, 0.6539, 0.6475, 0.6402, 0.649, 0.649, 0.6505, 0.6186, 0.6309, 0.6377], mean perf=13119/20400 (0.6431%)
Round=14, per client personal perf=[0.649, 0.6392, 0.673, 0.6534, 0.6672, 0.6593, 0.6652, 0.6152, 0.6588, 0.6495], mean perf=13321/20400 (0.6530%)
Round=14, per client personal pooled=[0.6306, 0.6344, 0.6625, 0.6531, 0.6595, 0.6584, 0.6517, 0.6318, 0.6509, 0.6585], mean perf=132426/204000 (0.6491%)
Mean performance of ditto rpdp global, Perf=0.6284
Mean performance of ditto rpdp personal, Perf=0.6456
Mean performance of ditto rpdp pooled, Perf=0.6431
Finished seed 42
----------------------------------------
