PARAMS: dataset=fashion_mnist, gpu=0, data_type=niid_10_5, num_steps=15
=== Running epsilon=4 ===
=== Running reg_param=0 ===
Running seed 42
default_sample_rate: 0.03232323232323232
noise_multiplier :  0.93994140625
learning rate =  0.001
sample_rate: 0.03, expected_batch_size: 128
sample_rate: 0.03, expected_batch_size: 128
sample_rate: 0.03, expected_batch_size: 128
sample_rate: 0.03, expected_batch_size: 128
sample_rate: 0.03, expected_batch_size: 128
sample_rate: 0.03, expected_batch_size: 128
sample_rate: 0.03, expected_batch_size: 128
sample_rate: 0.03, expected_batch_size: 128
sample_rate: 0.03, expected_batch_size: 128
sample_rate: 0.03, expected_batch_size: 128
initial privacy cost of all clients:  [0, 0, 0, 0, 0, 0, 0, 0, 0, 0]
Round=0
Round=1
Round=2
Round=3
Round=4
Round=5
Round=6
Round=7
Round=8
Round=9
Round=10
Round=11
Round=12
Round=13
Round=14
current privacy cost of all clients:  [2.9136136495948044, 2.9136136495948044, 2.4033103685601156, 2.743512555916575, 3.083714743273034, 2.9136136495948044, 3.083714743273034, 3.2538158369512633, 3.4239169306294928, 2.573411462238345]
Round=14, per client global perf=[0.7716, 0.625, 0.5667, 0.6995, 0.5995, 0.7936, 0.6382, 0.5799, 0.7059, 0.6299], mean perf=13484/20400 (0.6610%)
Round=14, per client personal perf=[0.9225, 0.7931, 0.7466, 0.8652, 0.8333, 0.9005, 0.8539, 0.8206, 0.8824, 0.8539], mean perf=17283/20400 (0.8472%)
Round=14, per client personal pooled=[0.4615, 0.3982, 0.3808, 0.4358, 0.4207, 0.4497, 0.4279, 0.4166, 0.444, 0.4266], mean perf=86945/204000 (0.4262%)
Mean performance of unidp ditto global,  eps=4.0, Perf=0.5936
Mean performance of unidp ditto personal,  eps=4.0, Perf=0.8421
Mean performance of unidp ditto pooled,  eps=4.0, Perf=0.4235
Finished seed 42
----------------------------------------
=== Running reg_param=0.001 ===
Running seed 42
default_sample_rate: 0.03232323232323232
noise_multiplier :  0.93994140625
learning rate =  0.001
sample_rate: 0.03, expected_batch_size: 128
sample_rate: 0.03, expected_batch_size: 128
sample_rate: 0.03, expected_batch_size: 128
sample_rate: 0.03, expected_batch_size: 128
sample_rate: 0.03, expected_batch_size: 128
sample_rate: 0.03, expected_batch_size: 128
sample_rate: 0.03, expected_batch_size: 128
sample_rate: 0.03, expected_batch_size: 128
sample_rate: 0.03, expected_batch_size: 128
sample_rate: 0.03, expected_batch_size: 128
initial privacy cost of all clients:  [0, 0, 0, 0, 0, 0, 0, 0, 0, 0]
Round=0
Round=1
Round=2
Round=3
Round=4
Round=5
Round=6
Round=7
Round=8
Round=9
Round=10
Round=11
Round=12
Round=13
Round=14
current privacy cost of all clients:  [2.9136136495948044, 2.9136136495948044, 2.4033103685601156, 2.743512555916575, 3.083714743273034, 2.9136136495948044, 3.083714743273034, 3.2538158369512633, 3.4239169306294928, 2.573411462238345]
Round=14, per client global perf=[0.7716, 0.625, 0.5667, 0.6995, 0.5995, 0.7936, 0.6382, 0.5799, 0.7059, 0.6299], mean perf=13484/20400 (0.6610%)
Round=14, per client personal perf=[0.9265, 0.7951, 0.7466, 0.8495, 0.8284, 0.9005, 0.8515, 0.8225, 0.8779, 0.851], mean perf=17237/20400 (0.8450%)
Round=14, per client personal pooled=[0.4636, 0.3974, 0.3818, 0.4305, 0.418, 0.45, 0.4285, 0.4168, 0.4418, 0.4277], mean perf=86825/204000 (0.4256%)
Mean performance of unidp ditto global,  eps=4.0, Perf=0.5936
Mean performance of unidp ditto personal,  eps=4.0, Perf=0.8412
Mean performance of unidp ditto pooled,  eps=4.0, Perf=0.4231
Finished seed 42
----------------------------------------
=== Running reg_param=0.01 ===
Running seed 42
default_sample_rate: 0.03232323232323232
noise_multiplier :  0.93994140625
learning rate =  0.001
sample_rate: 0.03, expected_batch_size: 128
sample_rate: 0.03, expected_batch_size: 128
sample_rate: 0.03, expected_batch_size: 128
sample_rate: 0.03, expected_batch_size: 128
sample_rate: 0.03, expected_batch_size: 128
sample_rate: 0.03, expected_batch_size: 128
sample_rate: 0.03, expected_batch_size: 128
sample_rate: 0.03, expected_batch_size: 128
sample_rate: 0.03, expected_batch_size: 128
sample_rate: 0.03, expected_batch_size: 128
initial privacy cost of all clients:  [0, 0, 0, 0, 0, 0, 0, 0, 0, 0]
Round=0
Round=1
Round=2
Round=3
Round=4
Round=5
Round=6
Round=7
Round=8
Round=9
Round=10
Round=11
Round=12
Round=13
Round=14
current privacy cost of all clients:  [2.9136136495948044, 2.9136136495948044, 2.4033103685601156, 2.743512555916575, 3.083714743273034, 2.9136136495948044, 3.083714743273034, 3.2538158369512633, 3.4239169306294928, 2.573411462238345]
Round=14, per client global perf=[0.7716, 0.625, 0.5667, 0.6995, 0.5995, 0.7936, 0.6382, 0.5799, 0.7059, 0.6299], mean perf=13484/20400 (0.6610%)
Round=14, per client personal perf=[0.925, 0.7725, 0.7549, 0.8412, 0.8402, 0.899, 0.8515, 0.8196, 0.8838, 0.8426], mean perf=17198/20400 (0.8430%)
Round=14, per client personal pooled=[0.4608, 0.3912, 0.3851, 0.4251, 0.422, 0.449, 0.4266, 0.4154, 0.4448, 0.4228], mean perf=86553/204000 (0.4243%)
Mean performance of unidp ditto global,  eps=4.0, Perf=0.5936
Mean performance of unidp ditto personal,  eps=4.0, Perf=0.8398
Mean performance of unidp ditto pooled,  eps=4.0, Perf=0.4222
Finished seed 42
----------------------------------------
=== Running reg_param=0.1 ===
Running seed 42
default_sample_rate: 0.03232323232323232
noise_multiplier :  0.93994140625
learning rate =  0.001
sample_rate: 0.03, expected_batch_size: 128
sample_rate: 0.03, expected_batch_size: 128
sample_rate: 0.03, expected_batch_size: 128
sample_rate: 0.03, expected_batch_size: 128
sample_rate: 0.03, expected_batch_size: 128
sample_rate: 0.03, expected_batch_size: 128
sample_rate: 0.03, expected_batch_size: 128
sample_rate: 0.03, expected_batch_size: 128
sample_rate: 0.03, expected_batch_size: 128
sample_rate: 0.03, expected_batch_size: 128
initial privacy cost of all clients:  [0, 0, 0, 0, 0, 0, 0, 0, 0, 0]
Round=0
Round=1
Round=2
Round=3
Round=4
Round=5
Round=6
Round=7
Round=8
Round=9
Round=10
Round=11
Round=12
Round=13
Round=14
current privacy cost of all clients:  [2.9136136495948044, 2.9136136495948044, 2.4033103685601156, 2.743512555916575, 3.083714743273034, 2.9136136495948044, 3.083714743273034, 3.2538158369512633, 3.4239169306294928, 2.573411462238345]
Round=14, per client global perf=[0.7716, 0.625, 0.5667, 0.6995, 0.5995, 0.7936, 0.6382, 0.5799, 0.7059, 0.6299], mean perf=13484/20400 (0.6610%)
Round=14, per client personal perf=[0.9162, 0.7828, 0.7475, 0.8588, 0.8216, 0.8735, 0.8348, 0.7897, 0.8696, 0.8152], mean perf=16952/20400 (0.8310%)
Round=14, per client personal pooled=[0.4575, 0.3951, 0.3834, 0.4307, 0.4148, 0.4359, 0.4182, 0.402, 0.4347, 0.4079], mean perf=85276/204000 (0.4180%)
Mean performance of unidp ditto global,  eps=4.0, Perf=0.5936
Mean performance of unidp ditto personal,  eps=4.0, Perf=0.8303
Mean performance of unidp ditto pooled,  eps=4.0, Perf=0.4175
Finished seed 42
----------------------------------------
=== Running reg_param=1.0 ===
Running seed 42
default_sample_rate: 0.03232323232323232
noise_multiplier :  0.93994140625
learning rate =  0.001
sample_rate: 0.03, expected_batch_size: 128
sample_rate: 0.03, expected_batch_size: 128
sample_rate: 0.03, expected_batch_size: 128
sample_rate: 0.03, expected_batch_size: 128
sample_rate: 0.03, expected_batch_size: 128
sample_rate: 0.03, expected_batch_size: 128
sample_rate: 0.03, expected_batch_size: 128
sample_rate: 0.03, expected_batch_size: 128
sample_rate: 0.03, expected_batch_size: 128
sample_rate: 0.03, expected_batch_size: 128
initial privacy cost of all clients:  [0, 0, 0, 0, 0, 0, 0, 0, 0, 0]
Round=0
Round=1
Round=2
Round=3
Round=4
Round=5
Round=6
Round=7
Round=8
Round=9
Round=10
Round=11
Round=12
Round=13
Round=14
current privacy cost of all clients:  [2.9136136495948044, 2.9136136495948044, 2.4033103685601156, 2.743512555916575, 3.083714743273034, 2.9136136495948044, 3.083714743273034, 3.2538158369512633, 3.4239169306294928, 2.573411462238345]
Round=14, per client global perf=[0.7716, 0.625, 0.5667, 0.6995, 0.5995, 0.7936, 0.6382, 0.5799, 0.7059, 0.6299], mean perf=13484/20400 (0.6610%)
Round=14, per client personal perf=[0.8574, 0.7441, 0.6544, 0.8485, 0.7676, 0.8578, 0.7951, 0.7059, 0.827, 0.7676], mean perf=15964/20400 (0.7825%)
Round=14, per client personal pooled=[0.4539, 0.4119, 0.4851, 0.4438, 0.4705, 0.437, 0.4563, 0.4098, 0.4416, 0.3836], mean perf=89626/204000 (0.4393%)
Mean performance of unidp ditto global,  eps=4.0, Perf=0.5936
Mean performance of unidp ditto personal,  eps=4.0, Perf=0.7889
Mean performance of unidp ditto pooled,  eps=4.0, Perf=0.4397
Finished seed 42
----------------------------------------
=== Running reg_param=10 ===
Running seed 42
default_sample_rate: 0.03232323232323232
noise_multiplier :  0.93994140625
learning rate =  0.001
sample_rate: 0.03, expected_batch_size: 128
sample_rate: 0.03, expected_batch_size: 128
sample_rate: 0.03, expected_batch_size: 128
sample_rate: 0.03, expected_batch_size: 128
sample_rate: 0.03, expected_batch_size: 128
sample_rate: 0.03, expected_batch_size: 128
sample_rate: 0.03, expected_batch_size: 128
sample_rate: 0.03, expected_batch_size: 128
sample_rate: 0.03, expected_batch_size: 128
sample_rate: 0.03, expected_batch_size: 128
initial privacy cost of all clients:  [0, 0, 0, 0, 0, 0, 0, 0, 0, 0]
Round=0
Round=1
Round=2
Round=3
Round=4
Round=5
Round=6
Round=7
Round=8
Round=9
Round=10
Round=11
Round=12
Round=13
Round=14
current privacy cost of all clients:  [2.9136136495948044, 2.9136136495948044, 2.4033103685601156, 2.743512555916575, 3.083714743273034, 2.9136136495948044, 3.083714743273034, 3.2538158369512633, 3.4239169306294928, 2.573411462238345]
Round=14, per client global perf=[0.7716, 0.625, 0.5667, 0.6995, 0.5995, 0.7936, 0.6382, 0.5799, 0.7059, 0.6299], mean perf=13484/20400 (0.6610%)
Round=14, per client personal perf=[0.8569, 0.7422, 0.6118, 0.8206, 0.7588, 0.848, 0.7603, 0.6799, 0.8387, 0.8118], mean perf=15767/20400 (0.7729%)
Round=14, per client personal pooled=[0.5429, 0.4572, 0.5586, 0.5118, 0.544, 0.4747, 0.5556, 0.5103, 0.5505, 0.4284], mean perf=104734/204000 (0.5134%)
Mean performance of unidp ditto global,  eps=4.0, Perf=0.5936
Mean performance of unidp ditto personal,  eps=4.0, Perf=0.7723
Mean performance of unidp ditto pooled,  eps=4.0, Perf=0.5191
Finished seed 42
----------------------------------------
