PARAMS: dataset=fashion_mnist, gpu=0, data_type=niid_dir_5, num_steps=15
=== Running epsilon=4 ===
=== Running reg_param=0 ===
Running seed 42
default_sample_rate: 0.10684474123539232
noise_multiplier :  2.20947265625
learning rate =  0.001
sample_rate: 0.11, expected_batch_size: 833
sample_rate: 0.11, expected_batch_size: 128
sample_rate: 0.11, expected_batch_size: 283
sample_rate: 0.11, expected_batch_size: 466
sample_rate: 0.11, expected_batch_size: 639
sample_rate: 0.11, expected_batch_size: 772
sample_rate: 0.11, expected_batch_size: 179
sample_rate: 0.11, expected_batch_size: 228
sample_rate: 0.11, expected_batch_size: 258
sample_rate: 0.11, expected_batch_size: 440
initial privacy cost of all clients:  [0, 0, 0, 0, 0, 0, 0, 0, 0, 0]
Round=0
Round=1
Round=2
Round=3
Round=4
Round=5
Round=6
Round=7
Round=8
Round=9
Round=10
Round=11
Round=12
Round=13
Round=14
current privacy cost of all clients:  [2.855168777518905, 2.855168777518905, 2.253455623350825, 2.6923732928501627, 3.017964262187647, 2.855168777518905, 3.017964262187647, 3.1807597468563893, 3.3435552315251313, 2.48385958995643]
Round=14, per client global perf=[0.6705, 0.5615, 0.582, 0.7527, 0.7689, 0.681, 0.7055, 0.6963, 0.7276, 0.7056], mean perf=14226/20406 (0.6971%)
Round=14, per client personal perf=[0.7807, 0.8641, 0.8858, 0.8877, 0.8532, 0.7722, 0.8591, 0.8205, 0.8173, 0.7866], mean perf=16729/20406 (0.8198%)
Round=14, per client personal pooled=[0.6966, 0.4761, 0.3744, 0.5326, 0.6944, 0.6848, 0.5544, 0.6195, 0.6559, 0.4856], mean perf=117829/204060 (0.5774%)
Mean performance of unidp ditto global,  eps=4.0, Perf=0.6814
Mean performance of unidp ditto personal,  eps=4.0, Perf=0.8143
Mean performance of unidp ditto pooled,  eps=4.0, Perf=0.5640
Finished seed 42
----------------------------------------
=== Running reg_param=0.001 ===
Running seed 42
default_sample_rate: 0.10684474123539232
noise_multiplier :  2.20947265625
learning rate =  0.001
sample_rate: 0.11, expected_batch_size: 833
sample_rate: 0.11, expected_batch_size: 128
sample_rate: 0.11, expected_batch_size: 283
sample_rate: 0.11, expected_batch_size: 466
sample_rate: 0.11, expected_batch_size: 639
sample_rate: 0.11, expected_batch_size: 772
sample_rate: 0.11, expected_batch_size: 179
sample_rate: 0.11, expected_batch_size: 228
sample_rate: 0.11, expected_batch_size: 258
sample_rate: 0.11, expected_batch_size: 440
initial privacy cost of all clients:  [0, 0, 0, 0, 0, 0, 0, 0, 0, 0]
Round=0
Round=1
Round=2
Round=3
Round=4
Round=5
Round=6
Round=7
Round=8
Round=9
Round=10
Round=11
Round=12
Round=13
Round=14
current privacy cost of all clients:  [2.855168777518905, 2.855168777518905, 2.253455623350825, 2.6923732928501627, 3.017964262187647, 2.855168777518905, 3.017964262187647, 3.1807597468563893, 3.3435552315251313, 2.48385958995643]
Round=14, per client global perf=[0.6705, 0.5615, 0.582, 0.7527, 0.7689, 0.681, 0.7055, 0.6963, 0.7276, 0.7056], mean perf=14226/20406 (0.6971%)
Round=14, per client personal perf=[0.7877, 0.8689, 0.8865, 0.893, 0.8515, 0.7693, 0.8614, 0.8169, 0.8309, 0.781], mean perf=16760/20406 (0.8213%)
Round=14, per client personal pooled=[0.6967, 0.4782, 0.3737, 0.5547, 0.7094, 0.6843, 0.5477, 0.6289, 0.6864, 0.4927], mean perf=119429/204060 (0.5853%)
Mean performance of unidp ditto global,  eps=4.0, Perf=0.6814
Mean performance of unidp ditto personal,  eps=4.0, Perf=0.8175
Mean performance of unidp ditto pooled,  eps=4.0, Perf=0.5727
Finished seed 42
----------------------------------------
=== Running reg_param=0.01 ===
Running seed 42
default_sample_rate: 0.10684474123539232
noise_multiplier :  2.20947265625
learning rate =  0.001
sample_rate: 0.11, expected_batch_size: 833
sample_rate: 0.11, expected_batch_size: 128
sample_rate: 0.11, expected_batch_size: 283
sample_rate: 0.11, expected_batch_size: 466
sample_rate: 0.11, expected_batch_size: 639
sample_rate: 0.11, expected_batch_size: 772
sample_rate: 0.11, expected_batch_size: 179
sample_rate: 0.11, expected_batch_size: 228
sample_rate: 0.11, expected_batch_size: 258
sample_rate: 0.11, expected_batch_size: 440
initial privacy cost of all clients:  [0, 0, 0, 0, 0, 0, 0, 0, 0, 0]
Round=0
Round=1
Round=2
Round=3
Round=4
Round=5
Round=6
Round=7
Round=8
Round=9
Round=10
Round=11
Round=12
Round=13
Round=14
current privacy cost of all clients:  [2.855168777518905, 2.855168777518905, 2.253455623350825, 2.6923732928501627, 3.017964262187647, 2.855168777518905, 3.017964262187647, 3.1807597468563893, 3.3435552315251313, 2.48385958995643]
Round=14, per client global perf=[0.6705, 0.5615, 0.582, 0.7527, 0.7689, 0.681, 0.7055, 0.6963, 0.7276, 0.7056], mean perf=14226/20406 (0.6971%)
Round=14, per client personal perf=[0.7872, 0.8657, 0.8895, 0.8872, 0.8454, 0.7674, 0.8707, 0.8223, 0.8293, 0.7942], mean perf=16761/20406 (0.8214%)
Round=14, per client personal pooled=[0.6962, 0.4932, 0.3843, 0.5413, 0.6872, 0.681, 0.5696, 0.6269, 0.689, 0.485], mean perf=119450/204060 (0.5854%)
Mean performance of unidp ditto global,  eps=4.0, Perf=0.6814
Mean performance of unidp ditto personal,  eps=4.0, Perf=0.8184
Mean performance of unidp ditto pooled,  eps=4.0, Perf=0.5770
Finished seed 42
----------------------------------------
=== Running reg_param=0.1 ===
Running seed 42
default_sample_rate: 0.10684474123539232
noise_multiplier :  2.20947265625
learning rate =  0.001
sample_rate: 0.11, expected_batch_size: 833
sample_rate: 0.11, expected_batch_size: 128
sample_rate: 0.11, expected_batch_size: 283
sample_rate: 0.11, expected_batch_size: 466
sample_rate: 0.11, expected_batch_size: 639
sample_rate: 0.11, expected_batch_size: 772
sample_rate: 0.11, expected_batch_size: 179
sample_rate: 0.11, expected_batch_size: 228
sample_rate: 0.11, expected_batch_size: 258
sample_rate: 0.11, expected_batch_size: 440
initial privacy cost of all clients:  [0, 0, 0, 0, 0, 0, 0, 0, 0, 0]
Round=0
Round=1
Round=2
Round=3
Round=4
Round=5
Round=6
Round=7
Round=8
Round=9
Round=10
Round=11
Round=12
Round=13
Round=14
current privacy cost of all clients:  [2.855168777518905, 2.855168777518905, 2.253455623350825, 2.6923732928501627, 3.017964262187647, 2.855168777518905, 3.017964262187647, 3.1807597468563893, 3.3435552315251313, 2.48385958995643]
Round=14, per client global perf=[0.6705, 0.5615, 0.582, 0.7527, 0.7689, 0.681, 0.7055, 0.6963, 0.7276, 0.7056], mean perf=14226/20406 (0.6971%)
Round=14, per client personal perf=[0.7922, 0.8625, 0.9012, 0.8823, 0.8331, 0.7682, 0.8568, 0.8087, 0.8045, 0.7965], mean perf=16696/20406 (0.8182%)
Round=14, per client personal pooled=[0.7034, 0.5566, 0.4301, 0.5462, 0.6486, 0.6737, 0.5697, 0.6007, 0.6793, 0.5106], mean perf=120782/204060 (0.5919%)
Mean performance of unidp ditto global,  eps=4.0, Perf=0.6814
Mean performance of unidp ditto personal,  eps=4.0, Perf=0.8147
Mean performance of unidp ditto pooled,  eps=4.0, Perf=0.5805
Finished seed 42
----------------------------------------
=== Running reg_param=1.0 ===
Running seed 42
default_sample_rate: 0.10684474123539232
noise_multiplier :  2.20947265625
learning rate =  0.001
sample_rate: 0.11, expected_batch_size: 833
sample_rate: 0.11, expected_batch_size: 128
sample_rate: 0.11, expected_batch_size: 283
sample_rate: 0.11, expected_batch_size: 466
sample_rate: 0.11, expected_batch_size: 639
sample_rate: 0.11, expected_batch_size: 772
sample_rate: 0.11, expected_batch_size: 179
sample_rate: 0.11, expected_batch_size: 228
sample_rate: 0.11, expected_batch_size: 258
sample_rate: 0.11, expected_batch_size: 440
initial privacy cost of all clients:  [0, 0, 0, 0, 0, 0, 0, 0, 0, 0]
Round=0
Round=1
Round=2
Round=3
Round=4
Round=5
Round=6
Round=7
Round=8
Round=9
Round=10
Round=11
Round=12
Round=13
Round=14
current privacy cost of all clients:  [2.855168777518905, 2.855168777518905, 2.253455623350825, 2.6923732928501627, 3.017964262187647, 2.855168777518905, 3.017964262187647, 3.1807597468563893, 3.3435552315251313, 2.48385958995643]
Round=14, per client global perf=[0.6705, 0.5615, 0.582, 0.7527, 0.7689, 0.681, 0.7055, 0.6963, 0.7276, 0.7056], mean perf=14226/20406 (0.6971%)
Round=14, per client personal perf=[0.7466, 0.8301, 0.8712, 0.8739, 0.813, 0.7389, 0.8383, 0.8005, 0.7877, 0.7942], mean perf=16211/20406 (0.7944%)
Round=14, per client personal pooled=[0.6794, 0.5987, 0.4597, 0.5618, 0.633, 0.6678, 0.5705, 0.5996, 0.6729, 0.6095], mean perf=123516/204060 (0.6053%)
Mean performance of unidp ditto global,  eps=4.0, Perf=0.6814
Mean performance of unidp ditto personal,  eps=4.0, Perf=0.7926
Mean performance of unidp ditto pooled,  eps=4.0, Perf=0.5851
Finished seed 42
----------------------------------------
=== Running reg_param=10 ===
Running seed 42
default_sample_rate: 0.10684474123539232
noise_multiplier :  2.20947265625
learning rate =  0.001
sample_rate: 0.11, expected_batch_size: 833
sample_rate: 0.11, expected_batch_size: 128
sample_rate: 0.11, expected_batch_size: 283
sample_rate: 0.11, expected_batch_size: 466
sample_rate: 0.11, expected_batch_size: 639
sample_rate: 0.11, expected_batch_size: 772
sample_rate: 0.11, expected_batch_size: 179
sample_rate: 0.11, expected_batch_size: 228
sample_rate: 0.11, expected_batch_size: 258
sample_rate: 0.11, expected_batch_size: 440
initial privacy cost of all clients:  [0, 0, 0, 0, 0, 0, 0, 0, 0, 0]
Round=0
Round=1
Round=2
Round=3
Round=4
Round=5
Round=6
Round=7
Round=8
Round=9
Round=10
Round=11
Round=12
Round=13
Round=14
current privacy cost of all clients:  [2.855168777518905, 2.855168777518905, 2.253455623350825, 2.6923732928501627, 3.017964262187647, 2.855168777518905, 3.017964262187647, 3.1807597468563893, 3.3435552315251313, 2.48385958995643]
Round=14, per client global perf=[0.6705, 0.5615, 0.582, 0.7527, 0.7689, 0.681, 0.7055, 0.6963, 0.7276, 0.7056], mean perf=14226/20406 (0.6971%)
Round=14, per client personal perf=[0.7103, 0.7735, 0.8389, 0.8668, 0.8029, 0.7411, 0.8337, 0.7969, 0.7772, 0.764], mean perf=15862/20406 (0.7773%)
Round=14, per client personal pooled=[0.673, 0.5952, 0.5823, 0.6117, 0.6355, 0.6576, 0.6064, 0.6274, 0.6384, 0.6389], mean perf=127873/204060 (0.6266%)
Mean performance of unidp ditto global,  eps=4.0, Perf=0.6814
Mean performance of unidp ditto personal,  eps=4.0, Perf=0.7734
Mean performance of unidp ditto pooled,  eps=4.0, Perf=0.6164
Finished seed 42
----------------------------------------
