PARAMS: dataset=fashion_mnist, gpu=0, data_type=niid_10_5, num_steps=30
=== Running reg_param=0 ===
Running seed 42
learning rate =  0.001
Round=0
Round=1
Round=2
Round=3
Round=4
Round=5
Round=6
Round=7
Round=8
Round=9
Round=10
Round=11
Round=12
Round=13
Round=14
Round=14, per client global perf=[0.8304, 0.7142, 0.6613, 0.8833, 0.7426, 0.8593, 0.8152, 0.6632, 0.8505, 0.6382], mean perf=15623/20400 (0.7658%)
Round=14, per client personal perf=[0.9436, 0.8348, 0.7534, 0.8868, 0.874, 0.923, 0.8765, 0.8554, 0.9015, 0.8569], mean perf=17760/20400 (0.8706%)
Round=14, per client personal pooled=[0.4704, 0.4192, 0.382, 0.4479, 0.4466, 0.4623, 0.4386, 0.4302, 0.4501, 0.4325], mean perf=89344/204000 (0.4380%)
All rounds performance of vanilla ditto global, Perf=[0.2736, 0.4484, 0.3936, 0.4603, 0.5177, 0.6639, 0.4639, 0.5916, 0.6429, 0.7197, 0.6774, 0.6525, 0.5675, 0.6263, 0.7658]
Mean performance of vanilla ditto global, Perf=0.6532
All rounds performance of vanilla ditto personal, Perf=[0.3613, 0.5638, 0.6359, 0.7918, 0.813, 0.8204, 0.828, 0.841, 0.8425, 0.8549, 0.8562, 0.8634, 0.8708, 0.8698, 0.8706]
Mean performance of vanilla ditto personal, Perf=0.8704
All rounds performance of vanilla ditto pooled, Perf=[0.2119, 0.3023, 0.339, 0.3969, 0.408, 0.4116, 0.4153, 0.4223, 0.4236, 0.4298, 0.4305, 0.434, 0.4367, 0.4366, 0.438]
Mean performance of vanilla ditto pooled, Perf=0.4371
Finished seed 42
----------------------------------------
=== Running reg_param=0.001 ===
Running seed 42
learning rate =  0.001
Round=0
Round=1
Round=2
Round=3
Round=4
Round=5
Round=6
Round=7
Round=8
Round=9
Round=10
Round=11
Round=12
Round=13
Round=14
Round=14, per client global perf=[0.8304, 0.7142, 0.6613, 0.8833, 0.7426, 0.8593, 0.8152, 0.6632, 0.8505, 0.6382], mean perf=15623/20400 (0.7658%)
Round=14, per client personal perf=[0.9446, 0.8343, 0.7657, 0.8858, 0.8784, 0.9279, 0.8863, 0.8701, 0.9039, 0.8642], mean perf=17873/20400 (0.8761%)
Round=14, per client personal pooled=[0.4707, 0.4195, 0.3887, 0.4475, 0.4483, 0.4638, 0.4426, 0.4352, 0.4543, 0.4333], mean perf=89842/204000 (0.4404%)
All rounds performance of vanilla ditto global, Perf=[0.2736, 0.4484, 0.3936, 0.4603, 0.5177, 0.6639, 0.4639, 0.5916, 0.6429, 0.7197, 0.6774, 0.6525, 0.5675, 0.6263, 0.7658]
Mean performance of vanilla ditto global, Perf=0.6532
All rounds performance of vanilla ditto personal, Perf=[0.3623, 0.5662, 0.637, 0.7841, 0.8107, 0.8149, 0.8238, 0.8386, 0.8417, 0.8568, 0.8606, 0.866, 0.8752, 0.8751, 0.8761]
Mean performance of vanilla ditto personal, Perf=0.8755
All rounds performance of vanilla ditto pooled, Perf=[0.2123, 0.303, 0.3391, 0.3939, 0.407, 0.4093, 0.4138, 0.421, 0.4232, 0.4315, 0.4324, 0.4354, 0.4391, 0.4391, 0.4404]
Mean performance of vanilla ditto pooled, Perf=0.4395
Finished seed 42
----------------------------------------
=== Running reg_param=0.01 ===
Running seed 42
learning rate =  0.001
Round=0
Round=1
Round=2
Round=3
Round=4
Round=5
Round=6
Round=7
Round=8
Round=9
Round=10
Round=11
Round=12
Round=13
Round=14
Round=14, per client global perf=[0.8304, 0.7142, 0.6613, 0.8833, 0.7426, 0.8593, 0.8152, 0.6632, 0.8505, 0.6382], mean perf=15623/20400 (0.7658%)
Round=14, per client personal perf=[0.9422, 0.8353, 0.7809, 0.8961, 0.8721, 0.9309, 0.8819, 0.8721, 0.902, 0.8529], mean perf=17883/20400 (0.8766%)
Round=14, per client personal pooled=[0.4698, 0.4201, 0.3959, 0.4536, 0.4462, 0.4652, 0.4408, 0.4383, 0.4531, 0.4324], mean perf=90076/204000 (0.4415%)
All rounds performance of vanilla ditto global, Perf=[0.2736, 0.4484, 0.3936, 0.4603, 0.5177, 0.6639, 0.4639, 0.5916, 0.6429, 0.7197, 0.6774, 0.6525, 0.5675, 0.6263, 0.7658]
Mean performance of vanilla ditto global, Perf=0.6532
All rounds performance of vanilla ditto personal, Perf=[0.3596, 0.5539, 0.6402, 0.7936, 0.8165, 0.8251, 0.8298, 0.8459, 0.8456, 0.8601, 0.8609, 0.8667, 0.8768, 0.8775, 0.8766]
Mean performance of vanilla ditto personal, Perf=0.8770
All rounds performance of vanilla ditto pooled, Perf=[0.2112, 0.2974, 0.3412, 0.399, 0.4107, 0.4145, 0.4175, 0.4254, 0.4251, 0.4329, 0.4338, 0.4354, 0.4401, 0.4404, 0.4415]
Mean performance of vanilla ditto pooled, Perf=0.4407
Finished seed 42
----------------------------------------
=== Running reg_param=0.1 ===
Running seed 42
learning rate =  0.001
Round=0
Round=1
Round=2
Round=3
Round=4
Round=5
Round=6
Round=7
Round=8
Round=9
Round=10
Round=11
Round=12
Round=13
Round=14
Round=14, per client global perf=[0.8304, 0.7142, 0.6613, 0.8833, 0.7426, 0.8593, 0.8152, 0.6632, 0.8505, 0.6382], mean perf=15623/20400 (0.7658%)
Round=14, per client personal perf=[0.9456, 0.8368, 0.7667, 0.9147, 0.8721, 0.9324, 0.8873, 0.8662, 0.9044, 0.8613], mean perf=17926/20400 (0.8787%)
Round=14, per client personal pooled=[0.471, 0.4198, 0.5068, 0.4587, 0.445, 0.4658, 0.4423, 0.4374, 0.4542, 0.4356], mean perf=92547/204000 (0.4537%)
All rounds performance of vanilla ditto global, Perf=[0.2736, 0.4484, 0.3936, 0.4603, 0.5177, 0.6639, 0.4639, 0.5916, 0.6429, 0.7197, 0.6774, 0.6525, 0.5675, 0.6263, 0.7658]
Mean performance of vanilla ditto global, Perf=0.6532
All rounds performance of vanilla ditto personal, Perf=[0.3593, 0.5544, 0.6432, 0.8085, 0.8287, 0.8353, 0.8412, 0.8521, 0.8526, 0.8629, 0.8625, 0.8685, 0.877, 0.8784, 0.8787]
Mean performance of vanilla ditto personal, Perf=0.8780
All rounds performance of vanilla ditto pooled, Perf=[0.2113, 0.298, 0.3427, 0.4055, 0.416, 0.4198, 0.423, 0.4286, 0.4286, 0.4347, 0.4412, 0.4454, 0.4525, 0.4527, 0.4537]
Mean performance of vanilla ditto pooled, Perf=0.4530
Finished seed 42
----------------------------------------
=== Running reg_param=1.0 ===
Running seed 42
learning rate =  0.001
Round=0
Round=1
Round=2
Round=3
Round=4
Round=5
Round=6
Round=7
Round=8
Round=9
Round=10
Round=11
Round=12
Round=13
Round=14
Round=14, per client global perf=[0.8304, 0.7142, 0.6613, 0.8833, 0.7426, 0.8593, 0.8152, 0.6632, 0.8505, 0.6382], mean perf=15623/20400 (0.7658%)
Round=14, per client personal perf=[0.9446, 0.8299, 0.774, 0.9147, 0.8647, 0.9294, 0.8794, 0.8632, 0.9074, 0.8711], mean perf=17908/20400 (0.8778%)
Round=14, per client personal pooled=[0.4874, 0.5434, 0.5896, 0.4908, 0.5259, 0.5448, 0.6049, 0.5313, 0.5925, 0.501], mean perf=110396/204000 (0.5412%)
All rounds performance of vanilla ditto global, Perf=[0.2736, 0.4484, 0.3936, 0.4603, 0.5177, 0.6639, 0.4639, 0.5916, 0.6429, 0.7197, 0.6774, 0.6525, 0.5675, 0.6263, 0.7658]
Mean performance of vanilla ditto global, Perf=0.6532
All rounds performance of vanilla ditto personal, Perf=[0.3473, 0.5428, 0.6376, 0.8085, 0.8317, 0.8373, 0.8405, 0.8531, 0.8515, 0.8599, 0.8594, 0.8665, 0.8751, 0.8766, 0.8778]
Mean performance of vanilla ditto personal, Perf=0.8765
All rounds performance of vanilla ditto pooled, Perf=[0.2053, 0.2923, 0.3539, 0.415, 0.434, 0.4531, 0.4484, 0.4662, 0.4748, 0.5089, 0.5185, 0.5003, 0.4963, 0.5165, 0.5412]
Mean performance of vanilla ditto pooled, Perf=0.5180
Finished seed 42
----------------------------------------
=== Running reg_param=5 ===
Running seed 42
learning rate =  0.001
Round=0
Round=1
Round=2
Round=3
Round=4
Round=5
Round=6
Round=7
Round=8
Round=9
Round=10
Round=11
Round=12
Round=13
Round=14
Round=14, per client global perf=[0.8304, 0.7142, 0.6613, 0.8833, 0.7426, 0.8593, 0.8152, 0.6632, 0.8505, 0.6382], mean perf=15623/20400 (0.7658%)
Round=14, per client personal perf=[0.9426, 0.8093, 0.7706, 0.9049, 0.8686, 0.9289, 0.8725, 0.8559, 0.9044, 0.8647], mean perf=17794/20400 (0.8723%)
Round=14, per client personal pooled=[0.5829, 0.6063, 0.669, 0.5443, 0.6173, 0.5962, 0.7423, 0.598, 0.706, 0.608], mean perf=127916/204000 (0.6270%)
All rounds performance of vanilla ditto global, Perf=[0.2736, 0.4484, 0.3936, 0.4603, 0.5177, 0.6639, 0.4639, 0.5916, 0.6429, 0.7197, 0.6774, 0.6525, 0.5675, 0.6263, 0.7658]
Mean performance of vanilla ditto global, Perf=0.6532
All rounds performance of vanilla ditto personal, Perf=[0.172, 0.3944, 0.5776, 0.7497, 0.8131, 0.8271, 0.8331, 0.8455, 0.8416, 0.8525, 0.8534, 0.8601, 0.871, 0.8703, 0.8723]
Mean performance of vanilla ditto personal, Perf=0.8712
All rounds performance of vanilla ditto pooled, Perf=[0.1159, 0.2223, 0.3485, 0.4415, 0.4985, 0.5369, 0.5333, 0.5753, 0.5893, 0.6131, 0.6231, 0.6162, 0.6369, 0.6385, 0.627]
Mean performance of vanilla ditto pooled, Perf=0.6341
Finished seed 42
----------------------------------------
=== Running reg_param=10 ===
Running seed 42
learning rate =  0.001
Round=0
Round=1
Round=2
Round=3
Round=4
Round=5
Round=6
Round=7
Round=8
Round=9
Round=10
Round=11
Round=12
Round=13
Round=14
Round=14, per client global perf=[0.8304, 0.7142, 0.6613, 0.8833, 0.7426, 0.8593, 0.8152, 0.6632, 0.8505, 0.6382], mean perf=15623/20400 (0.7658%)
Round=14, per client personal perf=[0.9402, 0.8132, 0.7721, 0.9039, 0.85, 0.926, 0.8686, 0.85, 0.898, 0.8618], mean perf=17715/20400 (0.8684%)
Round=14, per client personal pooled=[0.6183, 0.6501, 0.6899, 0.5639, 0.677, 0.6201, 0.772, 0.6136, 0.7412, 0.6358], mean perf=134269/204000 (0.6582%)
All rounds performance of vanilla ditto global, Perf=[0.2736, 0.4484, 0.3936, 0.4603, 0.5177, 0.6639, 0.4639, 0.5916, 0.6429, 0.7197, 0.6774, 0.6525, 0.5675, 0.6263, 0.7658]
Mean performance of vanilla ditto global, Perf=0.6532
All rounds performance of vanilla ditto personal, Perf=[0.1236, 0.353, 0.5333, 0.7036, 0.8048, 0.82, 0.8267, 0.8394, 0.8347, 0.8492, 0.85, 0.8572, 0.8672, 0.8673, 0.8684]
Mean performance of vanilla ditto personal, Perf=0.8676
All rounds performance of vanilla ditto pooled, Perf=[0.1019, 0.2185, 0.3559, 0.4544, 0.5289, 0.57, 0.5815, 0.626, 0.63, 0.6465, 0.6569, 0.6516, 0.6799, 0.6748, 0.6582]
Mean performance of vanilla ditto pooled, Perf=0.6710
Finished seed 42
----------------------------------------
=== Running reg_param=15 ===
Running seed 42
learning rate =  0.001
Round=0
Round=1
Round=2
Round=3
Round=4
Round=5
Round=6
Round=7
Round=8
Round=9
Round=10
Round=11
Round=12
Round=13
Round=14
Round=14, per client global perf=[0.8304, 0.7142, 0.6613, 0.8833, 0.7426, 0.8593, 0.8152, 0.6632, 0.8505, 0.6382], mean perf=15623/20400 (0.7658%)
Round=14, per client personal perf=[0.9412, 0.8113, 0.7833, 0.9088, 0.8353, 0.9225, 0.8593, 0.8475, 0.8892, 0.8623], mean perf=17668/20400 (0.8661%)
Round=14, per client personal pooled=[0.6324, 0.6727, 0.7006, 0.5797, 0.7027, 0.6328, 0.7804, 0.6203, 0.7578, 0.644], mean perf=137159/204000 (0.6723%)
All rounds performance of vanilla ditto global, Perf=[0.2736, 0.4484, 0.3936, 0.4603, 0.5177, 0.6639, 0.4639, 0.5916, 0.6429, 0.7197, 0.6774, 0.6525, 0.5675, 0.6263, 0.7658]
Mean performance of vanilla ditto global, Perf=0.6532
All rounds performance of vanilla ditto personal, Perf=[0.1223, 0.3558, 0.5226, 0.6963, 0.8027, 0.8189, 0.825, 0.833, 0.8281, 0.8435, 0.8467, 0.855, 0.8647, 0.8658, 0.8661]
Mean performance of vanilla ditto personal, Perf=0.8655
All rounds performance of vanilla ditto pooled, Perf=[0.1012, 0.2264, 0.3693, 0.4661, 0.5463, 0.5834, 0.6042, 0.6495, 0.6437, 0.6594, 0.6698, 0.6673, 0.6966, 0.691, 0.6723]
Mean performance of vanilla ditto pooled, Perf=0.6866
Finished seed 42
----------------------------------------
=== Running reg_param=20 ===
Running seed 42
learning rate =  0.001
Round=0
Round=1
Round=2
Round=3
Round=4
Round=5
Round=6
Round=7
Round=8
Round=9
Round=10
Round=11
Round=12
Round=13
Round=14
Round=14, per client global perf=[0.8304, 0.7142, 0.6613, 0.8833, 0.7426, 0.8593, 0.8152, 0.6632, 0.8505, 0.6382], mean perf=15623/20400 (0.7658%)
Round=14, per client personal perf=[0.9407, 0.8127, 0.7926, 0.9108, 0.8186, 0.9186, 0.852, 0.8471, 0.8824, 0.8642], mean perf=17625/20400 (0.8640%)
Round=14, per client personal pooled=[0.6393, 0.6841, 0.7069, 0.5902, 0.7133, 0.6402, 0.7829, 0.6246, 0.7638, 0.6471], mean perf=138565/204000 (0.6792%)
All rounds performance of vanilla ditto global, Perf=[0.2736, 0.4484, 0.3936, 0.4603, 0.5177, 0.6639, 0.4639, 0.5916, 0.6429, 0.7197, 0.6774, 0.6525, 0.5675, 0.6263, 0.7658]
Mean performance of vanilla ditto global, Perf=0.6532
All rounds performance of vanilla ditto personal, Perf=[0.1222, 0.355, 0.5171, 0.6949, 0.8028, 0.819, 0.8231, 0.8288, 0.8225, 0.8393, 0.845, 0.853, 0.8622, 0.8626, 0.864]
Mean performance of vanilla ditto personal, Perf=0.8629
All rounds performance of vanilla ditto pooled, Perf=[0.1013, 0.2305, 0.3785, 0.4741, 0.5573, 0.5917, 0.6163, 0.6636, 0.6511, 0.667, 0.6784, 0.677, 0.7059, 0.6997, 0.6792]
Mean performance of vanilla ditto pooled, Perf=0.6949
Finished seed 42
----------------------------------------
