PARAMS: dataset=fashion_mnist, gpu=0, data_type=iid_10, num_steps=30
=== Running reg_param=0 ===
Running seed 42
learning rate =  0.001
Round=0
Round=1
Round=2
Round=3
Round=4
Round=5
Round=6
Round=7
Round=8
Round=9
Round=10
Round=11
Round=12
Round=13
Round=14
Round=14, per client global perf=[0.8627, 0.85, 0.8603, 0.8618, 0.8549, 0.8544, 0.8574, 0.8534, 0.8515, 0.8559], mean perf=17467/20400 (0.8562%)
Round=14, per client personal perf=[0.7838, 0.7765, 0.775, 0.7745, 0.7721, 0.774, 0.8088, 0.7863, 0.7725, 0.7706], mean perf=15900/20400 (0.7794%)
Round=14, per client personal pooled=[0.7742, 0.7837, 0.7678, 0.7731, 0.78, 0.7774, 0.7929, 0.7979, 0.7819, 0.7696], mean perf=159092/204000 (0.7799%)
All rounds performance of vanilla ditto global, Perf=[0.6693, 0.7385, 0.7665, 0.7856, 0.7968, 0.8078, 0.8132, 0.8231, 0.8315, 0.8356, 0.8372, 0.8445, 0.8501, 0.8494, 0.8562]
Mean performance of vanilla ditto global, Perf=0.8519
All rounds performance of vanilla ditto personal, Perf=[0.3014, 0.471, 0.5621, 0.6818, 0.7142, 0.7207, 0.7241, 0.7366, 0.7392, 0.7598, 0.7655, 0.769, 0.7725, 0.7783, 0.7794]
Mean performance of vanilla ditto personal, Perf=0.7767
All rounds performance of vanilla ditto pooled, Perf=[0.3023, 0.47, 0.5628, 0.6833, 0.7132, 0.7216, 0.7236, 0.737, 0.7412, 0.7594, 0.7651, 0.7682, 0.7739, 0.7781, 0.7799]
Mean performance of vanilla ditto pooled, Perf=0.7773
Finished seed 42
----------------------------------------
=== Running reg_param=0.001 ===
Running seed 42
learning rate =  0.001
Round=0
Round=1
Round=2
Round=3
Round=4
Round=5
Round=6
Round=7
Round=8
Round=9
Round=10
Round=11
Round=12
Round=13
Round=14
Round=14, per client global perf=[0.8627, 0.85, 0.8603, 0.8618, 0.8549, 0.8544, 0.8574, 0.8534, 0.8515, 0.8559], mean perf=17467/20400 (0.8562%)
Round=14, per client personal perf=[0.7873, 0.7765, 0.7887, 0.7902, 0.7755, 0.7809, 0.8118, 0.7873, 0.7961, 0.775], mean perf=16053/20400 (0.7869%)
Round=14, per client personal pooled=[0.7758, 0.7825, 0.7726, 0.7807, 0.7825, 0.7807, 0.7917, 0.7998, 0.7911, 0.7712], mean perf=159702/204000 (0.7829%)
All rounds performance of vanilla ditto global, Perf=[0.6693, 0.7385, 0.7665, 0.7856, 0.7968, 0.8078, 0.8132, 0.8231, 0.8315, 0.8356, 0.8372, 0.8445, 0.8501, 0.8494, 0.8562]
Mean performance of vanilla ditto global, Perf=0.8519
All rounds performance of vanilla ditto personal, Perf=[0.302, 0.4743, 0.5675, 0.6797, 0.7114, 0.7186, 0.7213, 0.7375, 0.7405, 0.7638, 0.768, 0.7703, 0.7793, 0.7831, 0.7869]
Mean performance of vanilla ditto personal, Perf=0.7831
All rounds performance of vanilla ditto pooled, Perf=[0.3023, 0.4727, 0.5679, 0.6829, 0.7117, 0.7214, 0.7237, 0.7369, 0.7418, 0.7645, 0.7685, 0.7713, 0.7794, 0.7807, 0.7829]
Mean performance of vanilla ditto pooled, Perf=0.7810
Finished seed 42
----------------------------------------
=== Running reg_param=0.01 ===
Running seed 42
learning rate =  0.001
Round=0
Round=1
Round=2
Round=3
Round=4
Round=5
Round=6
Round=7
Round=8
Round=9
Round=10
Round=11
Round=12
Round=13
Round=14
Round=14, per client global perf=[0.8627, 0.85, 0.8603, 0.8618, 0.8549, 0.8544, 0.8574, 0.8534, 0.8515, 0.8559], mean perf=17467/20400 (0.8562%)
Round=14, per client personal perf=[0.8034, 0.7858, 0.7936, 0.8015, 0.7784, 0.7907, 0.8275, 0.7961, 0.7941, 0.7853], mean perf=16231/20400 (0.7956%)
Round=14, per client personal pooled=[0.79, 0.7901, 0.7874, 0.7907, 0.7867, 0.7894, 0.8079, 0.8072, 0.8007, 0.7839], mean perf=161853/204000 (0.7934%)
All rounds performance of vanilla ditto global, Perf=[0.6693, 0.7385, 0.7665, 0.7856, 0.7968, 0.8078, 0.8132, 0.8231, 0.8315, 0.8356, 0.8372, 0.8445, 0.8501, 0.8494, 0.8562]
Mean performance of vanilla ditto global, Perf=0.8519
All rounds performance of vanilla ditto personal, Perf=[0.3018, 0.4778, 0.5703, 0.6939, 0.7213, 0.7315, 0.7359, 0.7467, 0.7526, 0.7703, 0.7755, 0.7803, 0.7874, 0.792, 0.7956]
Mean performance of vanilla ditto personal, Perf=0.7917
All rounds performance of vanilla ditto pooled, Perf=[0.3019, 0.4773, 0.5722, 0.6942, 0.7215, 0.732, 0.7355, 0.7447, 0.7531, 0.773, 0.7777, 0.7804, 0.7882, 0.7908, 0.7934]
Mean performance of vanilla ditto pooled, Perf=0.7908
Finished seed 42
----------------------------------------
=== Running reg_param=0.1 ===
Running seed 42
learning rate =  0.001
Round=0
Round=1
Round=2
Round=3
Round=4
Round=5
Round=6
Round=7
Round=8
Round=9
Round=10
Round=11
Round=12
Round=13
Round=14
Round=14, per client global perf=[0.8627, 0.85, 0.8603, 0.8618, 0.8549, 0.8544, 0.8574, 0.8534, 0.8515, 0.8559], mean perf=17467/20400 (0.8562%)
Round=14, per client personal perf=[0.8431, 0.8255, 0.8324, 0.8368, 0.8, 0.8147, 0.8505, 0.8211, 0.8225, 0.8093], mean perf=16842/20400 (0.8256%)
Round=14, per client personal pooled=[0.8258, 0.8258, 0.8281, 0.8238, 0.8056, 0.8198, 0.8335, 0.8323, 0.8285, 0.8191], mean perf=168143/204000 (0.8242%)
All rounds performance of vanilla ditto global, Perf=[0.6693, 0.7385, 0.7665, 0.7856, 0.7968, 0.8078, 0.8132, 0.8231, 0.8315, 0.8356, 0.8372, 0.8445, 0.8501, 0.8494, 0.8562]
Mean performance of vanilla ditto global, Perf=0.8519
All rounds performance of vanilla ditto personal, Perf=[0.3, 0.4867, 0.5794, 0.7154, 0.7361, 0.7491, 0.7545, 0.7658, 0.7793, 0.7952, 0.7996, 0.8069, 0.8157, 0.8234, 0.8256]
Mean performance of vanilla ditto personal, Perf=0.8216
All rounds performance of vanilla ditto pooled, Perf=[0.2994, 0.4843, 0.579, 0.7138, 0.7358, 0.7501, 0.7543, 0.7657, 0.7776, 0.7972, 0.8022, 0.8081, 0.8171, 0.8228, 0.8242]
Mean performance of vanilla ditto pooled, Perf=0.8214
Finished seed 42
----------------------------------------
=== Running reg_param=1.0 ===
Running seed 42
learning rate =  0.001
Round=0
Round=1
Round=2
Round=3
Round=4
Round=5
Round=6
Round=7
Round=8
Round=9
Round=10
Round=11
Round=12
Round=13
Round=14
Round=14, per client global perf=[0.8627, 0.85, 0.8603, 0.8618, 0.8549, 0.8544, 0.8574, 0.8534, 0.8515, 0.8559], mean perf=17467/20400 (0.8562%)
Round=14, per client personal perf=[0.8569, 0.8446, 0.8397, 0.852, 0.8157, 0.8431, 0.8593, 0.827, 0.8348, 0.8456], mean perf=17174/20400 (0.8419%)
Round=14, per client personal pooled=[0.8409, 0.8496, 0.8402, 0.8439, 0.8222, 0.8409, 0.8489, 0.8414, 0.837, 0.8473], mean perf=171610/204000 (0.8412%)
All rounds performance of vanilla ditto global, Perf=[0.6693, 0.7385, 0.7665, 0.7856, 0.7968, 0.8078, 0.8132, 0.8231, 0.8315, 0.8356, 0.8372, 0.8445, 0.8501, 0.8494, 0.8562]
Mean performance of vanilla ditto global, Perf=0.8519
All rounds performance of vanilla ditto personal, Perf=[0.2537, 0.4635, 0.5781, 0.7201, 0.759, 0.7714, 0.7757, 0.7909, 0.7995, 0.8166, 0.8177, 0.8244, 0.8308, 0.8389, 0.8419]
Mean performance of vanilla ditto personal, Perf=0.8372
All rounds performance of vanilla ditto pooled, Perf=[0.2573, 0.4642, 0.58, 0.7214, 0.7586, 0.7724, 0.7743, 0.7888, 0.7994, 0.8167, 0.8183, 0.824, 0.8314, 0.8393, 0.8412]
Mean performance of vanilla ditto pooled, Perf=0.8373
Finished seed 42
----------------------------------------
=== Running reg_param=5 ===
Running seed 42
learning rate =  0.001
Round=0
Round=1
Round=2
Round=3
Round=4
Round=5
Round=6
Round=7
Round=8
Round=9
Round=10
Round=11
Round=12
Round=13
Round=14
Round=14, per client global perf=[0.8627, 0.85, 0.8603, 0.8618, 0.8549, 0.8544, 0.8574, 0.8534, 0.8515, 0.8559], mean perf=17467/20400 (0.8562%)
Round=14, per client personal perf=[0.8618, 0.8461, 0.8348, 0.8588, 0.825, 0.8436, 0.8608, 0.8353, 0.8328, 0.85], mean perf=17236/20400 (0.8449%)
Round=14, per client personal pooled=[0.8462, 0.8525, 0.8403, 0.8484, 0.8318, 0.8449, 0.8504, 0.8437, 0.8393, 0.8515], mean perf=172361/204000 (0.8449%)
All rounds performance of vanilla ditto global, Perf=[0.6693, 0.7385, 0.7665, 0.7856, 0.7968, 0.8078, 0.8132, 0.8231, 0.8315, 0.8356, 0.8372, 0.8445, 0.8501, 0.8494, 0.8562]
Mean performance of vanilla ditto global, Perf=0.8519
All rounds performance of vanilla ditto personal, Perf=[0.11, 0.3466, 0.5393, 0.6872, 0.7663, 0.7777, 0.7832, 0.8001, 0.8048, 0.8212, 0.8226, 0.8274, 0.8333, 0.8416, 0.8449]
Mean performance of vanilla ditto personal, Perf=0.8399
All rounds performance of vanilla ditto pooled, Perf=[0.1107, 0.3459, 0.5411, 0.6886, 0.7656, 0.7788, 0.7825, 0.7998, 0.8063, 0.8214, 0.8227, 0.8271, 0.8341, 0.8412, 0.8449]
Mean performance of vanilla ditto pooled, Perf=0.8401
Finished seed 42
----------------------------------------
=== Running reg_param=10 ===
Running seed 42
learning rate =  0.001
Round=0
Round=1
Round=2
Round=3
Round=4
Round=5
Round=6
Round=7
Round=8
Round=9
Round=10
Round=11
Round=12
Round=13
Round=14
Round=14, per client global perf=[0.8627, 0.85, 0.8603, 0.8618, 0.8549, 0.8544, 0.8574, 0.8534, 0.8515, 0.8559], mean perf=17467/20400 (0.8562%)
Round=14, per client personal perf=[0.8672, 0.8446, 0.8348, 0.8559, 0.8343, 0.8466, 0.8588, 0.8377, 0.8353, 0.8505], mean perf=17270/20400 (0.8466%)
Round=14, per client personal pooled=[0.8495, 0.8515, 0.8403, 0.8478, 0.8387, 0.848, 0.8508, 0.8474, 0.8445, 0.8513], mean perf=172784/204000 (0.8470%)
All rounds performance of vanilla ditto global, Perf=[0.6693, 0.7385, 0.7665, 0.7856, 0.7968, 0.8078, 0.8132, 0.8231, 0.8315, 0.8356, 0.8372, 0.8445, 0.8501, 0.8494, 0.8562]
Mean performance of vanilla ditto global, Perf=0.8519
All rounds performance of vanilla ditto personal, Perf=[0.1022, 0.3425, 0.5419, 0.6899, 0.7691, 0.7811, 0.7868, 0.8061, 0.8095, 0.8224, 0.824, 0.8297, 0.8347, 0.8425, 0.8466]
Mean performance of vanilla ditto personal, Perf=0.8413
All rounds performance of vanilla ditto pooled, Perf=[0.1038, 0.3422, 0.5433, 0.6901, 0.7688, 0.7817, 0.7873, 0.805, 0.8098, 0.8229, 0.8249, 0.8299, 0.8355, 0.8422, 0.847]
Mean performance of vanilla ditto pooled, Perf=0.8416
Finished seed 42
----------------------------------------
=== Running reg_param=15 ===
Running seed 42
learning rate =  0.001
Round=0
Round=1
Round=2
Round=3
Round=4
Round=5
Round=6
Round=7
Round=8
Round=9
Round=10
Round=11
Round=12
Round=13
Round=14
Round=14, per client global perf=[0.8627, 0.85, 0.8603, 0.8618, 0.8549, 0.8544, 0.8574, 0.8534, 0.8515, 0.8559], mean perf=17467/20400 (0.8562%)
Round=14, per client personal perf=[0.8637, 0.8461, 0.8382, 0.8554, 0.8377, 0.849, 0.8603, 0.8373, 0.8377, 0.852], mean perf=17294/20400 (0.8477%)
Round=14, per client personal pooled=[0.8502, 0.8529, 0.8417, 0.847, 0.8428, 0.8492, 0.8515, 0.8489, 0.8482, 0.8501], mean perf=173044/204000 (0.8483%)
All rounds performance of vanilla ditto global, Perf=[0.6693, 0.7385, 0.7665, 0.7856, 0.7968, 0.8078, 0.8132, 0.8231, 0.8315, 0.8356, 0.8372, 0.8445, 0.8501, 0.8494, 0.8562]
Mean performance of vanilla ditto global, Perf=0.8519
All rounds performance of vanilla ditto personal, Perf=[0.1017, 0.3416, 0.542, 0.6899, 0.7696, 0.7823, 0.7878, 0.8072, 0.8115, 0.8237, 0.8259, 0.8313, 0.8368, 0.8438, 0.8477]
Mean performance of vanilla ditto personal, Perf=0.8428
All rounds performance of vanilla ditto pooled, Perf=[0.1036, 0.342, 0.5431, 0.6902, 0.7699, 0.7828, 0.7886, 0.8066, 0.8115, 0.824, 0.8265, 0.8313, 0.8369, 0.843, 0.8483]
Mean performance of vanilla ditto pooled, Perf=0.8427
Finished seed 42
----------------------------------------
=== Running reg_param=20 ===
Running seed 42
learning rate =  0.001
Round=0
Round=1
Round=2
Round=3
Round=4
Round=5
Round=6
Round=7
Round=8
Round=9
Round=10
Round=11
Round=12
Round=13
Round=14
Round=14, per client global perf=[0.8627, 0.85, 0.8603, 0.8618, 0.8549, 0.8544, 0.8574, 0.8534, 0.8515, 0.8559], mean perf=17467/20400 (0.8562%)
Round=14, per client personal perf=[0.8627, 0.8466, 0.8412, 0.852, 0.8402, 0.8505, 0.8593, 0.8392, 0.8417, 0.8525], mean perf=17311/20400 (0.8486%)
Round=14, per client personal pooled=[0.8507, 0.8535, 0.8426, 0.8464, 0.8441, 0.8505, 0.8515, 0.85, 0.85, 0.8499], mean perf=173179/204000 (0.8489%)
All rounds performance of vanilla ditto global, Perf=[0.6693, 0.7385, 0.7665, 0.7856, 0.7968, 0.8078, 0.8132, 0.8231, 0.8315, 0.8356, 0.8372, 0.8445, 0.8501, 0.8494, 0.8562]
Mean performance of vanilla ditto global, Perf=0.8519
All rounds performance of vanilla ditto personal, Perf=[0.1014, 0.341, 0.5412, 0.69, 0.7703, 0.7834, 0.7886, 0.8078, 0.8119, 0.8237, 0.8257, 0.8308, 0.8374, 0.8443, 0.8486]
Mean performance of vanilla ditto personal, Perf=0.8434
All rounds performance of vanilla ditto pooled, Perf=[0.1033, 0.3413, 0.5424, 0.6903, 0.7705, 0.7839, 0.7897, 0.8076, 0.8124, 0.8245, 0.8271, 0.8319, 0.8376, 0.8438, 0.8489]
Mean performance of vanilla ditto pooled, Perf=0.8434
Finished seed 42
----------------------------------------
All runs complete.
