PARAMS: dataset=mnist, gpu=0, data_type=niid_20_2
=== Running reg_param=0, num_steps=15 ===
Running seed 42
/Users/shegao_t1/DP_Research/Personal_DP_Personal_FL/rpdp_fl/experiments/datasets/fed_mnist/niid_20_2way_1500shot

Client 0 label distribution:
[(4, 993), (8, 987)]

Client 1 label distribution:
[(0, 994), (4, 986)]

Client 2 label distribution:
[(4, 1003), (6, 977)]

Client 3 label distribution:
[(3, 1004), (5, 976)]

Client 4 label distribution:
[(2, 985), (7, 995)]

Client 5 label distribution:
[(1, 998), (8, 982)]

Client 6 label distribution:
[(2, 983), (8, 997)]

Client 7 label distribution:
[(3, 983), (6, 997)]

Client 8 label distribution:
[(0, 1006), (9, 974)]

Client 9 label distribution:
[(7, 990), (9, 990)]

Client 10 label distribution:
[(0, 995), (6, 985)]

Client 11 label distribution:
[(6, 827), (8, 1000)]

Client 12 label distribution:
[(1, 977), (3, 1003)]

Client 13 label distribution:
[(5, 1014), (7, 966)]

Client 14 label distribution:
[(2, 1002), (9, 978)]

Client 15 label distribution:
[(1, 1004), (3, 976)]

Client 16 label distribution:
[(2, 995), (4, 853)]

Client 17 label distribution:
[(0, 987), (9, 908)]

Client 18 label distribution:
[(5, 991), (7, 989)]

Client 19 label distribution:
[(1, 996), (5, 601)]
Client 0: avg epsilon = 5.0000
Client 1: avg epsilon = 2.5401
Client 2: avg epsilon = 5.0000
Client 3: avg epsilon = 5.0000
Client 4: avg epsilon = 3.0101
Client 5: avg epsilon = 2.9838
Client 6: avg epsilon = 3.0141
Client 7: avg epsilon = 5.0000
Client 8: avg epsilon = 2.5104
Client 9: avg epsilon = 5.0000
Client 10: avg epsilon = 2.5376
Client 11: avg epsilon = 5.0000
Client 12: avg epsilon = 3.0263
Client 13: avg epsilon = 5.0000
Client 14: avg epsilon = 2.9758
Client 15: avg epsilon = 2.9717
Client 16: avg epsilon = 3.4286
Client 17: avg epsilon = 2.4944
Client 18: avg epsilon = 5.0000
Client 19: avg epsilon = 2.5053
 We run FedAvg with rPDP (ThreeLevels-0) ...
max_epsilon :  10.0  noise_multiplier :  9.736328125
The R-Squared value of the best-fit curve : 0.999749898528281
learning rate =  0.01
sample_rate: (min) 0.61, (max) 0.61, expected_batch_size: 1201
sample_rate: (min) 0.03, (max) 0.61, expected_batch_size: 623
sample_rate: (min) 0.61, (max) 0.61, expected_batch_size: 1201
sample_rate: (min) 0.61, (max) 0.61, expected_batch_size: 1201
sample_rate: (min) 0.16, (max) 0.61, expected_batch_size: 759
sample_rate: (min) 0.16, (max) 0.61, expected_batch_size: 753
sample_rate: (min) 0.16, (max) 0.61, expected_batch_size: 760
sample_rate: (min) 0.61, (max) 0.61, expected_batch_size: 1201
sample_rate: (min) 0.03, (max) 0.61, expected_batch_size: 616
sample_rate: (min) 0.61, (max) 0.61, expected_batch_size: 1201
sample_rate: (min) 0.03, (max) 0.61, expected_batch_size: 622
sample_rate: (min) 0.61, (max) 0.61, expected_batch_size: 1108
sample_rate: (min) 0.16, (max) 0.61, expected_batch_size: 763
sample_rate: (min) 0.61, (max) 0.61, expected_batch_size: 1201
sample_rate: (min) 0.16, (max) 0.61, expected_batch_size: 751
sample_rate: (min) 0.16, (max) 0.61, expected_batch_size: 750
sample_rate: (min) 0.16, (max) 0.61, expected_batch_size: 795
sample_rate: (min) 0.03, (max) 0.61, expected_batch_size: 588
sample_rate: (min) 0.61, (max) 0.61, expected_batch_size: 1201
sample_rate: (min) 0.16, (max) 0.61, expected_batch_size: 522
initial privacy cost of all clients:  [0, 0, 0, 0, 0, 0, 0, 0, 0, 0, 0, 0, 0, 0, 0, 0, 0, 0, 0, 0]
Round=0
Round=1
Round=2
Round=3
Round=4
Round=5
Round=6
Round=7
Round=8
Round=9
Round=10
Round=11
Round=12
Round=13
Round=14
current privacy cost of all clients:  [3.0541598053514245, 3.304385622881834, 3.0541598053514245, 3.5546114404122435, 3.0541598053514245, 3.5546114404122435, 4.055063075473062, 4.055063075473062, 4.305288893003472, 3.804837257942653, 3.804837257942653, 3.304385622881834, 3.804837257942653, 3.0541598053514245, 3.804837257942653, 3.304385622881834, 3.804837257942653, 3.0541598053514245, 3.304385622881834, 2.803933987821015]
Round=14, per client global perf=[0.6353, 0.7471, 0.9049, 0.8922, 0.7882, 0.501, 0.4696, 0.8647, 0.2794, 0.5069, 0.6618, 0.4968, 0.8392, 0.9, 0.3186, 0.8461, 0.8046, 0.2702, 0.9078, 0.784], mean perf=13428/20015 (0.6709%)
Round=14, per client personal perf=[0.9902, 0.998, 0.9882, 0.9971, 0.9971, 0.9971, 0.9882, 0.998, 0.9951, 0.9882, 0.998, 0.9342, 0.9961, 0.998, 0.998, 0.998, 0.9811, 0.9662, 0.998, 0.9988], mean perf=19823/20015 (0.9904%)
Round=14, per client personal pooled=[0.1963, 0.1974, 0.1958, 0.1921, 0.2022, 0.2014, 0.1993, 0.2005, 0.1995, 0.2019, 0.1987, 0.1961, 0.2019, 0.1942, 0.2012, 0.2017, 0.1979, 0.1996, 0.1943, 0.1922], mean perf=79342/400300 (0.1982%)
Mean performance of ditto rpdp global, Perf=0.5400, seed=42
Mean performance of ditto rpdp personal, Perf=0.9903, seed=42
Mean performance of ditto rpdp pooled, Perf=0.1982, seed=42
Finished seed 42
----------------------------------------
Running seed 43
/Users/shegao_t1/DP_Research/Personal_DP_Personal_FL/rpdp_fl/experiments/datasets/fed_mnist/niid_20_2way_1500shot

Client 0 label distribution:
[(4, 993), (8, 987)]

Client 1 label distribution:
[(0, 994), (4, 986)]

Client 2 label distribution:
[(4, 1003), (6, 977)]

Client 3 label distribution:
[(3, 1004), (5, 976)]

Client 4 label distribution:
[(2, 985), (7, 995)]

Client 5 label distribution:
[(1, 998), (8, 982)]

Client 6 label distribution:
[(2, 983), (8, 997)]

Client 7 label distribution:
[(3, 983), (6, 997)]

Client 8 label distribution:
[(0, 1006), (9, 974)]

Client 9 label distribution:
[(7, 990), (9, 990)]

Client 10 label distribution:
[(0, 995), (6, 985)]

Client 11 label distribution:
[(6, 827), (8, 1000)]

Client 12 label distribution:
[(1, 977), (3, 1003)]

Client 13 label distribution:
[(5, 1014), (7, 966)]

Client 14 label distribution:
[(2, 1002), (9, 978)]

Client 15 label distribution:
[(1, 1004), (3, 976)]

Client 16 label distribution:
[(2, 995), (4, 853)]

Client 17 label distribution:
[(0, 987), (9, 908)]

Client 18 label distribution:
[(5, 991), (7, 989)]

Client 19 label distribution:
[(1, 996), (5, 601)]
Client 0: avg epsilon = 5.0000
Client 1: avg epsilon = 2.5401
Client 2: avg epsilon = 5.0000
Client 3: avg epsilon = 5.0000
Client 4: avg epsilon = 3.0101
Client 5: avg epsilon = 2.9838
Client 6: avg epsilon = 3.0141
Client 7: avg epsilon = 5.0000
Client 8: avg epsilon = 2.5104
Client 9: avg epsilon = 5.0000
Client 10: avg epsilon = 2.5376
Client 11: avg epsilon = 5.0000
Client 12: avg epsilon = 3.0263
Client 13: avg epsilon = 5.0000
Client 14: avg epsilon = 2.9758
Client 15: avg epsilon = 2.9717
Client 16: avg epsilon = 3.4286
Client 17: avg epsilon = 2.4944
Client 18: avg epsilon = 5.0000
Client 19: avg epsilon = 2.5053
 We run FedAvg with rPDP (ThreeLevels-0) ...
max_epsilon :  10.0  noise_multiplier :  9.736328125
The R-Squared value of the best-fit curve : 0.999749898528281
learning rate =  0.01
sample_rate: (min) 0.61, (max) 0.61, expected_batch_size: 1201
sample_rate: (min) 0.03, (max) 0.61, expected_batch_size: 623
sample_rate: (min) 0.61, (max) 0.61, expected_batch_size: 1201
sample_rate: (min) 0.61, (max) 0.61, expected_batch_size: 1201
sample_rate: (min) 0.16, (max) 0.61, expected_batch_size: 759
sample_rate: (min) 0.16, (max) 0.61, expected_batch_size: 753
sample_rate: (min) 0.16, (max) 0.61, expected_batch_size: 760
sample_rate: (min) 0.61, (max) 0.61, expected_batch_size: 1201
sample_rate: (min) 0.03, (max) 0.61, expected_batch_size: 616
sample_rate: (min) 0.61, (max) 0.61, expected_batch_size: 1201
sample_rate: (min) 0.03, (max) 0.61, expected_batch_size: 622
sample_rate: (min) 0.61, (max) 0.61, expected_batch_size: 1108
sample_rate: (min) 0.16, (max) 0.61, expected_batch_size: 763
sample_rate: (min) 0.61, (max) 0.61, expected_batch_size: 1201
sample_rate: (min) 0.16, (max) 0.61, expected_batch_size: 751
sample_rate: (min) 0.16, (max) 0.61, expected_batch_size: 750
sample_rate: (min) 0.16, (max) 0.61, expected_batch_size: 795
sample_rate: (min) 0.03, (max) 0.61, expected_batch_size: 588
sample_rate: (min) 0.61, (max) 0.61, expected_batch_size: 1201
sample_rate: (min) 0.16, (max) 0.61, expected_batch_size: 522
initial privacy cost of all clients:  [0, 0, 0, 0, 0, 0, 0, 0, 0, 0, 0, 0, 0, 0, 0, 0, 0, 0, 0, 0]
Round=0
Round=1
Round=2
Round=3
Round=4
Round=5
Round=6
Round=7
Round=8
Round=9
Round=10
Round=11
Round=12
Round=13
Round=14
current privacy cost of all clients:  [3.304385622881834, 3.304385622881834, 2.803933987821015, 3.804837257942653, 2.803933987821015, 3.804837257942653, 3.304385622881834, 3.304385622881834, 3.304385622881834, 4.510367156217049, 3.804837257942653, 3.5546114404122435, 3.5546114404122435, 3.304385622881834, 4.055063075473062, 3.304385622881834, 3.804837257942653, 3.304385622881834, 3.304385622881834, 3.0541598053514245]
Round=14, per client global perf=[0.748, 0.3647, 0.7265, 0.4578, 0.8039, 0.8225, 0.7039, 0.8196, 0.1676, 0.6255, 0.3304, 0.6932, 0.9049, 0.4775, 0.5275, 0.9176, 0.6996, 0.1822, 0.4618, 0.534], mean perf=11994/20015 (0.5993%)
Round=14, per client personal perf=[0.9931, 0.9941, 0.9961, 0.9931, 0.9892, 0.9961, 0.9853, 0.9971, 0.9961, 0.9892, 0.9922, 0.931, 0.9922, 0.999, 0.998, 0.998, 0.9769, 0.9632, 0.9971, 0.9988], mean perf=19795/20015 (0.9890%)
Round=14, per client personal pooled=[0.1971, 0.1971, 0.1962, 0.191, 0.2014, 0.2013, 0.1987, 0.2004, 0.1991, 0.2019, 0.198, 0.1945, 0.2016, 0.1941, 0.2012, 0.2022, 0.1978, 0.199, 0.1942, 0.1924], mean perf=79245/400300 (0.1980%)
Mean performance of ditto rpdp global, Perf=0.5033, seed=43
Mean performance of ditto rpdp personal, Perf=0.9892, seed=43
Mean performance of ditto rpdp pooled, Perf=0.1979, seed=43
Finished seed 43
----------------------------------------
Running seed 44
/Users/shegao_t1/DP_Research/Personal_DP_Personal_FL/rpdp_fl/experiments/datasets/fed_mnist/niid_20_2way_1500shot

Client 0 label distribution:
[(4, 993), (8, 987)]

Client 1 label distribution:
[(0, 994), (4, 986)]

Client 2 label distribution:
[(4, 1003), (6, 977)]

Client 3 label distribution:
[(3, 1004), (5, 976)]

Client 4 label distribution:
[(2, 985), (7, 995)]

Client 5 label distribution:
[(1, 998), (8, 982)]

Client 6 label distribution:
[(2, 983), (8, 997)]

Client 7 label distribution:
[(3, 983), (6, 997)]

Client 8 label distribution:
[(0, 1006), (9, 974)]

Client 9 label distribution:
[(7, 990), (9, 990)]

Client 10 label distribution:
[(0, 995), (6, 985)]

Client 11 label distribution:
[(6, 827), (8, 1000)]

Client 12 label distribution:
[(1, 977), (3, 1003)]

Client 13 label distribution:
[(5, 1014), (7, 966)]

Client 14 label distribution:
[(2, 1002), (9, 978)]

Client 15 label distribution:
[(1, 1004), (3, 976)]

Client 16 label distribution:
[(2, 995), (4, 853)]

Client 17 label distribution:
[(0, 987), (9, 908)]

Client 18 label distribution:
[(5, 991), (7, 989)]

Client 19 label distribution:
[(1, 996), (5, 601)]
Client 0: avg epsilon = 5.0000
Client 1: avg epsilon = 2.5401
Client 2: avg epsilon = 5.0000
Client 3: avg epsilon = 5.0000
Client 4: avg epsilon = 3.0101
Client 5: avg epsilon = 2.9838
Client 6: avg epsilon = 3.0141
Client 7: avg epsilon = 5.0000
Client 8: avg epsilon = 2.5104
Client 9: avg epsilon = 5.0000
Client 10: avg epsilon = 2.5376
Client 11: avg epsilon = 5.0000
Client 12: avg epsilon = 3.0263
Client 13: avg epsilon = 5.0000
Client 14: avg epsilon = 2.9758
Client 15: avg epsilon = 2.9717
Client 16: avg epsilon = 3.4286
Client 17: avg epsilon = 2.4944
Client 18: avg epsilon = 5.0000
Client 19: avg epsilon = 2.5053
 We run FedAvg with rPDP (ThreeLevels-0) ...
max_epsilon :  10.0  noise_multiplier :  9.736328125
The R-Squared value of the best-fit curve : 0.999749898528281
learning rate =  0.01
sample_rate: (min) 0.61, (max) 0.61, expected_batch_size: 1201
sample_rate: (min) 0.03, (max) 0.61, expected_batch_size: 623
sample_rate: (min) 0.61, (max) 0.61, expected_batch_size: 1201
sample_rate: (min) 0.61, (max) 0.61, expected_batch_size: 1201
sample_rate: (min) 0.16, (max) 0.61, expected_batch_size: 759
sample_rate: (min) 0.16, (max) 0.61, expected_batch_size: 753
sample_rate: (min) 0.16, (max) 0.61, expected_batch_size: 760
sample_rate: (min) 0.61, (max) 0.61, expected_batch_size: 1201
sample_rate: (min) 0.03, (max) 0.61, expected_batch_size: 616
sample_rate: (min) 0.61, (max) 0.61, expected_batch_size: 1201
sample_rate: (min) 0.03, (max) 0.61, expected_batch_size: 622
sample_rate: (min) 0.61, (max) 0.61, expected_batch_size: 1108
sample_rate: (min) 0.16, (max) 0.61, expected_batch_size: 763
sample_rate: (min) 0.61, (max) 0.61, expected_batch_size: 1201
sample_rate: (min) 0.16, (max) 0.61, expected_batch_size: 751
sample_rate: (min) 0.16, (max) 0.61, expected_batch_size: 750
sample_rate: (min) 0.16, (max) 0.61, expected_batch_size: 795
sample_rate: (min) 0.03, (max) 0.61, expected_batch_size: 588
sample_rate: (min) 0.61, (max) 0.61, expected_batch_size: 1201
sample_rate: (min) 0.16, (max) 0.61, expected_batch_size: 522
initial privacy cost of all clients:  [0, 0, 0, 0, 0, 0, 0, 0, 0, 0, 0, 0, 0, 0, 0, 0, 0, 0, 0, 0]
Round=0
Round=1
Round=2
Round=3
Round=4
Round=5
Round=6
Round=7
Round=8
Round=9
Round=10
Round=11
Round=12
Round=13
Round=14
current privacy cost of all clients:  [3.804837257942653, 4.305288893003472, 3.804837257942653, 2.803933987821015, 3.5546114404122435, 3.304385622881834, 4.055063075473062, 3.0541598053514245, 3.5546114404122435, 2.803933987821015, 4.055063075473062, 4.305288893003472, 4.055063075473062, 3.304385622881834, 3.804837257942653, 3.5546114404122435, 2.502378076501911, 3.304385622881834, 3.0541598053514245, 3.804837257942653]
Round=14, per client global perf=[0.7147, 0.4941, 0.8647, 0.9363, 0.7245, 0.6873, 0.5039, 0.8324, 0.0255, 0.4412, 0.4245, 0.62, 0.8941, 0.9225, 0.2775, 0.8931, 0.7227, 0.0205, 0.9353, 0.9223], mean perf=12835/20015 (0.6413%)
Round=14, per client personal perf=[0.9931, 0.998, 0.9951, 0.9931, 0.9971, 0.9971, 0.9843, 0.9931, 0.9971, 0.9882, 0.9961, 0.9246, 0.998, 0.9961, 0.9961, 0.998, 0.9727, 0.9591, 0.9892, 1.0], mean perf=19786/20015 (0.9886%)
Round=14, per client personal pooled=[0.1964, 0.1973, 0.1965, 0.1917, 0.2025, 0.2017, 0.1982, 0.1991, 0.1999, 0.2018, 0.1985, 0.1932, 0.202, 0.1943, 0.2006, 0.2024, 0.1946, 0.1985, 0.1932, 0.1923], mean perf=79149/400300 (0.1977%)
Mean performance of ditto rpdp global, Perf=0.5389, seed=44
Mean performance of ditto rpdp personal, Perf=0.9886, seed=44
Mean performance of ditto rpdp pooled, Perf=0.1977, seed=44
Finished seed 44
----------------------------------------
Running seed 45
/Users/shegao_t1/DP_Research/Personal_DP_Personal_FL/rpdp_fl/experiments/datasets/fed_mnist/niid_20_2way_1500shot

Client 0 label distribution:
[(4, 993), (8, 987)]

Client 1 label distribution:
[(0, 994), (4, 986)]

Client 2 label distribution:
[(4, 1003), (6, 977)]

Client 3 label distribution:
[(3, 1004), (5, 976)]

Client 4 label distribution:
[(2, 985), (7, 995)]

Client 5 label distribution:
[(1, 998), (8, 982)]

Client 6 label distribution:
[(2, 983), (8, 997)]

Client 7 label distribution:
[(3, 983), (6, 997)]

Client 8 label distribution:
[(0, 1006), (9, 974)]

Client 9 label distribution:
[(7, 990), (9, 990)]

Client 10 label distribution:
[(0, 995), (6, 985)]

Client 11 label distribution:
[(6, 827), (8, 1000)]

Client 12 label distribution:
[(1, 977), (3, 1003)]

Client 13 label distribution:
[(5, 1014), (7, 966)]

Client 14 label distribution:
[(2, 1002), (9, 978)]

Client 15 label distribution:
[(1, 1004), (3, 976)]

Client 16 label distribution:
[(2, 995), (4, 853)]

Client 17 label distribution:
[(0, 987), (9, 908)]

Client 18 label distribution:
[(5, 991), (7, 989)]

Client 19 label distribution:
[(1, 996), (5, 601)]
Client 0: avg epsilon = 5.0000
Client 1: avg epsilon = 2.5401
Client 2: avg epsilon = 5.0000
Client 3: avg epsilon = 5.0000
Client 4: avg epsilon = 3.0101
Client 5: avg epsilon = 2.9838
Client 6: avg epsilon = 3.0141
Client 7: avg epsilon = 5.0000
Client 8: avg epsilon = 2.5104
Client 9: avg epsilon = 5.0000
Client 10: avg epsilon = 2.5376
Client 11: avg epsilon = 5.0000
Client 12: avg epsilon = 3.0263
Client 13: avg epsilon = 5.0000
Client 14: avg epsilon = 2.9758
Client 15: avg epsilon = 2.9717
Client 16: avg epsilon = 3.4286
Client 17: avg epsilon = 2.4944
Client 18: avg epsilon = 5.0000
Client 19: avg epsilon = 2.5053
 We run FedAvg with rPDP (ThreeLevels-0) ...
max_epsilon :  10.0  noise_multiplier :  9.736328125
The R-Squared value of the best-fit curve : 0.999749898528281
learning rate =  0.01
sample_rate: (min) 0.61, (max) 0.61, expected_batch_size: 1201
sample_rate: (min) 0.03, (max) 0.61, expected_batch_size: 623
sample_rate: (min) 0.61, (max) 0.61, expected_batch_size: 1201
sample_rate: (min) 0.61, (max) 0.61, expected_batch_size: 1201
sample_rate: (min) 0.16, (max) 0.61, expected_batch_size: 759
sample_rate: (min) 0.16, (max) 0.61, expected_batch_size: 753
sample_rate: (min) 0.16, (max) 0.61, expected_batch_size: 760
sample_rate: (min) 0.61, (max) 0.61, expected_batch_size: 1201
sample_rate: (min) 0.03, (max) 0.61, expected_batch_size: 616
sample_rate: (min) 0.61, (max) 0.61, expected_batch_size: 1201
sample_rate: (min) 0.03, (max) 0.61, expected_batch_size: 622
sample_rate: (min) 0.61, (max) 0.61, expected_batch_size: 1108
sample_rate: (min) 0.16, (max) 0.61, expected_batch_size: 763
sample_rate: (min) 0.61, (max) 0.61, expected_batch_size: 1201
sample_rate: (min) 0.16, (max) 0.61, expected_batch_size: 751
sample_rate: (min) 0.16, (max) 0.61, expected_batch_size: 750
sample_rate: (min) 0.16, (max) 0.61, expected_batch_size: 795
sample_rate: (min) 0.03, (max) 0.61, expected_batch_size: 588
sample_rate: (min) 0.61, (max) 0.61, expected_batch_size: 1201
sample_rate: (min) 0.16, (max) 0.61, expected_batch_size: 522
initial privacy cost of all clients:  [0, 0, 0, 0, 0, 0, 0, 0, 0, 0, 0, 0, 0, 0, 0, 0, 0, 0, 0, 0]
Round=0
Round=1
Round=2
Round=3
Round=4
Round=5
Round=6
Round=7
Round=8
Round=9
Round=10
Round=11
Round=12
Round=13
Round=14
current privacy cost of all clients:  [3.304385622881834, 3.0541598053514245, 4.055063075473062, 3.0541598053514245, 3.304385622881834, 3.5546114404122435, 3.5546114404122435, 3.0541598053514245, 3.5546114404122435, 3.804837257942653, 4.055063075473062, 3.804837257942653, 3.0541598053514245, 2.803933987821015, 3.304385622881834, 3.5546114404122435, 3.5546114404122435, 2.803933987821015, 3.304385622881834, 3.804837257942653]
Round=14, per client global perf=[0.7225, 0.4608, 0.849, 0.5304, 0.8078, 0.6088, 0.5971, 0.4637, 0.1598, 0.6108, 0.4902, 0.7282, 0.3225, 0.9676, 0.4314, 0.3196, 0.7342, 0.174, 0.9686, 0.7269], mean perf=11651/20015 (0.5821%)
Round=14, per client personal perf=[0.9951, 0.9971, 0.9843, 0.9882, 0.9922, 0.9971, 0.9853, 0.998, 0.9941, 0.9931, 0.9941, 0.931, 0.9951, 0.999, 1.0, 1.0, 0.9821, 0.9642, 0.999, 0.9988], mean perf=19807/20015 (0.9896%)
Round=14, per client personal pooled=[0.1972, 0.1971, 0.1949, 0.1903, 0.2022, 0.202, 0.1981, 0.2002, 0.1995, 0.2019, 0.1984, 0.1951, 0.2018, 0.1943, 0.2016, 0.2021, 0.1977, 0.1995, 0.1942, 0.1925], mean perf=79270/400300 (0.1980%)
Mean performance of ditto rpdp global, Perf=0.5662, seed=45
Mean performance of ditto rpdp personal, Perf=0.9892, seed=45
Mean performance of ditto rpdp pooled, Perf=0.1980, seed=45
Finished seed 45
----------------------------------------
Running seed 46
/Users/shegao_t1/DP_Research/Personal_DP_Personal_FL/rpdp_fl/experiments/datasets/fed_mnist/niid_20_2way_1500shot

Client 0 label distribution:
[(4, 993), (8, 987)]

Client 1 label distribution:
[(0, 994), (4, 986)]

Client 2 label distribution:
[(4, 1003), (6, 977)]

Client 3 label distribution:
[(3, 1004), (5, 976)]

Client 4 label distribution:
[(2, 985), (7, 995)]

Client 5 label distribution:
[(1, 998), (8, 982)]

Client 6 label distribution:
[(2, 983), (8, 997)]

Client 7 label distribution:
[(3, 983), (6, 997)]

Client 8 label distribution:
[(0, 1006), (9, 974)]

Client 9 label distribution:
[(7, 990), (9, 990)]

Client 10 label distribution:
[(0, 995), (6, 985)]

Client 11 label distribution:
[(6, 827), (8, 1000)]

Client 12 label distribution:
[(1, 977), (3, 1003)]

Client 13 label distribution:
[(5, 1014), (7, 966)]

Client 14 label distribution:
[(2, 1002), (9, 978)]

Client 15 label distribution:
[(1, 1004), (3, 976)]

Client 16 label distribution:
[(2, 995), (4, 853)]

Client 17 label distribution:
[(0, 987), (9, 908)]

Client 18 label distribution:
[(5, 991), (7, 989)]

Client 19 label distribution:
[(1, 996), (5, 601)]
Client 0: avg epsilon = 5.0000
Client 1: avg epsilon = 2.5401
Client 2: avg epsilon = 5.0000
Client 3: avg epsilon = 5.0000
Client 4: avg epsilon = 3.0101
Client 5: avg epsilon = 2.9838
Client 6: avg epsilon = 3.0141
Client 7: avg epsilon = 5.0000
Client 8: avg epsilon = 2.5104
Client 9: avg epsilon = 5.0000
Client 10: avg epsilon = 2.5376
Client 11: avg epsilon = 5.0000
Client 12: avg epsilon = 3.0263
Client 13: avg epsilon = 5.0000
Client 14: avg epsilon = 2.9758
Client 15: avg epsilon = 2.9717
Client 16: avg epsilon = 3.4286
Client 17: avg epsilon = 2.4944
Client 18: avg epsilon = 5.0000
Client 19: avg epsilon = 2.5053
 We run FedAvg with rPDP (ThreeLevels-0) ...
max_epsilon :  10.0  noise_multiplier :  9.736328125
The R-Squared value of the best-fit curve : 0.999749898528281
learning rate =  0.01
sample_rate: (min) 0.61, (max) 0.61, expected_batch_size: 1201
sample_rate: (min) 0.03, (max) 0.61, expected_batch_size: 623
sample_rate: (min) 0.61, (max) 0.61, expected_batch_size: 1201
sample_rate: (min) 0.61, (max) 0.61, expected_batch_size: 1201
sample_rate: (min) 0.16, (max) 0.61, expected_batch_size: 759
sample_rate: (min) 0.16, (max) 0.61, expected_batch_size: 753
sample_rate: (min) 0.16, (max) 0.61, expected_batch_size: 760
sample_rate: (min) 0.61, (max) 0.61, expected_batch_size: 1201
sample_rate: (min) 0.03, (max) 0.61, expected_batch_size: 616
sample_rate: (min) 0.61, (max) 0.61, expected_batch_size: 1201
sample_rate: (min) 0.03, (max) 0.61, expected_batch_size: 622
sample_rate: (min) 0.61, (max) 0.61, expected_batch_size: 1108
sample_rate: (min) 0.16, (max) 0.61, expected_batch_size: 763
sample_rate: (min) 0.61, (max) 0.61, expected_batch_size: 1201
sample_rate: (min) 0.16, (max) 0.61, expected_batch_size: 751
sample_rate: (min) 0.16, (max) 0.61, expected_batch_size: 750
sample_rate: (min) 0.16, (max) 0.61, expected_batch_size: 795
sample_rate: (min) 0.03, (max) 0.61, expected_batch_size: 588
sample_rate: (min) 0.61, (max) 0.61, expected_batch_size: 1201
sample_rate: (min) 0.16, (max) 0.61, expected_batch_size: 522
initial privacy cost of all clients:  [0, 0, 0, 0, 0, 0, 0, 0, 0, 0, 0, 0, 0, 0, 0, 0, 0, 0, 0, 0]
Round=0
Round=1
Round=2
Round=3
Round=4
Round=5
Round=6
Round=7
Round=8
Round=9
Round=10
Round=11
Round=12
Round=13
Round=14
current privacy cost of all clients:  [3.5546114404122435, 3.804837257942653, 4.677972220314398, 4.055063075473062, 3.0541598053514245, 4.055063075473062, 2.502378076501911, 3.5546114404122435, 4.055063075473062, 3.804837257942653, 2.502378076501911, 3.804837257942653, 2.803933987821015, 3.304385622881834, 3.5546114404122435, 4.305288893003472, 3.5546114404122435, 4.510367156217049, 4.055063075473062, 3.304385622881834]
Round=14, per client global perf=[0.0167, 0.1402, 0.4725, 0.7275, 0.7784, 0.4294, 0.2931, 0.6971, 0.5422, 0.9186, 0.5794, 0.4193, 0.6951, 0.9441, 0.7314, 0.7275, 0.3393, 0.5517, 0.9412, 0.8447], mean perf=11780/20015 (0.5886%)
Round=14, per client personal perf=[0.9941, 0.9961, 0.9941, 0.9931, 0.9882, 0.9941, 0.9882, 0.999, 0.9951, 0.9902, 0.9863, 0.931, 0.9814, 0.9951, 0.9922, 1.0, 0.98, 0.9601, 0.9961, 0.9988], mean perf=19772/20015 (0.9879%)
Round=14, per client personal pooled=[0.197, 0.1971, 0.1964, 0.1922, 0.2011, 0.2011, 0.1984, 0.2005, 0.1996, 0.2017, 0.1971, 0.1959, 0.1998, 0.1943, 0.2004, 0.2022, 0.1977, 0.1987, 0.1939, 0.1926], mean perf=79210/400300 (0.1979%)
Mean performance of ditto rpdp global, Perf=0.4911, seed=46
Mean performance of ditto rpdp personal, Perf=0.9870, seed=46
Mean performance of ditto rpdp pooled, Perf=0.1977, seed=46
Finished seed 46
----------------------------------------
=== Running reg_param=1.0, num_steps=15 ===
Running seed 42
/Users/shegao_t1/DP_Research/Personal_DP_Personal_FL/rpdp_fl/experiments/datasets/fed_mnist/niid_20_2way_1500shot

Client 0 label distribution:
[(4, 993), (8, 987)]

Client 1 label distribution:
[(0, 994), (4, 986)]

Client 2 label distribution:
[(4, 1003), (6, 977)]

Client 3 label distribution:
[(3, 1004), (5, 976)]

Client 4 label distribution:
[(2, 985), (7, 995)]

Client 5 label distribution:
[(1, 998), (8, 982)]

Client 6 label distribution:
[(2, 983), (8, 997)]

Client 7 label distribution:
[(3, 983), (6, 997)]

Client 8 label distribution:
[(0, 1006), (9, 974)]

Client 9 label distribution:
[(7, 990), (9, 990)]

Client 10 label distribution:
[(0, 995), (6, 985)]

Client 11 label distribution:
[(6, 827), (8, 1000)]

Client 12 label distribution:
[(1, 977), (3, 1003)]

Client 13 label distribution:
[(5, 1014), (7, 966)]

Client 14 label distribution:
[(2, 1002), (9, 978)]

Client 15 label distribution:
[(1, 1004), (3, 976)]

Client 16 label distribution:
[(2, 995), (4, 853)]

Client 17 label distribution:
[(0, 987), (9, 908)]

Client 18 label distribution:
[(5, 991), (7, 989)]

Client 19 label distribution:
[(1, 996), (5, 601)]
Client 0: avg epsilon = 5.0000
Client 1: avg epsilon = 2.5401
Client 2: avg epsilon = 5.0000
Client 3: avg epsilon = 5.0000
Client 4: avg epsilon = 3.0101
Client 5: avg epsilon = 2.9838
Client 6: avg epsilon = 3.0141
Client 7: avg epsilon = 5.0000
Client 8: avg epsilon = 2.5104
Client 9: avg epsilon = 5.0000
Client 10: avg epsilon = 2.5376
Client 11: avg epsilon = 5.0000
Client 12: avg epsilon = 3.0263
Client 13: avg epsilon = 5.0000
Client 14: avg epsilon = 2.9758
Client 15: avg epsilon = 2.9717
Client 16: avg epsilon = 3.4286
Client 17: avg epsilon = 2.4944
Client 18: avg epsilon = 5.0000
Client 19: avg epsilon = 2.5053
 We run FedAvg with rPDP (ThreeLevels-0) ...
max_epsilon :  10.0  noise_multiplier :  9.736328125
The R-Squared value of the best-fit curve : 0.999749898528281
learning rate =  0.01
sample_rate: (min) 0.61, (max) 0.61, expected_batch_size: 1201
sample_rate: (min) 0.03, (max) 0.61, expected_batch_size: 623
sample_rate: (min) 0.61, (max) 0.61, expected_batch_size: 1201
sample_rate: (min) 0.61, (max) 0.61, expected_batch_size: 1201
sample_rate: (min) 0.16, (max) 0.61, expected_batch_size: 759
sample_rate: (min) 0.16, (max) 0.61, expected_batch_size: 753
sample_rate: (min) 0.16, (max) 0.61, expected_batch_size: 760
sample_rate: (min) 0.61, (max) 0.61, expected_batch_size: 1201
sample_rate: (min) 0.03, (max) 0.61, expected_batch_size: 616
sample_rate: (min) 0.61, (max) 0.61, expected_batch_size: 1201
sample_rate: (min) 0.03, (max) 0.61, expected_batch_size: 622
sample_rate: (min) 0.61, (max) 0.61, expected_batch_size: 1108
sample_rate: (min) 0.16, (max) 0.61, expected_batch_size: 763
sample_rate: (min) 0.61, (max) 0.61, expected_batch_size: 1201
sample_rate: (min) 0.16, (max) 0.61, expected_batch_size: 751
sample_rate: (min) 0.16, (max) 0.61, expected_batch_size: 750
sample_rate: (min) 0.16, (max) 0.61, expected_batch_size: 795
sample_rate: (min) 0.03, (max) 0.61, expected_batch_size: 588
sample_rate: (min) 0.61, (max) 0.61, expected_batch_size: 1201
sample_rate: (min) 0.16, (max) 0.61, expected_batch_size: 522
initial privacy cost of all clients:  [0, 0, 0, 0, 0, 0, 0, 0, 0, 0, 0, 0, 0, 0, 0, 0, 0, 0, 0, 0]
Round=0
Round=1
Round=2
Round=3
Round=4
Round=5
Round=6
Round=7
Round=8
Round=9
Round=10
Round=11
Round=12
Round=13
Round=14
current privacy cost of all clients:  [3.0541598053514245, 3.304385622881834, 3.0541598053514245, 3.5546114404122435, 3.0541598053514245, 3.5546114404122435, 4.055063075473062, 4.055063075473062, 4.305288893003472, 3.804837257942653, 3.804837257942653, 3.304385622881834, 3.804837257942653, 3.0541598053514245, 3.804837257942653, 3.304385622881834, 3.804837257942653, 3.0541598053514245, 3.304385622881834, 2.803933987821015]
Round=14, per client global perf=[0.6353, 0.7471, 0.9049, 0.8922, 0.7882, 0.501, 0.4696, 0.8647, 0.2794, 0.5069, 0.6618, 0.4968, 0.8392, 0.9, 0.3186, 0.8461, 0.8046, 0.2702, 0.9078, 0.784], mean perf=13428/20015 (0.6709%)
Round=14, per client personal perf=[0.9804, 0.9951, 0.9794, 0.9588, 0.8637, 0.9794, 0.9824, 0.999, 0.9794, 0.9755, 0.9833, 0.9268, 0.9922, 0.9882, 0.9745, 0.9892, 0.9737, 0.9468, 0.9873, 0.9879], mean perf=19459/20015 (0.9722%)
Round=14, per client personal pooled=[0.2159, 0.3831, 0.4951, 0.355, 0.2738, 0.281, 0.3062, 0.3267, 0.2437, 0.4701, 0.2849, 0.265, 0.3186, 0.3645, 0.2314, 0.2622, 0.2441, 0.2039, 0.2936, 0.2112], mean perf=120690/400300 (0.3015%)
Mean performance of ditto rpdp global, Perf=0.5400, seed=42
Mean performance of ditto rpdp personal, Perf=0.9697, seed=42
Mean performance of ditto rpdp pooled, Perf=0.2801, seed=42
Finished seed 42
----------------------------------------
Running seed 43
/Users/shegao_t1/DP_Research/Personal_DP_Personal_FL/rpdp_fl/experiments/datasets/fed_mnist/niid_20_2way_1500shot

Client 0 label distribution:
[(4, 993), (8, 987)]

Client 1 label distribution:
[(0, 994), (4, 986)]

Client 2 label distribution:
[(4, 1003), (6, 977)]

Client 3 label distribution:
[(3, 1004), (5, 976)]

Client 4 label distribution:
[(2, 985), (7, 995)]

Client 5 label distribution:
[(1, 998), (8, 982)]

Client 6 label distribution:
[(2, 983), (8, 997)]

Client 7 label distribution:
[(3, 983), (6, 997)]

Client 8 label distribution:
[(0, 1006), (9, 974)]

Client 9 label distribution:
[(7, 990), (9, 990)]

Client 10 label distribution:
[(0, 995), (6, 985)]

Client 11 label distribution:
[(6, 827), (8, 1000)]

Client 12 label distribution:
[(1, 977), (3, 1003)]

Client 13 label distribution:
[(5, 1014), (7, 966)]

Client 14 label distribution:
[(2, 1002), (9, 978)]

Client 15 label distribution:
[(1, 1004), (3, 976)]

Client 16 label distribution:
[(2, 995), (4, 853)]

Client 17 label distribution:
[(0, 987), (9, 908)]

Client 18 label distribution:
[(5, 991), (7, 989)]

Client 19 label distribution:
[(1, 996), (5, 601)]
Client 0: avg epsilon = 5.0000
Client 1: avg epsilon = 2.5401
Client 2: avg epsilon = 5.0000
Client 3: avg epsilon = 5.0000
Client 4: avg epsilon = 3.0101
Client 5: avg epsilon = 2.9838
Client 6: avg epsilon = 3.0141
Client 7: avg epsilon = 5.0000
Client 8: avg epsilon = 2.5104
Client 9: avg epsilon = 5.0000
Client 10: avg epsilon = 2.5376
Client 11: avg epsilon = 5.0000
Client 12: avg epsilon = 3.0263
Client 13: avg epsilon = 5.0000
Client 14: avg epsilon = 2.9758
Client 15: avg epsilon = 2.9717
Client 16: avg epsilon = 3.4286
Client 17: avg epsilon = 2.4944
Client 18: avg epsilon = 5.0000
Client 19: avg epsilon = 2.5053
 We run FedAvg with rPDP (ThreeLevels-0) ...
max_epsilon :  10.0  noise_multiplier :  9.736328125
The R-Squared value of the best-fit curve : 0.999749898528281
learning rate =  0.01
sample_rate: (min) 0.61, (max) 0.61, expected_batch_size: 1201
sample_rate: (min) 0.03, (max) 0.61, expected_batch_size: 623
sample_rate: (min) 0.61, (max) 0.61, expected_batch_size: 1201
sample_rate: (min) 0.61, (max) 0.61, expected_batch_size: 1201
sample_rate: (min) 0.16, (max) 0.61, expected_batch_size: 759
sample_rate: (min) 0.16, (max) 0.61, expected_batch_size: 753
sample_rate: (min) 0.16, (max) 0.61, expected_batch_size: 760
sample_rate: (min) 0.61, (max) 0.61, expected_batch_size: 1201
sample_rate: (min) 0.03, (max) 0.61, expected_batch_size: 616
sample_rate: (min) 0.61, (max) 0.61, expected_batch_size: 1201
sample_rate: (min) 0.03, (max) 0.61, expected_batch_size: 622
sample_rate: (min) 0.61, (max) 0.61, expected_batch_size: 1108
sample_rate: (min) 0.16, (max) 0.61, expected_batch_size: 763
sample_rate: (min) 0.61, (max) 0.61, expected_batch_size: 1201
sample_rate: (min) 0.16, (max) 0.61, expected_batch_size: 751
sample_rate: (min) 0.16, (max) 0.61, expected_batch_size: 750
sample_rate: (min) 0.16, (max) 0.61, expected_batch_size: 795
sample_rate: (min) 0.03, (max) 0.61, expected_batch_size: 588
sample_rate: (min) 0.61, (max) 0.61, expected_batch_size: 1201
sample_rate: (min) 0.16, (max) 0.61, expected_batch_size: 522
initial privacy cost of all clients:  [0, 0, 0, 0, 0, 0, 0, 0, 0, 0, 0, 0, 0, 0, 0, 0, 0, 0, 0, 0]
Round=0
Round=1
Round=2
Round=3
Round=4
Round=5
Round=6
Round=7
Round=8
Round=9
Round=10
Round=11
Round=12
Round=13
Round=14
current privacy cost of all clients:  [3.304385622881834, 3.304385622881834, 2.803933987821015, 3.804837257942653, 2.803933987821015, 3.804837257942653, 3.304385622881834, 3.304385622881834, 3.304385622881834, 4.510367156217049, 3.804837257942653, 3.5546114404122435, 3.5546114404122435, 3.304385622881834, 4.055063075473062, 3.304385622881834, 3.804837257942653, 3.304385622881834, 3.304385622881834, 3.0541598053514245]
Round=14, per client global perf=[0.748, 0.3647, 0.7265, 0.4578, 0.8039, 0.8225, 0.7039, 0.8196, 0.1676, 0.6255, 0.3304, 0.6932, 0.9049, 0.4775, 0.5275, 0.9176, 0.6996, 0.1822, 0.4618, 0.534], mean perf=11994/20015 (0.5993%)
Round=14, per client personal perf=[0.9804, 0.9941, 0.9647, 0.9804, 0.9794, 0.9814, 0.9784, 0.9873, 0.9961, 0.9539, 0.9735, 0.913, 0.9804, 0.9843, 0.9824, 0.9647, 0.9706, 0.9468, 0.9882, 0.9964], mean perf=19513/20015 (0.9749%)
Round=14, per client personal pooled=[0.27, 0.3461, 0.445, 0.2048, 0.3838, 0.2885, 0.3944, 0.3603, 0.241, 0.4643, 0.3141, 0.33, 0.2906, 0.3088, 0.3903, 0.3592, 0.3746, 0.3328, 0.2827, 0.344], mean perf=134605/400300 (0.3363%)
Mean performance of ditto rpdp global, Perf=0.5033, seed=43
Mean performance of ditto rpdp personal, Perf=0.9721, seed=43
Mean performance of ditto rpdp pooled, Perf=0.3288, seed=43
Finished seed 43
----------------------------------------
Running seed 44
/Users/shegao_t1/DP_Research/Personal_DP_Personal_FL/rpdp_fl/experiments/datasets/fed_mnist/niid_20_2way_1500shot

Client 0 label distribution:
[(4, 993), (8, 987)]

Client 1 label distribution:
[(0, 994), (4, 986)]

Client 2 label distribution:
[(4, 1003), (6, 977)]

Client 3 label distribution:
[(3, 1004), (5, 976)]

Client 4 label distribution:
[(2, 985), (7, 995)]

Client 5 label distribution:
[(1, 998), (8, 982)]

Client 6 label distribution:
[(2, 983), (8, 997)]

Client 7 label distribution:
[(3, 983), (6, 997)]

Client 8 label distribution:
[(0, 1006), (9, 974)]

Client 9 label distribution:
[(7, 990), (9, 990)]

Client 10 label distribution:
[(0, 995), (6, 985)]

Client 11 label distribution:
[(6, 827), (8, 1000)]

Client 12 label distribution:
[(1, 977), (3, 1003)]

Client 13 label distribution:
[(5, 1014), (7, 966)]

Client 14 label distribution:
[(2, 1002), (9, 978)]

Client 15 label distribution:
[(1, 1004), (3, 976)]

Client 16 label distribution:
[(2, 995), (4, 853)]

Client 17 label distribution:
[(0, 987), (9, 908)]

Client 18 label distribution:
[(5, 991), (7, 989)]

Client 19 label distribution:
[(1, 996), (5, 601)]
Client 0: avg epsilon = 5.0000
Client 1: avg epsilon = 2.5401
Client 2: avg epsilon = 5.0000
Client 3: avg epsilon = 5.0000
Client 4: avg epsilon = 3.0101
Client 5: avg epsilon = 2.9838
Client 6: avg epsilon = 3.0141
Client 7: avg epsilon = 5.0000
Client 8: avg epsilon = 2.5104
Client 9: avg epsilon = 5.0000
Client 10: avg epsilon = 2.5376
Client 11: avg epsilon = 5.0000
Client 12: avg epsilon = 3.0263
Client 13: avg epsilon = 5.0000
Client 14: avg epsilon = 2.9758
Client 15: avg epsilon = 2.9717
Client 16: avg epsilon = 3.4286
Client 17: avg epsilon = 2.4944
Client 18: avg epsilon = 5.0000
Client 19: avg epsilon = 2.5053
 We run FedAvg with rPDP (ThreeLevels-0) ...
max_epsilon :  10.0  noise_multiplier :  9.736328125
The R-Squared value of the best-fit curve : 0.999749898528281
learning rate =  0.01
sample_rate: (min) 0.61, (max) 0.61, expected_batch_size: 1201
sample_rate: (min) 0.03, (max) 0.61, expected_batch_size: 623
sample_rate: (min) 0.61, (max) 0.61, expected_batch_size: 1201
sample_rate: (min) 0.61, (max) 0.61, expected_batch_size: 1201
sample_rate: (min) 0.16, (max) 0.61, expected_batch_size: 759
sample_rate: (min) 0.16, (max) 0.61, expected_batch_size: 753
sample_rate: (min) 0.16, (max) 0.61, expected_batch_size: 760
sample_rate: (min) 0.61, (max) 0.61, expected_batch_size: 1201
sample_rate: (min) 0.03, (max) 0.61, expected_batch_size: 616
sample_rate: (min) 0.61, (max) 0.61, expected_batch_size: 1201
sample_rate: (min) 0.03, (max) 0.61, expected_batch_size: 622
sample_rate: (min) 0.61, (max) 0.61, expected_batch_size: 1108
sample_rate: (min) 0.16, (max) 0.61, expected_batch_size: 763
sample_rate: (min) 0.61, (max) 0.61, expected_batch_size: 1201
sample_rate: (min) 0.16, (max) 0.61, expected_batch_size: 751
sample_rate: (min) 0.16, (max) 0.61, expected_batch_size: 750
sample_rate: (min) 0.16, (max) 0.61, expected_batch_size: 795
sample_rate: (min) 0.03, (max) 0.61, expected_batch_size: 588
sample_rate: (min) 0.61, (max) 0.61, expected_batch_size: 1201
sample_rate: (min) 0.16, (max) 0.61, expected_batch_size: 522
initial privacy cost of all clients:  [0, 0, 0, 0, 0, 0, 0, 0, 0, 0, 0, 0, 0, 0, 0, 0, 0, 0, 0, 0]
Round=0
Round=1
Round=2
Round=3
Round=4
Round=5
Round=6
Round=7
Round=8
Round=9
Round=10
Round=11
Round=12
Round=13
Round=14
current privacy cost of all clients:  [3.804837257942653, 4.305288893003472, 3.804837257942653, 2.803933987821015, 3.5546114404122435, 3.304385622881834, 4.055063075473062, 3.0541598053514245, 3.5546114404122435, 2.803933987821015, 4.055063075473062, 4.305288893003472, 4.055063075473062, 3.304385622881834, 3.804837257942653, 3.5546114404122435, 2.502378076501911, 3.304385622881834, 3.0541598053514245, 3.804837257942653]
Round=14, per client global perf=[0.7147, 0.4941, 0.8647, 0.9363, 0.7245, 0.6873, 0.5039, 0.8324, 0.0255, 0.4412, 0.4245, 0.62, 0.8941, 0.9225, 0.2775, 0.8931, 0.7227, 0.0205, 0.9353, 0.9223], mean perf=12835/20015 (0.6413%)
Round=14, per client personal perf=[0.9824, 0.9922, 0.9882, 0.9127, 0.9794, 0.9804, 0.9441, 0.998, 0.9853, 0.948, 0.9794, 0.9076, 0.9863, 0.9902, 0.9873, 0.9922, 0.9548, 0.9591, 0.9922, 0.9867], mean perf=19465/20015 (0.9725%)
Round=14, per client personal pooled=[0.4662, 0.3055, 0.5202, 0.3695, 0.4359, 0.2813, 0.4027, 0.33, 0.4078, 0.4397, 0.3696, 0.2805, 0.4468, 0.379, 0.4713, 0.3743, 0.3831, 0.3863, 0.2589, 0.3495], mean perf=153274/400300 (0.3829%)
Mean performance of ditto rpdp global, Perf=0.5389, seed=44
Mean performance of ditto rpdp personal, Perf=0.9757, seed=44
Mean performance of ditto rpdp pooled, Perf=0.3638, seed=44
Finished seed 44
----------------------------------------
Running seed 45
/Users/shegao_t1/DP_Research/Personal_DP_Personal_FL/rpdp_fl/experiments/datasets/fed_mnist/niid_20_2way_1500shot

Client 0 label distribution:
[(4, 993), (8, 987)]

Client 1 label distribution:
[(0, 994), (4, 986)]

Client 2 label distribution:
[(4, 1003), (6, 977)]

Client 3 label distribution:
[(3, 1004), (5, 976)]

Client 4 label distribution:
[(2, 985), (7, 995)]

Client 5 label distribution:
[(1, 998), (8, 982)]

Client 6 label distribution:
[(2, 983), (8, 997)]

Client 7 label distribution:
[(3, 983), (6, 997)]

Client 8 label distribution:
[(0, 1006), (9, 974)]

Client 9 label distribution:
[(7, 990), (9, 990)]

Client 10 label distribution:
[(0, 995), (6, 985)]

Client 11 label distribution:
[(6, 827), (8, 1000)]

Client 12 label distribution:
[(1, 977), (3, 1003)]

Client 13 label distribution:
[(5, 1014), (7, 966)]

Client 14 label distribution:
[(2, 1002), (9, 978)]

Client 15 label distribution:
[(1, 1004), (3, 976)]

Client 16 label distribution:
[(2, 995), (4, 853)]

Client 17 label distribution:
[(0, 987), (9, 908)]

Client 18 label distribution:
[(5, 991), (7, 989)]

Client 19 label distribution:
[(1, 996), (5, 601)]
Client 0: avg epsilon = 5.0000
Client 1: avg epsilon = 2.5401
Client 2: avg epsilon = 5.0000
Client 3: avg epsilon = 5.0000
Client 4: avg epsilon = 3.0101
Client 5: avg epsilon = 2.9838
Client 6: avg epsilon = 3.0141
Client 7: avg epsilon = 5.0000
Client 8: avg epsilon = 2.5104
Client 9: avg epsilon = 5.0000
Client 10: avg epsilon = 2.5376
Client 11: avg epsilon = 5.0000
Client 12: avg epsilon = 3.0263
Client 13: avg epsilon = 5.0000
Client 14: avg epsilon = 2.9758
Client 15: avg epsilon = 2.9717
Client 16: avg epsilon = 3.4286
Client 17: avg epsilon = 2.4944
Client 18: avg epsilon = 5.0000
Client 19: avg epsilon = 2.5053
 We run FedAvg with rPDP (ThreeLevels-0) ...
max_epsilon :  10.0  noise_multiplier :  9.736328125
The R-Squared value of the best-fit curve : 0.999749898528281
learning rate =  0.01
sample_rate: (min) 0.61, (max) 0.61, expected_batch_size: 1201
sample_rate: (min) 0.03, (max) 0.61, expected_batch_size: 623
sample_rate: (min) 0.61, (max) 0.61, expected_batch_size: 1201
sample_rate: (min) 0.61, (max) 0.61, expected_batch_size: 1201
sample_rate: (min) 0.16, (max) 0.61, expected_batch_size: 759
sample_rate: (min) 0.16, (max) 0.61, expected_batch_size: 753
sample_rate: (min) 0.16, (max) 0.61, expected_batch_size: 760
sample_rate: (min) 0.61, (max) 0.61, expected_batch_size: 1201
sample_rate: (min) 0.03, (max) 0.61, expected_batch_size: 616
sample_rate: (min) 0.61, (max) 0.61, expected_batch_size: 1201
sample_rate: (min) 0.03, (max) 0.61, expected_batch_size: 622
sample_rate: (min) 0.61, (max) 0.61, expected_batch_size: 1108
sample_rate: (min) 0.16, (max) 0.61, expected_batch_size: 763
sample_rate: (min) 0.61, (max) 0.61, expected_batch_size: 1201
sample_rate: (min) 0.16, (max) 0.61, expected_batch_size: 751
sample_rate: (min) 0.16, (max) 0.61, expected_batch_size: 750
sample_rate: (min) 0.16, (max) 0.61, expected_batch_size: 795
sample_rate: (min) 0.03, (max) 0.61, expected_batch_size: 588
sample_rate: (min) 0.61, (max) 0.61, expected_batch_size: 1201
sample_rate: (min) 0.16, (max) 0.61, expected_batch_size: 522
initial privacy cost of all clients:  [0, 0, 0, 0, 0, 0, 0, 0, 0, 0, 0, 0, 0, 0, 0, 0, 0, 0, 0, 0]
Round=0
Round=1
Round=2
Round=3
Round=4
Round=5
Round=6
Round=7
Round=8
Round=9
Round=10
Round=11
Round=12
Round=13
Round=14
current privacy cost of all clients:  [3.304385622881834, 3.0541598053514245, 4.055063075473062, 3.0541598053514245, 3.304385622881834, 3.5546114404122435, 3.5546114404122435, 3.0541598053514245, 3.5546114404122435, 3.804837257942653, 4.055063075473062, 3.804837257942653, 3.0541598053514245, 2.803933987821015, 3.304385622881834, 3.5546114404122435, 3.5546114404122435, 2.803933987821015, 3.304385622881834, 3.804837257942653]
Round=14, per client global perf=[0.7225, 0.4608, 0.849, 0.5304, 0.8078, 0.6088, 0.5971, 0.4637, 0.1598, 0.6108, 0.4902, 0.7282, 0.3225, 0.9676, 0.4314, 0.3196, 0.7342, 0.174, 0.9686, 0.7269], mean perf=11651/20015 (0.5821%)
Round=14, per client personal perf=[0.9755, 0.9902, 0.9853, 0.9569, 0.9775, 0.9843, 0.9608, 0.9902, 0.9931, 0.9735, 0.9833, 0.9076, 0.9912, 0.9843, 0.9833, 0.9716, 0.9727, 0.957, 0.9804, 0.9757], mean perf=19515/20015 (0.9750%)
Round=14, per client personal pooled=[0.2417, 0.4038, 0.5233, 0.3846, 0.4057, 0.2697, 0.3095, 0.3033, 0.2795, 0.4297, 0.4019, 0.2888, 0.2752, 0.3172, 0.2492, 0.2667, 0.3111, 0.3146, 0.304, 0.3217], mean perf=132129/400300 (0.3301%)
Mean performance of ditto rpdp global, Perf=0.5662, seed=45
Mean performance of ditto rpdp personal, Perf=0.9739, seed=45
Mean performance of ditto rpdp pooled, Perf=0.3154, seed=45
Finished seed 45
----------------------------------------
Running seed 46
/Users/shegao_t1/DP_Research/Personal_DP_Personal_FL/rpdp_fl/experiments/datasets/fed_mnist/niid_20_2way_1500shot

Client 0 label distribution:
[(4, 993), (8, 987)]

Client 1 label distribution:
[(0, 994), (4, 986)]

Client 2 label distribution:
[(4, 1003), (6, 977)]

Client 3 label distribution:
[(3, 1004), (5, 976)]

Client 4 label distribution:
[(2, 985), (7, 995)]

Client 5 label distribution:
[(1, 998), (8, 982)]

Client 6 label distribution:
[(2, 983), (8, 997)]

Client 7 label distribution:
[(3, 983), (6, 997)]

Client 8 label distribution:
[(0, 1006), (9, 974)]

Client 9 label distribution:
[(7, 990), (9, 990)]

Client 10 label distribution:
[(0, 995), (6, 985)]

Client 11 label distribution:
[(6, 827), (8, 1000)]

Client 12 label distribution:
[(1, 977), (3, 1003)]

Client 13 label distribution:
[(5, 1014), (7, 966)]

Client 14 label distribution:
[(2, 1002), (9, 978)]

Client 15 label distribution:
[(1, 1004), (3, 976)]

Client 16 label distribution:
[(2, 995), (4, 853)]

Client 17 label distribution:
[(0, 987), (9, 908)]

Client 18 label distribution:
[(5, 991), (7, 989)]

Client 19 label distribution:
[(1, 996), (5, 601)]
Client 0: avg epsilon = 5.0000
Client 1: avg epsilon = 2.5401
Client 2: avg epsilon = 5.0000
Client 3: avg epsilon = 5.0000
Client 4: avg epsilon = 3.0101
Client 5: avg epsilon = 2.9838
Client 6: avg epsilon = 3.0141
Client 7: avg epsilon = 5.0000
Client 8: avg epsilon = 2.5104
Client 9: avg epsilon = 5.0000
Client 10: avg epsilon = 2.5376
Client 11: avg epsilon = 5.0000
Client 12: avg epsilon = 3.0263
Client 13: avg epsilon = 5.0000
Client 14: avg epsilon = 2.9758
Client 15: avg epsilon = 2.9717
Client 16: avg epsilon = 3.4286
Client 17: avg epsilon = 2.4944
Client 18: avg epsilon = 5.0000
Client 19: avg epsilon = 2.5053
 We run FedAvg with rPDP (ThreeLevels-0) ...
max_epsilon :  10.0  noise_multiplier :  9.736328125
The R-Squared value of the best-fit curve : 0.999749898528281
learning rate =  0.01
sample_rate: (min) 0.61, (max) 0.61, expected_batch_size: 1201
sample_rate: (min) 0.03, (max) 0.61, expected_batch_size: 623
sample_rate: (min) 0.61, (max) 0.61, expected_batch_size: 1201
sample_rate: (min) 0.61, (max) 0.61, expected_batch_size: 1201
sample_rate: (min) 0.16, (max) 0.61, expected_batch_size: 759
sample_rate: (min) 0.16, (max) 0.61, expected_batch_size: 753
sample_rate: (min) 0.16, (max) 0.61, expected_batch_size: 760
sample_rate: (min) 0.61, (max) 0.61, expected_batch_size: 1201
sample_rate: (min) 0.03, (max) 0.61, expected_batch_size: 616
sample_rate: (min) 0.61, (max) 0.61, expected_batch_size: 1201
sample_rate: (min) 0.03, (max) 0.61, expected_batch_size: 622
sample_rate: (min) 0.61, (max) 0.61, expected_batch_size: 1108
sample_rate: (min) 0.16, (max) 0.61, expected_batch_size: 763
sample_rate: (min) 0.61, (max) 0.61, expected_batch_size: 1201
sample_rate: (min) 0.16, (max) 0.61, expected_batch_size: 751
sample_rate: (min) 0.16, (max) 0.61, expected_batch_size: 750
sample_rate: (min) 0.16, (max) 0.61, expected_batch_size: 795
sample_rate: (min) 0.03, (max) 0.61, expected_batch_size: 588
sample_rate: (min) 0.61, (max) 0.61, expected_batch_size: 1201
sample_rate: (min) 0.16, (max) 0.61, expected_batch_size: 522
initial privacy cost of all clients:  [0, 0, 0, 0, 0, 0, 0, 0, 0, 0, 0, 0, 0, 0, 0, 0, 0, 0, 0, 0]
Round=0
Round=1
Round=2
Round=3
Round=4
Round=5
Round=6
Round=7
Round=8
Round=9
Round=10
Round=11
Round=12
Round=13
Round=14
current privacy cost of all clients:  [3.5546114404122435, 3.804837257942653, 4.677972220314398, 4.055063075473062, 3.0541598053514245, 4.055063075473062, 2.502378076501911, 3.5546114404122435, 4.055063075473062, 3.804837257942653, 2.502378076501911, 3.804837257942653, 2.803933987821015, 3.304385622881834, 3.5546114404122435, 4.305288893003472, 3.5546114404122435, 4.510367156217049, 4.055063075473062, 3.304385622881834]
Round=14, per client global perf=[0.0167, 0.1402, 0.4725, 0.7275, 0.7784, 0.4294, 0.2931, 0.6971, 0.5422, 0.9186, 0.5794, 0.4193, 0.6951, 0.9441, 0.7314, 0.7275, 0.3393, 0.5517, 0.9412, 0.8447], mean perf=11780/20015 (0.5886%)
Round=14, per client personal perf=[0.9892, 0.9951, 0.9853, 0.9814, 0.9559, 0.9725, 0.9676, 0.9951, 0.9931, 0.9618, 0.9755, 0.8843, 0.9922, 0.9941, 0.9814, 0.9853, 0.9685, 0.9611, 0.9863, 0.9915], mean perf=19537/20015 (0.9761%)
Round=14, per client personal pooled=[0.2079, 0.257, 0.4386, 0.3085, 0.4061, 0.3122, 0.302, 0.5129, 0.2732, 0.4485, 0.2973, 0.185, 0.47, 0.2467, 0.215, 0.4561, 0.2995, 0.367, 0.3822, 0.2383], mean perf=132580/400300 (0.3312%)
Mean performance of ditto rpdp global, Perf=0.4911, seed=46
Mean performance of ditto rpdp personal, Perf=0.9742, seed=46
Mean performance of ditto rpdp pooled, Perf=0.3206, seed=46
Finished seed 46
----------------------------------------
=== Running reg_param=10, num_steps=15 ===
Running seed 42
/Users/shegao_t1/DP_Research/Personal_DP_Personal_FL/rpdp_fl/experiments/datasets/fed_mnist/niid_20_2way_1500shot

Client 0 label distribution:
[(4, 993), (8, 987)]

Client 1 label distribution:
[(0, 994), (4, 986)]

Client 2 label distribution:
[(4, 1003), (6, 977)]

Client 3 label distribution:
[(3, 1004), (5, 976)]

Client 4 label distribution:
[(2, 985), (7, 995)]

Client 5 label distribution:
[(1, 998), (8, 982)]

Client 6 label distribution:
[(2, 983), (8, 997)]

Client 7 label distribution:
[(3, 983), (6, 997)]

Client 8 label distribution:
[(0, 1006), (9, 974)]

Client 9 label distribution:
[(7, 990), (9, 990)]

Client 10 label distribution:
[(0, 995), (6, 985)]

Client 11 label distribution:
[(6, 827), (8, 1000)]

Client 12 label distribution:
[(1, 977), (3, 1003)]

Client 13 label distribution:
[(5, 1014), (7, 966)]

Client 14 label distribution:
[(2, 1002), (9, 978)]

Client 15 label distribution:
[(1, 1004), (3, 976)]

Client 16 label distribution:
[(2, 995), (4, 853)]

Client 17 label distribution:
[(0, 987), (9, 908)]

Client 18 label distribution:
[(5, 991), (7, 989)]

Client 19 label distribution:
[(1, 996), (5, 601)]
Client 0: avg epsilon = 5.0000
Client 1: avg epsilon = 2.5401
Client 2: avg epsilon = 5.0000
Client 3: avg epsilon = 5.0000
Client 4: avg epsilon = 3.0101
Client 5: avg epsilon = 2.9838
Client 6: avg epsilon = 3.0141
Client 7: avg epsilon = 5.0000
Client 8: avg epsilon = 2.5104
Client 9: avg epsilon = 5.0000
Client 10: avg epsilon = 2.5376
Client 11: avg epsilon = 5.0000
Client 12: avg epsilon = 3.0263
Client 13: avg epsilon = 5.0000
Client 14: avg epsilon = 2.9758
Client 15: avg epsilon = 2.9717
Client 16: avg epsilon = 3.4286
Client 17: avg epsilon = 2.4944
Client 18: avg epsilon = 5.0000
Client 19: avg epsilon = 2.5053
 We run FedAvg with rPDP (ThreeLevels-0) ...
max_epsilon :  10.0  noise_multiplier :  9.736328125
The R-Squared value of the best-fit curve : 0.999749898528281
learning rate =  0.01
sample_rate: (min) 0.61, (max) 0.61, expected_batch_size: 1201
sample_rate: (min) 0.03, (max) 0.61, expected_batch_size: 623
sample_rate: (min) 0.61, (max) 0.61, expected_batch_size: 1201
sample_rate: (min) 0.61, (max) 0.61, expected_batch_size: 1201
sample_rate: (min) 0.16, (max) 0.61, expected_batch_size: 759
sample_rate: (min) 0.16, (max) 0.61, expected_batch_size: 753
sample_rate: (min) 0.16, (max) 0.61, expected_batch_size: 760
sample_rate: (min) 0.61, (max) 0.61, expected_batch_size: 1201
sample_rate: (min) 0.03, (max) 0.61, expected_batch_size: 616
sample_rate: (min) 0.61, (max) 0.61, expected_batch_size: 1201
sample_rate: (min) 0.03, (max) 0.61, expected_batch_size: 622
sample_rate: (min) 0.61, (max) 0.61, expected_batch_size: 1108
sample_rate: (min) 0.16, (max) 0.61, expected_batch_size: 763
sample_rate: (min) 0.61, (max) 0.61, expected_batch_size: 1201
sample_rate: (min) 0.16, (max) 0.61, expected_batch_size: 751
sample_rate: (min) 0.16, (max) 0.61, expected_batch_size: 750
sample_rate: (min) 0.16, (max) 0.61, expected_batch_size: 795
sample_rate: (min) 0.03, (max) 0.61, expected_batch_size: 588
sample_rate: (min) 0.61, (max) 0.61, expected_batch_size: 1201
sample_rate: (min) 0.16, (max) 0.61, expected_batch_size: 522
initial privacy cost of all clients:  [0, 0, 0, 0, 0, 0, 0, 0, 0, 0, 0, 0, 0, 0, 0, 0, 0, 0, 0, 0]
Round=0
Round=1
Round=2
Round=3
Round=4
Round=5
Round=6
Round=7
Round=8
Round=9
Round=10
Round=11
Round=12
Round=13
Round=14
current privacy cost of all clients:  [3.0541598053514245, 3.304385622881834, 3.0541598053514245, 3.5546114404122435, 3.0541598053514245, 3.5546114404122435, 4.055063075473062, 4.055063075473062, 4.305288893003472, 3.804837257942653, 3.804837257942653, 3.304385622881834, 3.804837257942653, 3.0541598053514245, 3.804837257942653, 3.304385622881834, 3.804837257942653, 3.0541598053514245, 3.304385622881834, 2.803933987821015]
Round=14, per client global perf=[0.6353, 0.7471, 0.9049, 0.8922, 0.7882, 0.501, 0.4696, 0.8647, 0.2794, 0.5069, 0.6618, 0.4968, 0.8392, 0.9, 0.3186, 0.8461, 0.8046, 0.2702, 0.9078, 0.784], mean perf=13428/20015 (0.6709%)
Round=14, per client personal perf=[0.9706, 0.9765, 0.9765, 0.9608, 0.9676, 0.9598, 0.9676, 0.9873, 0.9814, 0.9324, 0.9618, 0.9246, 0.9716, 0.9569, 0.9402, 0.9765, 0.9118, 0.9099, 0.9843, 0.9806], mean perf=19217/20015 (0.9601%)
Round=14, per client personal pooled=[0.4556, 0.5178, 0.5289, 0.6227, 0.3683, 0.4514, 0.531, 0.5529, 0.4035, 0.6443, 0.4302, 0.4081, 0.4327, 0.67, 0.5215, 0.4325, 0.5329, 0.3996, 0.3562, 0.5123], mean perf=195593/400300 (0.4886%)
Mean performance of ditto rpdp global, Perf=0.5400, seed=42
Mean performance of ditto rpdp personal, Perf=0.9545, seed=42
Mean performance of ditto rpdp pooled, Perf=0.4609, seed=42
Finished seed 42
----------------------------------------
Running seed 43
/Users/shegao_t1/DP_Research/Personal_DP_Personal_FL/rpdp_fl/experiments/datasets/fed_mnist/niid_20_2way_1500shot

Client 0 label distribution:
[(4, 993), (8, 987)]

Client 1 label distribution:
[(0, 994), (4, 986)]

Client 2 label distribution:
[(4, 1003), (6, 977)]

Client 3 label distribution:
[(3, 1004), (5, 976)]

Client 4 label distribution:
[(2, 985), (7, 995)]

Client 5 label distribution:
[(1, 998), (8, 982)]

Client 6 label distribution:
[(2, 983), (8, 997)]

Client 7 label distribution:
[(3, 983), (6, 997)]

Client 8 label distribution:
[(0, 1006), (9, 974)]

Client 9 label distribution:
[(7, 990), (9, 990)]

Client 10 label distribution:
[(0, 995), (6, 985)]

Client 11 label distribution:
[(6, 827), (8, 1000)]

Client 12 label distribution:
[(1, 977), (3, 1003)]

Client 13 label distribution:
[(5, 1014), (7, 966)]

Client 14 label distribution:
[(2, 1002), (9, 978)]

Client 15 label distribution:
[(1, 1004), (3, 976)]

Client 16 label distribution:
[(2, 995), (4, 853)]

Client 17 label distribution:
[(0, 987), (9, 908)]

Client 18 label distribution:
[(5, 991), (7, 989)]

Client 19 label distribution:
[(1, 996), (5, 601)]
Client 0: avg epsilon = 5.0000
Client 1: avg epsilon = 2.5401
Client 2: avg epsilon = 5.0000
Client 3: avg epsilon = 5.0000
Client 4: avg epsilon = 3.0101
Client 5: avg epsilon = 2.9838
Client 6: avg epsilon = 3.0141
Client 7: avg epsilon = 5.0000
Client 8: avg epsilon = 2.5104
Client 9: avg epsilon = 5.0000
Client 10: avg epsilon = 2.5376
Client 11: avg epsilon = 5.0000
Client 12: avg epsilon = 3.0263
Client 13: avg epsilon = 5.0000
Client 14: avg epsilon = 2.9758
Client 15: avg epsilon = 2.9717
Client 16: avg epsilon = 3.4286
Client 17: avg epsilon = 2.4944
Client 18: avg epsilon = 5.0000
Client 19: avg epsilon = 2.5053
 We run FedAvg with rPDP (ThreeLevels-0) ...
max_epsilon :  10.0  noise_multiplier :  9.736328125
The R-Squared value of the best-fit curve : 0.999749898528281
learning rate =  0.01
sample_rate: (min) 0.61, (max) 0.61, expected_batch_size: 1201
sample_rate: (min) 0.03, (max) 0.61, expected_batch_size: 623
sample_rate: (min) 0.61, (max) 0.61, expected_batch_size: 1201
sample_rate: (min) 0.61, (max) 0.61, expected_batch_size: 1201
sample_rate: (min) 0.16, (max) 0.61, expected_batch_size: 759
sample_rate: (min) 0.16, (max) 0.61, expected_batch_size: 753
sample_rate: (min) 0.16, (max) 0.61, expected_batch_size: 760
sample_rate: (min) 0.61, (max) 0.61, expected_batch_size: 1201
sample_rate: (min) 0.03, (max) 0.61, expected_batch_size: 616
sample_rate: (min) 0.61, (max) 0.61, expected_batch_size: 1201
sample_rate: (min) 0.03, (max) 0.61, expected_batch_size: 622
sample_rate: (min) 0.61, (max) 0.61, expected_batch_size: 1108
sample_rate: (min) 0.16, (max) 0.61, expected_batch_size: 763
sample_rate: (min) 0.61, (max) 0.61, expected_batch_size: 1201
sample_rate: (min) 0.16, (max) 0.61, expected_batch_size: 751
sample_rate: (min) 0.16, (max) 0.61, expected_batch_size: 750
sample_rate: (min) 0.16, (max) 0.61, expected_batch_size: 795
sample_rate: (min) 0.03, (max) 0.61, expected_batch_size: 588
sample_rate: (min) 0.61, (max) 0.61, expected_batch_size: 1201
sample_rate: (min) 0.16, (max) 0.61, expected_batch_size: 522
initial privacy cost of all clients:  [0, 0, 0, 0, 0, 0, 0, 0, 0, 0, 0, 0, 0, 0, 0, 0, 0, 0, 0, 0]
Round=0
Round=1
Round=2
Round=3
Round=4
Round=5
Round=6
Round=7
Round=8
Round=9
Round=10
Round=11
Round=12
Round=13
Round=14
current privacy cost of all clients:  [3.304385622881834, 3.304385622881834, 2.803933987821015, 3.804837257942653, 2.803933987821015, 3.804837257942653, 3.304385622881834, 3.304385622881834, 3.304385622881834, 4.510367156217049, 3.804837257942653, 3.5546114404122435, 3.5546114404122435, 3.304385622881834, 4.055063075473062, 3.304385622881834, 3.804837257942653, 3.304385622881834, 3.304385622881834, 3.0541598053514245]
Round=14, per client global perf=[0.748, 0.3647, 0.7265, 0.4578, 0.8039, 0.8225, 0.7039, 0.8196, 0.1676, 0.6255, 0.3304, 0.6932, 0.9049, 0.4775, 0.5275, 0.9176, 0.6996, 0.1822, 0.4618, 0.534], mean perf=11994/20015 (0.5993%)
Round=14, per client personal perf=[0.9686, 0.9833, 0.9, 0.9676, 0.9637, 0.9539, 0.9588, 0.9804, 0.9696, 0.952, 0.9422, 0.8928, 0.9647, 0.9471, 0.949, 0.9784, 0.9296, 0.9294, 0.9294, 0.96], mean perf=19040/20015 (0.9513%)
Round=14, per client personal pooled=[0.5341, 0.53, 0.5305, 0.3273, 0.4974, 0.4885, 0.5239, 0.5481, 0.3883, 0.6338, 0.4869, 0.4403, 0.5483, 0.4183, 0.6441, 0.4818, 0.6024, 0.6037, 0.4398, 0.5407], mean perf=204315/400300 (0.5104%)
Mean performance of ditto rpdp global, Perf=0.5033, seed=43
Mean performance of ditto rpdp personal, Perf=0.9483, seed=43
Mean performance of ditto rpdp pooled, Perf=0.4886, seed=43
Finished seed 43
----------------------------------------
Running seed 44
/Users/shegao_t1/DP_Research/Personal_DP_Personal_FL/rpdp_fl/experiments/datasets/fed_mnist/niid_20_2way_1500shot

Client 0 label distribution:
[(4, 993), (8, 987)]

Client 1 label distribution:
[(0, 994), (4, 986)]

Client 2 label distribution:
[(4, 1003), (6, 977)]

Client 3 label distribution:
[(3, 1004), (5, 976)]

Client 4 label distribution:
[(2, 985), (7, 995)]

Client 5 label distribution:
[(1, 998), (8, 982)]

Client 6 label distribution:
[(2, 983), (8, 997)]

Client 7 label distribution:
[(3, 983), (6, 997)]

Client 8 label distribution:
[(0, 1006), (9, 974)]

Client 9 label distribution:
[(7, 990), (9, 990)]

Client 10 label distribution:
[(0, 995), (6, 985)]

Client 11 label distribution:
[(6, 827), (8, 1000)]

Client 12 label distribution:
[(1, 977), (3, 1003)]

Client 13 label distribution:
[(5, 1014), (7, 966)]

Client 14 label distribution:
[(2, 1002), (9, 978)]

Client 15 label distribution:
[(1, 1004), (3, 976)]

Client 16 label distribution:
[(2, 995), (4, 853)]

Client 17 label distribution:
[(0, 987), (9, 908)]

Client 18 label distribution:
[(5, 991), (7, 989)]

Client 19 label distribution:
[(1, 996), (5, 601)]
Client 0: avg epsilon = 5.0000
Client 1: avg epsilon = 2.5401
Client 2: avg epsilon = 5.0000
Client 3: avg epsilon = 5.0000
Client 4: avg epsilon = 3.0101
Client 5: avg epsilon = 2.9838
Client 6: avg epsilon = 3.0141
Client 7: avg epsilon = 5.0000
Client 8: avg epsilon = 2.5104
Client 9: avg epsilon = 5.0000
Client 10: avg epsilon = 2.5376
Client 11: avg epsilon = 5.0000
Client 12: avg epsilon = 3.0263
Client 13: avg epsilon = 5.0000
Client 14: avg epsilon = 2.9758
Client 15: avg epsilon = 2.9717
Client 16: avg epsilon = 3.4286
Client 17: avg epsilon = 2.4944
Client 18: avg epsilon = 5.0000
Client 19: avg epsilon = 2.5053
 We run FedAvg with rPDP (ThreeLevels-0) ...
max_epsilon :  10.0  noise_multiplier :  9.736328125
The R-Squared value of the best-fit curve : 0.999749898528281
learning rate =  0.01
sample_rate: (min) 0.61, (max) 0.61, expected_batch_size: 1201
sample_rate: (min) 0.03, (max) 0.61, expected_batch_size: 623
sample_rate: (min) 0.61, (max) 0.61, expected_batch_size: 1201
sample_rate: (min) 0.61, (max) 0.61, expected_batch_size: 1201
sample_rate: (min) 0.16, (max) 0.61, expected_batch_size: 759
sample_rate: (min) 0.16, (max) 0.61, expected_batch_size: 753
sample_rate: (min) 0.16, (max) 0.61, expected_batch_size: 760
sample_rate: (min) 0.61, (max) 0.61, expected_batch_size: 1201
sample_rate: (min) 0.03, (max) 0.61, expected_batch_size: 616
sample_rate: (min) 0.61, (max) 0.61, expected_batch_size: 1201
sample_rate: (min) 0.03, (max) 0.61, expected_batch_size: 622
sample_rate: (min) 0.61, (max) 0.61, expected_batch_size: 1108
sample_rate: (min) 0.16, (max) 0.61, expected_batch_size: 763
sample_rate: (min) 0.61, (max) 0.61, expected_batch_size: 1201
sample_rate: (min) 0.16, (max) 0.61, expected_batch_size: 751
sample_rate: (min) 0.16, (max) 0.61, expected_batch_size: 750
sample_rate: (min) 0.16, (max) 0.61, expected_batch_size: 795
sample_rate: (min) 0.03, (max) 0.61, expected_batch_size: 588
sample_rate: (min) 0.61, (max) 0.61, expected_batch_size: 1201
sample_rate: (min) 0.16, (max) 0.61, expected_batch_size: 522
initial privacy cost of all clients:  [0, 0, 0, 0, 0, 0, 0, 0, 0, 0, 0, 0, 0, 0, 0, 0, 0, 0, 0, 0]
Round=0
Round=1
Round=2
Round=3
Round=4
Round=5
Round=6
Round=7
Round=8
Round=9
Round=10
Round=11
Round=12
Round=13
Round=14
current privacy cost of all clients:  [3.804837257942653, 4.305288893003472, 3.804837257942653, 2.803933987821015, 3.5546114404122435, 3.304385622881834, 4.055063075473062, 3.0541598053514245, 3.5546114404122435, 2.803933987821015, 4.055063075473062, 4.305288893003472, 4.055063075473062, 3.304385622881834, 3.804837257942653, 3.5546114404122435, 2.502378076501911, 3.304385622881834, 3.0541598053514245, 3.804837257942653]
Round=14, per client global perf=[0.7147, 0.4941, 0.8647, 0.9363, 0.7245, 0.6873, 0.5039, 0.8324, 0.0255, 0.4412, 0.4245, 0.62, 0.8941, 0.9225, 0.2775, 0.8931, 0.7227, 0.0205, 0.9353, 0.9223], mean perf=12835/20015 (0.6413%)
Round=14, per client personal perf=[0.9245, 0.9902, 0.9676, 0.9382, 0.9667, 0.9627, 0.949, 0.9686, 0.9441, 0.9245, 0.9735, 0.9034, 0.9059, 0.9716, 0.9108, 0.9902, 0.937, 0.9345, 0.9706, 0.9782], mean perf=19026/20015 (0.9506%)
Round=14, per client personal pooled=[0.6488, 0.3856, 0.5874, 0.6265, 0.5748, 0.5809, 0.5338, 0.6317, 0.4836, 0.6334, 0.4833, 0.4915, 0.6088, 0.5429, 0.6284, 0.4563, 0.5347, 0.4778, 0.5313, 0.5661], mean perf=220320/400300 (0.5504%)
Mean performance of ditto rpdp global, Perf=0.5389, seed=44
Mean performance of ditto rpdp personal, Perf=0.9533, seed=44
Mean performance of ditto rpdp pooled, Perf=0.5183, seed=44
Finished seed 44
----------------------------------------
Running seed 45
/Users/shegao_t1/DP_Research/Personal_DP_Personal_FL/rpdp_fl/experiments/datasets/fed_mnist/niid_20_2way_1500shot

Client 0 label distribution:
[(4, 993), (8, 987)]

Client 1 label distribution:
[(0, 994), (4, 986)]

Client 2 label distribution:
[(4, 1003), (6, 977)]

Client 3 label distribution:
[(3, 1004), (5, 976)]

Client 4 label distribution:
[(2, 985), (7, 995)]

Client 5 label distribution:
[(1, 998), (8, 982)]

Client 6 label distribution:
[(2, 983), (8, 997)]

Client 7 label distribution:
[(3, 983), (6, 997)]

Client 8 label distribution:
[(0, 1006), (9, 974)]

Client 9 label distribution:
[(7, 990), (9, 990)]

Client 10 label distribution:
[(0, 995), (6, 985)]

Client 11 label distribution:
[(6, 827), (8, 1000)]

Client 12 label distribution:
[(1, 977), (3, 1003)]

Client 13 label distribution:
[(5, 1014), (7, 966)]

Client 14 label distribution:
[(2, 1002), (9, 978)]

Client 15 label distribution:
[(1, 1004), (3, 976)]

Client 16 label distribution:
[(2, 995), (4, 853)]

Client 17 label distribution:
[(0, 987), (9, 908)]

Client 18 label distribution:
[(5, 991), (7, 989)]

Client 19 label distribution:
[(1, 996), (5, 601)]
Client 0: avg epsilon = 5.0000
Client 1: avg epsilon = 2.5401
Client 2: avg epsilon = 5.0000
Client 3: avg epsilon = 5.0000
Client 4: avg epsilon = 3.0101
Client 5: avg epsilon = 2.9838
Client 6: avg epsilon = 3.0141
Client 7: avg epsilon = 5.0000
Client 8: avg epsilon = 2.5104
Client 9: avg epsilon = 5.0000
Client 10: avg epsilon = 2.5376
Client 11: avg epsilon = 5.0000
Client 12: avg epsilon = 3.0263
Client 13: avg epsilon = 5.0000
Client 14: avg epsilon = 2.9758
Client 15: avg epsilon = 2.9717
Client 16: avg epsilon = 3.4286
Client 17: avg epsilon = 2.4944
Client 18: avg epsilon = 5.0000
Client 19: avg epsilon = 2.5053
 We run FedAvg with rPDP (ThreeLevels-0) ...
max_epsilon :  10.0  noise_multiplier :  9.736328125
The R-Squared value of the best-fit curve : 0.999749898528281
learning rate =  0.01
sample_rate: (min) 0.61, (max) 0.61, expected_batch_size: 1201
sample_rate: (min) 0.03, (max) 0.61, expected_batch_size: 623
sample_rate: (min) 0.61, (max) 0.61, expected_batch_size: 1201
sample_rate: (min) 0.61, (max) 0.61, expected_batch_size: 1201
sample_rate: (min) 0.16, (max) 0.61, expected_batch_size: 759
sample_rate: (min) 0.16, (max) 0.61, expected_batch_size: 753
sample_rate: (min) 0.16, (max) 0.61, expected_batch_size: 760
sample_rate: (min) 0.61, (max) 0.61, expected_batch_size: 1201
sample_rate: (min) 0.03, (max) 0.61, expected_batch_size: 616
sample_rate: (min) 0.61, (max) 0.61, expected_batch_size: 1201
sample_rate: (min) 0.03, (max) 0.61, expected_batch_size: 622
sample_rate: (min) 0.61, (max) 0.61, expected_batch_size: 1108
sample_rate: (min) 0.16, (max) 0.61, expected_batch_size: 763
sample_rate: (min) 0.61, (max) 0.61, expected_batch_size: 1201
sample_rate: (min) 0.16, (max) 0.61, expected_batch_size: 751
sample_rate: (min) 0.16, (max) 0.61, expected_batch_size: 750
sample_rate: (min) 0.16, (max) 0.61, expected_batch_size: 795
sample_rate: (min) 0.03, (max) 0.61, expected_batch_size: 588
sample_rate: (min) 0.61, (max) 0.61, expected_batch_size: 1201
sample_rate: (min) 0.16, (max) 0.61, expected_batch_size: 522
initial privacy cost of all clients:  [0, 0, 0, 0, 0, 0, 0, 0, 0, 0, 0, 0, 0, 0, 0, 0, 0, 0, 0, 0]
Round=0
Round=1
Round=2
Round=3
Round=4
Round=5
Round=6
Round=7
Round=8
Round=9
Round=10
Round=11
Round=12
Round=13
Round=14
current privacy cost of all clients:  [3.304385622881834, 3.0541598053514245, 4.055063075473062, 3.0541598053514245, 3.304385622881834, 3.5546114404122435, 3.5546114404122435, 3.0541598053514245, 3.5546114404122435, 3.804837257942653, 4.055063075473062, 3.804837257942653, 3.0541598053514245, 2.803933987821015, 3.304385622881834, 3.5546114404122435, 3.5546114404122435, 2.803933987821015, 3.304385622881834, 3.804837257942653]
Round=14, per client global perf=[0.7225, 0.4608, 0.849, 0.5304, 0.8078, 0.6088, 0.5971, 0.4637, 0.1598, 0.6108, 0.4902, 0.7282, 0.3225, 0.9676, 0.4314, 0.3196, 0.7342, 0.174, 0.9686, 0.7269], mean perf=11651/20015 (0.5821%)
Round=14, per client personal perf=[0.9539, 0.9863, 0.9686, 0.9235, 0.9373, 0.9647, 0.9353, 0.9775, 0.9461, 0.952, 0.9667, 0.8949, 0.9755, 0.9647, 0.9598, 0.9804, 0.9107, 0.9417, 0.9735, 0.9721], mean perf=19104/20015 (0.9545%)
Round=14, per client personal pooled=[0.4803, 0.597, 0.5863, 0.5566, 0.6001, 0.5905, 0.6172, 0.4056, 0.3777, 0.6515, 0.6207, 0.4539, 0.5343, 0.3807, 0.3691, 0.5419, 0.3252, 0.442, 0.5323, 0.5816], mean perf=205043/400300 (0.5122%)
Mean performance of ditto rpdp global, Perf=0.5662, seed=45
Mean performance of ditto rpdp personal, Perf=0.9536, seed=45
Mean performance of ditto rpdp pooled, Perf=0.4759, seed=45
Finished seed 45
----------------------------------------
Running seed 46
/Users/shegao_t1/DP_Research/Personal_DP_Personal_FL/rpdp_fl/experiments/datasets/fed_mnist/niid_20_2way_1500shot

Client 0 label distribution:
[(4, 993), (8, 987)]

Client 1 label distribution:
[(0, 994), (4, 986)]

Client 2 label distribution:
[(4, 1003), (6, 977)]

Client 3 label distribution:
[(3, 1004), (5, 976)]

Client 4 label distribution:
[(2, 985), (7, 995)]

Client 5 label distribution:
[(1, 998), (8, 982)]

Client 6 label distribution:
[(2, 983), (8, 997)]

Client 7 label distribution:
[(3, 983), (6, 997)]

Client 8 label distribution:
[(0, 1006), (9, 974)]

Client 9 label distribution:
[(7, 990), (9, 990)]

Client 10 label distribution:
[(0, 995), (6, 985)]

Client 11 label distribution:
[(6, 827), (8, 1000)]

Client 12 label distribution:
[(1, 977), (3, 1003)]

Client 13 label distribution:
[(5, 1014), (7, 966)]

Client 14 label distribution:
[(2, 1002), (9, 978)]

Client 15 label distribution:
[(1, 1004), (3, 976)]

Client 16 label distribution:
[(2, 995), (4, 853)]

Client 17 label distribution:
[(0, 987), (9, 908)]

Client 18 label distribution:
[(5, 991), (7, 989)]

Client 19 label distribution:
[(1, 996), (5, 601)]
Client 0: avg epsilon = 5.0000
Client 1: avg epsilon = 2.5401
Client 2: avg epsilon = 5.0000
Client 3: avg epsilon = 5.0000
Client 4: avg epsilon = 3.0101
Client 5: avg epsilon = 2.9838
Client 6: avg epsilon = 3.0141
Client 7: avg epsilon = 5.0000
Client 8: avg epsilon = 2.5104
Client 9: avg epsilon = 5.0000
Client 10: avg epsilon = 2.5376
Client 11: avg epsilon = 5.0000
Client 12: avg epsilon = 3.0263
Client 13: avg epsilon = 5.0000
Client 14: avg epsilon = 2.9758
Client 15: avg epsilon = 2.9717
Client 16: avg epsilon = 3.4286
Client 17: avg epsilon = 2.4944
Client 18: avg epsilon = 5.0000
Client 19: avg epsilon = 2.5053
 We run FedAvg with rPDP (ThreeLevels-0) ...
max_epsilon :  10.0  noise_multiplier :  9.736328125
The R-Squared value of the best-fit curve : 0.999749898528281
learning rate =  0.01
sample_rate: (min) 0.61, (max) 0.61, expected_batch_size: 1201
sample_rate: (min) 0.03, (max) 0.61, expected_batch_size: 623
sample_rate: (min) 0.61, (max) 0.61, expected_batch_size: 1201
sample_rate: (min) 0.61, (max) 0.61, expected_batch_size: 1201
sample_rate: (min) 0.16, (max) 0.61, expected_batch_size: 759
sample_rate: (min) 0.16, (max) 0.61, expected_batch_size: 753
sample_rate: (min) 0.16, (max) 0.61, expected_batch_size: 760
sample_rate: (min) 0.61, (max) 0.61, expected_batch_size: 1201
sample_rate: (min) 0.03, (max) 0.61, expected_batch_size: 616
sample_rate: (min) 0.61, (max) 0.61, expected_batch_size: 1201
sample_rate: (min) 0.03, (max) 0.61, expected_batch_size: 622
sample_rate: (min) 0.61, (max) 0.61, expected_batch_size: 1108
sample_rate: (min) 0.16, (max) 0.61, expected_batch_size: 763
sample_rate: (min) 0.61, (max) 0.61, expected_batch_size: 1201
sample_rate: (min) 0.16, (max) 0.61, expected_batch_size: 751
sample_rate: (min) 0.16, (max) 0.61, expected_batch_size: 750
sample_rate: (min) 0.16, (max) 0.61, expected_batch_size: 795
sample_rate: (min) 0.03, (max) 0.61, expected_batch_size: 588
sample_rate: (min) 0.61, (max) 0.61, expected_batch_size: 1201
sample_rate: (min) 0.16, (max) 0.61, expected_batch_size: 522
initial privacy cost of all clients:  [0, 0, 0, 0, 0, 0, 0, 0, 0, 0, 0, 0, 0, 0, 0, 0, 0, 0, 0, 0]
Round=0
Round=1
Round=2
Round=3
Round=4
Round=5
Round=6
Round=7
Round=8
Round=9
Round=10
Round=11
Round=12
Round=13
Round=14
current privacy cost of all clients:  [3.5546114404122435, 3.804837257942653, 4.677972220314398, 4.055063075473062, 3.0541598053514245, 4.055063075473062, 2.502378076501911, 3.5546114404122435, 4.055063075473062, 3.804837257942653, 2.502378076501911, 3.804837257942653, 2.803933987821015, 3.304385622881834, 3.5546114404122435, 4.305288893003472, 3.5546114404122435, 4.510367156217049, 4.055063075473062, 3.304385622881834]
Round=14, per client global perf=[0.0167, 0.1402, 0.4725, 0.7275, 0.7784, 0.4294, 0.2931, 0.6971, 0.5422, 0.9186, 0.5794, 0.4193, 0.6951, 0.9441, 0.7314, 0.7275, 0.3393, 0.5517, 0.9412, 0.8447], mean perf=11780/20015 (0.5886%)
Round=14, per client personal perf=[0.9686, 0.9814, 0.9745, 0.9588, 0.9382, 0.9529, 0.9382, 0.9186, 0.9569, 0.9402, 0.9598, 0.9151, 0.952, 0.9755, 0.9284, 0.9696, 0.9643, 0.9212, 0.9618, 0.9709], mean perf=19061/20015 (0.9523%)
Round=14, per client personal pooled=[0.369, 0.4528, 0.4797, 0.5803, 0.5981, 0.4559, 0.5375, 0.6146, 0.5595, 0.5824, 0.4456, 0.3051, 0.6585, 0.4537, 0.3686, 0.6208, 0.45, 0.6256, 0.5463, 0.44], mean perf=203030/400300 (0.5072%)
Mean performance of ditto rpdp global, Perf=0.4911, seed=46
Mean performance of ditto rpdp personal, Perf=0.9491, seed=46
Mean performance of ditto rpdp pooled, Perf=0.4790, seed=46
Finished seed 46
----------------------------------------
