PARAMS: dataset=cifar10, gpu=0, data_type=iid_10, num_steps=15
=== Running epsilon=4 ===
=== Running reg_param=0 ===
Running seed 42
default_sample_rate: 0.009696969696969697
noise_multiplier :  0.63079833984375
learning rate =  0.001
sample_rate: 0.01, expected_batch_size: 32
sample_rate: 0.01, expected_batch_size: 32
sample_rate: 0.01, expected_batch_size: 32
sample_rate: 0.01, expected_batch_size: 32
sample_rate: 0.01, expected_batch_size: 32
sample_rate: 0.01, expected_batch_size: 32
sample_rate: 0.01, expected_batch_size: 32
sample_rate: 0.01, expected_batch_size: 32
sample_rate: 0.01, expected_batch_size: 32
sample_rate: 0.01, expected_batch_size: 32
initial privacy cost of all clients:  [0, 0, 0, 0, 0, 0, 0, 0, 0, 0]
Round=0
Round=1
Round=2
Round=3
Round=4
Round=5
Round=6
Round=7
Round=8
Round=9
Round=10
Round=11
Round=12
Round=13
Round=14
current privacy cost of all clients:  [3.8946382743000774, 3.5955957270319567, 3.4959148779425835, 3.695276576121331, 3.8946382743000774, 3.695276576121331, 3.8946382743000774, 3.9943191233894506, 3.8946382743000774, 3.794957425210704]
Round=14, per client global perf=[0.3012, 0.3194, 0.2959, 0.2935, 0.3259, 0.2929, 0.3171, 0.3006, 0.3024, 0.3112], mean perf=5202/17000 (0.3060%)
Round=14, per client personal perf=[0.1471, 0.1624, 0.2029, 0.1547, 0.1741, 0.1435, 0.1976, 0.2053, 0.2082, 0.2259], mean perf=3097/17000 (0.1822%)
Round=14, per client personal pooled=[0.1412, 0.1728, 0.2054, 0.1474, 0.1674, 0.1514, 0.1835, 0.1916, 0.2239, 0.2158], mean perf=30606/170000 (0.1800%)
Mean performance of unidp ditto global,  eps=4.0, Perf=0.3014
Mean performance of unidp ditto personal,  eps=4.0, Perf=0.1808
Mean performance of unidp ditto pooled,  eps=4.0, Perf=0.1817
Finished seed 42
----------------------------------------
=== Running reg_param=0.001 ===
Running seed 42
default_sample_rate: 0.009696969696969697
noise_multiplier :  0.63079833984375
learning rate =  0.001
sample_rate: 0.01, expected_batch_size: 32
sample_rate: 0.01, expected_batch_size: 32
sample_rate: 0.01, expected_batch_size: 32
sample_rate: 0.01, expected_batch_size: 32
sample_rate: 0.01, expected_batch_size: 32
sample_rate: 0.01, expected_batch_size: 32
sample_rate: 0.01, expected_batch_size: 32
sample_rate: 0.01, expected_batch_size: 32
sample_rate: 0.01, expected_batch_size: 32
sample_rate: 0.01, expected_batch_size: 32
initial privacy cost of all clients:  [0, 0, 0, 0, 0, 0, 0, 0, 0, 0]
Round=0
Round=1
Round=2
Round=3
Round=4
Round=5
Round=6
Round=7
Round=8
Round=9
Round=10
Round=11
Round=12
Round=13
Round=14
current privacy cost of all clients:  [3.8946382743000774, 3.5955957270319567, 3.4959148779425835, 3.695276576121331, 3.8946382743000774, 3.695276576121331, 3.8946382743000774, 3.9943191233894506, 3.8946382743000774, 3.794957425210704]
Round=14, per client global perf=[0.3012, 0.3194, 0.2959, 0.2935, 0.3259, 0.2929, 0.3171, 0.3006, 0.3024, 0.3112], mean perf=5202/17000 (0.3060%)
Round=14, per client personal perf=[0.1712, 0.1565, 0.1765, 0.1571, 0.1676, 0.1718, 0.1641, 0.1929, 0.1929, 0.2318], mean perf=3030/17000 (0.1782%)
Round=14, per client personal pooled=[0.1635, 0.1724, 0.1774, 0.1502, 0.1595, 0.1758, 0.1556, 0.1875, 0.2064, 0.2184], mean perf=30031/170000 (0.1767%)
Mean performance of unidp ditto global,  eps=4.0, Perf=0.3014
Mean performance of unidp ditto personal,  eps=4.0, Perf=0.1803
Mean performance of unidp ditto pooled,  eps=4.0, Perf=0.1803
Finished seed 42
----------------------------------------
=== Running reg_param=0.01 ===
Running seed 42
default_sample_rate: 0.009696969696969697
noise_multiplier :  0.63079833984375
learning rate =  0.001
sample_rate: 0.01, expected_batch_size: 32
sample_rate: 0.01, expected_batch_size: 32
sample_rate: 0.01, expected_batch_size: 32
sample_rate: 0.01, expected_batch_size: 32
sample_rate: 0.01, expected_batch_size: 32
sample_rate: 0.01, expected_batch_size: 32
sample_rate: 0.01, expected_batch_size: 32
sample_rate: 0.01, expected_batch_size: 32
sample_rate: 0.01, expected_batch_size: 32
sample_rate: 0.01, expected_batch_size: 32
initial privacy cost of all clients:  [0, 0, 0, 0, 0, 0, 0, 0, 0, 0]
Round=0
Round=1
Round=2
Round=3
Round=4
Round=5
Round=6
Round=7
Round=8
Round=9
Round=10
Round=11
Round=12
Round=13
Round=14
current privacy cost of all clients:  [3.8946382743000774, 3.5955957270319567, 3.4959148779425835, 3.695276576121331, 3.8946382743000774, 3.695276576121331, 3.8946382743000774, 3.9943191233894506, 3.8946382743000774, 3.794957425210704]
Round=14, per client global perf=[0.3012, 0.3194, 0.2959, 0.2935, 0.3259, 0.2929, 0.3171, 0.3006, 0.3024, 0.3112], mean perf=5202/17000 (0.3060%)
Round=14, per client personal perf=[0.1741, 0.1294, 0.1265, 0.1429, 0.1676, 0.1194, 0.1741, 0.1518, 0.1776, 0.1694], mean perf=2606/17000 (0.1533%)
Round=14, per client personal pooled=[0.1625, 0.1387, 0.131, 0.1374, 0.1535, 0.1316, 0.1595, 0.1456, 0.1788, 0.1743], mean perf=25719/170000 (0.1513%)
Mean performance of unidp ditto global,  eps=4.0, Perf=0.3014
Mean performance of unidp ditto personal,  eps=4.0, Perf=0.1583
Mean performance of unidp ditto pooled,  eps=4.0, Perf=0.1568
Finished seed 42
----------------------------------------
=== Running reg_param=0.1 ===
Running seed 42
default_sample_rate: 0.009696969696969697
noise_multiplier :  0.63079833984375
learning rate =  0.001
sample_rate: 0.01, expected_batch_size: 32
sample_rate: 0.01, expected_batch_size: 32
sample_rate: 0.01, expected_batch_size: 32
sample_rate: 0.01, expected_batch_size: 32
sample_rate: 0.01, expected_batch_size: 32
sample_rate: 0.01, expected_batch_size: 32
sample_rate: 0.01, expected_batch_size: 32
sample_rate: 0.01, expected_batch_size: 32
sample_rate: 0.01, expected_batch_size: 32
sample_rate: 0.01, expected_batch_size: 32
initial privacy cost of all clients:  [0, 0, 0, 0, 0, 0, 0, 0, 0, 0]
Round=0
Round=1
Round=2
Round=3
Round=4
Round=5
Round=6
Round=7
Round=8
Round=9
Round=10
Round=11
Round=12
Round=13
Round=14
current privacy cost of all clients:  [3.8946382743000774, 3.5955957270319567, 3.4959148779425835, 3.695276576121331, 3.8946382743000774, 3.695276576121331, 3.8946382743000774, 3.9943191233894506, 3.8946382743000774, 3.794957425210704]
Round=14, per client global perf=[0.3012, 0.3194, 0.2959, 0.2935, 0.3259, 0.2929, 0.3171, 0.3006, 0.3024, 0.3112], mean perf=5202/17000 (0.3060%)
Round=14, per client personal perf=[0.1594, 0.0882, 0.1341, 0.0918, 0.0924, 0.1118, 0.1082, 0.1453, 0.0982, 0.0982], mean perf=1917/17000 (0.1128%)
Round=14, per client personal pooled=[0.1622, 0.1024, 0.1301, 0.0998, 0.0981, 0.1191, 0.1004, 0.1334, 0.097, 0.097], mean perf=19368/170000 (0.1139%)
Mean performance of unidp ditto global,  eps=4.0, Perf=0.3014
Mean performance of unidp ditto personal,  eps=4.0, Perf=0.1151
Mean performance of unidp ditto pooled,  eps=4.0, Perf=0.1132
Finished seed 42
----------------------------------------
=== Running reg_param=1.0 ===
Running seed 42
default_sample_rate: 0.009696969696969697
noise_multiplier :  0.63079833984375
learning rate =  0.001
sample_rate: 0.01, expected_batch_size: 32
sample_rate: 0.01, expected_batch_size: 32
sample_rate: 0.01, expected_batch_size: 32
sample_rate: 0.01, expected_batch_size: 32
sample_rate: 0.01, expected_batch_size: 32
sample_rate: 0.01, expected_batch_size: 32
sample_rate: 0.01, expected_batch_size: 32
sample_rate: 0.01, expected_batch_size: 32
sample_rate: 0.01, expected_batch_size: 32
sample_rate: 0.01, expected_batch_size: 32
initial privacy cost of all clients:  [0, 0, 0, 0, 0, 0, 0, 0, 0, 0]
Round=0
Round=1
Round=2
Round=3
Round=4
Round=5
Round=6
Round=7
Round=8
Round=9
Round=10
Round=11
Round=12
Round=13
Round=14
current privacy cost of all clients:  [3.8946382743000774, 3.5955957270319567, 3.4959148779425835, 3.695276576121331, 3.8946382743000774, 3.695276576121331, 3.8946382743000774, 3.9943191233894506, 3.8946382743000774, 3.794957425210704]
Round=14, per client global perf=[0.3012, 0.3194, 0.2959, 0.2935, 0.3259, 0.2929, 0.3171, 0.3006, 0.3024, 0.3112], mean perf=5202/17000 (0.3060%)
Round=14, per client personal perf=[0.1071, 0.1229, 0.1112, 0.1047, 0.0924, 0.0965, 0.0947, 0.0882, 0.0982, 0.0982], mean perf=1724/17000 (0.1014%)
Round=14, per client personal pooled=[0.1005, 0.1118, 0.1096, 0.0974, 0.0981, 0.1005, 0.097, 0.0998, 0.097, 0.097], mean perf=17146/170000 (0.1009%)
Mean performance of unidp ditto global,  eps=4.0, Perf=0.3014
Mean performance of unidp ditto personal,  eps=4.0, Perf=0.1043
Mean performance of unidp ditto pooled,  eps=4.0, Perf=0.1054
Finished seed 42
----------------------------------------
=== Running reg_param=10 ===
Running seed 42
default_sample_rate: 0.009696969696969697
noise_multiplier :  0.63079833984375
learning rate =  0.001
sample_rate: 0.01, expected_batch_size: 32
sample_rate: 0.01, expected_batch_size: 32
sample_rate: 0.01, expected_batch_size: 32
sample_rate: 0.01, expected_batch_size: 32
sample_rate: 0.01, expected_batch_size: 32
sample_rate: 0.01, expected_batch_size: 32
sample_rate: 0.01, expected_batch_size: 32
sample_rate: 0.01, expected_batch_size: 32
sample_rate: 0.01, expected_batch_size: 32
sample_rate: 0.01, expected_batch_size: 32
initial privacy cost of all clients:  [0, 0, 0, 0, 0, 0, 0, 0, 0, 0]
Round=0
Round=1
Round=2
Round=3
Round=4
Round=5
Round=6
Round=7
Round=8
Round=9
Round=10
Round=11
Round=12
Round=13
Round=14
current privacy cost of all clients:  [3.8946382743000774, 3.5955957270319567, 3.4959148779425835, 3.695276576121331, 3.8946382743000774, 3.695276576121331, 3.8946382743000774, 3.9943191233894506, 3.8946382743000774, 3.794957425210704]
Round=14, per client global perf=[0.3012, 0.3194, 0.2959, 0.2935, 0.3259, 0.2929, 0.3171, 0.3006, 0.3024, 0.3112], mean perf=5202/17000 (0.3060%)
Round=14, per client personal perf=[0.1218, 0.1371, 0.16, 0.1035, 0.0859, 0.0965, 0.1082, 0.1359, 0.1182, 0.0982], mean perf=1981/17000 (0.1165%)
Round=14, per client personal pooled=[0.1225, 0.1439, 0.16, 0.0981, 0.097, 0.1005, 0.1004, 0.1424, 0.1226, 0.097], mean perf=20134/170000 (0.1184%)
Mean performance of unidp ditto global,  eps=4.0, Perf=0.3014
Mean performance of unidp ditto personal,  eps=4.0, Perf=0.1176
Mean performance of unidp ditto pooled,  eps=4.0, Perf=0.1172
Finished seed 42
----------------------------------------
