PARAMS: dataset=mnist, gpu=0, data_type=niid_dir_5, num_steps=15
=== Running epsilon=4 ===
=== Running reg_param=0 ===
Running seed 42
default_sample_rate: 0.05423728813559322
noise_multiplier :  1.2890625
learning rate =  0.01
sample_rate: 0.05, expected_batch_size: 202
sample_rate: 0.05, expected_batch_size: 234
sample_rate: 0.05, expected_batch_size: 185
sample_rate: 0.05, expected_batch_size: 352
sample_rate: 0.05, expected_batch_size: 147
sample_rate: 0.05, expected_batch_size: 164
sample_rate: 0.05, expected_batch_size: 384
sample_rate: 0.05, expected_batch_size: 128
sample_rate: 0.05, expected_batch_size: 203
sample_rate: 0.05, expected_batch_size: 142
initial privacy cost of all clients:  [0, 0, 0, 0, 0, 0, 0, 0, 0, 0]
Round=0
Round=1
Round=2
Round=3
Round=4
Round=5
Round=6
Round=7
Round=8
Round=9
Round=10
Round=11
Round=12
Round=13
Round=14
current privacy cost of all clients:  [2.852876816895126, 2.852876816895126, 2.312587007474336, 2.6903678273043563, 3.015385806485896, 2.852876816895126, 3.015385806485896, 3.1778947960766657, 3.3404037856674353, 2.5278588377135867]
Round=14, per client global perf=[0.9637, 0.9103, 0.9388, 0.9558, 0.9264, 0.9241, 0.959, 0.9227, 0.9131, 0.8945], mean perf=19102/20405 (0.9361%)
Round=14, per client personal perf=[0.9554, 0.9561, 0.9298, 0.9532, 0.9593, 0.9311, 0.9615, 0.9671, 0.9596, 0.9675], mean perf=19472/20405 (0.9543%)
Round=14, per client personal pooled=[0.7918, 0.6139, 0.8582, 0.8268, 0.9079, 0.9159, 0.834, 0.7104, 0.8673, 0.719], mean perf=164161/204050 (0.8045%)
Mean performance of unidp ditto global,  eps=4.0, Perf=0.9349
Mean performance of unidp ditto personal,  eps=4.0, Perf=0.9532
Mean performance of unidp ditto pooled,  eps=4.0, Perf=0.7933
Finished seed 42
----------------------------------------
=== Running reg_param=0.001 ===
Running seed 42
default_sample_rate: 0.05423728813559322
noise_multiplier :  1.2890625
learning rate =  0.01
sample_rate: 0.05, expected_batch_size: 202
sample_rate: 0.05, expected_batch_size: 234
sample_rate: 0.05, expected_batch_size: 185
sample_rate: 0.05, expected_batch_size: 352
sample_rate: 0.05, expected_batch_size: 147
sample_rate: 0.05, expected_batch_size: 164
sample_rate: 0.05, expected_batch_size: 384
sample_rate: 0.05, expected_batch_size: 128
sample_rate: 0.05, expected_batch_size: 203
sample_rate: 0.05, expected_batch_size: 142
initial privacy cost of all clients:  [0, 0, 0, 0, 0, 0, 0, 0, 0, 0]
Round=0
Round=1
Round=2
Round=3
Round=4
Round=5
Round=6
Round=7
Round=8
Round=9
Round=10
Round=11
Round=12
Round=13
Round=14
current privacy cost of all clients:  [2.852876816895126, 2.852876816895126, 2.312587007474336, 2.6903678273043563, 3.015385806485896, 2.852876816895126, 3.015385806485896, 3.1778947960766657, 3.3404037856674353, 2.5278588377135867]
Round=14, per client global perf=[0.9637, 0.9103, 0.9388, 0.9558, 0.9264, 0.9241, 0.959, 0.9227, 0.9131, 0.8945], mean perf=19102/20405 (0.9361%)
Round=14, per client personal perf=[0.9678, 0.9583, 0.9343, 0.9615, 0.9571, 0.9394, 0.9658, 0.9655, 0.9586, 0.9609], mean perf=19550/20405 (0.9581%)
Round=14, per client personal pooled=[0.9011, 0.6663, 0.8683, 0.845, 0.9321, 0.9232, 0.8091, 0.7402, 0.9235, 0.7283], mean perf=170117/204050 (0.8337%)
Mean performance of unidp ditto global,  eps=4.0, Perf=0.9349
Mean performance of unidp ditto personal,  eps=4.0, Perf=0.9578
Mean performance of unidp ditto pooled,  eps=4.0, Perf=0.8218
Finished seed 42
----------------------------------------
=== Running reg_param=0.01 ===
Running seed 42
default_sample_rate: 0.05423728813559322
noise_multiplier :  1.2890625
learning rate =  0.01
sample_rate: 0.05, expected_batch_size: 202
sample_rate: 0.05, expected_batch_size: 234
sample_rate: 0.05, expected_batch_size: 185
sample_rate: 0.05, expected_batch_size: 352
sample_rate: 0.05, expected_batch_size: 147
sample_rate: 0.05, expected_batch_size: 164
sample_rate: 0.05, expected_batch_size: 384
sample_rate: 0.05, expected_batch_size: 128
sample_rate: 0.05, expected_batch_size: 203
sample_rate: 0.05, expected_batch_size: 142
initial privacy cost of all clients:  [0, 0, 0, 0, 0, 0, 0, 0, 0, 0]
Round=0
Round=1
Round=2
Round=3
Round=4
Round=5
Round=6
Round=7
Round=8
Round=9
Round=10
Round=11
Round=12
Round=13
Round=14
current privacy cost of all clients:  [2.852876816895126, 2.852876816895126, 2.312587007474336, 2.6903678273043563, 3.015385806485896, 2.852876816895126, 3.015385806485896, 3.1778947960766657, 3.3404037856674353, 2.5278588377135867]
Round=14, per client global perf=[0.9637, 0.9103, 0.9388, 0.9558, 0.9264, 0.9241, 0.959, 0.9227, 0.9131, 0.8945], mean perf=19102/20405 (0.9361%)
Round=14, per client personal perf=[0.9616, 0.9686, 0.9371, 0.9555, 0.9521, 0.9132, 0.9617, 0.9523, 0.954, 0.9609], mean perf=19458/20405 (0.9536%)
Round=14, per client personal pooled=[0.8589, 0.8066, 0.8709, 0.8517, 0.9129, 0.9247, 0.7797, 0.7408, 0.8926, 0.6552], mean perf=169237/204050 (0.8294%)
Mean performance of unidp ditto global,  eps=4.0, Perf=0.9349
Mean performance of unidp ditto personal,  eps=4.0, Perf=0.9527
Mean performance of unidp ditto pooled,  eps=4.0, Perf=0.8215
Finished seed 42
----------------------------------------
=== Running reg_param=0.1 ===
Running seed 42
default_sample_rate: 0.05423728813559322
noise_multiplier :  1.2890625
learning rate =  0.01
sample_rate: 0.05, expected_batch_size: 202
sample_rate: 0.05, expected_batch_size: 234
sample_rate: 0.05, expected_batch_size: 185
sample_rate: 0.05, expected_batch_size: 352
sample_rate: 0.05, expected_batch_size: 147
sample_rate: 0.05, expected_batch_size: 164
sample_rate: 0.05, expected_batch_size: 384
sample_rate: 0.05, expected_batch_size: 128
sample_rate: 0.05, expected_batch_size: 203
sample_rate: 0.05, expected_batch_size: 142
initial privacy cost of all clients:  [0, 0, 0, 0, 0, 0, 0, 0, 0, 0]
Round=0
Round=1
Round=2
Round=3
Round=4
Round=5
Round=6
Round=7
Round=8
Round=9
Round=10
Round=11
Round=12
Round=13
Round=14
current privacy cost of all clients:  [2.852876816895126, 2.852876816895126, 2.312587007474336, 2.6903678273043563, 3.015385806485896, 2.852876816895126, 3.015385806485896, 3.1778947960766657, 3.3404037856674353, 2.5278588377135867]
Round=14, per client global perf=[0.9637, 0.9103, 0.9388, 0.9558, 0.9264, 0.9241, 0.959, 0.9227, 0.9131, 0.8945], mean perf=19102/20405 (0.9361%)
Round=14, per client personal perf=[0.957, 0.9399, 0.9168, 0.9445, 0.9136, 0.9056, 0.9226, 0.9285, 0.8955, 0.9063], mean perf=18887/20405 (0.9256%)
Round=14, per client personal pooled=[0.8181, 0.8572, 0.8681, 0.8567, 0.8541, 0.9192, 0.7082, 0.7878, 0.8786, 0.6515], mean perf=167309/204050 (0.8199%)
Mean performance of unidp ditto global,  eps=4.0, Perf=0.9349
Mean performance of unidp ditto personal,  eps=4.0, Perf=0.9335
Mean performance of unidp ditto pooled,  eps=4.0, Perf=0.8378
Finished seed 42
----------------------------------------
=== Running reg_param=1.0 ===
Running seed 42
default_sample_rate: 0.05423728813559322
noise_multiplier :  1.2890625
learning rate =  0.01
sample_rate: 0.05, expected_batch_size: 202
sample_rate: 0.05, expected_batch_size: 234
sample_rate: 0.05, expected_batch_size: 185
sample_rate: 0.05, expected_batch_size: 352
sample_rate: 0.05, expected_batch_size: 147
sample_rate: 0.05, expected_batch_size: 164
sample_rate: 0.05, expected_batch_size: 384
sample_rate: 0.05, expected_batch_size: 128
sample_rate: 0.05, expected_batch_size: 203
sample_rate: 0.05, expected_batch_size: 142
initial privacy cost of all clients:  [0, 0, 0, 0, 0, 0, 0, 0, 0, 0]
Round=0
Round=1
Round=2
Round=3
Round=4
Round=5
Round=6
Round=7
Round=8
Round=9
Round=10
Round=11
Round=12
Round=13
Round=14
current privacy cost of all clients:  [2.852876816895126, 2.852876816895126, 2.312587007474336, 2.6903678273043563, 3.015385806485896, 2.852876816895126, 3.015385806485896, 3.1778947960766657, 3.3404037856674353, 2.5278588377135867]
Round=14, per client global perf=[0.9637, 0.9103, 0.9388, 0.9558, 0.9264, 0.9241, 0.959, 0.9227, 0.9131, 0.8945], mean perf=19102/20405 (0.9361%)
Round=14, per client personal perf=[0.9232, 0.9256, 0.8856, 0.935, 0.8193, 0.9164, 0.93, 0.7615, 0.911, 0.9469], mean perf=18497/20405 (0.9065%)
Round=14, per client personal pooled=[0.8314, 0.7873, 0.7943, 0.8559, 0.7904, 0.9067, 0.6448, 0.6532, 0.8513, 0.7999], mean perf=161506/204050 (0.7915%)
Mean performance of unidp ditto global,  eps=4.0, Perf=0.9349
Mean performance of unidp ditto personal,  eps=4.0, Perf=0.9150
Mean performance of unidp ditto pooled,  eps=4.0, Perf=0.8158
Finished seed 42
----------------------------------------
=== Running reg_param=10 ===
Running seed 42
default_sample_rate: 0.05423728813559322
noise_multiplier :  1.2890625
learning rate =  0.01
sample_rate: 0.05, expected_batch_size: 202
sample_rate: 0.05, expected_batch_size: 234
sample_rate: 0.05, expected_batch_size: 185
sample_rate: 0.05, expected_batch_size: 352
sample_rate: 0.05, expected_batch_size: 147
sample_rate: 0.05, expected_batch_size: 164
sample_rate: 0.05, expected_batch_size: 384
sample_rate: 0.05, expected_batch_size: 128
sample_rate: 0.05, expected_batch_size: 203
sample_rate: 0.05, expected_batch_size: 142
initial privacy cost of all clients:  [0, 0, 0, 0, 0, 0, 0, 0, 0, 0]
Round=0
Round=1
Round=2
Round=3
Round=4
Round=5
Round=6
Round=7
Round=8
Round=9
Round=10
Round=11
Round=12
Round=13
Round=14
current privacy cost of all clients:  [2.852876816895126, 2.852876816895126, 2.312587007474336, 2.6903678273043563, 3.015385806485896, 2.852876816895126, 3.015385806485896, 3.1778947960766657, 3.3404037856674353, 2.5278588377135867]
Round=14, per client global perf=[0.9637, 0.9103, 0.9388, 0.9558, 0.9264, 0.9241, 0.959, 0.9227, 0.9131, 0.8945], mean perf=19102/20405 (0.9361%)
Round=14, per client personal perf=[0.9611, 0.9511, 0.9309, 0.9564, 0.9293, 0.9075, 0.9615, 0.9605, 0.9276, 0.9292], mean perf=19284/20405 (0.9451%)
Round=14, per client personal pooled=[0.9249, 0.9181, 0.9324, 0.9017, 0.9166, 0.9224, 0.9059, 0.9108, 0.9234, 0.8907], mean perf=186641/204050 (0.9147%)
Mean performance of unidp ditto global,  eps=4.0, Perf=0.9349
Mean performance of unidp ditto personal,  eps=4.0, Perf=0.9444
Mean performance of unidp ditto pooled,  eps=4.0, Perf=0.9163
Finished seed 42
----------------------------------------
