=== Data type: niid_dir_1 ===
--- Seed: 42 ---
--- Personal steps: 15 ---
---EPSILON 0 ---
default_sample_rate: 0.20711974110032363
noise_multiplier :  2560
default_sample_rate: 0.20711974110032363
noise_multiplier :  2560
learning rate =  0.01
sample_rate: 0.21, expected_batch_size: 435
sample_rate: 0.21, expected_batch_size: 800
sample_rate: 0.21, expected_batch_size: 567
sample_rate: 0.21, expected_batch_size: 1586
sample_rate: 0.21, expected_batch_size: 1036
sample_rate: 0.21, expected_batch_size: 149
sample_rate: 0.21, expected_batch_size: 1526
sample_rate: 0.21, expected_batch_size: 1059
sample_rate: 0.21, expected_batch_size: 128
sample_rate: 0.21, expected_batch_size: 911
sample_rate: 0.21, expected_batch_size: 435
sample_rate: 0.21, expected_batch_size: 800
sample_rate: 0.21, expected_batch_size: 567
sample_rate: 0.21, expected_batch_size: 1586
sample_rate: 0.21, expected_batch_size: 1036
sample_rate: 0.21, expected_batch_size: 149
sample_rate: 0.21, expected_batch_size: 1526
sample_rate: 0.21, expected_batch_size: 1059
sample_rate: 0.21, expected_batch_size: 128
sample_rate: 0.21, expected_batch_size: 911
initial privacy cost of all clients:  [0, 0, 0, 0, 0, 0, 0, 0, 0, 0]
Round=0
Round=1
Round=2
Round=3
Round=4
Round=5
Round=6
Round=7
Round=8
Round=9
Round=10
Round=11
Round=12
Round=13
Round=14
current privacy cost of all clients:  [-0.000452064384325437, -0.000452064384325437, -0.000636728309569069, -0.0005112686768819798, -0.0003928600917688942, -0.000452064384325437, -0.0003928600917688942, -0.00033630764870828294, -0.00028117069658172987, -0.0005732501443265214]
Round=14, per client global perf=[0.0369, 0.1827, 0.2588, 0.1406, 0.0524, 0.0672, 0.1153, 0.0008, 0.0439, 0.0057], mean perf=1952/20406 (0.0957%)
Round=14, per client personal perf=[0.0268, 0.6792, 0.0, 0.3771, 0.0, 0.1317, 0.4963, 0.033, 0.0157, 0.0026], mean perf=4902/20406 (0.2402%)
Round=14, per client personal pooled=[0.1252, 0.1303, 0.0909, 0.109, 0.1028, 0.1291, 0.1217, 0.0368, 0.094, 0.1142], mean perf=21508/204060 (0.1054%)
Mean performance of unidp ditto dp global, Perf=0.0991
Mean performance of unidp ditto dp personal, Perf=0.2240
Mean performance of unidp ditto dp pooled, Perf=0.1045
---EPSILON 0.1 ---
default_sample_rate: 0.20711974110032363
noise_multiplier :  90.0
default_sample_rate: 0.20711974110032363
noise_multiplier :  50.0
learning rate =  0.01
sample_rate: 0.21, expected_batch_size: 435
sample_rate: 0.21, expected_batch_size: 800
sample_rate: 0.21, expected_batch_size: 567
sample_rate: 0.21, expected_batch_size: 1586
sample_rate: 0.21, expected_batch_size: 1036
sample_rate: 0.21, expected_batch_size: 149
sample_rate: 0.21, expected_batch_size: 1526
sample_rate: 0.21, expected_batch_size: 1059
sample_rate: 0.21, expected_batch_size: 128
sample_rate: 0.21, expected_batch_size: 911
sample_rate: 0.21, expected_batch_size: 435
sample_rate: 0.21, expected_batch_size: 800
sample_rate: 0.21, expected_batch_size: 567
sample_rate: 0.21, expected_batch_size: 1586
sample_rate: 0.21, expected_batch_size: 1036
sample_rate: 0.21, expected_batch_size: 149
sample_rate: 0.21, expected_batch_size: 1526
sample_rate: 0.21, expected_batch_size: 1059
sample_rate: 0.21, expected_batch_size: 128
sample_rate: 0.21, expected_batch_size: 911
initial privacy cost of all clients:  [0, 0, 0, 0, 0, 0, 0, 0, 0, 0]
Round=0
Round=1
Round=2
Round=3
Round=4
Round=5
Round=6
Round=7
Round=8
Round=9
Round=10
Round=11
Round=12
Round=13
Round=14
current privacy cost of all clients:  [0.06627679890483767, 0.06627679890483767, 0.050947385264874336, 0.061502308102208234, 0.0709203693872159, 0.06627679890483767, 0.0709203693872159, 0.07518250997437406, 0.07938096498203365, 0.056416431024981]
Round=14, per client global perf=[0.238, 0.2892, 0.2518, 0.3115, 0.6905, 0.6452, 0.8894, 0.0975, 0.3323, 0.0163], mean perf=8217/20406 (0.4027%)
Round=14, per client personal perf=[0.548, 0.7284, 0.4611, 0.8393, 0.8968, 0.8548, 0.9015, 0.9108, 0.5047, 0.8298], mean perf=16506/20406 (0.8089%)
Round=14, per client personal pooled=[0.1019, 0.1226, 0.1161, 0.2614, 0.1757, 0.0909, 0.2099, 0.1834, 0.1356, 0.0976], mean perf=30509/204060 (0.1495%)
Mean performance of unidp ditto dp global, Perf=0.3916
Mean performance of unidp ditto dp personal, Perf=0.8042
Mean performance of unidp ditto dp pooled, Perf=0.1467
---EPSILON 0.5 ---
default_sample_rate: 0.20711974110032363
noise_multiplier :  22.5
default_sample_rate: 0.20711974110032363
noise_multiplier :  12.5
learning rate =  0.01
sample_rate: 0.21, expected_batch_size: 435
sample_rate: 0.21, expected_batch_size: 800
sample_rate: 0.21, expected_batch_size: 567
sample_rate: 0.21, expected_batch_size: 1586
sample_rate: 0.21, expected_batch_size: 1036
sample_rate: 0.21, expected_batch_size: 149
sample_rate: 0.21, expected_batch_size: 1526
sample_rate: 0.21, expected_batch_size: 1059
sample_rate: 0.21, expected_batch_size: 128
sample_rate: 0.21, expected_batch_size: 911
sample_rate: 0.21, expected_batch_size: 435
sample_rate: 0.21, expected_batch_size: 800
sample_rate: 0.21, expected_batch_size: 567
sample_rate: 0.21, expected_batch_size: 1586
sample_rate: 0.21, expected_batch_size: 1036
sample_rate: 0.21, expected_batch_size: 149
sample_rate: 0.21, expected_batch_size: 1526
sample_rate: 0.21, expected_batch_size: 1059
sample_rate: 0.21, expected_batch_size: 128
sample_rate: 0.21, expected_batch_size: 911
initial privacy cost of all clients:  [0, 0, 0, 0, 0, 0, 0, 0, 0, 0]
Round=0
Round=1
Round=2
Round=3
Round=4
Round=5
Round=6
Round=7
Round=8
Round=9
Round=10
Round=11
Round=12
Round=13
Round=14
current privacy cost of all clients:  [0.3570779074237343, 0.3570779074237343, 0.28045341951698843, 0.3332077961968143, 0.37948155446626236, 0.3570779074237343, 0.37948155446626236, 0.4010409299406544, 0.4217415980230763, 0.3078305897140785]
Round=14, per client global perf=[0.3478, 0.7661, 0.5679, 0.3013, 0.9162, 0.9516, 0.926, 0.2839, 0.3793, 0.0291], mean perf=11063/20406 (0.5421%)
Round=14, per client personal perf=[0.7426, 0.9187, 0.7617, 0.9529, 0.9391, 0.8548, 0.9242, 0.9503, 0.652, 0.8298], mean perf=18315/20406 (0.8975%)
Round=14, per client personal pooled=[0.2249, 0.2742, 0.2153, 0.4517, 0.1829, 0.091, 0.2676, 0.1913, 0.1984, 0.0976], mean perf=44787/204060 (0.2195%)
Mean performance of unidp ditto dp global, Perf=0.5821
Mean performance of unidp ditto dp personal, Perf=0.8917
Mean performance of unidp ditto dp pooled, Perf=0.2127
---EPSILON 1 ---
default_sample_rate: 0.20711974110032363
noise_multiplier :  12.5
default_sample_rate: 0.20711974110032363
noise_multiplier :  6.953125
learning rate =  0.01
sample_rate: 0.21, expected_batch_size: 435
sample_rate: 0.21, expected_batch_size: 800
sample_rate: 0.21, expected_batch_size: 567
sample_rate: 0.21, expected_batch_size: 1586
sample_rate: 0.21, expected_batch_size: 1036
sample_rate: 0.21, expected_batch_size: 149
sample_rate: 0.21, expected_batch_size: 1526
sample_rate: 0.21, expected_batch_size: 1059
sample_rate: 0.21, expected_batch_size: 128
sample_rate: 0.21, expected_batch_size: 911
sample_rate: 0.21, expected_batch_size: 435
sample_rate: 0.21, expected_batch_size: 800
sample_rate: 0.21, expected_batch_size: 567
sample_rate: 0.21, expected_batch_size: 1586
sample_rate: 0.21, expected_batch_size: 1036
sample_rate: 0.21, expected_batch_size: 149
sample_rate: 0.21, expected_batch_size: 1526
sample_rate: 0.21, expected_batch_size: 1059
sample_rate: 0.21, expected_batch_size: 128
sample_rate: 0.21, expected_batch_size: 911
initial privacy cost of all clients:  [0, 0, 0, 0, 0, 0, 0, 0, 0, 0]
Round=0
Round=1
Round=2
Round=3
Round=4
Round=5
Round=6
Round=7
Round=8
Round=9
Round=10
Round=11
Round=12
Round=13
Round=14
current privacy cost of all clients:  [0.7186115763190369, 0.7186115763190369, 0.5669467964033166, 0.672196296259606, 0.7639785457571601, 0.7186115763190369, 0.7639785457571601, 0.8068829992887259, 0.8469387931612913, 0.6211776498109377]
Round=14, per client global perf=[0.417, 0.8424, 0.7263, 0.4742, 0.9325, 0.9489, 0.9523, 0.4839, 0.4577, 0.0344], mean perf=12901/20406 (0.6322%)
Round=14, per client personal perf=[0.821, 0.9428, 0.8366, 0.9625, 0.9476, 0.8548, 0.9497, 0.9537, 0.7053, 0.8316], mean perf=18741/20406 (0.9184%)
Round=14, per client personal pooled=[0.2833, 0.2918, 0.248, 0.4775, 0.1855, 0.0915, 0.3159, 0.1932, 0.2464, 0.0982], mean perf=49617/204060 (0.2431%)
Mean performance of unidp ditto dp global, Perf=0.6633
Mean performance of unidp ditto dp personal, Perf=0.9153
Mean performance of unidp ditto dp pooled, Perf=0.2405
---EPSILON 4 ---
default_sample_rate: 0.20711974110032363
noise_multiplier :  4.072265625
default_sample_rate: 0.20711974110032363
noise_multiplier :  2.353515625
learning rate =  0.01
sample_rate: 0.21, expected_batch_size: 435
sample_rate: 0.21, expected_batch_size: 800
sample_rate: 0.21, expected_batch_size: 567
sample_rate: 0.21, expected_batch_size: 1586
sample_rate: 0.21, expected_batch_size: 1036
sample_rate: 0.21, expected_batch_size: 149
sample_rate: 0.21, expected_batch_size: 1526
sample_rate: 0.21, expected_batch_size: 1059
sample_rate: 0.21, expected_batch_size: 128
sample_rate: 0.21, expected_batch_size: 911
sample_rate: 0.21, expected_batch_size: 435
sample_rate: 0.21, expected_batch_size: 800
sample_rate: 0.21, expected_batch_size: 567
sample_rate: 0.21, expected_batch_size: 1586
sample_rate: 0.21, expected_batch_size: 1036
sample_rate: 0.21, expected_batch_size: 149
sample_rate: 0.21, expected_batch_size: 1526
sample_rate: 0.21, expected_batch_size: 1059
sample_rate: 0.21, expected_batch_size: 128
sample_rate: 0.21, expected_batch_size: 911
initial privacy cost of all clients:  [0, 0, 0, 0, 0, 0, 0, 0, 0, 0]
Round=0
Round=1
Round=2
Round=3
Round=4
Round=5
Round=6
Round=7
Round=8
Round=9
Round=10
Round=11
Round=12
Round=13
Round=14
current privacy cost of all clients:  [2.856312947191028, 2.856312947191028, 2.2346245060781285, 2.68789999238026, 3.0192514530687853, 2.856312947191028, 3.0192514530687853, 3.1821899589465428, 3.3451284648243003, 2.4612622492291942]
Round=14, per client global perf=[0.5895, 0.9091, 0.8416, 0.6804, 0.9554, 0.9839, 0.9726, 0.6319, 0.7304, 0.7213], mean perf=16382/20406 (0.8028%)
Round=14, per client personal perf=[0.9077, 0.9679, 0.8642, 0.9701, 0.9779, 0.8548, 0.9829, 0.9564, 0.8307, 0.9608], mean perf=19498/20406 (0.9555%)
Round=14, per client personal pooled=[0.4462, 0.3233, 0.2657, 0.4923, 0.2507, 0.0909, 0.4728, 0.193, 0.3377, 0.1901], mean perf=62498/204060 (0.3063%)
Mean performance of unidp ditto dp global, Perf=0.7727
Mean performance of unidp ditto dp personal, Perf=0.9497
Mean performance of unidp ditto dp pooled, Perf=0.3013
---EPSILON 8 ---
default_sample_rate: 0.20711974110032363
noise_multiplier :  2.4951171875
default_sample_rate: 0.20711974110032363
noise_multiplier :  1.5142822265625
learning rate =  0.01
sample_rate: 0.21, expected_batch_size: 435
sample_rate: 0.21, expected_batch_size: 800
sample_rate: 0.21, expected_batch_size: 567
sample_rate: 0.21, expected_batch_size: 1586
sample_rate: 0.21, expected_batch_size: 1036
sample_rate: 0.21, expected_batch_size: 149
sample_rate: 0.21, expected_batch_size: 1526
sample_rate: 0.21, expected_batch_size: 1059
sample_rate: 0.21, expected_batch_size: 128
sample_rate: 0.21, expected_batch_size: 911
sample_rate: 0.21, expected_batch_size: 435
sample_rate: 0.21, expected_batch_size: 800
sample_rate: 0.21, expected_batch_size: 567
sample_rate: 0.21, expected_batch_size: 1586
sample_rate: 0.21, expected_batch_size: 1036
sample_rate: 0.21, expected_batch_size: 149
sample_rate: 0.21, expected_batch_size: 1526
sample_rate: 0.21, expected_batch_size: 1059
sample_rate: 0.21, expected_batch_size: 128
sample_rate: 0.21, expected_batch_size: 911
initial privacy cost of all clients:  [0, 0, 0, 0, 0, 0, 0, 0, 0, 0]
Round=0
Round=1
Round=2
Round=3
Round=4
Round=5
Round=6
Round=7
Round=8
Round=9
Round=10
Round=11
Round=12
Round=13
Round=14
current privacy cost of all clients:  [5.429005831258723, 5.429005831258723, 4.330293539680021, 5.06276840073249, 5.795243261784958, 5.429005831258723, 5.795243261784958, 6.161480692311192, 6.527718122837427, 4.696530970206255]
Round=14, per client global perf=[0.5028, 0.9116, 0.8487, 0.6759, 0.9213, 0.9866, 0.9739, 0.5685, 0.7586, 0.7557], mean perf=16123/20406 (0.7901%)
Round=14, per client personal perf=[0.9271, 0.9764, 0.8847, 0.9731, 0.9822, 0.9355, 0.9845, 0.9662, 0.8934, 0.9594], mean perf=19667/20406 (0.9638%)
Round=14, per client personal pooled=[0.4553, 0.3645, 0.2716, 0.4962, 0.2657, 0.1697, 0.4783, 0.1959, 0.4236, 0.1902], mean perf=67564/204060 (0.3311%)
Mean performance of unidp ditto dp global, Perf=0.7494
Mean performance of unidp ditto dp personal, Perf=0.9570
Mean performance of unidp ditto dp pooled, Perf=0.3213
---EPSILON 16 ---
default_sample_rate: 0.20711974110032363
noise_multiplier :  1.544189453125
default_sample_rate: 0.20711974110032363
noise_multiplier :  0.98846435546875
learning rate =  0.01
sample_rate: 0.21, expected_batch_size: 435
sample_rate: 0.21, expected_batch_size: 800
sample_rate: 0.21, expected_batch_size: 567
sample_rate: 0.21, expected_batch_size: 1586
sample_rate: 0.21, expected_batch_size: 1036
sample_rate: 0.21, expected_batch_size: 149
sample_rate: 0.21, expected_batch_size: 1526
sample_rate: 0.21, expected_batch_size: 1059
sample_rate: 0.21, expected_batch_size: 128
sample_rate: 0.21, expected_batch_size: 911
sample_rate: 0.21, expected_batch_size: 435
sample_rate: 0.21, expected_batch_size: 800
sample_rate: 0.21, expected_batch_size: 567
sample_rate: 0.21, expected_batch_size: 1586
sample_rate: 0.21, expected_batch_size: 1036
sample_rate: 0.21, expected_batch_size: 149
sample_rate: 0.21, expected_batch_size: 1526
sample_rate: 0.21, expected_batch_size: 1059
sample_rate: 0.21, expected_batch_size: 128
sample_rate: 0.21, expected_batch_size: 911
initial privacy cost of all clients:  [0, 0, 0, 0, 0, 0, 0, 0, 0, 0]
Round=0
Round=1
Round=2
Round=3
Round=4
Round=5
Round=6
Round=7
Round=8
Round=9
Round=10
Round=11
Round=12
Round=13
Round=14
current privacy cost of all clients:  [11.106280389439553, 11.106280389439553, 9.011973087598063, 10.40817795549239, 11.804382823386716, 11.106280389439553, 11.804382823386716, 12.502485257333879, 13.200587691281042, 9.710075521545226]
Round=14, per client global perf=[0.7934, 0.8825, 0.7539, 0.6591, 0.9519, 0.9919, 0.9792, 0.8125, 0.815, 0.8439], mean perf=17142/20406 (0.8400%)
Round=14, per client personal perf=[0.9197, 0.9794, 0.8989, 0.9726, 0.981, 0.9812, 0.9853, 0.9769, 0.8966, 0.955], mean perf=19719/20406 (0.9663%)
Round=14, per client personal pooled=[0.4532, 0.3984, 0.2756, 0.4959, 0.2656, 0.1985, 0.4755, 0.2686, 0.4388, 0.1878], mean perf=70562/204060 (0.3458%)
Mean performance of unidp ditto dp global, Perf=0.8292
Mean performance of unidp ditto dp personal, Perf=0.9599
Mean performance of unidp ditto dp pooled, Perf=0.3379
--- Personal steps: 30 ---
---EPSILON 0 ---
default_sample_rate: 0.20711974110032363
noise_multiplier :  2560
default_sample_rate: 0.20711974110032363
noise_multiplier :  2560
learning rate =  0.01
sample_rate: 0.21, expected_batch_size: 435
sample_rate: 0.21, expected_batch_size: 800
sample_rate: 0.21, expected_batch_size: 567
sample_rate: 0.21, expected_batch_size: 1586
sample_rate: 0.21, expected_batch_size: 1036
sample_rate: 0.21, expected_batch_size: 149
sample_rate: 0.21, expected_batch_size: 1526
sample_rate: 0.21, expected_batch_size: 1059
sample_rate: 0.21, expected_batch_size: 128
sample_rate: 0.21, expected_batch_size: 911
sample_rate: 0.21, expected_batch_size: 435
sample_rate: 0.21, expected_batch_size: 800
sample_rate: 0.21, expected_batch_size: 567
sample_rate: 0.21, expected_batch_size: 1586
sample_rate: 0.21, expected_batch_size: 1036
sample_rate: 0.21, expected_batch_size: 149
sample_rate: 0.21, expected_batch_size: 1526
sample_rate: 0.21, expected_batch_size: 1059
sample_rate: 0.21, expected_batch_size: 128
sample_rate: 0.21, expected_batch_size: 911
initial privacy cost of all clients:  [0, 0, 0, 0, 0, 0, 0, 0, 0, 0]
Round=0
Round=1
Round=2
Round=3
Round=4
Round=5
Round=6
Round=7
Round=8
Round=9
Round=10
Round=11
Round=12
Round=13
Round=14
current privacy cost of all clients:  [-0.000452064384325437, -0.000452064384325437, -0.000636728309569069, -0.0005112686768819798, -0.0003928600917688942, -0.000452064384325437, -0.0003928600917688942, -0.00033630764870828294, -0.00028117069658172987, -0.0005732501443265214]
Round=14, per client global perf=[0.0766, 0.1451, 0.0389, 0.056, 0.0427, 0.0995, 0.3823, 0.011, 0.047, 0.011], mean perf=2316/20406 (0.1135%)
Round=14, per client personal perf=[0.0194, 0.7018, 0.0198, 0.4782, 0.2777, 0.8548, 0.451, 0.4588, 0.1254, 0.2782], mean perf=7961/20406 (0.3901%)
Round=14, per client personal pooled=[0.1248, 0.103, 0.0706, 0.146, 0.0779, 0.0908, 0.1393, 0.112, 0.132, 0.1379], mean perf=23146/204060 (0.1134%)
Mean performance of unidp ditto dp global, Perf=0.1256
Mean performance of unidp ditto dp personal, Perf=0.3506
Mean performance of unidp ditto dp pooled, Perf=0.1113
---EPSILON 0.1 ---
default_sample_rate: 0.20711974110032363
noise_multiplier :  90.0
default_sample_rate: 0.20711974110032363
noise_multiplier :  70.0
learning rate =  0.01
sample_rate: 0.21, expected_batch_size: 435
sample_rate: 0.21, expected_batch_size: 800
sample_rate: 0.21, expected_batch_size: 567
sample_rate: 0.21, expected_batch_size: 1586
sample_rate: 0.21, expected_batch_size: 1036
sample_rate: 0.21, expected_batch_size: 149
sample_rate: 0.21, expected_batch_size: 1526
sample_rate: 0.21, expected_batch_size: 1059
sample_rate: 0.21, expected_batch_size: 128
sample_rate: 0.21, expected_batch_size: 911
sample_rate: 0.21, expected_batch_size: 435
sample_rate: 0.21, expected_batch_size: 800
sample_rate: 0.21, expected_batch_size: 567
sample_rate: 0.21, expected_batch_size: 1586
sample_rate: 0.21, expected_batch_size: 1036
sample_rate: 0.21, expected_batch_size: 149
sample_rate: 0.21, expected_batch_size: 1526
sample_rate: 0.21, expected_batch_size: 1059
sample_rate: 0.21, expected_batch_size: 128
sample_rate: 0.21, expected_batch_size: 911
initial privacy cost of all clients:  [0, 0, 0, 0, 0, 0, 0, 0, 0, 0]
Round=0
Round=1
Round=2
Round=3
Round=4
Round=5
Round=6
Round=7
Round=8
Round=9
Round=10
Round=11
Round=12
Round=13
Round=14
current privacy cost of all clients:  [0.06627679890483767, 0.06627679890483767, 0.050947385264874336, 0.061502308102208234, 0.0709203693872159, 0.06627679890483767, 0.0709203693872159, 0.07518250997437406, 0.07938096498203365, 0.056416431024981]
Round=14, per client global perf=[0.2703, 0.2465, 0.1004, 0.188, 0.6354, 0.5591, 0.7894, 0.0736, 0.3229, 0.2019], mean perf=7267/20406 (0.3561%)
Round=14, per client personal perf=[0.5766, 0.8439, 0.6648, 0.8667, 0.9193, 0.8548, 0.9176, 0.877, 0.4169, 0.8364], mean perf=17180/20406 (0.8419%)
Round=14, per client personal pooled=[0.1367, 0.2379, 0.1667, 0.3299, 0.1789, 0.0909, 0.2621, 0.1765, 0.1907, 0.1025], mean perf=38217/204060 (0.1873%)
Mean performance of unidp ditto dp global, Perf=0.3656
Mean performance of unidp ditto dp personal, Perf=0.8417
Mean performance of unidp ditto dp pooled, Perf=0.1826
---EPSILON 0.5 ---
default_sample_rate: 0.20711974110032363
noise_multiplier :  22.5
default_sample_rate: 0.20711974110032363
noise_multiplier :  17.5
learning rate =  0.01
sample_rate: 0.21, expected_batch_size: 435
sample_rate: 0.21, expected_batch_size: 800
sample_rate: 0.21, expected_batch_size: 567
sample_rate: 0.21, expected_batch_size: 1586
sample_rate: 0.21, expected_batch_size: 1036
sample_rate: 0.21, expected_batch_size: 149
sample_rate: 0.21, expected_batch_size: 1526
sample_rate: 0.21, expected_batch_size: 1059
sample_rate: 0.21, expected_batch_size: 128
sample_rate: 0.21, expected_batch_size: 911
sample_rate: 0.21, expected_batch_size: 435
sample_rate: 0.21, expected_batch_size: 800
sample_rate: 0.21, expected_batch_size: 567
sample_rate: 0.21, expected_batch_size: 1586
sample_rate: 0.21, expected_batch_size: 1036
sample_rate: 0.21, expected_batch_size: 149
sample_rate: 0.21, expected_batch_size: 1526
sample_rate: 0.21, expected_batch_size: 1059
sample_rate: 0.21, expected_batch_size: 128
sample_rate: 0.21, expected_batch_size: 911
initial privacy cost of all clients:  [0, 0, 0, 0, 0, 0, 0, 0, 0, 0]
Round=0
Round=1
Round=2
Round=3
Round=4
Round=5
Round=6
Round=7
Round=8
Round=9
Round=10
Round=11
Round=12
Round=13
Round=14
current privacy cost of all clients:  [0.3570779074237343, 0.3570779074237343, 0.28045341951698843, 0.3332077961968143, 0.37948155446626236, 0.3570779074237343, 0.37948155446626236, 0.4010409299406544, 0.4217415980230763, 0.3078305897140785]
Round=14, per client global perf=[0.3533, 0.7053, 0.4809, 0.2511, 0.8701, 0.9489, 0.9273, 0.3188, 0.4201, 0.0789], mean perf=10730/20406 (0.5258%)
Round=14, per client personal perf=[0.7601, 0.9262, 0.8508, 0.9283, 0.9434, 0.8629, 0.941, 0.9374, 0.6426, 0.9145], mean perf=18611/20406 (0.9120%)
Round=14, per client personal pooled=[0.2761, 0.2812, 0.252, 0.4159, 0.1943, 0.0988, 0.3048, 0.189, 0.2481, 0.1561], mean perf=49306/204060 (0.2416%)
Mean performance of unidp ditto dp global, Perf=0.6098
Mean performance of unidp ditto dp personal, Perf=0.9067
Mean performance of unidp ditto dp pooled, Perf=0.2358
---EPSILON 1 ---
default_sample_rate: 0.20711974110032363
noise_multiplier :  12.5
default_sample_rate: 0.20711974110032363
noise_multiplier :  9.765625
learning rate =  0.01
sample_rate: 0.21, expected_batch_size: 435
sample_rate: 0.21, expected_batch_size: 800
sample_rate: 0.21, expected_batch_size: 567
sample_rate: 0.21, expected_batch_size: 1586
sample_rate: 0.21, expected_batch_size: 1036
sample_rate: 0.21, expected_batch_size: 149
sample_rate: 0.21, expected_batch_size: 1526
sample_rate: 0.21, expected_batch_size: 1059
sample_rate: 0.21, expected_batch_size: 128
sample_rate: 0.21, expected_batch_size: 911
sample_rate: 0.21, expected_batch_size: 435
sample_rate: 0.21, expected_batch_size: 800
sample_rate: 0.21, expected_batch_size: 567
sample_rate: 0.21, expected_batch_size: 1586
sample_rate: 0.21, expected_batch_size: 1036
sample_rate: 0.21, expected_batch_size: 149
sample_rate: 0.21, expected_batch_size: 1526
sample_rate: 0.21, expected_batch_size: 1059
sample_rate: 0.21, expected_batch_size: 128
sample_rate: 0.21, expected_batch_size: 911
initial privacy cost of all clients:  [0, 0, 0, 0, 0, 0, 0, 0, 0, 0]
Round=0
Round=1
Round=2
Round=3
Round=4
Round=5
Round=6
Round=7
Round=8
Round=9
Round=10
Round=11
Round=12
Round=13
Round=14
current privacy cost of all clients:  [0.7186115763190369, 0.7186115763190369, 0.5669467964033166, 0.672196296259606, 0.7639785457571601, 0.7186115763190369, 0.7639785457571601, 0.8068829992887259, 0.8469387931612913, 0.6211776498109377]
Round=14, per client global perf=[0.452, 0.7395, 0.5721, 0.4146, 0.905, 0.9677, 0.9429, 0.504, 0.5078, 0.0723], mean perf=12336/20406 (0.6045%)
Round=14, per client personal perf=[0.8432, 0.9458, 0.8868, 0.9524, 0.9593, 0.9247, 0.9587, 0.948, 0.7492, 0.9484], mean perf=19156/20406 (0.9387%)
Round=14, per client personal pooled=[0.3491, 0.2932, 0.2673, 0.4695, 0.2303, 0.1404, 0.358, 0.1915, 0.2899, 0.1854], mean perf=56618/204060 (0.2775%)
Mean performance of unidp ditto dp global, Perf=0.6832
Mean performance of unidp ditto dp personal, Perf=0.9335
Mean performance of unidp ditto dp pooled, Perf=0.2724
---EPSILON 4 ---
default_sample_rate: 0.20711974110032363
noise_multiplier :  4.072265625
default_sample_rate: 0.20711974110032363
noise_multiplier :  3.2080078125
learning rate =  0.01
sample_rate: 0.21, expected_batch_size: 435
sample_rate: 0.21, expected_batch_size: 800
sample_rate: 0.21, expected_batch_size: 567
sample_rate: 0.21, expected_batch_size: 1586
sample_rate: 0.21, expected_batch_size: 1036
sample_rate: 0.21, expected_batch_size: 149
sample_rate: 0.21, expected_batch_size: 1526
sample_rate: 0.21, expected_batch_size: 1059
sample_rate: 0.21, expected_batch_size: 128
sample_rate: 0.21, expected_batch_size: 911
sample_rate: 0.21, expected_batch_size: 435
sample_rate: 0.21, expected_batch_size: 800
sample_rate: 0.21, expected_batch_size: 567
sample_rate: 0.21, expected_batch_size: 1586
sample_rate: 0.21, expected_batch_size: 1036
sample_rate: 0.21, expected_batch_size: 149
sample_rate: 0.21, expected_batch_size: 1526
sample_rate: 0.21, expected_batch_size: 1059
sample_rate: 0.21, expected_batch_size: 128
sample_rate: 0.21, expected_batch_size: 911
initial privacy cost of all clients:  [0, 0, 0, 0, 0, 0, 0, 0, 0, 0]
Round=0
Round=1
Round=2
Round=3
Round=4
Round=5
Round=6
Round=7
Round=8
Round=9
Round=10
Round=11
Round=12
Round=13
Round=14
current privacy cost of all clients:  [2.856312947191028, 2.856312947191028, 2.2346245060781285, 2.68789999238026, 3.0192514530687853, 2.856312947191028, 3.0192514530687853, 3.1821899589465428, 3.3451284648243003, 2.4612622492291942]
Round=14, per client global perf=[0.5101, 0.872, 0.744, 0.5844, 0.9496, 0.9812, 0.9642, 0.5761, 0.7398, 0.806], mean perf=15705/20406 (0.7696%)
Round=14, per client personal perf=[0.9244, 0.9573, 0.9017, 0.9721, 0.9771, 0.9597, 0.9845, 0.9579, 0.8056, 0.9621], mean perf=19598/20406 (0.9604%)
Round=14, per client personal pooled=[0.4893, 0.3257, 0.2824, 0.4883, 0.2751, 0.1967, 0.4647, 0.2061, 0.3869, 0.2262], mean perf=68184/204060 (0.3341%)
Mean performance of unidp ditto dp global, Perf=0.7849
Mean performance of unidp ditto dp personal, Perf=0.9607
Mean performance of unidp ditto dp pooled, Perf=0.3286
---EPSILON 8 ---
default_sample_rate: 0.20711974110032363
noise_multiplier :  2.4951171875
default_sample_rate: 0.20711974110032363
noise_multiplier :  1.995849609375
learning rate =  0.01
sample_rate: 0.21, expected_batch_size: 435
sample_rate: 0.21, expected_batch_size: 800
sample_rate: 0.21, expected_batch_size: 567
sample_rate: 0.21, expected_batch_size: 1586
sample_rate: 0.21, expected_batch_size: 1036
sample_rate: 0.21, expected_batch_size: 149
sample_rate: 0.21, expected_batch_size: 1526
sample_rate: 0.21, expected_batch_size: 1059
sample_rate: 0.21, expected_batch_size: 128
sample_rate: 0.21, expected_batch_size: 911
sample_rate: 0.21, expected_batch_size: 435
sample_rate: 0.21, expected_batch_size: 800
sample_rate: 0.21, expected_batch_size: 567
sample_rate: 0.21, expected_batch_size: 1586
sample_rate: 0.21, expected_batch_size: 1036
sample_rate: 0.21, expected_batch_size: 149
sample_rate: 0.21, expected_batch_size: 1526
sample_rate: 0.21, expected_batch_size: 1059
sample_rate: 0.21, expected_batch_size: 128
sample_rate: 0.21, expected_batch_size: 911
initial privacy cost of all clients:  [0, 0, 0, 0, 0, 0, 0, 0, 0, 0]
Round=0
Round=1
Round=2
Round=3
Round=4
Round=5
Round=6
Round=7
Round=8
Round=9
Round=10
Round=11
Round=12
Round=13
Round=14
current privacy cost of all clients:  [5.429005831258723, 5.429005831258723, 4.330293539680021, 5.06276840073249, 5.795243261784958, 5.429005831258723, 5.795243261784958, 6.161480692311192, 6.527718122837427, 4.696530970206255]
Round=14, per client global perf=[0.6365, 0.9247, 0.872, 0.8216, 0.9391, 0.9812, 0.9808, 0.693, 0.8652, 0.8408], mean perf=17527/20406 (0.8589%)
Round=14, per client personal perf=[0.941, 0.9779, 0.9349, 0.9752, 0.9814, 0.9866, 0.9871, 0.9696, 0.8213, 0.9669], mean perf=19794/20406 (0.9700%)
Round=14, per client personal pooled=[0.5188, 0.3663, 0.298, 0.4965, 0.2922, 0.2023, 0.4749, 0.231, 0.4184, 0.2756], mean perf=72931/204060 (0.3574%)
Mean performance of unidp ditto dp global, Perf=0.8234
Mean performance of unidp ditto dp personal, Perf=0.9694
Mean performance of unidp ditto dp pooled, Perf=0.3481
---EPSILON 16 ---
default_sample_rate: 0.20711974110032363
noise_multiplier :  1.544189453125
default_sample_rate: 0.20711974110032363
noise_multiplier :  1.26129150390625
learning rate =  0.01
sample_rate: 0.21, expected_batch_size: 435
sample_rate: 0.21, expected_batch_size: 800
sample_rate: 0.21, expected_batch_size: 567
sample_rate: 0.21, expected_batch_size: 1586
sample_rate: 0.21, expected_batch_size: 1036
sample_rate: 0.21, expected_batch_size: 149
sample_rate: 0.21, expected_batch_size: 1526
sample_rate: 0.21, expected_batch_size: 1059
sample_rate: 0.21, expected_batch_size: 128
sample_rate: 0.21, expected_batch_size: 911
sample_rate: 0.21, expected_batch_size: 435
sample_rate: 0.21, expected_batch_size: 800
sample_rate: 0.21, expected_batch_size: 567
sample_rate: 0.21, expected_batch_size: 1586
sample_rate: 0.21, expected_batch_size: 1036
sample_rate: 0.21, expected_batch_size: 149
sample_rate: 0.21, expected_batch_size: 1526
sample_rate: 0.21, expected_batch_size: 1059
sample_rate: 0.21, expected_batch_size: 128
sample_rate: 0.21, expected_batch_size: 911
initial privacy cost of all clients:  [0, 0, 0, 0, 0, 0, 0, 0, 0, 0]
Round=0
Round=1
Round=2
Round=3
Round=4
Round=5
Round=6
Round=7
Round=8
Round=9
Round=10
Round=11
Round=12
Round=13
Round=14
current privacy cost of all clients:  [11.106280389439553, 11.106280389439553, 9.011973087598063, 10.40817795549239, 11.804382823386716, 11.106280389439553, 11.804382823386716, 12.502485257333879, 13.200587691281042, 9.710075521545226]
Round=14, per client global perf=[0.6642, 0.9127, 0.8013, 0.7212, 0.95, 0.9866, 0.9789, 0.6953, 0.8339, 0.825], mean perf=17020/20406 (0.8341%)
Round=14, per client personal perf=[0.953, 0.9814, 0.9519, 0.9764, 0.9806, 0.9839, 0.9908, 0.9734, 0.8652, 0.9665], mean perf=19877/20406 (0.9741%)
Round=14, per client personal pooled=[0.5645, 0.3836, 0.3352, 0.5011, 0.3089, 0.2082, 0.4965, 0.3004, 0.4359, 0.3012], mean perf=78267/204060 (0.3835%)
Mean performance of unidp ditto dp global, Perf=0.8265
Mean performance of unidp ditto dp personal, Perf=0.9743
Mean performance of unidp ditto dp pooled, Perf=0.3750
--- Finished seed: 42 ---
--- Seed: 43 ---
--- Personal steps: 15 ---
---EPSILON 0 ---
default_sample_rate: 0.20711974110032363
noise_multiplier :  2560
default_sample_rate: 0.20711974110032363
noise_multiplier :  2560
learning rate =  0.01
sample_rate: 0.21, expected_batch_size: 435
sample_rate: 0.21, expected_batch_size: 800
sample_rate: 0.21, expected_batch_size: 567
sample_rate: 0.21, expected_batch_size: 1586
sample_rate: 0.21, expected_batch_size: 1036
sample_rate: 0.21, expected_batch_size: 149
sample_rate: 0.21, expected_batch_size: 1526
sample_rate: 0.21, expected_batch_size: 1059
sample_rate: 0.21, expected_batch_size: 128
sample_rate: 0.21, expected_batch_size: 911
sample_rate: 0.21, expected_batch_size: 435
sample_rate: 0.21, expected_batch_size: 800
sample_rate: 0.21, expected_batch_size: 567
sample_rate: 0.21, expected_batch_size: 1586
sample_rate: 0.21, expected_batch_size: 1036
sample_rate: 0.21, expected_batch_size: 149
sample_rate: 0.21, expected_batch_size: 1526
sample_rate: 0.21, expected_batch_size: 1059
sample_rate: 0.21, expected_batch_size: 128
sample_rate: 0.21, expected_batch_size: 911
initial privacy cost of all clients:  [0, 0, 0, 0, 0, 0, 0, 0, 0, 0]
Round=0
Round=1
Round=2
Round=3
Round=4
Round=5
Round=6
Round=7
Round=8
Round=9
Round=10
Round=11
Round=12
Round=13
Round=14
current privacy cost of all clients:  [-0.0003928600917688942, -0.000452064384325437, -0.0005112686768819798, -0.0003928600917688942, -0.000636728309569069, -0.000452064384325437, -0.0005732501443265214, -0.0007707541320608728, -0.0005732501443265214, -0.00033630764870828294]
Round=14, per client global perf=[0.0009, 0.012, 0.0226, 0.3601, 0.0012, 0.0027, 0.0147, 0.0019, 0.3636, 0.3369], mean perf=2423/20406 (0.1187%)
Round=14, per client personal perf=[0.5175, 0.7023, 0.0212, 0.4792, 0.2486, 0.0296, 0.4552, 0.0027, 0.4232, 0.2213], mean perf=6906/20406 (0.3384%)
Round=14, per client personal pooled=[0.102, 0.1082, 0.0743, 0.1045, 0.0759, 0.1355, 0.0993, 0.097, 0.1091, 0.1104], mean perf=20736/204060 (0.1016%)
Mean performance of unidp ditto dp global, Perf=0.1070
Mean performance of unidp ditto dp personal, Perf=0.3511
Mean performance of unidp ditto dp pooled, Perf=0.1001
---EPSILON 0.1 ---
default_sample_rate: 0.20711974110032363
noise_multiplier :  90.0
default_sample_rate: 0.20711974110032363
noise_multiplier :  50.0
learning rate =  0.01
sample_rate: 0.21, expected_batch_size: 435
sample_rate: 0.21, expected_batch_size: 800
sample_rate: 0.21, expected_batch_size: 567
sample_rate: 0.21, expected_batch_size: 1586
sample_rate: 0.21, expected_batch_size: 1036
sample_rate: 0.21, expected_batch_size: 149
sample_rate: 0.21, expected_batch_size: 1526
sample_rate: 0.21, expected_batch_size: 1059
sample_rate: 0.21, expected_batch_size: 128
sample_rate: 0.21, expected_batch_size: 911
sample_rate: 0.21, expected_batch_size: 435
sample_rate: 0.21, expected_batch_size: 800
sample_rate: 0.21, expected_batch_size: 567
sample_rate: 0.21, expected_batch_size: 1586
sample_rate: 0.21, expected_batch_size: 1036
sample_rate: 0.21, expected_batch_size: 149
sample_rate: 0.21, expected_batch_size: 1526
sample_rate: 0.21, expected_batch_size: 1059
sample_rate: 0.21, expected_batch_size: 128
sample_rate: 0.21, expected_batch_size: 911
initial privacy cost of all clients:  [0, 0, 0, 0, 0, 0, 0, 0, 0, 0]
Round=0
Round=1
Round=2
Round=3
Round=4
Round=5
Round=6
Round=7
Round=8
Round=9
Round=10
Round=11
Round=12
Round=13
Round=14
current privacy cost of all clients:  [0.0709203693872159, 0.06627679890483767, 0.061502308102208234, 0.0709203693872159, 0.050947385264874336, 0.06627679890483767, 0.056416431024981, 0.03827126774083864, 0.056416431024981, 0.07518250997437406]
Round=14, per client global perf=[0.476, 0.1521, 0.2638, 0.4678, 0.3262, 0.0833, 0.4071, 0.4672, 0.3323, 0.1023], mean perf=7025/20406 (0.3443%)
Round=14, per client personal perf=[0.5544, 0.8203, 0.4767, 0.8781, 0.898, 0.8548, 0.901, 0.5693, 0.4326, 0.8347], mean perf=15960/20406 (0.7821%)
Round=14, per client personal pooled=[0.1043, 0.2021, 0.1129, 0.2943, 0.1745, 0.0909, 0.2113, 0.0998, 0.1029, 0.1031], mean perf=30529/204060 (0.1496%)
Mean performance of unidp ditto dp global, Perf=0.2845
Mean performance of unidp ditto dp personal, Perf=0.7759
Mean performance of unidp ditto dp pooled, Perf=0.1473
---EPSILON 0.5 ---
default_sample_rate: 0.20711974110032363
noise_multiplier :  22.5
default_sample_rate: 0.20711974110032363
noise_multiplier :  12.5
learning rate =  0.01
sample_rate: 0.21, expected_batch_size: 435
sample_rate: 0.21, expected_batch_size: 800
sample_rate: 0.21, expected_batch_size: 567
sample_rate: 0.21, expected_batch_size: 1586
sample_rate: 0.21, expected_batch_size: 1036
sample_rate: 0.21, expected_batch_size: 149
sample_rate: 0.21, expected_batch_size: 1526
sample_rate: 0.21, expected_batch_size: 1059
sample_rate: 0.21, expected_batch_size: 128
sample_rate: 0.21, expected_batch_size: 911
sample_rate: 0.21, expected_batch_size: 435
sample_rate: 0.21, expected_batch_size: 800
sample_rate: 0.21, expected_batch_size: 567
sample_rate: 0.21, expected_batch_size: 1586
sample_rate: 0.21, expected_batch_size: 1036
sample_rate: 0.21, expected_batch_size: 149
sample_rate: 0.21, expected_batch_size: 1526
sample_rate: 0.21, expected_batch_size: 1059
sample_rate: 0.21, expected_batch_size: 128
sample_rate: 0.21, expected_batch_size: 911
initial privacy cost of all clients:  [0, 0, 0, 0, 0, 0, 0, 0, 0, 0]
Round=0
Round=1
Round=2
Round=3
Round=4
Round=5
Round=6
Round=7
Round=8
Round=9
Round=10
Round=11
Round=12
Round=13
Round=14
current privacy cost of all clients:  [0.37948155446626236, 0.3570779074237343, 0.3332077961968143, 0.37948155446626236, 0.28045341951698843, 0.3570779074237343, 0.3078305897140785, 0.21699406093205534, 0.3078305897140785, 0.4010409299406544]
Round=14, per client global perf=[0.774, 0.262, 0.3946, 0.5626, 0.4453, 0.1263, 0.8318, 0.7886, 0.4671, 0.1429], mean perf=11044/20406 (0.5412%)
Round=14, per client personal perf=[0.8054, 0.8474, 0.814, 0.9437, 0.948, 0.8548, 0.9118, 0.5693, 0.6583, 0.9471], mean perf=17519/20406 (0.8585%)
Round=14, per client personal pooled=[0.2758, 0.2214, 0.2355, 0.4414, 0.1838, 0.0909, 0.226, 0.0998, 0.2046, 0.1827], mean perf=44115/204060 (0.2162%)
Mean performance of unidp ditto dp global, Perf=0.4658
Mean performance of unidp ditto dp personal, Perf=0.8480
Mean performance of unidp ditto dp pooled, Perf=0.2064
---EPSILON 1 ---
default_sample_rate: 0.20711974110032363
noise_multiplier :  12.5
default_sample_rate: 0.20711974110032363
noise_multiplier :  6.953125
learning rate =  0.01
sample_rate: 0.21, expected_batch_size: 435
sample_rate: 0.21, expected_batch_size: 800
sample_rate: 0.21, expected_batch_size: 567
sample_rate: 0.21, expected_batch_size: 1586
sample_rate: 0.21, expected_batch_size: 1036
sample_rate: 0.21, expected_batch_size: 149
sample_rate: 0.21, expected_batch_size: 1526
sample_rate: 0.21, expected_batch_size: 1059
sample_rate: 0.21, expected_batch_size: 128
sample_rate: 0.21, expected_batch_size: 911
sample_rate: 0.21, expected_batch_size: 435
sample_rate: 0.21, expected_batch_size: 800
sample_rate: 0.21, expected_batch_size: 567
sample_rate: 0.21, expected_batch_size: 1586
sample_rate: 0.21, expected_batch_size: 1036
sample_rate: 0.21, expected_batch_size: 149
sample_rate: 0.21, expected_batch_size: 1526
sample_rate: 0.21, expected_batch_size: 1059
sample_rate: 0.21, expected_batch_size: 128
sample_rate: 0.21, expected_batch_size: 911
initial privacy cost of all clients:  [0, 0, 0, 0, 0, 0, 0, 0, 0, 0]
Round=0
Round=1
Round=2
Round=3
Round=4
Round=5
Round=6
Round=7
Round=8
Round=9
Round=10
Round=11
Round=12
Round=13
Round=14
current privacy cost of all clients:  [0.7639785457571601, 0.7186115763190369, 0.672196296259606, 0.7639785457571601, 0.5669467964033166, 0.7186115763190369, 0.6211776498109377, 0.44110375635258703, 0.6211776498109377, 0.8068829992887259]
Round=14, per client global perf=[0.833, 0.5713, 0.6542, 0.6465, 0.4814, 0.1344, 0.8362, 0.8968, 0.5141, 0.1764], mean perf=12911/20406 (0.6327%)
Round=14, per client personal perf=[0.8524, 0.9232, 0.8833, 0.9557, 0.9538, 0.8548, 0.9305, 0.5693, 0.7649, 0.9568], mean perf=18008/20406 (0.8825%)
Round=14, per client personal pooled=[0.3117, 0.2789, 0.2661, 0.4651, 0.1848, 0.0909, 0.2812, 0.0998, 0.2734, 0.1898], mean perf=49824/204060 (0.2442%)
Mean performance of unidp ditto dp global, Perf=0.5533
Mean performance of unidp ditto dp personal, Perf=0.8769
Mean performance of unidp ditto dp pooled, Perf=0.2387
---EPSILON 4 ---
default_sample_rate: 0.20711974110032363
noise_multiplier :  4.072265625
default_sample_rate: 0.20711974110032363
noise_multiplier :  2.353515625
learning rate =  0.01
sample_rate: 0.21, expected_batch_size: 435
sample_rate: 0.21, expected_batch_size: 800
sample_rate: 0.21, expected_batch_size: 567
sample_rate: 0.21, expected_batch_size: 1586
sample_rate: 0.21, expected_batch_size: 1036
sample_rate: 0.21, expected_batch_size: 149
sample_rate: 0.21, expected_batch_size: 1526
sample_rate: 0.21, expected_batch_size: 1059
sample_rate: 0.21, expected_batch_size: 128
sample_rate: 0.21, expected_batch_size: 911
sample_rate: 0.21, expected_batch_size: 435
sample_rate: 0.21, expected_batch_size: 800
sample_rate: 0.21, expected_batch_size: 567
sample_rate: 0.21, expected_batch_size: 1586
sample_rate: 0.21, expected_batch_size: 1036
sample_rate: 0.21, expected_batch_size: 149
sample_rate: 0.21, expected_batch_size: 1526
sample_rate: 0.21, expected_batch_size: 1059
sample_rate: 0.21, expected_batch_size: 128
sample_rate: 0.21, expected_batch_size: 911
initial privacy cost of all clients:  [0, 0, 0, 0, 0, 0, 0, 0, 0, 0]
Round=0
Round=1
Round=2
Round=3
Round=4
Round=5
Round=6
Round=7
Round=8
Round=9
Round=10
Round=11
Round=12
Round=13
Round=14
current privacy cost of all clients:  [3.0192514530687853, 2.856312947191028, 2.68789999238026, 3.0192514530687853, 2.2346245060781285, 2.856312947191028, 2.4612622492291942, 1.7455704611228426, 2.4612622492291942, 3.1821899589465428]
Round=14, per client global perf=[0.8469, 0.7118, 0.7687, 0.4856, 0.5066, 0.1452, 0.8141, 0.9457, 0.4639, 0.877], mean perf=14420/20406 (0.7067%)
Round=14, per client personal perf=[0.8958, 0.9513, 0.9286, 0.9698, 0.9503, 0.9812, 0.9523, 0.6945, 0.8213, 0.9608], mean perf=18709/20406 (0.9168%)
Round=14, per client personal pooled=[0.4335, 0.2961, 0.3037, 0.4895, 0.1845, 0.1985, 0.3248, 0.1301, 0.3375, 0.1915], mean perf=58968/204060 (0.2890%)
Mean performance of unidp ditto dp global, Perf=0.7050
Mean performance of unidp ditto dp personal, Perf=0.9026
Mean performance of unidp ditto dp pooled, Perf=0.2810
---EPSILON 8 ---
default_sample_rate: 0.20711974110032363
noise_multiplier :  2.4951171875
default_sample_rate: 0.20711974110032363
noise_multiplier :  1.5142822265625
learning rate =  0.01
sample_rate: 0.21, expected_batch_size: 435
sample_rate: 0.21, expected_batch_size: 800
sample_rate: 0.21, expected_batch_size: 567
sample_rate: 0.21, expected_batch_size: 1586
sample_rate: 0.21, expected_batch_size: 1036
sample_rate: 0.21, expected_batch_size: 149
sample_rate: 0.21, expected_batch_size: 1526
sample_rate: 0.21, expected_batch_size: 1059
sample_rate: 0.21, expected_batch_size: 128
sample_rate: 0.21, expected_batch_size: 911
sample_rate: 0.21, expected_batch_size: 435
sample_rate: 0.21, expected_batch_size: 800
sample_rate: 0.21, expected_batch_size: 567
sample_rate: 0.21, expected_batch_size: 1586
sample_rate: 0.21, expected_batch_size: 1036
sample_rate: 0.21, expected_batch_size: 149
sample_rate: 0.21, expected_batch_size: 1526
sample_rate: 0.21, expected_batch_size: 1059
sample_rate: 0.21, expected_batch_size: 128
sample_rate: 0.21, expected_batch_size: 911
initial privacy cost of all clients:  [0, 0, 0, 0, 0, 0, 0, 0, 0, 0]
Round=0
Round=1
Round=2
Round=3
Round=4
Round=5
Round=6
Round=7
Round=8
Round=9
Round=10
Round=11
Round=12
Round=13
Round=14
current privacy cost of all clients:  [5.795243261784958, 5.429005831258723, 5.06276840073249, 5.795243261784958, 4.330293539680021, 5.429005831258723, 4.696530970206255, 3.3226968365300564, 4.696530970206255, 6.161480692311192]
Round=14, per client global perf=[0.8902, 0.8128, 0.7829, 0.4301, 0.6245, 0.3817, 0.8899, 0.9503, 0.5047, 0.9396], mean perf=15316/20406 (0.7506%)
Round=14, per client personal perf=[0.905, 0.9553, 0.9328, 0.9706, 0.9581, 0.9839, 0.9623, 0.8892, 0.837, 0.9625], mean perf=19317/20406 (0.9466%)
Round=14, per client personal pooled=[0.4501, 0.2999, 0.3172, 0.4932, 0.1979, 0.2001, 0.3622, 0.1786, 0.3593, 0.1926], mean perf=62259/204060 (0.3051%)
Mean performance of unidp ditto dp global, Perf=0.7407
Mean performance of unidp ditto dp personal, Perf=0.9165
Mean performance of unidp ditto dp pooled, Perf=0.2931
---EPSILON 16 ---
default_sample_rate: 0.20711974110032363
noise_multiplier :  1.544189453125
default_sample_rate: 0.20711974110032363
noise_multiplier :  0.98846435546875
learning rate =  0.01
sample_rate: 0.21, expected_batch_size: 435
sample_rate: 0.21, expected_batch_size: 800
sample_rate: 0.21, expected_batch_size: 567
sample_rate: 0.21, expected_batch_size: 1586
sample_rate: 0.21, expected_batch_size: 1036
sample_rate: 0.21, expected_batch_size: 149
sample_rate: 0.21, expected_batch_size: 1526
sample_rate: 0.21, expected_batch_size: 1059
sample_rate: 0.21, expected_batch_size: 128
sample_rate: 0.21, expected_batch_size: 911
sample_rate: 0.21, expected_batch_size: 435
sample_rate: 0.21, expected_batch_size: 800
sample_rate: 0.21, expected_batch_size: 567
sample_rate: 0.21, expected_batch_size: 1586
sample_rate: 0.21, expected_batch_size: 1036
sample_rate: 0.21, expected_batch_size: 149
sample_rate: 0.21, expected_batch_size: 1526
sample_rate: 0.21, expected_batch_size: 1059
sample_rate: 0.21, expected_batch_size: 128
sample_rate: 0.21, expected_batch_size: 911
initial privacy cost of all clients:  [0, 0, 0, 0, 0, 0, 0, 0, 0, 0]
Round=0
Round=1
Round=2
Round=3
Round=4
Round=5
Round=6
Round=7
Round=8
Round=9
Round=10
Round=11
Round=12
Round=13
Round=14
current privacy cost of all clients:  [11.804382823386716, 11.106280389439553, 10.40817795549239, 11.804382823386716, 9.011973087598063, 11.106280389439553, 9.710075521545226, 6.96014855605599, 9.710075521545226, 12.502485257333879]
Round=14, per client global perf=[0.8755, 0.7359, 0.7815, 0.4564, 0.5027, 0.1828, 0.8404, 0.9655, 0.489, 0.9493], mean perf=14730/20406 (0.7218%)
Round=14, per client personal perf=[0.9299, 0.9483, 0.9448, 0.9736, 0.9624, 0.9785, 0.971, 0.915, 0.8276, 0.9643], mean perf=19470/20406 (0.9541%)
Round=14, per client personal pooled=[0.4783, 0.2972, 0.3523, 0.4951, 0.2064, 0.1998, 0.4005, 0.1844, 0.3758, 0.1993], mean perf=65079/204060 (0.3189%)
Mean performance of unidp ditto dp global, Perf=0.7410
Mean performance of unidp ditto dp personal, Perf=0.9232
Mean performance of unidp ditto dp pooled, Perf=0.3043
--- Personal steps: 30 ---
---EPSILON 0 ---
default_sample_rate: 0.20711974110032363
noise_multiplier :  2560
default_sample_rate: 0.20711974110032363
noise_multiplier :  2560
learning rate =  0.01
sample_rate: 0.21, expected_batch_size: 435
sample_rate: 0.21, expected_batch_size: 800
sample_rate: 0.21, expected_batch_size: 567
sample_rate: 0.21, expected_batch_size: 1586
sample_rate: 0.21, expected_batch_size: 1036
sample_rate: 0.21, expected_batch_size: 149
sample_rate: 0.21, expected_batch_size: 1526
sample_rate: 0.21, expected_batch_size: 1059
sample_rate: 0.21, expected_batch_size: 128
sample_rate: 0.21, expected_batch_size: 911
sample_rate: 0.21, expected_batch_size: 435
sample_rate: 0.21, expected_batch_size: 800
sample_rate: 0.21, expected_batch_size: 567
sample_rate: 0.21, expected_batch_size: 1586
sample_rate: 0.21, expected_batch_size: 1036
sample_rate: 0.21, expected_batch_size: 149
sample_rate: 0.21, expected_batch_size: 1526
sample_rate: 0.21, expected_batch_size: 1059
sample_rate: 0.21, expected_batch_size: 128
sample_rate: 0.21, expected_batch_size: 911
initial privacy cost of all clients:  [0, 0, 0, 0, 0, 0, 0, 0, 0, 0]
Round=0
Round=1
Round=2
Round=3
Round=4
Round=5
Round=6
Round=7
Round=8
Round=9
Round=10
Round=11
Round=12
Round=13
Round=14
current privacy cost of all clients:  [-0.0003928600917688942, -0.000452064384325437, -0.0005112686768819798, -0.0003928600917688942, -0.000636728309569069, -0.000452064384325437, -0.0005732501443265214, -0.0007707541320608728, -0.0005732501443265214, -0.00033630764870828294]
Round=14, per client global perf=[0.048, 0.0065, 0.0042, 0.1242, 0.1237, 0.0242, 0.0337, 0.0228, 0.1254, 0.0922], mean perf=1326/20406 (0.0650%)
Round=14, per client personal perf=[0.0738, 0.0241, 0.1711, 0.1569, 0.4631, 0.1962, 0.4452, 0.5605, 0.069, 0.3571], mean perf=6256/20406 (0.3066%)
Round=14, per client personal pooled=[0.0882, 0.082, 0.1016, 0.1196, 0.0905, 0.0742, 0.0994, 0.1274, 0.0927, 0.0933], mean perf=19772/204060 (0.0969%)
Mean performance of unidp ditto dp global, Perf=0.0844
Mean performance of unidp ditto dp personal, Perf=0.3539
Mean performance of unidp ditto dp pooled, Perf=0.0962
---EPSILON 0.1 ---
default_sample_rate: 0.20711974110032363
noise_multiplier :  90.0
default_sample_rate: 0.20711974110032363
noise_multiplier :  70.0
learning rate =  0.01
sample_rate: 0.21, expected_batch_size: 435
sample_rate: 0.21, expected_batch_size: 800
sample_rate: 0.21, expected_batch_size: 567
sample_rate: 0.21, expected_batch_size: 1586
sample_rate: 0.21, expected_batch_size: 1036
sample_rate: 0.21, expected_batch_size: 149
sample_rate: 0.21, expected_batch_size: 1526
sample_rate: 0.21, expected_batch_size: 1059
sample_rate: 0.21, expected_batch_size: 128
sample_rate: 0.21, expected_batch_size: 911
sample_rate: 0.21, expected_batch_size: 435
sample_rate: 0.21, expected_batch_size: 800
sample_rate: 0.21, expected_batch_size: 567
sample_rate: 0.21, expected_batch_size: 1586
sample_rate: 0.21, expected_batch_size: 1036
sample_rate: 0.21, expected_batch_size: 149
sample_rate: 0.21, expected_batch_size: 1526
sample_rate: 0.21, expected_batch_size: 1059
sample_rate: 0.21, expected_batch_size: 128
sample_rate: 0.21, expected_batch_size: 911
initial privacy cost of all clients:  [0, 0, 0, 0, 0, 0, 0, 0, 0, 0]
Round=0
Round=1
Round=2
Round=3
Round=4
Round=5
Round=6
Round=7
Round=8
Round=9
Round=10
Round=11
Round=12
Round=13
Round=14
current privacy cost of all clients:  [0.0709203693872159, 0.06627679890483767, 0.061502308102208234, 0.0709203693872159, 0.050947385264874336, 0.06627679890483767, 0.056416431024981, 0.03827126774083864, 0.056416431024981, 0.07518250997437406]
Round=14, per client global perf=[0.3054, 0.1732, 0.2341, 0.3482, 0.3984, 0.0806, 0.3015, 0.2998, 0.3229, 0.5331], mean perf=6685/20406 (0.3276%)
Round=14, per client personal perf=[0.5535, 0.8243, 0.7518, 0.8675, 0.9232, 0.8548, 0.9031, 0.6311, 0.3605, 0.8527], mean perf=16568/20406 (0.8119%)
Round=14, per client personal pooled=[0.1405, 0.2083, 0.2291, 0.3313, 0.1792, 0.0909, 0.2104, 0.1154, 0.1121, 0.1177], mean perf=35399/204060 (0.1735%)
Mean performance of unidp ditto dp global, Perf=0.2973
Mean performance of unidp ditto dp personal, Perf=0.8068
Mean performance of unidp ditto dp pooled, Perf=0.1741
---EPSILON 0.5 ---
default_sample_rate: 0.20711974110032363
noise_multiplier :  22.5
default_sample_rate: 0.20711974110032363
noise_multiplier :  17.5
learning rate =  0.01
sample_rate: 0.21, expected_batch_size: 435
sample_rate: 0.21, expected_batch_size: 800
sample_rate: 0.21, expected_batch_size: 567
sample_rate: 0.21, expected_batch_size: 1586
sample_rate: 0.21, expected_batch_size: 1036
sample_rate: 0.21, expected_batch_size: 149
sample_rate: 0.21, expected_batch_size: 1526
sample_rate: 0.21, expected_batch_size: 1059
sample_rate: 0.21, expected_batch_size: 128
sample_rate: 0.21, expected_batch_size: 911
sample_rate: 0.21, expected_batch_size: 435
sample_rate: 0.21, expected_batch_size: 800
sample_rate: 0.21, expected_batch_size: 567
sample_rate: 0.21, expected_batch_size: 1586
sample_rate: 0.21, expected_batch_size: 1036
sample_rate: 0.21, expected_batch_size: 149
sample_rate: 0.21, expected_batch_size: 1526
sample_rate: 0.21, expected_batch_size: 1059
sample_rate: 0.21, expected_batch_size: 128
sample_rate: 0.21, expected_batch_size: 911
initial privacy cost of all clients:  [0, 0, 0, 0, 0, 0, 0, 0, 0, 0]
Round=0
Round=1
Round=2
Round=3
Round=4
Round=5
Round=6
Round=7
Round=8
Round=9
Round=10
Round=11
Round=12
Round=13
Round=14
current privacy cost of all clients:  [0.37948155446626236, 0.3570779074237343, 0.3332077961968143, 0.37948155446626236, 0.28045341951698843, 0.3570779074237343, 0.3078305897140785, 0.21699406093205534, 0.3078305897140785, 0.4010409299406544]
Round=14, per client global perf=[0.5424, 0.4659, 0.5792, 0.6594, 0.4434, 0.1344, 0.4568, 0.6896, 0.5455, 0.672], mean perf=11380/20406 (0.5577%)
Round=14, per client personal perf=[0.7804, 0.9142, 0.8847, 0.9339, 0.9488, 0.8898, 0.9192, 0.8486, 0.652, 0.9352], mean perf=18436/20406 (0.9035%)
Round=14, per client personal pooled=[0.322, 0.2752, 0.2676, 0.4279, 0.1844, 0.1227, 0.2537, 0.1667, 0.2629, 0.179], mean perf=50239/204060 (0.2462%)
Mean performance of unidp ditto dp global, Perf=0.4637
Mean performance of unidp ditto dp personal, Perf=0.8787
Mean performance of unidp ditto dp pooled, Perf=0.2385
---EPSILON 1 ---
default_sample_rate: 0.20711974110032363
noise_multiplier :  12.5
default_sample_rate: 0.20711974110032363
noise_multiplier :  9.765625
learning rate =  0.01
sample_rate: 0.21, expected_batch_size: 435
sample_rate: 0.21, expected_batch_size: 800
sample_rate: 0.21, expected_batch_size: 567
sample_rate: 0.21, expected_batch_size: 1586
sample_rate: 0.21, expected_batch_size: 1036
sample_rate: 0.21, expected_batch_size: 149
sample_rate: 0.21, expected_batch_size: 1526
sample_rate: 0.21, expected_batch_size: 1059
sample_rate: 0.21, expected_batch_size: 128
sample_rate: 0.21, expected_batch_size: 911
sample_rate: 0.21, expected_batch_size: 435
sample_rate: 0.21, expected_batch_size: 800
sample_rate: 0.21, expected_batch_size: 567
sample_rate: 0.21, expected_batch_size: 1586
sample_rate: 0.21, expected_batch_size: 1036
sample_rate: 0.21, expected_batch_size: 149
sample_rate: 0.21, expected_batch_size: 1526
sample_rate: 0.21, expected_batch_size: 1059
sample_rate: 0.21, expected_batch_size: 128
sample_rate: 0.21, expected_batch_size: 911
initial privacy cost of all clients:  [0, 0, 0, 0, 0, 0, 0, 0, 0, 0]
Round=0
Round=1
Round=2
Round=3
Round=4
Round=5
Round=6
Round=7
Round=8
Round=9
Round=10
Round=11
Round=12
Round=13
Round=14
current privacy cost of all clients:  [0.7639785457571601, 0.7186115763190369, 0.672196296259606, 0.7639785457571601, 0.5669467964033166, 0.7186115763190369, 0.6211776498109377, 0.44110375635258703, 0.6211776498109377, 0.8068829992887259]
Round=14, per client global perf=[0.5581, 0.4694, 0.604, 0.7055, 0.4802, 0.1344, 0.5556, 0.6304, 0.5705, 0.6847], mean perf=11972/20406 (0.5867%)
Round=14, per client personal perf=[0.8598, 0.9302, 0.8911, 0.9498, 0.9515, 0.9355, 0.9294, 0.929, 0.7649, 0.9541], mean perf=18980/20406 (0.9301%)
Round=14, per client personal pooled=[0.3819, 0.2904, 0.2746, 0.461, 0.1852, 0.1769, 0.274, 0.1876, 0.3102, 0.2097], mean perf=56146/204060 (0.2751%)
Mean performance of unidp ditto dp global, Perf=0.5133
Mean performance of unidp ditto dp personal, Perf=0.8991
Mean performance of unidp ditto dp pooled, Perf=0.2677
---EPSILON 4 ---
