PARAMS: dataset=mnist, gpu=0, data_type=iid_20
=== Running reg_param=0, num_steps=15 ===
Running seed 42
/Users/shegao_t1/DP_Research/Personal_DP_Personal_FL/rpdp_fl/experiments/datasets/fed_mnist/iid_20

Client 0 label distribution:
[(0, 192), (1, 225), (2, 199), (3, 206), (4, 185), (5, 184), (6, 209), (7, 190), (8, 197), (9, 193)]

Client 1 label distribution:
[(0, 224), (1, 196), (2, 193), (3, 200), (4, 186), (5, 173), (6, 195), (7, 217), (8, 190), (9, 206)]

Client 2 label distribution:
[(0, 193), (1, 247), (2, 196), (3, 184), (4, 185), (5, 183), (6, 188), (7, 202), (8, 203), (9, 199)]

Client 3 label distribution:
[(0, 205), (1, 221), (2, 227), (3, 213), (4, 164), (5, 184), (6, 192), (7, 179), (8, 203), (9, 192)]

Client 4 label distribution:
[(0, 202), (1, 184), (2, 219), (3, 214), (4, 185), (5, 177), (6, 185), (7, 202), (8, 209), (9, 203)]

Client 5 label distribution:
[(0, 203), (1, 234), (2, 205), (3, 222), (4, 196), (5, 174), (6, 170), (7, 193), (8, 197), (9, 186)]

Client 6 label distribution:
[(0, 200), (1, 234), (2, 175), (3, 210), (4, 200), (5, 166), (6, 202), (7, 217), (8, 189), (9, 187)]

Client 7 label distribution:
[(0, 173), (1, 221), (2, 195), (3, 188), (4, 189), (5, 200), (6, 205), (7, 211), (8, 213), (9, 185)]

Client 8 label distribution:
[(0, 195), (1, 201), (2, 184), (3, 219), (4, 192), (5, 170), (6, 195), (7, 231), (8, 185), (9, 208)]

Client 9 label distribution:
[(0, 198), (1, 215), (2, 182), (3, 211), (4, 191), (5, 200), (6, 179), (7, 214), (8, 204), (9, 186)]

Client 10 label distribution:
[(0, 199), (1, 222), (2, 200), (3, 187), (4, 205), (5, 183), (6, 196), (7, 195), (8, 179), (9, 214)]

Client 11 label distribution:
[(0, 174), (1, 205), (2, 201), (3, 218), (4, 200), (5, 177), (6, 209), (7, 210), (8, 186), (9, 200)]

Client 12 label distribution:
[(0, 195), (1, 245), (2, 208), (3, 202), (4, 184), (5, 166), (6, 207), (7, 199), (8, 203), (9, 171)]

Client 13 label distribution:
[(0, 207), (1, 237), (2, 172), (3, 176), (4, 189), (5, 170), (6, 196), (7, 219), (8, 215), (9, 199)]

Client 14 label distribution:
[(0, 203), (1, 230), (2, 207), (3, 199), (4, 182), (5, 174), (6, 210), (7, 191), (8, 188), (9, 196)]

Client 15 label distribution:
[(0, 194), (1, 223), (2, 203), (3, 207), (4, 185), (5, 180), (6, 194), (7, 189), (8, 195), (9, 210)]

Client 16 label distribution:
[(0, 181), (1, 226), (2, 210), (3, 191), (4, 203), (5, 192), (6, 178), (7, 199), (8, 197), (9, 203)]

Client 17 label distribution:
[(0, 192), (1, 221), (2, 184), (3, 214), (4, 186), (5, 185), (6, 186), (7, 215), (8, 204), (9, 193)]

Client 18 label distribution:
[(0, 178), (1, 242), (2, 191), (3, 186), (4, 176), (5, 176), (6, 199), (7, 234), (8, 208), (9, 190)]

Client 19 label distribution:
[(0, 204), (1, 214), (2, 216), (3, 210), (4, 185), (5, 193), (6, 216), (7, 181), (8, 186), (9, 175)]
Client 0: avg epsilon = 3.6465
Client 1: avg epsilon = 3.6598
Client 2: avg epsilon = 3.6274
Client 3: avg epsilon = 3.5876
Client 4: avg epsilon = 3.6860
Client 5: avg epsilon = 3.6108
Client 6: avg epsilon = 3.6788
Client 7: avg epsilon = 3.7315
Client 8: avg epsilon = 3.7396
Client 9: avg epsilon = 3.7080
Client 10: avg epsilon = 3.6550
Client 11: avg epsilon = 3.7492
Client 12: avg epsilon = 3.6023
Client 13: avg epsilon = 3.6615
Client 14: avg epsilon = 3.6148
Client 15: avg epsilon = 3.6593
Client 16: avg epsilon = 3.6713
Client 17: avg epsilon = 3.7774
Client 18: avg epsilon = 4.0706
Client 19: avg epsilon = 4.0628
 We run FedAvg with rPDP (ThreeLevels-0) ...
max_epsilon :  10.0  noise_multiplier :  9.736328125
The R-Squared value of the best-fit curve : 0.999749898528281
learning rate =  0.01
sample_rate: (min) 0.03, (max) 0.61, expected_batch_size: 893
sample_rate: (min) 0.03, (max) 0.61, expected_batch_size: 896
sample_rate: (min) 0.03, (max) 0.61, expected_batch_size: 890
sample_rate: (min) 0.03, (max) 0.61, expected_batch_size: 881
sample_rate: (min) 0.03, (max) 0.61, expected_batch_size: 903
sample_rate: (min) 0.03, (max) 0.61, expected_batch_size: 886
sample_rate: (min) 0.03, (max) 0.61, expected_batch_size: 901
sample_rate: (min) 0.03, (max) 0.61, expected_batch_size: 914
sample_rate: (min) 0.03, (max) 0.61, expected_batch_size: 915
sample_rate: (min) 0.03, (max) 0.61, expected_batch_size: 908
sample_rate: (min) 0.03, (max) 0.61, expected_batch_size: 896
sample_rate: (min) 0.03, (max) 0.61, expected_batch_size: 917
sample_rate: (min) 0.03, (max) 0.61, expected_batch_size: 884
sample_rate: (min) 0.03, (max) 0.61, expected_batch_size: 897
sample_rate: (min) 0.03, (max) 0.61, expected_batch_size: 887
sample_rate: (min) 0.03, (max) 0.61, expected_batch_size: 897
sample_rate: (min) 0.03, (max) 0.61, expected_batch_size: 900
sample_rate: (min) 0.03, (max) 0.61, expected_batch_size: 923
sample_rate: (min) 0.03, (max) 0.61, expected_batch_size: 989
sample_rate: (min) 0.03, (max) 0.61, expected_batch_size: 986
initial privacy cost of all clients:  [0, 0, 0, 0, 0, 0, 0, 0, 0, 0, 0, 0, 0, 0, 0, 0, 0, 0, 0, 0]
Round=0
Round=1
Round=2
Round=3
Round=4
Round=5
Round=6
Round=7
Round=8
Round=9
Round=10
Round=11
Round=12
Round=13
Round=14
current privacy cost of all clients:  [3.0541598053514245, 3.304385622881834, 3.0541598053514245, 3.5546114404122435, 3.0541598053514245, 3.5546114404122435, 4.055063075473062, 4.055063075473062, 4.305288893003472, 3.804837257942653, 3.804837257942653, 3.304385622881834, 3.804837257942653, 3.0541598053514245, 3.804837257942653, 3.304385622881834, 3.804837257942653, 3.0541598053514245, 3.304385622881834, 2.803933987821015]
Round=14, per client global perf=[0.8539, 0.8529, 0.8539, 0.8471, 0.8667, 0.8549, 0.8451, 0.8627, 0.8569, 0.8696, 0.8608, 0.8529, 0.8618, 0.8637, 0.852, 0.8529, 0.8765, 0.851, 0.8725, 0.8569], mean perf=17508/20400 (0.8582%)
Round=14, per client personal perf=[0.9235, 0.9431, 0.9343, 0.9451, 0.9373, 0.9422, 0.9441, 0.9539, 0.9686, 0.9549, 0.948, 0.9294, 0.9363, 0.949, 0.9245, 0.95, 0.9461, 0.9284, 0.9441, 0.9294], mean perf=19209/20400 (0.9416%)
Round=14, per client personal pooled=[0.9298, 0.9475, 0.9442, 0.9489, 0.9365, 0.9357, 0.9511, 0.9512, 0.9567, 0.9457, 0.9466, 0.9499, 0.9435, 0.9415, 0.928, 0.9443, 0.944, 0.934, 0.9374, 0.9345], mean perf=384559/408000 (0.9425%)
Mean performance of ditto rpdp global, Perf=0.8609, seed=42
Mean performance of ditto rpdp personal, Perf=0.9390, seed=42
Mean performance of ditto rpdp pooled, Perf=0.9399, seed=42
Finished seed 42
----------------------------------------
Running seed 43
/Users/shegao_t1/DP_Research/Personal_DP_Personal_FL/rpdp_fl/experiments/datasets/fed_mnist/iid_20

Client 0 label distribution:
[(0, 192), (1, 225), (2, 199), (3, 206), (4, 185), (5, 184), (6, 209), (7, 190), (8, 197), (9, 193)]

Client 1 label distribution:
[(0, 224), (1, 196), (2, 193), (3, 200), (4, 186), (5, 173), (6, 195), (7, 217), (8, 190), (9, 206)]

Client 2 label distribution:
[(0, 193), (1, 247), (2, 196), (3, 184), (4, 185), (5, 183), (6, 188), (7, 202), (8, 203), (9, 199)]

Client 3 label distribution:
[(0, 205), (1, 221), (2, 227), (3, 213), (4, 164), (5, 184), (6, 192), (7, 179), (8, 203), (9, 192)]

Client 4 label distribution:
[(0, 202), (1, 184), (2, 219), (3, 214), (4, 185), (5, 177), (6, 185), (7, 202), (8, 209), (9, 203)]

Client 5 label distribution:
[(0, 203), (1, 234), (2, 205), (3, 222), (4, 196), (5, 174), (6, 170), (7, 193), (8, 197), (9, 186)]

Client 6 label distribution:
[(0, 200), (1, 234), (2, 175), (3, 210), (4, 200), (5, 166), (6, 202), (7, 217), (8, 189), (9, 187)]

Client 7 label distribution:
[(0, 173), (1, 221), (2, 195), (3, 188), (4, 189), (5, 200), (6, 205), (7, 211), (8, 213), (9, 185)]

Client 8 label distribution:
[(0, 195), (1, 201), (2, 184), (3, 219), (4, 192), (5, 170), (6, 195), (7, 231), (8, 185), (9, 208)]

Client 9 label distribution:
[(0, 198), (1, 215), (2, 182), (3, 211), (4, 191), (5, 200), (6, 179), (7, 214), (8, 204), (9, 186)]

Client 10 label distribution:
[(0, 199), (1, 222), (2, 200), (3, 187), (4, 205), (5, 183), (6, 196), (7, 195), (8, 179), (9, 214)]

Client 11 label distribution:
[(0, 174), (1, 205), (2, 201), (3, 218), (4, 200), (5, 177), (6, 209), (7, 210), (8, 186), (9, 200)]

Client 12 label distribution:
[(0, 195), (1, 245), (2, 208), (3, 202), (4, 184), (5, 166), (6, 207), (7, 199), (8, 203), (9, 171)]

Client 13 label distribution:
[(0, 207), (1, 237), (2, 172), (3, 176), (4, 189), (5, 170), (6, 196), (7, 219), (8, 215), (9, 199)]

Client 14 label distribution:
[(0, 203), (1, 230), (2, 207), (3, 199), (4, 182), (5, 174), (6, 210), (7, 191), (8, 188), (9, 196)]

Client 15 label distribution:
[(0, 194), (1, 223), (2, 203), (3, 207), (4, 185), (5, 180), (6, 194), (7, 189), (8, 195), (9, 210)]

Client 16 label distribution:
[(0, 181), (1, 226), (2, 210), (3, 191), (4, 203), (5, 192), (6, 178), (7, 199), (8, 197), (9, 203)]

Client 17 label distribution:
[(0, 192), (1, 221), (2, 184), (3, 214), (4, 186), (5, 185), (6, 186), (7, 215), (8, 204), (9, 193)]

Client 18 label distribution:
[(0, 178), (1, 242), (2, 191), (3, 186), (4, 176), (5, 176), (6, 199), (7, 234), (8, 208), (9, 190)]

Client 19 label distribution:
[(0, 204), (1, 214), (2, 216), (3, 210), (4, 185), (5, 193), (6, 216), (7, 181), (8, 186), (9, 175)]
Client 0: avg epsilon = 3.6465
Client 1: avg epsilon = 3.6598
Client 2: avg epsilon = 3.6274
Client 3: avg epsilon = 3.5876
Client 4: avg epsilon = 3.6860
Client 5: avg epsilon = 3.6108
Client 6: avg epsilon = 3.6788
Client 7: avg epsilon = 3.7315
Client 8: avg epsilon = 3.7396
Client 9: avg epsilon = 3.7080
Client 10: avg epsilon = 3.6550
Client 11: avg epsilon = 3.7492
Client 12: avg epsilon = 3.6023
Client 13: avg epsilon = 3.6615
Client 14: avg epsilon = 3.6148
Client 15: avg epsilon = 3.6593
Client 16: avg epsilon = 3.6713
Client 17: avg epsilon = 3.7774
Client 18: avg epsilon = 4.0706
Client 19: avg epsilon = 4.0628
 We run FedAvg with rPDP (ThreeLevels-0) ...
max_epsilon :  10.0  noise_multiplier :  9.736328125
The R-Squared value of the best-fit curve : 0.999749898528281
learning rate =  0.01
sample_rate: (min) 0.03, (max) 0.61, expected_batch_size: 893
sample_rate: (min) 0.03, (max) 0.61, expected_batch_size: 896
sample_rate: (min) 0.03, (max) 0.61, expected_batch_size: 890
sample_rate: (min) 0.03, (max) 0.61, expected_batch_size: 881
sample_rate: (min) 0.03, (max) 0.61, expected_batch_size: 903
sample_rate: (min) 0.03, (max) 0.61, expected_batch_size: 886
sample_rate: (min) 0.03, (max) 0.61, expected_batch_size: 901
sample_rate: (min) 0.03, (max) 0.61, expected_batch_size: 914
sample_rate: (min) 0.03, (max) 0.61, expected_batch_size: 915
sample_rate: (min) 0.03, (max) 0.61, expected_batch_size: 908
sample_rate: (min) 0.03, (max) 0.61, expected_batch_size: 896
sample_rate: (min) 0.03, (max) 0.61, expected_batch_size: 917
sample_rate: (min) 0.03, (max) 0.61, expected_batch_size: 884
sample_rate: (min) 0.03, (max) 0.61, expected_batch_size: 897
sample_rate: (min) 0.03, (max) 0.61, expected_batch_size: 887
sample_rate: (min) 0.03, (max) 0.61, expected_batch_size: 897
sample_rate: (min) 0.03, (max) 0.61, expected_batch_size: 900
sample_rate: (min) 0.03, (max) 0.61, expected_batch_size: 923
sample_rate: (min) 0.03, (max) 0.61, expected_batch_size: 989
sample_rate: (min) 0.03, (max) 0.61, expected_batch_size: 986
initial privacy cost of all clients:  [0, 0, 0, 0, 0, 0, 0, 0, 0, 0, 0, 0, 0, 0, 0, 0, 0, 0, 0, 0]
Round=0
Round=1
Round=2
Round=3
Round=4
Round=5
Round=6
Round=7
Round=8
Round=9
Round=10
Round=11
Round=12
Round=13
Round=14
current privacy cost of all clients:  [3.304385622881834, 3.304385622881834, 2.803933987821015, 3.804837257942653, 2.803933987821015, 3.804837257942653, 3.304385622881834, 3.304385622881834, 3.304385622881834, 4.510367156217049, 3.804837257942653, 3.5546114404122435, 3.5546114404122435, 3.304385622881834, 4.055063075473062, 3.304385622881834, 3.804837257942653, 3.304385622881834, 3.304385622881834, 3.0541598053514245]
Round=14, per client global perf=[0.8902, 0.8902, 0.8961, 0.9059, 0.8951, 0.8853, 0.8755, 0.8843, 0.8941, 0.901, 0.8833, 0.8824, 0.8755, 0.8873, 0.8931, 0.8892, 0.899, 0.8784, 0.9069, 0.8765], mean perf=18145/20400 (0.8895%)
Round=14, per client personal perf=[0.9363, 0.949, 0.9176, 0.952, 0.9382, 0.9578, 0.9431, 0.9373, 0.9529, 0.9569, 0.9392, 0.9353, 0.9471, 0.9441, 0.9569, 0.95, 0.949, 0.9225, 0.9382, 0.9353], mean perf=19236/20400 (0.9429%)
Round=14, per client personal pooled=[0.9413, 0.9469, 0.9278, 0.953, 0.9357, 0.9567, 0.9474, 0.9347, 0.9466, 0.9496, 0.9469, 0.9427, 0.9423, 0.9471, 0.9509, 0.9434, 0.9524, 0.9403, 0.941, 0.9336], mean perf=385157/408000 (0.9440%)
Mean performance of ditto rpdp global, Perf=0.8860, seed=43
Mean performance of ditto rpdp personal, Perf=0.9427, seed=43
Mean performance of ditto rpdp pooled, Perf=0.9427, seed=43
Finished seed 43
----------------------------------------
Running seed 44
/Users/shegao_t1/DP_Research/Personal_DP_Personal_FL/rpdp_fl/experiments/datasets/fed_mnist/iid_20

Client 0 label distribution:
[(0, 192), (1, 225), (2, 199), (3, 206), (4, 185), (5, 184), (6, 209), (7, 190), (8, 197), (9, 193)]

Client 1 label distribution:
[(0, 224), (1, 196), (2, 193), (3, 200), (4, 186), (5, 173), (6, 195), (7, 217), (8, 190), (9, 206)]

Client 2 label distribution:
[(0, 193), (1, 247), (2, 196), (3, 184), (4, 185), (5, 183), (6, 188), (7, 202), (8, 203), (9, 199)]

Client 3 label distribution:
[(0, 205), (1, 221), (2, 227), (3, 213), (4, 164), (5, 184), (6, 192), (7, 179), (8, 203), (9, 192)]

Client 4 label distribution:
[(0, 202), (1, 184), (2, 219), (3, 214), (4, 185), (5, 177), (6, 185), (7, 202), (8, 209), (9, 203)]

Client 5 label distribution:
[(0, 203), (1, 234), (2, 205), (3, 222), (4, 196), (5, 174), (6, 170), (7, 193), (8, 197), (9, 186)]

Client 6 label distribution:
[(0, 200), (1, 234), (2, 175), (3, 210), (4, 200), (5, 166), (6, 202), (7, 217), (8, 189), (9, 187)]

Client 7 label distribution:
[(0, 173), (1, 221), (2, 195), (3, 188), (4, 189), (5, 200), (6, 205), (7, 211), (8, 213), (9, 185)]

Client 8 label distribution:
[(0, 195), (1, 201), (2, 184), (3, 219), (4, 192), (5, 170), (6, 195), (7, 231), (8, 185), (9, 208)]

Client 9 label distribution:
[(0, 198), (1, 215), (2, 182), (3, 211), (4, 191), (5, 200), (6, 179), (7, 214), (8, 204), (9, 186)]

Client 10 label distribution:
[(0, 199), (1, 222), (2, 200), (3, 187), (4, 205), (5, 183), (6, 196), (7, 195), (8, 179), (9, 214)]

Client 11 label distribution:
[(0, 174), (1, 205), (2, 201), (3, 218), (4, 200), (5, 177), (6, 209), (7, 210), (8, 186), (9, 200)]

Client 12 label distribution:
[(0, 195), (1, 245), (2, 208), (3, 202), (4, 184), (5, 166), (6, 207), (7, 199), (8, 203), (9, 171)]

Client 13 label distribution:
[(0, 207), (1, 237), (2, 172), (3, 176), (4, 189), (5, 170), (6, 196), (7, 219), (8, 215), (9, 199)]

Client 14 label distribution:
[(0, 203), (1, 230), (2, 207), (3, 199), (4, 182), (5, 174), (6, 210), (7, 191), (8, 188), (9, 196)]

Client 15 label distribution:
[(0, 194), (1, 223), (2, 203), (3, 207), (4, 185), (5, 180), (6, 194), (7, 189), (8, 195), (9, 210)]

Client 16 label distribution:
[(0, 181), (1, 226), (2, 210), (3, 191), (4, 203), (5, 192), (6, 178), (7, 199), (8, 197), (9, 203)]

Client 17 label distribution:
[(0, 192), (1, 221), (2, 184), (3, 214), (4, 186), (5, 185), (6, 186), (7, 215), (8, 204), (9, 193)]

Client 18 label distribution:
[(0, 178), (1, 242), (2, 191), (3, 186), (4, 176), (5, 176), (6, 199), (7, 234), (8, 208), (9, 190)]

Client 19 label distribution:
[(0, 204), (1, 214), (2, 216), (3, 210), (4, 185), (5, 193), (6, 216), (7, 181), (8, 186), (9, 175)]
Client 0: avg epsilon = 3.6465
Client 1: avg epsilon = 3.6598
Client 2: avg epsilon = 3.6274
Client 3: avg epsilon = 3.5876
Client 4: avg epsilon = 3.6860
Client 5: avg epsilon = 3.6108
Client 6: avg epsilon = 3.6788
Client 7: avg epsilon = 3.7315
Client 8: avg epsilon = 3.7396
Client 9: avg epsilon = 3.7080
Client 10: avg epsilon = 3.6550
Client 11: avg epsilon = 3.7492
Client 12: avg epsilon = 3.6023
Client 13: avg epsilon = 3.6615
Client 14: avg epsilon = 3.6148
Client 15: avg epsilon = 3.6593
Client 16: avg epsilon = 3.6713
Client 17: avg epsilon = 3.7774
Client 18: avg epsilon = 4.0706
Client 19: avg epsilon = 4.0628
 We run FedAvg with rPDP (ThreeLevels-0) ...
max_epsilon :  10.0  noise_multiplier :  9.736328125
The R-Squared value of the best-fit curve : 0.999749898528281
learning rate =  0.01
sample_rate: (min) 0.03, (max) 0.61, expected_batch_size: 893
sample_rate: (min) 0.03, (max) 0.61, expected_batch_size: 896
sample_rate: (min) 0.03, (max) 0.61, expected_batch_size: 890
sample_rate: (min) 0.03, (max) 0.61, expected_batch_size: 881
sample_rate: (min) 0.03, (max) 0.61, expected_batch_size: 903
sample_rate: (min) 0.03, (max) 0.61, expected_batch_size: 886
sample_rate: (min) 0.03, (max) 0.61, expected_batch_size: 901
sample_rate: (min) 0.03, (max) 0.61, expected_batch_size: 914
sample_rate: (min) 0.03, (max) 0.61, expected_batch_size: 915
sample_rate: (min) 0.03, (max) 0.61, expected_batch_size: 908
sample_rate: (min) 0.03, (max) 0.61, expected_batch_size: 896
sample_rate: (min) 0.03, (max) 0.61, expected_batch_size: 917
sample_rate: (min) 0.03, (max) 0.61, expected_batch_size: 884
sample_rate: (min) 0.03, (max) 0.61, expected_batch_size: 897
sample_rate: (min) 0.03, (max) 0.61, expected_batch_size: 887
sample_rate: (min) 0.03, (max) 0.61, expected_batch_size: 897
sample_rate: (min) 0.03, (max) 0.61, expected_batch_size: 900
sample_rate: (min) 0.03, (max) 0.61, expected_batch_size: 923
sample_rate: (min) 0.03, (max) 0.61, expected_batch_size: 989
sample_rate: (min) 0.03, (max) 0.61, expected_batch_size: 986
initial privacy cost of all clients:  [0, 0, 0, 0, 0, 0, 0, 0, 0, 0, 0, 0, 0, 0, 0, 0, 0, 0, 0, 0]
Round=0
Round=1
Round=2
Round=3
Round=4
Round=5
Round=6
Round=7
Round=8
Round=9
Round=10
Round=11
Round=12
Round=13
Round=14
current privacy cost of all clients:  [3.804837257942653, 4.305288893003472, 3.804837257942653, 2.803933987821015, 3.5546114404122435, 3.304385622881834, 4.055063075473062, 3.0541598053514245, 3.5546114404122435, 2.803933987821015, 4.055063075473062, 4.305288893003472, 4.055063075473062, 3.304385622881834, 3.804837257942653, 3.5546114404122435, 2.502378076501911, 3.304385622881834, 3.0541598053514245, 3.804837257942653]
Round=14, per client global perf=[0.9078, 0.8951, 0.9098, 0.9098, 0.9265, 0.9167, 0.8941, 0.9265, 0.9176, 0.9088, 0.9029, 0.8951, 0.9029, 0.9157, 0.9059, 0.9196, 0.9235, 0.9049, 0.9225, 0.9118], mean perf=18582/20400 (0.9109%)
Round=14, per client personal perf=[0.9402, 0.9363, 0.9696, 0.9245, 0.9245, 0.9353, 0.9392, 0.9578, 0.9657, 0.9225, 0.9412, 0.9441, 0.9382, 0.9431, 0.948, 0.9431, 0.9255, 0.9137, 0.9392, 0.9539], mean perf=19182/20400 (0.9403%)
Round=14, per client personal pooled=[0.9513, 0.944, 0.9577, 0.9331, 0.9217, 0.9357, 0.9542, 0.9488, 0.9528, 0.9139, 0.9495, 0.9566, 0.9438, 0.9294, 0.948, 0.9467, 0.9305, 0.9312, 0.9335, 0.9543], mean perf=384267/408000 (0.9418%)
Mean performance of ditto rpdp global, Perf=0.8978, seed=44
Mean performance of ditto rpdp personal, Perf=0.9421, seed=44
Mean performance of ditto rpdp pooled, Perf=0.9420, seed=44
Finished seed 44
----------------------------------------
Running seed 45
/Users/shegao_t1/DP_Research/Personal_DP_Personal_FL/rpdp_fl/experiments/datasets/fed_mnist/iid_20

Client 0 label distribution:
[(0, 192), (1, 225), (2, 199), (3, 206), (4, 185), (5, 184), (6, 209), (7, 190), (8, 197), (9, 193)]

Client 1 label distribution:
[(0, 224), (1, 196), (2, 193), (3, 200), (4, 186), (5, 173), (6, 195), (7, 217), (8, 190), (9, 206)]

Client 2 label distribution:
[(0, 193), (1, 247), (2, 196), (3, 184), (4, 185), (5, 183), (6, 188), (7, 202), (8, 203), (9, 199)]

Client 3 label distribution:
[(0, 205), (1, 221), (2, 227), (3, 213), (4, 164), (5, 184), (6, 192), (7, 179), (8, 203), (9, 192)]

Client 4 label distribution:
[(0, 202), (1, 184), (2, 219), (3, 214), (4, 185), (5, 177), (6, 185), (7, 202), (8, 209), (9, 203)]

Client 5 label distribution:
[(0, 203), (1, 234), (2, 205), (3, 222), (4, 196), (5, 174), (6, 170), (7, 193), (8, 197), (9, 186)]

Client 6 label distribution:
[(0, 200), (1, 234), (2, 175), (3, 210), (4, 200), (5, 166), (6, 202), (7, 217), (8, 189), (9, 187)]

Client 7 label distribution:
[(0, 173), (1, 221), (2, 195), (3, 188), (4, 189), (5, 200), (6, 205), (7, 211), (8, 213), (9, 185)]

Client 8 label distribution:
[(0, 195), (1, 201), (2, 184), (3, 219), (4, 192), (5, 170), (6, 195), (7, 231), (8, 185), (9, 208)]

Client 9 label distribution:
[(0, 198), (1, 215), (2, 182), (3, 211), (4, 191), (5, 200), (6, 179), (7, 214), (8, 204), (9, 186)]

Client 10 label distribution:
[(0, 199), (1, 222), (2, 200), (3, 187), (4, 205), (5, 183), (6, 196), (7, 195), (8, 179), (9, 214)]

Client 11 label distribution:
[(0, 174), (1, 205), (2, 201), (3, 218), (4, 200), (5, 177), (6, 209), (7, 210), (8, 186), (9, 200)]

Client 12 label distribution:
[(0, 195), (1, 245), (2, 208), (3, 202), (4, 184), (5, 166), (6, 207), (7, 199), (8, 203), (9, 171)]

Client 13 label distribution:
[(0, 207), (1, 237), (2, 172), (3, 176), (4, 189), (5, 170), (6, 196), (7, 219), (8, 215), (9, 199)]

Client 14 label distribution:
[(0, 203), (1, 230), (2, 207), (3, 199), (4, 182), (5, 174), (6, 210), (7, 191), (8, 188), (9, 196)]

Client 15 label distribution:
[(0, 194), (1, 223), (2, 203), (3, 207), (4, 185), (5, 180), (6, 194), (7, 189), (8, 195), (9, 210)]

Client 16 label distribution:
[(0, 181), (1, 226), (2, 210), (3, 191), (4, 203), (5, 192), (6, 178), (7, 199), (8, 197), (9, 203)]

Client 17 label distribution:
[(0, 192), (1, 221), (2, 184), (3, 214), (4, 186), (5, 185), (6, 186), (7, 215), (8, 204), (9, 193)]

Client 18 label distribution:
[(0, 178), (1, 242), (2, 191), (3, 186), (4, 176), (5, 176), (6, 199), (7, 234), (8, 208), (9, 190)]

Client 19 label distribution:
[(0, 204), (1, 214), (2, 216), (3, 210), (4, 185), (5, 193), (6, 216), (7, 181), (8, 186), (9, 175)]
Client 0: avg epsilon = 3.6465
Client 1: avg epsilon = 3.6598
Client 2: avg epsilon = 3.6274
Client 3: avg epsilon = 3.5876
Client 4: avg epsilon = 3.6860
Client 5: avg epsilon = 3.6108
Client 6: avg epsilon = 3.6788
Client 7: avg epsilon = 3.7315
Client 8: avg epsilon = 3.7396
Client 9: avg epsilon = 3.7080
Client 10: avg epsilon = 3.6550
Client 11: avg epsilon = 3.7492
Client 12: avg epsilon = 3.6023
Client 13: avg epsilon = 3.6615
Client 14: avg epsilon = 3.6148
Client 15: avg epsilon = 3.6593
Client 16: avg epsilon = 3.6713
Client 17: avg epsilon = 3.7774
Client 18: avg epsilon = 4.0706
Client 19: avg epsilon = 4.0628
 We run FedAvg with rPDP (ThreeLevels-0) ...
max_epsilon :  10.0  noise_multiplier :  9.736328125
The R-Squared value of the best-fit curve : 0.999749898528281
learning rate =  0.01
sample_rate: (min) 0.03, (max) 0.61, expected_batch_size: 893
sample_rate: (min) 0.03, (max) 0.61, expected_batch_size: 896
sample_rate: (min) 0.03, (max) 0.61, expected_batch_size: 890
sample_rate: (min) 0.03, (max) 0.61, expected_batch_size: 881
sample_rate: (min) 0.03, (max) 0.61, expected_batch_size: 903
sample_rate: (min) 0.03, (max) 0.61, expected_batch_size: 886
sample_rate: (min) 0.03, (max) 0.61, expected_batch_size: 901
sample_rate: (min) 0.03, (max) 0.61, expected_batch_size: 914
sample_rate: (min) 0.03, (max) 0.61, expected_batch_size: 915
sample_rate: (min) 0.03, (max) 0.61, expected_batch_size: 908
sample_rate: (min) 0.03, (max) 0.61, expected_batch_size: 896
sample_rate: (min) 0.03, (max) 0.61, expected_batch_size: 917
sample_rate: (min) 0.03, (max) 0.61, expected_batch_size: 884
sample_rate: (min) 0.03, (max) 0.61, expected_batch_size: 897
sample_rate: (min) 0.03, (max) 0.61, expected_batch_size: 887
sample_rate: (min) 0.03, (max) 0.61, expected_batch_size: 897
sample_rate: (min) 0.03, (max) 0.61, expected_batch_size: 900
sample_rate: (min) 0.03, (max) 0.61, expected_batch_size: 923
sample_rate: (min) 0.03, (max) 0.61, expected_batch_size: 989
sample_rate: (min) 0.03, (max) 0.61, expected_batch_size: 986
initial privacy cost of all clients:  [0, 0, 0, 0, 0, 0, 0, 0, 0, 0, 0, 0, 0, 0, 0, 0, 0, 0, 0, 0]
Round=0
Round=1
Round=2
Round=3
Round=4
Round=5
Round=6
Round=7
Round=8
Round=9
Round=10
Round=11
Round=12
Round=13
Round=14
current privacy cost of all clients:  [3.304385622881834, 3.0541598053514245, 4.055063075473062, 3.0541598053514245, 3.304385622881834, 3.5546114404122435, 3.5546114404122435, 3.0541598053514245, 3.5546114404122435, 3.804837257942653, 4.055063075473062, 3.804837257942653, 3.0541598053514245, 2.803933987821015, 3.304385622881834, 3.5546114404122435, 3.5546114404122435, 2.803933987821015, 3.304385622881834, 3.804837257942653]
Round=14, per client global perf=[0.8667, 0.8676, 0.8814, 0.8676, 0.8804, 0.8814, 0.8627, 0.8804, 0.8853, 0.8755, 0.8765, 0.8735, 0.8725, 0.8814, 0.8775, 0.8676, 0.8618, 0.8706, 0.8833, 0.8765], mean perf=17840/20400 (0.8745%)
Round=14, per client personal perf=[0.9373, 0.9324, 0.9392, 0.9363, 0.9382, 0.9314, 0.9392, 0.9373, 0.9549, 0.9451, 0.952, 0.9343, 0.9294, 0.9314, 0.9461, 0.9284, 0.9529, 0.9412, 0.9382, 0.9549], mean perf=19176/20400 (0.9400%)
Round=14, per client personal pooled=[0.9444, 0.9356, 0.946, 0.9416, 0.9381, 0.9313, 0.9545, 0.9385, 0.9402, 0.947, 0.9488, 0.9423, 0.9365, 0.931, 0.9355, 0.9347, 0.9561, 0.9359, 0.9487, 0.9519], mean perf=384303/408000 (0.9419%)
Mean performance of ditto rpdp global, Perf=0.8785, seed=45
Mean performance of ditto rpdp personal, Perf=0.9401, seed=45
Mean performance of ditto rpdp pooled, Perf=0.9409, seed=45
Finished seed 45
----------------------------------------
Running seed 46
/Users/shegao_t1/DP_Research/Personal_DP_Personal_FL/rpdp_fl/experiments/datasets/fed_mnist/iid_20

Client 0 label distribution:
[(0, 192), (1, 225), (2, 199), (3, 206), (4, 185), (5, 184), (6, 209), (7, 190), (8, 197), (9, 193)]

Client 1 label distribution:
[(0, 224), (1, 196), (2, 193), (3, 200), (4, 186), (5, 173), (6, 195), (7, 217), (8, 190), (9, 206)]

Client 2 label distribution:
[(0, 193), (1, 247), (2, 196), (3, 184), (4, 185), (5, 183), (6, 188), (7, 202), (8, 203), (9, 199)]

Client 3 label distribution:
[(0, 205), (1, 221), (2, 227), (3, 213), (4, 164), (5, 184), (6, 192), (7, 179), (8, 203), (9, 192)]

Client 4 label distribution:
[(0, 202), (1, 184), (2, 219), (3, 214), (4, 185), (5, 177), (6, 185), (7, 202), (8, 209), (9, 203)]

Client 5 label distribution:
[(0, 203), (1, 234), (2, 205), (3, 222), (4, 196), (5, 174), (6, 170), (7, 193), (8, 197), (9, 186)]

Client 6 label distribution:
[(0, 200), (1, 234), (2, 175), (3, 210), (4, 200), (5, 166), (6, 202), (7, 217), (8, 189), (9, 187)]

Client 7 label distribution:
[(0, 173), (1, 221), (2, 195), (3, 188), (4, 189), (5, 200), (6, 205), (7, 211), (8, 213), (9, 185)]

Client 8 label distribution:
[(0, 195), (1, 201), (2, 184), (3, 219), (4, 192), (5, 170), (6, 195), (7, 231), (8, 185), (9, 208)]

Client 9 label distribution:
[(0, 198), (1, 215), (2, 182), (3, 211), (4, 191), (5, 200), (6, 179), (7, 214), (8, 204), (9, 186)]

Client 10 label distribution:
[(0, 199), (1, 222), (2, 200), (3, 187), (4, 205), (5, 183), (6, 196), (7, 195), (8, 179), (9, 214)]

Client 11 label distribution:
[(0, 174), (1, 205), (2, 201), (3, 218), (4, 200), (5, 177), (6, 209), (7, 210), (8, 186), (9, 200)]

Client 12 label distribution:
[(0, 195), (1, 245), (2, 208), (3, 202), (4, 184), (5, 166), (6, 207), (7, 199), (8, 203), (9, 171)]

Client 13 label distribution:
[(0, 207), (1, 237), (2, 172), (3, 176), (4, 189), (5, 170), (6, 196), (7, 219), (8, 215), (9, 199)]

Client 14 label distribution:
[(0, 203), (1, 230), (2, 207), (3, 199), (4, 182), (5, 174), (6, 210), (7, 191), (8, 188), (9, 196)]

Client 15 label distribution:
[(0, 194), (1, 223), (2, 203), (3, 207), (4, 185), (5, 180), (6, 194), (7, 189), (8, 195), (9, 210)]

Client 16 label distribution:
[(0, 181), (1, 226), (2, 210), (3, 191), (4, 203), (5, 192), (6, 178), (7, 199), (8, 197), (9, 203)]

Client 17 label distribution:
[(0, 192), (1, 221), (2, 184), (3, 214), (4, 186), (5, 185), (6, 186), (7, 215), (8, 204), (9, 193)]

Client 18 label distribution:
[(0, 178), (1, 242), (2, 191), (3, 186), (4, 176), (5, 176), (6, 199), (7, 234), (8, 208), (9, 190)]

Client 19 label distribution:
[(0, 204), (1, 214), (2, 216), (3, 210), (4, 185), (5, 193), (6, 216), (7, 181), (8, 186), (9, 175)]
Client 0: avg epsilon = 3.6465
Client 1: avg epsilon = 3.6598
Client 2: avg epsilon = 3.6274
Client 3: avg epsilon = 3.5876
Client 4: avg epsilon = 3.6860
Client 5: avg epsilon = 3.6108
Client 6: avg epsilon = 3.6788
Client 7: avg epsilon = 3.7315
Client 8: avg epsilon = 3.7396
Client 9: avg epsilon = 3.7080
Client 10: avg epsilon = 3.6550
Client 11: avg epsilon = 3.7492
Client 12: avg epsilon = 3.6023
Client 13: avg epsilon = 3.6615
Client 14: avg epsilon = 3.6148
Client 15: avg epsilon = 3.6593
Client 16: avg epsilon = 3.6713
Client 17: avg epsilon = 3.7774
Client 18: avg epsilon = 4.0706
Client 19: avg epsilon = 4.0628
 We run FedAvg with rPDP (ThreeLevels-0) ...
max_epsilon :  10.0  noise_multiplier :  9.736328125
The R-Squared value of the best-fit curve : 0.999749898528281
learning rate =  0.01
sample_rate: (min) 0.03, (max) 0.61, expected_batch_size: 893
sample_rate: (min) 0.03, (max) 0.61, expected_batch_size: 896
sample_rate: (min) 0.03, (max) 0.61, expected_batch_size: 890
sample_rate: (min) 0.03, (max) 0.61, expected_batch_size: 881
sample_rate: (min) 0.03, (max) 0.61, expected_batch_size: 903
sample_rate: (min) 0.03, (max) 0.61, expected_batch_size: 886
sample_rate: (min) 0.03, (max) 0.61, expected_batch_size: 901
sample_rate: (min) 0.03, (max) 0.61, expected_batch_size: 914
sample_rate: (min) 0.03, (max) 0.61, expected_batch_size: 915
sample_rate: (min) 0.03, (max) 0.61, expected_batch_size: 908
sample_rate: (min) 0.03, (max) 0.61, expected_batch_size: 896
sample_rate: (min) 0.03, (max) 0.61, expected_batch_size: 917
sample_rate: (min) 0.03, (max) 0.61, expected_batch_size: 884
sample_rate: (min) 0.03, (max) 0.61, expected_batch_size: 897
sample_rate: (min) 0.03, (max) 0.61, expected_batch_size: 887
sample_rate: (min) 0.03, (max) 0.61, expected_batch_size: 897
sample_rate: (min) 0.03, (max) 0.61, expected_batch_size: 900
sample_rate: (min) 0.03, (max) 0.61, expected_batch_size: 923
sample_rate: (min) 0.03, (max) 0.61, expected_batch_size: 989
sample_rate: (min) 0.03, (max) 0.61, expected_batch_size: 986
initial privacy cost of all clients:  [0, 0, 0, 0, 0, 0, 0, 0, 0, 0, 0, 0, 0, 0, 0, 0, 0, 0, 0, 0]
Round=0
Round=1
Round=2
Round=3
Round=4
Round=5
Round=6
Round=7
Round=8
Round=9
Round=10
Round=11
Round=12
Round=13
Round=14
current privacy cost of all clients:  [3.5546114404122435, 3.804837257942653, 4.677972220314398, 4.055063075473062, 3.0541598053514245, 4.055063075473062, 2.502378076501911, 3.5546114404122435, 4.055063075473062, 3.804837257942653, 2.502378076501911, 3.804837257942653, 2.803933987821015, 3.304385622881834, 3.5546114404122435, 4.305288893003472, 3.5546114404122435, 4.510367156217049, 4.055063075473062, 3.304385622881834]
Round=14, per client global perf=[0.8765, 0.8775, 0.8696, 0.8765, 0.8951, 0.8804, 0.8676, 0.8735, 0.8618, 0.8824, 0.8716, 0.8598, 0.8745, 0.8775, 0.8696, 0.8755, 0.8902, 0.8775, 0.898, 0.8657], mean perf=17871/20400 (0.8760%)
Round=14, per client personal perf=[0.9304, 0.9382, 0.9412, 0.9559, 0.9451, 0.9324, 0.9196, 0.948, 0.9392, 0.9588, 0.9049, 0.9392, 0.952, 0.9471, 0.9441, 0.9392, 0.9412, 0.9422, 0.9402, 0.949], mean perf=19184/20400 (0.9404%)
Round=14, per client personal pooled=[0.9449, 0.9458, 0.9394, 0.9492, 0.9407, 0.9311, 0.9239, 0.9475, 0.9434, 0.95, 0.9081, 0.9473, 0.9423, 0.945, 0.9429, 0.939, 0.9463, 0.948, 0.9426, 0.9471], mean perf=384019/408000 (0.9412%)
Mean performance of ditto rpdp global, Perf=0.8797, seed=46
Mean performance of ditto rpdp personal, Perf=0.9396, seed=46
Mean performance of ditto rpdp pooled, Perf=0.9401, seed=46
Finished seed 46
----------------------------------------
=== Running reg_param=1.0, num_steps=15 ===
Running seed 42
/Users/shegao_t1/DP_Research/Personal_DP_Personal_FL/rpdp_fl/experiments/datasets/fed_mnist/iid_20

Client 0 label distribution:
[(0, 192), (1, 225), (2, 199), (3, 206), (4, 185), (5, 184), (6, 209), (7, 190), (8, 197), (9, 193)]

Client 1 label distribution:
[(0, 224), (1, 196), (2, 193), (3, 200), (4, 186), (5, 173), (6, 195), (7, 217), (8, 190), (9, 206)]

Client 2 label distribution:
[(0, 193), (1, 247), (2, 196), (3, 184), (4, 185), (5, 183), (6, 188), (7, 202), (8, 203), (9, 199)]

Client 3 label distribution:
[(0, 205), (1, 221), (2, 227), (3, 213), (4, 164), (5, 184), (6, 192), (7, 179), (8, 203), (9, 192)]

Client 4 label distribution:
[(0, 202), (1, 184), (2, 219), (3, 214), (4, 185), (5, 177), (6, 185), (7, 202), (8, 209), (9, 203)]

Client 5 label distribution:
[(0, 203), (1, 234), (2, 205), (3, 222), (4, 196), (5, 174), (6, 170), (7, 193), (8, 197), (9, 186)]

Client 6 label distribution:
[(0, 200), (1, 234), (2, 175), (3, 210), (4, 200), (5, 166), (6, 202), (7, 217), (8, 189), (9, 187)]

Client 7 label distribution:
[(0, 173), (1, 221), (2, 195), (3, 188), (4, 189), (5, 200), (6, 205), (7, 211), (8, 213), (9, 185)]

Client 8 label distribution:
[(0, 195), (1, 201), (2, 184), (3, 219), (4, 192), (5, 170), (6, 195), (7, 231), (8, 185), (9, 208)]

Client 9 label distribution:
[(0, 198), (1, 215), (2, 182), (3, 211), (4, 191), (5, 200), (6, 179), (7, 214), (8, 204), (9, 186)]

Client 10 label distribution:
[(0, 199), (1, 222), (2, 200), (3, 187), (4, 205), (5, 183), (6, 196), (7, 195), (8, 179), (9, 214)]

Client 11 label distribution:
[(0, 174), (1, 205), (2, 201), (3, 218), (4, 200), (5, 177), (6, 209), (7, 210), (8, 186), (9, 200)]

Client 12 label distribution:
[(0, 195), (1, 245), (2, 208), (3, 202), (4, 184), (5, 166), (6, 207), (7, 199), (8, 203), (9, 171)]

Client 13 label distribution:
[(0, 207), (1, 237), (2, 172), (3, 176), (4, 189), (5, 170), (6, 196), (7, 219), (8, 215), (9, 199)]

Client 14 label distribution:
[(0, 203), (1, 230), (2, 207), (3, 199), (4, 182), (5, 174), (6, 210), (7, 191), (8, 188), (9, 196)]

Client 15 label distribution:
[(0, 194), (1, 223), (2, 203), (3, 207), (4, 185), (5, 180), (6, 194), (7, 189), (8, 195), (9, 210)]

Client 16 label distribution:
[(0, 181), (1, 226), (2, 210), (3, 191), (4, 203), (5, 192), (6, 178), (7, 199), (8, 197), (9, 203)]

Client 17 label distribution:
[(0, 192), (1, 221), (2, 184), (3, 214), (4, 186), (5, 185), (6, 186), (7, 215), (8, 204), (9, 193)]

Client 18 label distribution:
[(0, 178), (1, 242), (2, 191), (3, 186), (4, 176), (5, 176), (6, 199), (7, 234), (8, 208), (9, 190)]

Client 19 label distribution:
[(0, 204), (1, 214), (2, 216), (3, 210), (4, 185), (5, 193), (6, 216), (7, 181), (8, 186), (9, 175)]
Client 0: avg epsilon = 3.6465
Client 1: avg epsilon = 3.6598
Client 2: avg epsilon = 3.6274
Client 3: avg epsilon = 3.5876
Client 4: avg epsilon = 3.6860
Client 5: avg epsilon = 3.6108
Client 6: avg epsilon = 3.6788
Client 7: avg epsilon = 3.7315
Client 8: avg epsilon = 3.7396
Client 9: avg epsilon = 3.7080
Client 10: avg epsilon = 3.6550
Client 11: avg epsilon = 3.7492
Client 12: avg epsilon = 3.6023
Client 13: avg epsilon = 3.6615
Client 14: avg epsilon = 3.6148
Client 15: avg epsilon = 3.6593
Client 16: avg epsilon = 3.6713
Client 17: avg epsilon = 3.7774
Client 18: avg epsilon = 4.0706
Client 19: avg epsilon = 4.0628
 We run FedAvg with rPDP (ThreeLevels-0) ...
max_epsilon :  10.0  noise_multiplier :  9.736328125
The R-Squared value of the best-fit curve : 0.999749898528281
learning rate =  0.01
sample_rate: (min) 0.03, (max) 0.61, expected_batch_size: 893
sample_rate: (min) 0.03, (max) 0.61, expected_batch_size: 896
sample_rate: (min) 0.03, (max) 0.61, expected_batch_size: 890
sample_rate: (min) 0.03, (max) 0.61, expected_batch_size: 881
sample_rate: (min) 0.03, (max) 0.61, expected_batch_size: 903
sample_rate: (min) 0.03, (max) 0.61, expected_batch_size: 886
sample_rate: (min) 0.03, (max) 0.61, expected_batch_size: 901
sample_rate: (min) 0.03, (max) 0.61, expected_batch_size: 914
sample_rate: (min) 0.03, (max) 0.61, expected_batch_size: 915
sample_rate: (min) 0.03, (max) 0.61, expected_batch_size: 908
sample_rate: (min) 0.03, (max) 0.61, expected_batch_size: 896
sample_rate: (min) 0.03, (max) 0.61, expected_batch_size: 917
sample_rate: (min) 0.03, (max) 0.61, expected_batch_size: 884
sample_rate: (min) 0.03, (max) 0.61, expected_batch_size: 897
sample_rate: (min) 0.03, (max) 0.61, expected_batch_size: 887
sample_rate: (min) 0.03, (max) 0.61, expected_batch_size: 897
sample_rate: (min) 0.03, (max) 0.61, expected_batch_size: 900
sample_rate: (min) 0.03, (max) 0.61, expected_batch_size: 923
sample_rate: (min) 0.03, (max) 0.61, expected_batch_size: 989
sample_rate: (min) 0.03, (max) 0.61, expected_batch_size: 986
initial privacy cost of all clients:  [0, 0, 0, 0, 0, 0, 0, 0, 0, 0, 0, 0, 0, 0, 0, 0, 0, 0, 0, 0]
Round=0
Round=1
Round=2
Round=3
Round=4
Round=5
Round=6
Round=7
Round=8
Round=9
Round=10
Round=11
Round=12
Round=13
Round=14
current privacy cost of all clients:  [3.0541598053514245, 3.304385622881834, 3.0541598053514245, 3.5546114404122435, 3.0541598053514245, 3.5546114404122435, 4.055063075473062, 4.055063075473062, 4.305288893003472, 3.804837257942653, 3.804837257942653, 3.304385622881834, 3.804837257942653, 3.0541598053514245, 3.804837257942653, 3.304385622881834, 3.804837257942653, 3.0541598053514245, 3.304385622881834, 2.803933987821015]
Round=14, per client global perf=[0.8539, 0.8529, 0.8539, 0.8471, 0.8667, 0.8549, 0.8451, 0.8627, 0.8569, 0.8696, 0.8608, 0.8529, 0.8618, 0.8637, 0.852, 0.8529, 0.8765, 0.851, 0.8725, 0.8569], mean perf=17508/20400 (0.8582%)
Round=14, per client personal perf=[0.8618, 0.8627, 0.852, 0.898, 0.8902, 0.8676, 0.8176, 0.8088, 0.8892, 0.8922, 0.8961, 0.9127, 0.8402, 0.8098, 0.9049, 0.8647, 0.8912, 0.8098, 0.899, 0.9088], mean perf=17725/20400 (0.8689%)
Round=14, per client personal pooled=[0.8719, 0.8748, 0.8708, 0.9014, 0.8765, 0.8685, 0.8208, 0.8069, 0.8722, 0.8824, 0.8946, 0.9116, 0.8539, 0.8258, 0.9008, 0.8647, 0.8811, 0.8173, 0.896, 0.9091], mean perf=354983/408000 (0.8701%)
Mean performance of ditto rpdp global, Perf=0.8609, seed=42
Mean performance of ditto rpdp personal, Perf=0.8589, seed=42
Mean performance of ditto rpdp pooled, Perf=0.8584, seed=42
Finished seed 42
----------------------------------------
Running seed 43
/Users/shegao_t1/DP_Research/Personal_DP_Personal_FL/rpdp_fl/experiments/datasets/fed_mnist/iid_20

Client 0 label distribution:
[(0, 192), (1, 225), (2, 199), (3, 206), (4, 185), (5, 184), (6, 209), (7, 190), (8, 197), (9, 193)]

Client 1 label distribution:
[(0, 224), (1, 196), (2, 193), (3, 200), (4, 186), (5, 173), (6, 195), (7, 217), (8, 190), (9, 206)]

Client 2 label distribution:
[(0, 193), (1, 247), (2, 196), (3, 184), (4, 185), (5, 183), (6, 188), (7, 202), (8, 203), (9, 199)]

Client 3 label distribution:
[(0, 205), (1, 221), (2, 227), (3, 213), (4, 164), (5, 184), (6, 192), (7, 179), (8, 203), (9, 192)]

Client 4 label distribution:
[(0, 202), (1, 184), (2, 219), (3, 214), (4, 185), (5, 177), (6, 185), (7, 202), (8, 209), (9, 203)]

Client 5 label distribution:
[(0, 203), (1, 234), (2, 205), (3, 222), (4, 196), (5, 174), (6, 170), (7, 193), (8, 197), (9, 186)]

Client 6 label distribution:
[(0, 200), (1, 234), (2, 175), (3, 210), (4, 200), (5, 166), (6, 202), (7, 217), (8, 189), (9, 187)]

Client 7 label distribution:
[(0, 173), (1, 221), (2, 195), (3, 188), (4, 189), (5, 200), (6, 205), (7, 211), (8, 213), (9, 185)]

Client 8 label distribution:
[(0, 195), (1, 201), (2, 184), (3, 219), (4, 192), (5, 170), (6, 195), (7, 231), (8, 185), (9, 208)]

Client 9 label distribution:
[(0, 198), (1, 215), (2, 182), (3, 211), (4, 191), (5, 200), (6, 179), (7, 214), (8, 204), (9, 186)]

Client 10 label distribution:
[(0, 199), (1, 222), (2, 200), (3, 187), (4, 205), (5, 183), (6, 196), (7, 195), (8, 179), (9, 214)]

Client 11 label distribution:
[(0, 174), (1, 205), (2, 201), (3, 218), (4, 200), (5, 177), (6, 209), (7, 210), (8, 186), (9, 200)]

Client 12 label distribution:
[(0, 195), (1, 245), (2, 208), (3, 202), (4, 184), (5, 166), (6, 207), (7, 199), (8, 203), (9, 171)]

Client 13 label distribution:
[(0, 207), (1, 237), (2, 172), (3, 176), (4, 189), (5, 170), (6, 196), (7, 219), (8, 215), (9, 199)]

Client 14 label distribution:
[(0, 203), (1, 230), (2, 207), (3, 199), (4, 182), (5, 174), (6, 210), (7, 191), (8, 188), (9, 196)]

Client 15 label distribution:
[(0, 194), (1, 223), (2, 203), (3, 207), (4, 185), (5, 180), (6, 194), (7, 189), (8, 195), (9, 210)]

Client 16 label distribution:
[(0, 181), (1, 226), (2, 210), (3, 191), (4, 203), (5, 192), (6, 178), (7, 199), (8, 197), (9, 203)]

Client 17 label distribution:
[(0, 192), (1, 221), (2, 184), (3, 214), (4, 186), (5, 185), (6, 186), (7, 215), (8, 204), (9, 193)]

Client 18 label distribution:
[(0, 178), (1, 242), (2, 191), (3, 186), (4, 176), (5, 176), (6, 199), (7, 234), (8, 208), (9, 190)]

Client 19 label distribution:
[(0, 204), (1, 214), (2, 216), (3, 210), (4, 185), (5, 193), (6, 216), (7, 181), (8, 186), (9, 175)]
Client 0: avg epsilon = 3.6465
Client 1: avg epsilon = 3.6598
Client 2: avg epsilon = 3.6274
Client 3: avg epsilon = 3.5876
Client 4: avg epsilon = 3.6860
Client 5: avg epsilon = 3.6108
Client 6: avg epsilon = 3.6788
Client 7: avg epsilon = 3.7315
Client 8: avg epsilon = 3.7396
Client 9: avg epsilon = 3.7080
Client 10: avg epsilon = 3.6550
Client 11: avg epsilon = 3.7492
Client 12: avg epsilon = 3.6023
Client 13: avg epsilon = 3.6615
Client 14: avg epsilon = 3.6148
Client 15: avg epsilon = 3.6593
Client 16: avg epsilon = 3.6713
Client 17: avg epsilon = 3.7774
Client 18: avg epsilon = 4.0706
Client 19: avg epsilon = 4.0628
 We run FedAvg with rPDP (ThreeLevels-0) ...
max_epsilon :  10.0  noise_multiplier :  9.736328125
The R-Squared value of the best-fit curve : 0.999749898528281
learning rate =  0.01
sample_rate: (min) 0.03, (max) 0.61, expected_batch_size: 893
sample_rate: (min) 0.03, (max) 0.61, expected_batch_size: 896
sample_rate: (min) 0.03, (max) 0.61, expected_batch_size: 890
sample_rate: (min) 0.03, (max) 0.61, expected_batch_size: 881
sample_rate: (min) 0.03, (max) 0.61, expected_batch_size: 903
sample_rate: (min) 0.03, (max) 0.61, expected_batch_size: 886
sample_rate: (min) 0.03, (max) 0.61, expected_batch_size: 901
sample_rate: (min) 0.03, (max) 0.61, expected_batch_size: 914
sample_rate: (min) 0.03, (max) 0.61, expected_batch_size: 915
sample_rate: (min) 0.03, (max) 0.61, expected_batch_size: 908
sample_rate: (min) 0.03, (max) 0.61, expected_batch_size: 896
sample_rate: (min) 0.03, (max) 0.61, expected_batch_size: 917
sample_rate: (min) 0.03, (max) 0.61, expected_batch_size: 884
sample_rate: (min) 0.03, (max) 0.61, expected_batch_size: 897
sample_rate: (min) 0.03, (max) 0.61, expected_batch_size: 887
sample_rate: (min) 0.03, (max) 0.61, expected_batch_size: 897
sample_rate: (min) 0.03, (max) 0.61, expected_batch_size: 900
sample_rate: (min) 0.03, (max) 0.61, expected_batch_size: 923
sample_rate: (min) 0.03, (max) 0.61, expected_batch_size: 989
sample_rate: (min) 0.03, (max) 0.61, expected_batch_size: 986
initial privacy cost of all clients:  [0, 0, 0, 0, 0, 0, 0, 0, 0, 0, 0, 0, 0, 0, 0, 0, 0, 0, 0, 0]
Round=0
Round=1
Round=2
Round=3
Round=4
Round=5
Round=6
Round=7
Round=8
Round=9
Round=10
Round=11
Round=12
Round=13
Round=14
current privacy cost of all clients:  [3.304385622881834, 3.304385622881834, 2.803933987821015, 3.804837257942653, 2.803933987821015, 3.804837257942653, 3.304385622881834, 3.304385622881834, 3.304385622881834, 4.510367156217049, 3.804837257942653, 3.5546114404122435, 3.5546114404122435, 3.304385622881834, 4.055063075473062, 3.304385622881834, 3.804837257942653, 3.304385622881834, 3.304385622881834, 3.0541598053514245]
Round=14, per client global perf=[0.8902, 0.8902, 0.8961, 0.9059, 0.8951, 0.8853, 0.8755, 0.8843, 0.8941, 0.901, 0.8833, 0.8824, 0.8755, 0.8873, 0.8931, 0.8892, 0.899, 0.8784, 0.9069, 0.8765], mean perf=18145/20400 (0.8895%)
Round=14, per client personal perf=[0.898, 0.8912, 0.8245, 0.8618, 0.8647, 0.7971, 0.7637, 0.9275, 0.9059, 0.9039, 0.8657, 0.8441, 0.8461, 0.8716, 0.7657, 0.8657, 0.8471, 0.8088, 0.8716, 0.9108], mean perf=17478/20400 (0.8568%)
Round=14, per client personal pooled=[0.8967, 0.895, 0.8201, 0.8419, 0.8436, 0.8051, 0.7736, 0.9204, 0.9038, 0.8961, 0.8699, 0.8583, 0.8669, 0.8803, 0.775, 0.8567, 0.8378, 0.8043, 0.8675, 0.9054], mean perf=349217/408000 (0.8559%)
Mean performance of ditto rpdp global, Perf=0.8860, seed=43
Mean performance of ditto rpdp personal, Perf=0.8670, seed=43
Mean performance of ditto rpdp pooled, Perf=0.8662, seed=43
Finished seed 43
----------------------------------------
Running seed 44
/Users/shegao_t1/DP_Research/Personal_DP_Personal_FL/rpdp_fl/experiments/datasets/fed_mnist/iid_20

Client 0 label distribution:
[(0, 192), (1, 225), (2, 199), (3, 206), (4, 185), (5, 184), (6, 209), (7, 190), (8, 197), (9, 193)]

Client 1 label distribution:
[(0, 224), (1, 196), (2, 193), (3, 200), (4, 186), (5, 173), (6, 195), (7, 217), (8, 190), (9, 206)]

Client 2 label distribution:
[(0, 193), (1, 247), (2, 196), (3, 184), (4, 185), (5, 183), (6, 188), (7, 202), (8, 203), (9, 199)]

Client 3 label distribution:
[(0, 205), (1, 221), (2, 227), (3, 213), (4, 164), (5, 184), (6, 192), (7, 179), (8, 203), (9, 192)]

Client 4 label distribution:
[(0, 202), (1, 184), (2, 219), (3, 214), (4, 185), (5, 177), (6, 185), (7, 202), (8, 209), (9, 203)]

Client 5 label distribution:
[(0, 203), (1, 234), (2, 205), (3, 222), (4, 196), (5, 174), (6, 170), (7, 193), (8, 197), (9, 186)]

Client 6 label distribution:
[(0, 200), (1, 234), (2, 175), (3, 210), (4, 200), (5, 166), (6, 202), (7, 217), (8, 189), (9, 187)]

Client 7 label distribution:
[(0, 173), (1, 221), (2, 195), (3, 188), (4, 189), (5, 200), (6, 205), (7, 211), (8, 213), (9, 185)]

Client 8 label distribution:
[(0, 195), (1, 201), (2, 184), (3, 219), (4, 192), (5, 170), (6, 195), (7, 231), (8, 185), (9, 208)]

Client 9 label distribution:
[(0, 198), (1, 215), (2, 182), (3, 211), (4, 191), (5, 200), (6, 179), (7, 214), (8, 204), (9, 186)]

Client 10 label distribution:
[(0, 199), (1, 222), (2, 200), (3, 187), (4, 205), (5, 183), (6, 196), (7, 195), (8, 179), (9, 214)]

Client 11 label distribution:
[(0, 174), (1, 205), (2, 201), (3, 218), (4, 200), (5, 177), (6, 209), (7, 210), (8, 186), (9, 200)]

Client 12 label distribution:
[(0, 195), (1, 245), (2, 208), (3, 202), (4, 184), (5, 166), (6, 207), (7, 199), (8, 203), (9, 171)]

Client 13 label distribution:
[(0, 207), (1, 237), (2, 172), (3, 176), (4, 189), (5, 170), (6, 196), (7, 219), (8, 215), (9, 199)]

Client 14 label distribution:
[(0, 203), (1, 230), (2, 207), (3, 199), (4, 182), (5, 174), (6, 210), (7, 191), (8, 188), (9, 196)]

Client 15 label distribution:
[(0, 194), (1, 223), (2, 203), (3, 207), (4, 185), (5, 180), (6, 194), (7, 189), (8, 195), (9, 210)]

Client 16 label distribution:
[(0, 181), (1, 226), (2, 210), (3, 191), (4, 203), (5, 192), (6, 178), (7, 199), (8, 197), (9, 203)]

Client 17 label distribution:
[(0, 192), (1, 221), (2, 184), (3, 214), (4, 186), (5, 185), (6, 186), (7, 215), (8, 204), (9, 193)]

Client 18 label distribution:
[(0, 178), (1, 242), (2, 191), (3, 186), (4, 176), (5, 176), (6, 199), (7, 234), (8, 208), (9, 190)]

Client 19 label distribution:
[(0, 204), (1, 214), (2, 216), (3, 210), (4, 185), (5, 193), (6, 216), (7, 181), (8, 186), (9, 175)]
Client 0: avg epsilon = 3.6465
Client 1: avg epsilon = 3.6598
Client 2: avg epsilon = 3.6274
Client 3: avg epsilon = 3.5876
Client 4: avg epsilon = 3.6860
Client 5: avg epsilon = 3.6108
Client 6: avg epsilon = 3.6788
Client 7: avg epsilon = 3.7315
Client 8: avg epsilon = 3.7396
Client 9: avg epsilon = 3.7080
Client 10: avg epsilon = 3.6550
Client 11: avg epsilon = 3.7492
Client 12: avg epsilon = 3.6023
Client 13: avg epsilon = 3.6615
Client 14: avg epsilon = 3.6148
Client 15: avg epsilon = 3.6593
Client 16: avg epsilon = 3.6713
Client 17: avg epsilon = 3.7774
Client 18: avg epsilon = 4.0706
Client 19: avg epsilon = 4.0628
 We run FedAvg with rPDP (ThreeLevels-0) ...
max_epsilon :  10.0  noise_multiplier :  9.736328125
The R-Squared value of the best-fit curve : 0.999749898528281
learning rate =  0.01
sample_rate: (min) 0.03, (max) 0.61, expected_batch_size: 893
sample_rate: (min) 0.03, (max) 0.61, expected_batch_size: 896
sample_rate: (min) 0.03, (max) 0.61, expected_batch_size: 890
sample_rate: (min) 0.03, (max) 0.61, expected_batch_size: 881
sample_rate: (min) 0.03, (max) 0.61, expected_batch_size: 903
sample_rate: (min) 0.03, (max) 0.61, expected_batch_size: 886
sample_rate: (min) 0.03, (max) 0.61, expected_batch_size: 901
sample_rate: (min) 0.03, (max) 0.61, expected_batch_size: 914
sample_rate: (min) 0.03, (max) 0.61, expected_batch_size: 915
sample_rate: (min) 0.03, (max) 0.61, expected_batch_size: 908
sample_rate: (min) 0.03, (max) 0.61, expected_batch_size: 896
sample_rate: (min) 0.03, (max) 0.61, expected_batch_size: 917
sample_rate: (min) 0.03, (max) 0.61, expected_batch_size: 884
sample_rate: (min) 0.03, (max) 0.61, expected_batch_size: 897
sample_rate: (min) 0.03, (max) 0.61, expected_batch_size: 887
sample_rate: (min) 0.03, (max) 0.61, expected_batch_size: 897
sample_rate: (min) 0.03, (max) 0.61, expected_batch_size: 900
sample_rate: (min) 0.03, (max) 0.61, expected_batch_size: 923
sample_rate: (min) 0.03, (max) 0.61, expected_batch_size: 989
sample_rate: (min) 0.03, (max) 0.61, expected_batch_size: 986
initial privacy cost of all clients:  [0, 0, 0, 0, 0, 0, 0, 0, 0, 0, 0, 0, 0, 0, 0, 0, 0, 0, 0, 0]
Round=0
Round=1
Round=2
Round=3
Round=4
Round=5
Round=6
Round=7
Round=8
Round=9
Round=10
Round=11
Round=12
Round=13
Round=14
current privacy cost of all clients:  [3.804837257942653, 4.305288893003472, 3.804837257942653, 2.803933987821015, 3.5546114404122435, 3.304385622881834, 4.055063075473062, 3.0541598053514245, 3.5546114404122435, 2.803933987821015, 4.055063075473062, 4.305288893003472, 4.055063075473062, 3.304385622881834, 3.804837257942653, 3.5546114404122435, 2.502378076501911, 3.304385622881834, 3.0541598053514245, 3.804837257942653]
Round=14, per client global perf=[0.9078, 0.8951, 0.9098, 0.9098, 0.9265, 0.9167, 0.8941, 0.9265, 0.9176, 0.9088, 0.9029, 0.8951, 0.9029, 0.9157, 0.9059, 0.9196, 0.9235, 0.9049, 0.9225, 0.9118], mean perf=18582/20400 (0.9109%)
Round=14, per client personal perf=[0.8441, 0.8363, 0.8392, 0.8284, 0.9157, 0.8, 0.9206, 0.752, 0.9353, 0.9078, 0.8892, 0.8451, 0.8588, 0.9255, 0.8853, 0.8824, 0.8373, 0.8686, 0.9284, 0.851], mean perf=17698/20400 (0.8675%)
Round=14, per client personal pooled=[0.8369, 0.8451, 0.8407, 0.8402, 0.9077, 0.7864, 0.921, 0.739, 0.9324, 0.911, 0.889, 0.8526, 0.861, 0.9195, 0.8793, 0.8956, 0.8225, 0.8644, 0.9068, 0.8389], mean perf=352717/408000 (0.8645%)
Mean performance of ditto rpdp global, Perf=0.8978, seed=44
Mean performance of ditto rpdp personal, Perf=0.8613, seed=44
Mean performance of ditto rpdp pooled, Perf=0.8610, seed=44
Finished seed 44
----------------------------------------
Running seed 45
/Users/shegao_t1/DP_Research/Personal_DP_Personal_FL/rpdp_fl/experiments/datasets/fed_mnist/iid_20

Client 0 label distribution:
[(0, 192), (1, 225), (2, 199), (3, 206), (4, 185), (5, 184), (6, 209), (7, 190), (8, 197), (9, 193)]

Client 1 label distribution:
[(0, 224), (1, 196), (2, 193), (3, 200), (4, 186), (5, 173), (6, 195), (7, 217), (8, 190), (9, 206)]

Client 2 label distribution:
[(0, 193), (1, 247), (2, 196), (3, 184), (4, 185), (5, 183), (6, 188), (7, 202), (8, 203), (9, 199)]

Client 3 label distribution:
[(0, 205), (1, 221), (2, 227), (3, 213), (4, 164), (5, 184), (6, 192), (7, 179), (8, 203), (9, 192)]

Client 4 label distribution:
[(0, 202), (1, 184), (2, 219), (3, 214), (4, 185), (5, 177), (6, 185), (7, 202), (8, 209), (9, 203)]

Client 5 label distribution:
[(0, 203), (1, 234), (2, 205), (3, 222), (4, 196), (5, 174), (6, 170), (7, 193), (8, 197), (9, 186)]

Client 6 label distribution:
[(0, 200), (1, 234), (2, 175), (3, 210), (4, 200), (5, 166), (6, 202), (7, 217), (8, 189), (9, 187)]

Client 7 label distribution:
[(0, 173), (1, 221), (2, 195), (3, 188), (4, 189), (5, 200), (6, 205), (7, 211), (8, 213), (9, 185)]

Client 8 label distribution:
[(0, 195), (1, 201), (2, 184), (3, 219), (4, 192), (5, 170), (6, 195), (7, 231), (8, 185), (9, 208)]

Client 9 label distribution:
[(0, 198), (1, 215), (2, 182), (3, 211), (4, 191), (5, 200), (6, 179), (7, 214), (8, 204), (9, 186)]

Client 10 label distribution:
[(0, 199), (1, 222), (2, 200), (3, 187), (4, 205), (5, 183), (6, 196), (7, 195), (8, 179), (9, 214)]

Client 11 label distribution:
[(0, 174), (1, 205), (2, 201), (3, 218), (4, 200), (5, 177), (6, 209), (7, 210), (8, 186), (9, 200)]

Client 12 label distribution:
[(0, 195), (1, 245), (2, 208), (3, 202), (4, 184), (5, 166), (6, 207), (7, 199), (8, 203), (9, 171)]

Client 13 label distribution:
[(0, 207), (1, 237), (2, 172), (3, 176), (4, 189), (5, 170), (6, 196), (7, 219), (8, 215), (9, 199)]

Client 14 label distribution:
[(0, 203), (1, 230), (2, 207), (3, 199), (4, 182), (5, 174), (6, 210), (7, 191), (8, 188), (9, 196)]

Client 15 label distribution:
[(0, 194), (1, 223), (2, 203), (3, 207), (4, 185), (5, 180), (6, 194), (7, 189), (8, 195), (9, 210)]

Client 16 label distribution:
[(0, 181), (1, 226), (2, 210), (3, 191), (4, 203), (5, 192), (6, 178), (7, 199), (8, 197), (9, 203)]

Client 17 label distribution:
[(0, 192), (1, 221), (2, 184), (3, 214), (4, 186), (5, 185), (6, 186), (7, 215), (8, 204), (9, 193)]

Client 18 label distribution:
[(0, 178), (1, 242), (2, 191), (3, 186), (4, 176), (5, 176), (6, 199), (7, 234), (8, 208), (9, 190)]

Client 19 label distribution:
[(0, 204), (1, 214), (2, 216), (3, 210), (4, 185), (5, 193), (6, 216), (7, 181), (8, 186), (9, 175)]
Client 0: avg epsilon = 3.6465
Client 1: avg epsilon = 3.6598
Client 2: avg epsilon = 3.6274
Client 3: avg epsilon = 3.5876
Client 4: avg epsilon = 3.6860
Client 5: avg epsilon = 3.6108
Client 6: avg epsilon = 3.6788
Client 7: avg epsilon = 3.7315
Client 8: avg epsilon = 3.7396
Client 9: avg epsilon = 3.7080
Client 10: avg epsilon = 3.6550
Client 11: avg epsilon = 3.7492
Client 12: avg epsilon = 3.6023
Client 13: avg epsilon = 3.6615
Client 14: avg epsilon = 3.6148
Client 15: avg epsilon = 3.6593
Client 16: avg epsilon = 3.6713
Client 17: avg epsilon = 3.7774
Client 18: avg epsilon = 4.0706
Client 19: avg epsilon = 4.0628
 We run FedAvg with rPDP (ThreeLevels-0) ...
max_epsilon :  10.0  noise_multiplier :  9.736328125
The R-Squared value of the best-fit curve : 0.999749898528281
learning rate =  0.01
sample_rate: (min) 0.03, (max) 0.61, expected_batch_size: 893
sample_rate: (min) 0.03, (max) 0.61, expected_batch_size: 896
sample_rate: (min) 0.03, (max) 0.61, expected_batch_size: 890
sample_rate: (min) 0.03, (max) 0.61, expected_batch_size: 881
sample_rate: (min) 0.03, (max) 0.61, expected_batch_size: 903
sample_rate: (min) 0.03, (max) 0.61, expected_batch_size: 886
sample_rate: (min) 0.03, (max) 0.61, expected_batch_size: 901
sample_rate: (min) 0.03, (max) 0.61, expected_batch_size: 914
sample_rate: (min) 0.03, (max) 0.61, expected_batch_size: 915
sample_rate: (min) 0.03, (max) 0.61, expected_batch_size: 908
sample_rate: (min) 0.03, (max) 0.61, expected_batch_size: 896
sample_rate: (min) 0.03, (max) 0.61, expected_batch_size: 917
sample_rate: (min) 0.03, (max) 0.61, expected_batch_size: 884
sample_rate: (min) 0.03, (max) 0.61, expected_batch_size: 897
sample_rate: (min) 0.03, (max) 0.61, expected_batch_size: 887
sample_rate: (min) 0.03, (max) 0.61, expected_batch_size: 897
sample_rate: (min) 0.03, (max) 0.61, expected_batch_size: 900
sample_rate: (min) 0.03, (max) 0.61, expected_batch_size: 923
sample_rate: (min) 0.03, (max) 0.61, expected_batch_size: 989
sample_rate: (min) 0.03, (max) 0.61, expected_batch_size: 986
initial privacy cost of all clients:  [0, 0, 0, 0, 0, 0, 0, 0, 0, 0, 0, 0, 0, 0, 0, 0, 0, 0, 0, 0]
Round=0
Round=1
Round=2
Round=3
Round=4
Round=5
Round=6
Round=7
Round=8
Round=9
Round=10
Round=11
Round=12
Round=13
Round=14
current privacy cost of all clients:  [3.304385622881834, 3.0541598053514245, 4.055063075473062, 3.0541598053514245, 3.304385622881834, 3.5546114404122435, 3.5546114404122435, 3.0541598053514245, 3.5546114404122435, 3.804837257942653, 4.055063075473062, 3.804837257942653, 3.0541598053514245, 2.803933987821015, 3.304385622881834, 3.5546114404122435, 3.5546114404122435, 2.803933987821015, 3.304385622881834, 3.804837257942653]
Round=14, per client global perf=[0.8667, 0.8676, 0.8814, 0.8676, 0.8804, 0.8814, 0.8627, 0.8804, 0.8853, 0.8755, 0.8765, 0.8735, 0.8725, 0.8814, 0.8775, 0.8676, 0.8618, 0.8706, 0.8833, 0.8765], mean perf=17840/20400 (0.8745%)
Round=14, per client personal perf=[0.8775, 0.8804, 0.8716, 0.8167, 0.8745, 0.9324, 0.8608, 0.9049, 0.7255, 0.8578, 0.8941, 0.7529, 0.8735, 0.9078, 0.7402, 0.8775, 0.9029, 0.8725, 0.8863, 0.901], mean perf=17555/20400 (0.8605%)
Round=14, per client personal pooled=[0.8823, 0.8843, 0.8791, 0.8294, 0.8787, 0.9258, 0.8507, 0.8801, 0.725, 0.856, 0.9093, 0.7772, 0.8858, 0.9087, 0.7538, 0.8806, 0.8972, 0.8766, 0.8868, 0.9004], mean perf=352264/408000 (0.8634%)
Mean performance of ditto rpdp global, Perf=0.8785, seed=45
Mean performance of ditto rpdp personal, Perf=0.8516, seed=45
Mean performance of ditto rpdp pooled, Perf=0.8547, seed=45
Finished seed 45
----------------------------------------
Running seed 46
/Users/shegao_t1/DP_Research/Personal_DP_Personal_FL/rpdp_fl/experiments/datasets/fed_mnist/iid_20

Client 0 label distribution:
[(0, 192), (1, 225), (2, 199), (3, 206), (4, 185), (5, 184), (6, 209), (7, 190), (8, 197), (9, 193)]

Client 1 label distribution:
[(0, 224), (1, 196), (2, 193), (3, 200), (4, 186), (5, 173), (6, 195), (7, 217), (8, 190), (9, 206)]

Client 2 label distribution:
[(0, 193), (1, 247), (2, 196), (3, 184), (4, 185), (5, 183), (6, 188), (7, 202), (8, 203), (9, 199)]

Client 3 label distribution:
[(0, 205), (1, 221), (2, 227), (3, 213), (4, 164), (5, 184), (6, 192), (7, 179), (8, 203), (9, 192)]

Client 4 label distribution:
[(0, 202), (1, 184), (2, 219), (3, 214), (4, 185), (5, 177), (6, 185), (7, 202), (8, 209), (9, 203)]

Client 5 label distribution:
[(0, 203), (1, 234), (2, 205), (3, 222), (4, 196), (5, 174), (6, 170), (7, 193), (8, 197), (9, 186)]

Client 6 label distribution:
[(0, 200), (1, 234), (2, 175), (3, 210), (4, 200), (5, 166), (6, 202), (7, 217), (8, 189), (9, 187)]

Client 7 label distribution:
[(0, 173), (1, 221), (2, 195), (3, 188), (4, 189), (5, 200), (6, 205), (7, 211), (8, 213), (9, 185)]

Client 8 label distribution:
[(0, 195), (1, 201), (2, 184), (3, 219), (4, 192), (5, 170), (6, 195), (7, 231), (8, 185), (9, 208)]

Client 9 label distribution:
[(0, 198), (1, 215), (2, 182), (3, 211), (4, 191), (5, 200), (6, 179), (7, 214), (8, 204), (9, 186)]

Client 10 label distribution:
[(0, 199), (1, 222), (2, 200), (3, 187), (4, 205), (5, 183), (6, 196), (7, 195), (8, 179), (9, 214)]

Client 11 label distribution:
[(0, 174), (1, 205), (2, 201), (3, 218), (4, 200), (5, 177), (6, 209), (7, 210), (8, 186), (9, 200)]

Client 12 label distribution:
[(0, 195), (1, 245), (2, 208), (3, 202), (4, 184), (5, 166), (6, 207), (7, 199), (8, 203), (9, 171)]

Client 13 label distribution:
[(0, 207), (1, 237), (2, 172), (3, 176), (4, 189), (5, 170), (6, 196), (7, 219), (8, 215), (9, 199)]

Client 14 label distribution:
[(0, 203), (1, 230), (2, 207), (3, 199), (4, 182), (5, 174), (6, 210), (7, 191), (8, 188), (9, 196)]

Client 15 label distribution:
[(0, 194), (1, 223), (2, 203), (3, 207), (4, 185), (5, 180), (6, 194), (7, 189), (8, 195), (9, 210)]

Client 16 label distribution:
[(0, 181), (1, 226), (2, 210), (3, 191), (4, 203), (5, 192), (6, 178), (7, 199), (8, 197), (9, 203)]

Client 17 label distribution:
[(0, 192), (1, 221), (2, 184), (3, 214), (4, 186), (5, 185), (6, 186), (7, 215), (8, 204), (9, 193)]

Client 18 label distribution:
[(0, 178), (1, 242), (2, 191), (3, 186), (4, 176), (5, 176), (6, 199), (7, 234), (8, 208), (9, 190)]

Client 19 label distribution:
[(0, 204), (1, 214), (2, 216), (3, 210), (4, 185), (5, 193), (6, 216), (7, 181), (8, 186), (9, 175)]
Client 0: avg epsilon = 3.6465
Client 1: avg epsilon = 3.6598
Client 2: avg epsilon = 3.6274
Client 3: avg epsilon = 3.5876
Client 4: avg epsilon = 3.6860
Client 5: avg epsilon = 3.6108
Client 6: avg epsilon = 3.6788
Client 7: avg epsilon = 3.7315
Client 8: avg epsilon = 3.7396
Client 9: avg epsilon = 3.7080
Client 10: avg epsilon = 3.6550
Client 11: avg epsilon = 3.7492
Client 12: avg epsilon = 3.6023
Client 13: avg epsilon = 3.6615
Client 14: avg epsilon = 3.6148
Client 15: avg epsilon = 3.6593
Client 16: avg epsilon = 3.6713
Client 17: avg epsilon = 3.7774
Client 18: avg epsilon = 4.0706
Client 19: avg epsilon = 4.0628
 We run FedAvg with rPDP (ThreeLevels-0) ...
max_epsilon :  10.0  noise_multiplier :  9.736328125
The R-Squared value of the best-fit curve : 0.999749898528281
learning rate =  0.01
sample_rate: (min) 0.03, (max) 0.61, expected_batch_size: 893
sample_rate: (min) 0.03, (max) 0.61, expected_batch_size: 896
sample_rate: (min) 0.03, (max) 0.61, expected_batch_size: 890
sample_rate: (min) 0.03, (max) 0.61, expected_batch_size: 881
sample_rate: (min) 0.03, (max) 0.61, expected_batch_size: 903
sample_rate: (min) 0.03, (max) 0.61, expected_batch_size: 886
sample_rate: (min) 0.03, (max) 0.61, expected_batch_size: 901
sample_rate: (min) 0.03, (max) 0.61, expected_batch_size: 914
sample_rate: (min) 0.03, (max) 0.61, expected_batch_size: 915
sample_rate: (min) 0.03, (max) 0.61, expected_batch_size: 908
sample_rate: (min) 0.03, (max) 0.61, expected_batch_size: 896
sample_rate: (min) 0.03, (max) 0.61, expected_batch_size: 917
sample_rate: (min) 0.03, (max) 0.61, expected_batch_size: 884
sample_rate: (min) 0.03, (max) 0.61, expected_batch_size: 897
sample_rate: (min) 0.03, (max) 0.61, expected_batch_size: 887
sample_rate: (min) 0.03, (max) 0.61, expected_batch_size: 897
sample_rate: (min) 0.03, (max) 0.61, expected_batch_size: 900
sample_rate: (min) 0.03, (max) 0.61, expected_batch_size: 923
sample_rate: (min) 0.03, (max) 0.61, expected_batch_size: 989
sample_rate: (min) 0.03, (max) 0.61, expected_batch_size: 986
initial privacy cost of all clients:  [0, 0, 0, 0, 0, 0, 0, 0, 0, 0, 0, 0, 0, 0, 0, 0, 0, 0, 0, 0]
Round=0
Round=1
Round=2
Round=3
Round=4
Round=5
Round=6
Round=7
Round=8
Round=9
Round=10
Round=11
Round=12
Round=13
Round=14
current privacy cost of all clients:  [3.5546114404122435, 3.804837257942653, 4.677972220314398, 4.055063075473062, 3.0541598053514245, 4.055063075473062, 2.502378076501911, 3.5546114404122435, 4.055063075473062, 3.804837257942653, 2.502378076501911, 3.804837257942653, 2.803933987821015, 3.304385622881834, 3.5546114404122435, 4.305288893003472, 3.5546114404122435, 4.510367156217049, 4.055063075473062, 3.304385622881834]
Round=14, per client global perf=[0.8765, 0.8775, 0.8696, 0.8765, 0.8951, 0.8804, 0.8676, 0.8735, 0.8618, 0.8824, 0.8716, 0.8598, 0.8745, 0.8775, 0.8696, 0.8755, 0.8902, 0.8775, 0.898, 0.8657], mean perf=17871/20400 (0.8760%)
Round=14, per client personal perf=[0.8412, 0.8853, 0.8971, 0.6451, 0.8745, 0.8951, 0.8647, 0.848, 0.8912, 0.7882, 0.8225, 0.8608, 0.8167, 0.898, 0.7725, 0.8324, 0.7853, 0.7618, 0.9176, 0.7745], mean perf=17006/20400 (0.8336%)
Round=14, per client personal pooled=[0.8337, 0.8857, 0.8868, 0.6708, 0.8601, 0.8921, 0.8649, 0.8482, 0.8923, 0.8094, 0.8285, 0.8761, 0.8463, 0.8954, 0.7925, 0.8388, 0.7764, 0.7712, 0.9019, 0.7738], mean perf=341595/408000 (0.8372%)
Mean performance of ditto rpdp global, Perf=0.8797, seed=46
Mean performance of ditto rpdp personal, Perf=0.8314, seed=46
Mean performance of ditto rpdp pooled, Perf=0.8349, seed=46
Finished seed 46
----------------------------------------
=== Running reg_param=10, num_steps=15 ===
Running seed 42
/Users/shegao_t1/DP_Research/Personal_DP_Personal_FL/rpdp_fl/experiments/datasets/fed_mnist/iid_20

Client 0 label distribution:
[(0, 192), (1, 225), (2, 199), (3, 206), (4, 185), (5, 184), (6, 209), (7, 190), (8, 197), (9, 193)]

Client 1 label distribution:
[(0, 224), (1, 196), (2, 193), (3, 200), (4, 186), (5, 173), (6, 195), (7, 217), (8, 190), (9, 206)]

Client 2 label distribution:
[(0, 193), (1, 247), (2, 196), (3, 184), (4, 185), (5, 183), (6, 188), (7, 202), (8, 203), (9, 199)]

Client 3 label distribution:
[(0, 205), (1, 221), (2, 227), (3, 213), (4, 164), (5, 184), (6, 192), (7, 179), (8, 203), (9, 192)]

Client 4 label distribution:
[(0, 202), (1, 184), (2, 219), (3, 214), (4, 185), (5, 177), (6, 185), (7, 202), (8, 209), (9, 203)]

Client 5 label distribution:
[(0, 203), (1, 234), (2, 205), (3, 222), (4, 196), (5, 174), (6, 170), (7, 193), (8, 197), (9, 186)]

Client 6 label distribution:
[(0, 200), (1, 234), (2, 175), (3, 210), (4, 200), (5, 166), (6, 202), (7, 217), (8, 189), (9, 187)]

Client 7 label distribution:
[(0, 173), (1, 221), (2, 195), (3, 188), (4, 189), (5, 200), (6, 205), (7, 211), (8, 213), (9, 185)]

Client 8 label distribution:
[(0, 195), (1, 201), (2, 184), (3, 219), (4, 192), (5, 170), (6, 195), (7, 231), (8, 185), (9, 208)]

Client 9 label distribution:
[(0, 198), (1, 215), (2, 182), (3, 211), (4, 191), (5, 200), (6, 179), (7, 214), (8, 204), (9, 186)]

Client 10 label distribution:
[(0, 199), (1, 222), (2, 200), (3, 187), (4, 205), (5, 183), (6, 196), (7, 195), (8, 179), (9, 214)]

Client 11 label distribution:
[(0, 174), (1, 205), (2, 201), (3, 218), (4, 200), (5, 177), (6, 209), (7, 210), (8, 186), (9, 200)]

Client 12 label distribution:
[(0, 195), (1, 245), (2, 208), (3, 202), (4, 184), (5, 166), (6, 207), (7, 199), (8, 203), (9, 171)]

Client 13 label distribution:
[(0, 207), (1, 237), (2, 172), (3, 176), (4, 189), (5, 170), (6, 196), (7, 219), (8, 215), (9, 199)]

Client 14 label distribution:
[(0, 203), (1, 230), (2, 207), (3, 199), (4, 182), (5, 174), (6, 210), (7, 191), (8, 188), (9, 196)]

Client 15 label distribution:
[(0, 194), (1, 223), (2, 203), (3, 207), (4, 185), (5, 180), (6, 194), (7, 189), (8, 195), (9, 210)]

Client 16 label distribution:
[(0, 181), (1, 226), (2, 210), (3, 191), (4, 203), (5, 192), (6, 178), (7, 199), (8, 197), (9, 203)]

Client 17 label distribution:
[(0, 192), (1, 221), (2, 184), (3, 214), (4, 186), (5, 185), (6, 186), (7, 215), (8, 204), (9, 193)]

Client 18 label distribution:
[(0, 178), (1, 242), (2, 191), (3, 186), (4, 176), (5, 176), (6, 199), (7, 234), (8, 208), (9, 190)]

Client 19 label distribution:
[(0, 204), (1, 214), (2, 216), (3, 210), (4, 185), (5, 193), (6, 216), (7, 181), (8, 186), (9, 175)]
Client 0: avg epsilon = 3.6465
Client 1: avg epsilon = 3.6598
Client 2: avg epsilon = 3.6274
Client 3: avg epsilon = 3.5876
Client 4: avg epsilon = 3.6860
Client 5: avg epsilon = 3.6108
Client 6: avg epsilon = 3.6788
Client 7: avg epsilon = 3.7315
Client 8: avg epsilon = 3.7396
Client 9: avg epsilon = 3.7080
Client 10: avg epsilon = 3.6550
Client 11: avg epsilon = 3.7492
Client 12: avg epsilon = 3.6023
Client 13: avg epsilon = 3.6615
Client 14: avg epsilon = 3.6148
Client 15: avg epsilon = 3.6593
Client 16: avg epsilon = 3.6713
Client 17: avg epsilon = 3.7774
Client 18: avg epsilon = 4.0706
Client 19: avg epsilon = 4.0628
 We run FedAvg with rPDP (ThreeLevels-0) ...
max_epsilon :  10.0  noise_multiplier :  9.736328125
The R-Squared value of the best-fit curve : 0.999749898528281
learning rate =  0.01
sample_rate: (min) 0.03, (max) 0.61, expected_batch_size: 893
sample_rate: (min) 0.03, (max) 0.61, expected_batch_size: 896
sample_rate: (min) 0.03, (max) 0.61, expected_batch_size: 890
sample_rate: (min) 0.03, (max) 0.61, expected_batch_size: 881
sample_rate: (min) 0.03, (max) 0.61, expected_batch_size: 903
sample_rate: (min) 0.03, (max) 0.61, expected_batch_size: 886
sample_rate: (min) 0.03, (max) 0.61, expected_batch_size: 901
sample_rate: (min) 0.03, (max) 0.61, expected_batch_size: 914
sample_rate: (min) 0.03, (max) 0.61, expected_batch_size: 915
sample_rate: (min) 0.03, (max) 0.61, expected_batch_size: 908
sample_rate: (min) 0.03, (max) 0.61, expected_batch_size: 896
sample_rate: (min) 0.03, (max) 0.61, expected_batch_size: 917
sample_rate: (min) 0.03, (max) 0.61, expected_batch_size: 884
sample_rate: (min) 0.03, (max) 0.61, expected_batch_size: 897
sample_rate: (min) 0.03, (max) 0.61, expected_batch_size: 887
sample_rate: (min) 0.03, (max) 0.61, expected_batch_size: 897
sample_rate: (min) 0.03, (max) 0.61, expected_batch_size: 900
sample_rate: (min) 0.03, (max) 0.61, expected_batch_size: 923
sample_rate: (min) 0.03, (max) 0.61, expected_batch_size: 989
sample_rate: (min) 0.03, (max) 0.61, expected_batch_size: 986
initial privacy cost of all clients:  [0, 0, 0, 0, 0, 0, 0, 0, 0, 0, 0, 0, 0, 0, 0, 0, 0, 0, 0, 0]
Round=0
Round=1
Round=2
Round=3
Round=4
Round=5
Round=6
Round=7
Round=8
Round=9
Round=10
Round=11
Round=12
Round=13
Round=14
current privacy cost of all clients:  [3.0541598053514245, 3.304385622881834, 3.0541598053514245, 3.5546114404122435, 3.0541598053514245, 3.5546114404122435, 4.055063075473062, 4.055063075473062, 4.305288893003472, 3.804837257942653, 3.804837257942653, 3.304385622881834, 3.804837257942653, 3.0541598053514245, 3.804837257942653, 3.304385622881834, 3.804837257942653, 3.0541598053514245, 3.304385622881834, 2.803933987821015]
Round=14, per client global perf=[0.8539, 0.8529, 0.8539, 0.8471, 0.8667, 0.8549, 0.8451, 0.8627, 0.8569, 0.8696, 0.8608, 0.8529, 0.8618, 0.8637, 0.852, 0.8529, 0.8765, 0.851, 0.8725, 0.8569], mean perf=17508/20400 (0.8582%)
Round=14, per client personal perf=[0.8775, 0.8922, 0.898, 0.8039, 0.8588, 0.8824, 0.901, 0.8539, 0.7814, 0.8696, 0.8765, 0.8775, 0.8716, 0.9, 0.8941, 0.8863, 0.8078, 0.8363, 0.902, 0.8431], mean perf=17660/20400 (0.8657%)
Round=14, per client personal pooled=[0.8869, 0.8961, 0.9019, 0.8009, 0.8496, 0.8833, 0.9087, 0.8477, 0.7774, 0.8639, 0.8826, 0.8975, 0.8896, 0.8916, 0.8916, 0.885, 0.7959, 0.8489, 0.8854, 0.8501], mean perf=353625/408000 (0.8667%)
Mean performance of ditto rpdp global, Perf=0.8609, seed=42
Mean performance of ditto rpdp personal, Perf=0.8588, seed=42
Mean performance of ditto rpdp pooled, Perf=0.8588, seed=42
Finished seed 42
----------------------------------------
Running seed 43
/Users/shegao_t1/DP_Research/Personal_DP_Personal_FL/rpdp_fl/experiments/datasets/fed_mnist/iid_20

Client 0 label distribution:
[(0, 192), (1, 225), (2, 199), (3, 206), (4, 185), (5, 184), (6, 209), (7, 190), (8, 197), (9, 193)]

Client 1 label distribution:
[(0, 224), (1, 196), (2, 193), (3, 200), (4, 186), (5, 173), (6, 195), (7, 217), (8, 190), (9, 206)]

Client 2 label distribution:
[(0, 193), (1, 247), (2, 196), (3, 184), (4, 185), (5, 183), (6, 188), (7, 202), (8, 203), (9, 199)]

Client 3 label distribution:
[(0, 205), (1, 221), (2, 227), (3, 213), (4, 164), (5, 184), (6, 192), (7, 179), (8, 203), (9, 192)]

Client 4 label distribution:
[(0, 202), (1, 184), (2, 219), (3, 214), (4, 185), (5, 177), (6, 185), (7, 202), (8, 209), (9, 203)]

Client 5 label distribution:
[(0, 203), (1, 234), (2, 205), (3, 222), (4, 196), (5, 174), (6, 170), (7, 193), (8, 197), (9, 186)]

Client 6 label distribution:
[(0, 200), (1, 234), (2, 175), (3, 210), (4, 200), (5, 166), (6, 202), (7, 217), (8, 189), (9, 187)]

Client 7 label distribution:
[(0, 173), (1, 221), (2, 195), (3, 188), (4, 189), (5, 200), (6, 205), (7, 211), (8, 213), (9, 185)]

Client 8 label distribution:
[(0, 195), (1, 201), (2, 184), (3, 219), (4, 192), (5, 170), (6, 195), (7, 231), (8, 185), (9, 208)]

Client 9 label distribution:
[(0, 198), (1, 215), (2, 182), (3, 211), (4, 191), (5, 200), (6, 179), (7, 214), (8, 204), (9, 186)]

Client 10 label distribution:
[(0, 199), (1, 222), (2, 200), (3, 187), (4, 205), (5, 183), (6, 196), (7, 195), (8, 179), (9, 214)]

Client 11 label distribution:
[(0, 174), (1, 205), (2, 201), (3, 218), (4, 200), (5, 177), (6, 209), (7, 210), (8, 186), (9, 200)]

Client 12 label distribution:
[(0, 195), (1, 245), (2, 208), (3, 202), (4, 184), (5, 166), (6, 207), (7, 199), (8, 203), (9, 171)]

Client 13 label distribution:
[(0, 207), (1, 237), (2, 172), (3, 176), (4, 189), (5, 170), (6, 196), (7, 219), (8, 215), (9, 199)]

Client 14 label distribution:
[(0, 203), (1, 230), (2, 207), (3, 199), (4, 182), (5, 174), (6, 210), (7, 191), (8, 188), (9, 196)]

Client 15 label distribution:
[(0, 194), (1, 223), (2, 203), (3, 207), (4, 185), (5, 180), (6, 194), (7, 189), (8, 195), (9, 210)]

Client 16 label distribution:
[(0, 181), (1, 226), (2, 210), (3, 191), (4, 203), (5, 192), (6, 178), (7, 199), (8, 197), (9, 203)]

Client 17 label distribution:
[(0, 192), (1, 221), (2, 184), (3, 214), (4, 186), (5, 185), (6, 186), (7, 215), (8, 204), (9, 193)]

Client 18 label distribution:
[(0, 178), (1, 242), (2, 191), (3, 186), (4, 176), (5, 176), (6, 199), (7, 234), (8, 208), (9, 190)]

Client 19 label distribution:
[(0, 204), (1, 214), (2, 216), (3, 210), (4, 185), (5, 193), (6, 216), (7, 181), (8, 186), (9, 175)]
Client 0: avg epsilon = 3.6465
Client 1: avg epsilon = 3.6598
Client 2: avg epsilon = 3.6274
Client 3: avg epsilon = 3.5876
Client 4: avg epsilon = 3.6860
Client 5: avg epsilon = 3.6108
Client 6: avg epsilon = 3.6788
Client 7: avg epsilon = 3.7315
Client 8: avg epsilon = 3.7396
Client 9: avg epsilon = 3.7080
Client 10: avg epsilon = 3.6550
Client 11: avg epsilon = 3.7492
Client 12: avg epsilon = 3.6023
Client 13: avg epsilon = 3.6615
Client 14: avg epsilon = 3.6148
Client 15: avg epsilon = 3.6593
Client 16: avg epsilon = 3.6713
Client 17: avg epsilon = 3.7774
Client 18: avg epsilon = 4.0706
Client 19: avg epsilon = 4.0628
 We run FedAvg with rPDP (ThreeLevels-0) ...
max_epsilon :  10.0  noise_multiplier :  9.736328125
The R-Squared value of the best-fit curve : 0.999749898528281
learning rate =  0.01
sample_rate: (min) 0.03, (max) 0.61, expected_batch_size: 893
sample_rate: (min) 0.03, (max) 0.61, expected_batch_size: 896
sample_rate: (min) 0.03, (max) 0.61, expected_batch_size: 890
sample_rate: (min) 0.03, (max) 0.61, expected_batch_size: 881
sample_rate: (min) 0.03, (max) 0.61, expected_batch_size: 903
sample_rate: (min) 0.03, (max) 0.61, expected_batch_size: 886
sample_rate: (min) 0.03, (max) 0.61, expected_batch_size: 901
sample_rate: (min) 0.03, (max) 0.61, expected_batch_size: 914
sample_rate: (min) 0.03, (max) 0.61, expected_batch_size: 915
sample_rate: (min) 0.03, (max) 0.61, expected_batch_size: 908
sample_rate: (min) 0.03, (max) 0.61, expected_batch_size: 896
sample_rate: (min) 0.03, (max) 0.61, expected_batch_size: 917
sample_rate: (min) 0.03, (max) 0.61, expected_batch_size: 884
sample_rate: (min) 0.03, (max) 0.61, expected_batch_size: 897
sample_rate: (min) 0.03, (max) 0.61, expected_batch_size: 887
sample_rate: (min) 0.03, (max) 0.61, expected_batch_size: 897
sample_rate: (min) 0.03, (max) 0.61, expected_batch_size: 900
sample_rate: (min) 0.03, (max) 0.61, expected_batch_size: 923
sample_rate: (min) 0.03, (max) 0.61, expected_batch_size: 989
sample_rate: (min) 0.03, (max) 0.61, expected_batch_size: 986
initial privacy cost of all clients:  [0, 0, 0, 0, 0, 0, 0, 0, 0, 0, 0, 0, 0, 0, 0, 0, 0, 0, 0, 0]
Round=0
Round=1
Round=2
Round=3
Round=4
Round=5
Round=6
Round=7
Round=8
Round=9
Round=10
Round=11
Round=12
Round=13
Round=14
current privacy cost of all clients:  [3.304385622881834, 3.304385622881834, 2.803933987821015, 3.804837257942653, 2.803933987821015, 3.804837257942653, 3.304385622881834, 3.304385622881834, 3.304385622881834, 4.510367156217049, 3.804837257942653, 3.5546114404122435, 3.5546114404122435, 3.304385622881834, 4.055063075473062, 3.304385622881834, 3.804837257942653, 3.304385622881834, 3.304385622881834, 3.0541598053514245]
Round=14, per client global perf=[0.8902, 0.8902, 0.8961, 0.9059, 0.8951, 0.8853, 0.8755, 0.8843, 0.8941, 0.901, 0.8833, 0.8824, 0.8755, 0.8873, 0.8931, 0.8892, 0.899, 0.8784, 0.9069, 0.8765], mean perf=18145/20400 (0.8895%)
Round=14, per client personal perf=[0.8745, 0.8676, 0.9078, 0.8882, 0.9176, 0.8588, 0.8725, 0.8618, 0.8716, 0.8735, 0.8794, 0.8853, 0.8304, 0.8676, 0.7686, 0.8186, 0.9275, 0.8814, 0.898, 0.901], mean perf=17801/20400 (0.8726%)
Round=14, per client personal pooled=[0.8906, 0.8669, 0.9092, 0.8871, 0.9167, 0.8652, 0.8805, 0.867, 0.8648, 0.8694, 0.8941, 0.8945, 0.8369, 0.8646, 0.7871, 0.821, 0.9091, 0.8868, 0.8796, 0.9003], mean perf=356818/408000 (0.8746%)
Mean performance of ditto rpdp global, Perf=0.8860, seed=43
Mean performance of ditto rpdp personal, Perf=0.8563, seed=43
Mean performance of ditto rpdp pooled, Perf=0.8587, seed=43
Finished seed 43
----------------------------------------
Running seed 44
/Users/shegao_t1/DP_Research/Personal_DP_Personal_FL/rpdp_fl/experiments/datasets/fed_mnist/iid_20

Client 0 label distribution:
[(0, 192), (1, 225), (2, 199), (3, 206), (4, 185), (5, 184), (6, 209), (7, 190), (8, 197), (9, 193)]

Client 1 label distribution:
[(0, 224), (1, 196), (2, 193), (3, 200), (4, 186), (5, 173), (6, 195), (7, 217), (8, 190), (9, 206)]

Client 2 label distribution:
[(0, 193), (1, 247), (2, 196), (3, 184), (4, 185), (5, 183), (6, 188), (7, 202), (8, 203), (9, 199)]

Client 3 label distribution:
[(0, 205), (1, 221), (2, 227), (3, 213), (4, 164), (5, 184), (6, 192), (7, 179), (8, 203), (9, 192)]

Client 4 label distribution:
[(0, 202), (1, 184), (2, 219), (3, 214), (4, 185), (5, 177), (6, 185), (7, 202), (8, 209), (9, 203)]

Client 5 label distribution:
[(0, 203), (1, 234), (2, 205), (3, 222), (4, 196), (5, 174), (6, 170), (7, 193), (8, 197), (9, 186)]

Client 6 label distribution:
[(0, 200), (1, 234), (2, 175), (3, 210), (4, 200), (5, 166), (6, 202), (7, 217), (8, 189), (9, 187)]

Client 7 label distribution:
[(0, 173), (1, 221), (2, 195), (3, 188), (4, 189), (5, 200), (6, 205), (7, 211), (8, 213), (9, 185)]

Client 8 label distribution:
[(0, 195), (1, 201), (2, 184), (3, 219), (4, 192), (5, 170), (6, 195), (7, 231), (8, 185), (9, 208)]

Client 9 label distribution:
[(0, 198), (1, 215), (2, 182), (3, 211), (4, 191), (5, 200), (6, 179), (7, 214), (8, 204), (9, 186)]

Client 10 label distribution:
[(0, 199), (1, 222), (2, 200), (3, 187), (4, 205), (5, 183), (6, 196), (7, 195), (8, 179), (9, 214)]

Client 11 label distribution:
[(0, 174), (1, 205), (2, 201), (3, 218), (4, 200), (5, 177), (6, 209), (7, 210), (8, 186), (9, 200)]

Client 12 label distribution:
[(0, 195), (1, 245), (2, 208), (3, 202), (4, 184), (5, 166), (6, 207), (7, 199), (8, 203), (9, 171)]

Client 13 label distribution:
[(0, 207), (1, 237), (2, 172), (3, 176), (4, 189), (5, 170), (6, 196), (7, 219), (8, 215), (9, 199)]

Client 14 label distribution:
[(0, 203), (1, 230), (2, 207), (3, 199), (4, 182), (5, 174), (6, 210), (7, 191), (8, 188), (9, 196)]

Client 15 label distribution:
[(0, 194), (1, 223), (2, 203), (3, 207), (4, 185), (5, 180), (6, 194), (7, 189), (8, 195), (9, 210)]

Client 16 label distribution:
[(0, 181), (1, 226), (2, 210), (3, 191), (4, 203), (5, 192), (6, 178), (7, 199), (8, 197), (9, 203)]

Client 17 label distribution:
[(0, 192), (1, 221), (2, 184), (3, 214), (4, 186), (5, 185), (6, 186), (7, 215), (8, 204), (9, 193)]

Client 18 label distribution:
[(0, 178), (1, 242), (2, 191), (3, 186), (4, 176), (5, 176), (6, 199), (7, 234), (8, 208), (9, 190)]

Client 19 label distribution:
[(0, 204), (1, 214), (2, 216), (3, 210), (4, 185), (5, 193), (6, 216), (7, 181), (8, 186), (9, 175)]
Client 0: avg epsilon = 3.6465
Client 1: avg epsilon = 3.6598
Client 2: avg epsilon = 3.6274
Client 3: avg epsilon = 3.5876
Client 4: avg epsilon = 3.6860
Client 5: avg epsilon = 3.6108
Client 6: avg epsilon = 3.6788
Client 7: avg epsilon = 3.7315
Client 8: avg epsilon = 3.7396
Client 9: avg epsilon = 3.7080
Client 10: avg epsilon = 3.6550
Client 11: avg epsilon = 3.7492
Client 12: avg epsilon = 3.6023
Client 13: avg epsilon = 3.6615
Client 14: avg epsilon = 3.6148
Client 15: avg epsilon = 3.6593
Client 16: avg epsilon = 3.6713
Client 17: avg epsilon = 3.7774
Client 18: avg epsilon = 4.0706
Client 19: avg epsilon = 4.0628
 We run FedAvg with rPDP (ThreeLevels-0) ...
max_epsilon :  10.0  noise_multiplier :  9.736328125
The R-Squared value of the best-fit curve : 0.999749898528281
learning rate =  0.01
sample_rate: (min) 0.03, (max) 0.61, expected_batch_size: 893
sample_rate: (min) 0.03, (max) 0.61, expected_batch_size: 896
sample_rate: (min) 0.03, (max) 0.61, expected_batch_size: 890
sample_rate: (min) 0.03, (max) 0.61, expected_batch_size: 881
sample_rate: (min) 0.03, (max) 0.61, expected_batch_size: 903
sample_rate: (min) 0.03, (max) 0.61, expected_batch_size: 886
sample_rate: (min) 0.03, (max) 0.61, expected_batch_size: 901
sample_rate: (min) 0.03, (max) 0.61, expected_batch_size: 914
sample_rate: (min) 0.03, (max) 0.61, expected_batch_size: 915
sample_rate: (min) 0.03, (max) 0.61, expected_batch_size: 908
sample_rate: (min) 0.03, (max) 0.61, expected_batch_size: 896
sample_rate: (min) 0.03, (max) 0.61, expected_batch_size: 917
sample_rate: (min) 0.03, (max) 0.61, expected_batch_size: 884
sample_rate: (min) 0.03, (max) 0.61, expected_batch_size: 897
sample_rate: (min) 0.03, (max) 0.61, expected_batch_size: 887
sample_rate: (min) 0.03, (max) 0.61, expected_batch_size: 897
sample_rate: (min) 0.03, (max) 0.61, expected_batch_size: 900
sample_rate: (min) 0.03, (max) 0.61, expected_batch_size: 923
sample_rate: (min) 0.03, (max) 0.61, expected_batch_size: 989
sample_rate: (min) 0.03, (max) 0.61, expected_batch_size: 986
initial privacy cost of all clients:  [0, 0, 0, 0, 0, 0, 0, 0, 0, 0, 0, 0, 0, 0, 0, 0, 0, 0, 0, 0]
Round=0
Round=1
Round=2
Round=3
Round=4
Round=5
Round=6
Round=7
Round=8
Round=9
Round=10
Round=11
Round=12
Round=13
Round=14
current privacy cost of all clients:  [3.804837257942653, 4.305288893003472, 3.804837257942653, 2.803933987821015, 3.5546114404122435, 3.304385622881834, 4.055063075473062, 3.0541598053514245, 3.5546114404122435, 2.803933987821015, 4.055063075473062, 4.305288893003472, 4.055063075473062, 3.304385622881834, 3.804837257942653, 3.5546114404122435, 2.502378076501911, 3.304385622881834, 3.0541598053514245, 3.804837257942653]
Round=14, per client global perf=[0.9078, 0.8951, 0.9098, 0.9098, 0.9265, 0.9167, 0.8941, 0.9265, 0.9176, 0.9088, 0.9029, 0.8951, 0.9029, 0.9157, 0.9059, 0.9196, 0.9235, 0.9049, 0.9225, 0.9118], mean perf=18582/20400 (0.9109%)
Round=14, per client personal perf=[0.8686, 0.8951, 0.8814, 0.9216, 0.9343, 0.8853, 0.9137, 0.8706, 0.9255, 0.8775, 0.9039, 0.8961, 0.8735, 0.9402, 0.8588, 0.8951, 0.901, 0.8569, 0.9225, 0.8686], mean perf=18248/20400 (0.8945%)
Round=14, per client personal pooled=[0.876, 0.9006, 0.8829, 0.9225, 0.9169, 0.8774, 0.9168, 0.8499, 0.9164, 0.8881, 0.9065, 0.8962, 0.8739, 0.9362, 0.8601, 0.9006, 0.8934, 0.8687, 0.9086, 0.8611], mean perf=364195/408000 (0.8926%)
Mean performance of ditto rpdp global, Perf=0.8978, seed=44
Mean performance of ditto rpdp personal, Perf=0.8878, seed=44
Mean performance of ditto rpdp pooled, Perf=0.8875, seed=44
Finished seed 44
----------------------------------------
Running seed 45
/Users/shegao_t1/DP_Research/Personal_DP_Personal_FL/rpdp_fl/experiments/datasets/fed_mnist/iid_20

Client 0 label distribution:
[(0, 192), (1, 225), (2, 199), (3, 206), (4, 185), (5, 184), (6, 209), (7, 190), (8, 197), (9, 193)]

Client 1 label distribution:
[(0, 224), (1, 196), (2, 193), (3, 200), (4, 186), (5, 173), (6, 195), (7, 217), (8, 190), (9, 206)]

Client 2 label distribution:
[(0, 193), (1, 247), (2, 196), (3, 184), (4, 185), (5, 183), (6, 188), (7, 202), (8, 203), (9, 199)]

Client 3 label distribution:
[(0, 205), (1, 221), (2, 227), (3, 213), (4, 164), (5, 184), (6, 192), (7, 179), (8, 203), (9, 192)]

Client 4 label distribution:
[(0, 202), (1, 184), (2, 219), (3, 214), (4, 185), (5, 177), (6, 185), (7, 202), (8, 209), (9, 203)]

Client 5 label distribution:
[(0, 203), (1, 234), (2, 205), (3, 222), (4, 196), (5, 174), (6, 170), (7, 193), (8, 197), (9, 186)]

Client 6 label distribution:
[(0, 200), (1, 234), (2, 175), (3, 210), (4, 200), (5, 166), (6, 202), (7, 217), (8, 189), (9, 187)]

Client 7 label distribution:
[(0, 173), (1, 221), (2, 195), (3, 188), (4, 189), (5, 200), (6, 205), (7, 211), (8, 213), (9, 185)]

Client 8 label distribution:
[(0, 195), (1, 201), (2, 184), (3, 219), (4, 192), (5, 170), (6, 195), (7, 231), (8, 185), (9, 208)]

Client 9 label distribution:
[(0, 198), (1, 215), (2, 182), (3, 211), (4, 191), (5, 200), (6, 179), (7, 214), (8, 204), (9, 186)]

Client 10 label distribution:
[(0, 199), (1, 222), (2, 200), (3, 187), (4, 205), (5, 183), (6, 196), (7, 195), (8, 179), (9, 214)]

Client 11 label distribution:
[(0, 174), (1, 205), (2, 201), (3, 218), (4, 200), (5, 177), (6, 209), (7, 210), (8, 186), (9, 200)]

Client 12 label distribution:
[(0, 195), (1, 245), (2, 208), (3, 202), (4, 184), (5, 166), (6, 207), (7, 199), (8, 203), (9, 171)]

Client 13 label distribution:
[(0, 207), (1, 237), (2, 172), (3, 176), (4, 189), (5, 170), (6, 196), (7, 219), (8, 215), (9, 199)]

Client 14 label distribution:
[(0, 203), (1, 230), (2, 207), (3, 199), (4, 182), (5, 174), (6, 210), (7, 191), (8, 188), (9, 196)]

Client 15 label distribution:
[(0, 194), (1, 223), (2, 203), (3, 207), (4, 185), (5, 180), (6, 194), (7, 189), (8, 195), (9, 210)]

Client 16 label distribution:
[(0, 181), (1, 226), (2, 210), (3, 191), (4, 203), (5, 192), (6, 178), (7, 199), (8, 197), (9, 203)]

Client 17 label distribution:
[(0, 192), (1, 221), (2, 184), (3, 214), (4, 186), (5, 185), (6, 186), (7, 215), (8, 204), (9, 193)]

Client 18 label distribution:
[(0, 178), (1, 242), (2, 191), (3, 186), (4, 176), (5, 176), (6, 199), (7, 234), (8, 208), (9, 190)]

Client 19 label distribution:
[(0, 204), (1, 214), (2, 216), (3, 210), (4, 185), (5, 193), (6, 216), (7, 181), (8, 186), (9, 175)]
Client 0: avg epsilon = 3.6465
Client 1: avg epsilon = 3.6598
Client 2: avg epsilon = 3.6274
Client 3: avg epsilon = 3.5876
Client 4: avg epsilon = 3.6860
Client 5: avg epsilon = 3.6108
Client 6: avg epsilon = 3.6788
Client 7: avg epsilon = 3.7315
Client 8: avg epsilon = 3.7396
Client 9: avg epsilon = 3.7080
Client 10: avg epsilon = 3.6550
Client 11: avg epsilon = 3.7492
Client 12: avg epsilon = 3.6023
Client 13: avg epsilon = 3.6615
Client 14: avg epsilon = 3.6148
Client 15: avg epsilon = 3.6593
Client 16: avg epsilon = 3.6713
Client 17: avg epsilon = 3.7774
Client 18: avg epsilon = 4.0706
Client 19: avg epsilon = 4.0628
 We run FedAvg with rPDP (ThreeLevels-0) ...
max_epsilon :  10.0  noise_multiplier :  9.736328125
The R-Squared value of the best-fit curve : 0.999749898528281
learning rate =  0.01
sample_rate: (min) 0.03, (max) 0.61, expected_batch_size: 893
sample_rate: (min) 0.03, (max) 0.61, expected_batch_size: 896
sample_rate: (min) 0.03, (max) 0.61, expected_batch_size: 890
sample_rate: (min) 0.03, (max) 0.61, expected_batch_size: 881
sample_rate: (min) 0.03, (max) 0.61, expected_batch_size: 903
sample_rate: (min) 0.03, (max) 0.61, expected_batch_size: 886
sample_rate: (min) 0.03, (max) 0.61, expected_batch_size: 901
sample_rate: (min) 0.03, (max) 0.61, expected_batch_size: 914
sample_rate: (min) 0.03, (max) 0.61, expected_batch_size: 915
sample_rate: (min) 0.03, (max) 0.61, expected_batch_size: 908
sample_rate: (min) 0.03, (max) 0.61, expected_batch_size: 896
sample_rate: (min) 0.03, (max) 0.61, expected_batch_size: 917
sample_rate: (min) 0.03, (max) 0.61, expected_batch_size: 884
sample_rate: (min) 0.03, (max) 0.61, expected_batch_size: 897
sample_rate: (min) 0.03, (max) 0.61, expected_batch_size: 887
sample_rate: (min) 0.03, (max) 0.61, expected_batch_size: 897
sample_rate: (min) 0.03, (max) 0.61, expected_batch_size: 900
sample_rate: (min) 0.03, (max) 0.61, expected_batch_size: 923
sample_rate: (min) 0.03, (max) 0.61, expected_batch_size: 989
sample_rate: (min) 0.03, (max) 0.61, expected_batch_size: 986
initial privacy cost of all clients:  [0, 0, 0, 0, 0, 0, 0, 0, 0, 0, 0, 0, 0, 0, 0, 0, 0, 0, 0, 0]
Round=0
Round=1
Round=2
Round=3
Round=4
Round=5
Round=6
Round=7
Round=8
Round=9
Round=10
Round=11
Round=12
Round=13
Round=14
current privacy cost of all clients:  [3.304385622881834, 3.0541598053514245, 4.055063075473062, 3.0541598053514245, 3.304385622881834, 3.5546114404122435, 3.5546114404122435, 3.0541598053514245, 3.5546114404122435, 3.804837257942653, 4.055063075473062, 3.804837257942653, 3.0541598053514245, 2.803933987821015, 3.304385622881834, 3.5546114404122435, 3.5546114404122435, 2.803933987821015, 3.304385622881834, 3.804837257942653]
Round=14, per client global perf=[0.8667, 0.8676, 0.8814, 0.8676, 0.8804, 0.8814, 0.8627, 0.8804, 0.8853, 0.8755, 0.8765, 0.8735, 0.8725, 0.8814, 0.8775, 0.8676, 0.8618, 0.8706, 0.8833, 0.8765], mean perf=17840/20400 (0.8745%)
Round=14, per client personal perf=[0.8588, 0.9, 0.8382, 0.9157, 0.8588, 0.8922, 0.8676, 0.9157, 0.9059, 0.8559, 0.8941, 0.8069, 0.8108, 0.8098, 0.9108, 0.8667, 0.8725, 0.8931, 0.8686, 0.9088], mean perf=17800/20400 (0.8725%)
Round=14, per client personal pooled=[0.8638, 0.8987, 0.8398, 0.9152, 0.8419, 0.8933, 0.8719, 0.9091, 0.8966, 0.8559, 0.8902, 0.826, 0.8219, 0.8152, 0.9054, 0.8711, 0.8798, 0.8943, 0.8617, 0.9123], mean perf=356270/408000 (0.8732%)
Mean performance of ditto rpdp global, Perf=0.8785, seed=45
Mean performance of ditto rpdp personal, Perf=0.8683, seed=45
Mean performance of ditto rpdp pooled, Perf=0.8702, seed=45
Finished seed 45
----------------------------------------
Running seed 46
/Users/shegao_t1/DP_Research/Personal_DP_Personal_FL/rpdp_fl/experiments/datasets/fed_mnist/iid_20

Client 0 label distribution:
[(0, 192), (1, 225), (2, 199), (3, 206), (4, 185), (5, 184), (6, 209), (7, 190), (8, 197), (9, 193)]

Client 1 label distribution:
[(0, 224), (1, 196), (2, 193), (3, 200), (4, 186), (5, 173), (6, 195), (7, 217), (8, 190), (9, 206)]

Client 2 label distribution:
[(0, 193), (1, 247), (2, 196), (3, 184), (4, 185), (5, 183), (6, 188), (7, 202), (8, 203), (9, 199)]

Client 3 label distribution:
[(0, 205), (1, 221), (2, 227), (3, 213), (4, 164), (5, 184), (6, 192), (7, 179), (8, 203), (9, 192)]

Client 4 label distribution:
[(0, 202), (1, 184), (2, 219), (3, 214), (4, 185), (5, 177), (6, 185), (7, 202), (8, 209), (9, 203)]

Client 5 label distribution:
[(0, 203), (1, 234), (2, 205), (3, 222), (4, 196), (5, 174), (6, 170), (7, 193), (8, 197), (9, 186)]

Client 6 label distribution:
[(0, 200), (1, 234), (2, 175), (3, 210), (4, 200), (5, 166), (6, 202), (7, 217), (8, 189), (9, 187)]

Client 7 label distribution:
[(0, 173), (1, 221), (2, 195), (3, 188), (4, 189), (5, 200), (6, 205), (7, 211), (8, 213), (9, 185)]

Client 8 label distribution:
[(0, 195), (1, 201), (2, 184), (3, 219), (4, 192), (5, 170), (6, 195), (7, 231), (8, 185), (9, 208)]

Client 9 label distribution:
[(0, 198), (1, 215), (2, 182), (3, 211), (4, 191), (5, 200), (6, 179), (7, 214), (8, 204), (9, 186)]

Client 10 label distribution:
[(0, 199), (1, 222), (2, 200), (3, 187), (4, 205), (5, 183), (6, 196), (7, 195), (8, 179), (9, 214)]

Client 11 label distribution:
[(0, 174), (1, 205), (2, 201), (3, 218), (4, 200), (5, 177), (6, 209), (7, 210), (8, 186), (9, 200)]

Client 12 label distribution:
[(0, 195), (1, 245), (2, 208), (3, 202), (4, 184), (5, 166), (6, 207), (7, 199), (8, 203), (9, 171)]

Client 13 label distribution:
[(0, 207), (1, 237), (2, 172), (3, 176), (4, 189), (5, 170), (6, 196), (7, 219), (8, 215), (9, 199)]

Client 14 label distribution:
[(0, 203), (1, 230), (2, 207), (3, 199), (4, 182), (5, 174), (6, 210), (7, 191), (8, 188), (9, 196)]

Client 15 label distribution:
[(0, 194), (1, 223), (2, 203), (3, 207), (4, 185), (5, 180), (6, 194), (7, 189), (8, 195), (9, 210)]

Client 16 label distribution:
[(0, 181), (1, 226), (2, 210), (3, 191), (4, 203), (5, 192), (6, 178), (7, 199), (8, 197), (9, 203)]

Client 17 label distribution:
[(0, 192), (1, 221), (2, 184), (3, 214), (4, 186), (5, 185), (6, 186), (7, 215), (8, 204), (9, 193)]

Client 18 label distribution:
[(0, 178), (1, 242), (2, 191), (3, 186), (4, 176), (5, 176), (6, 199), (7, 234), (8, 208), (9, 190)]

Client 19 label distribution:
[(0, 204), (1, 214), (2, 216), (3, 210), (4, 185), (5, 193), (6, 216), (7, 181), (8, 186), (9, 175)]
Client 0: avg epsilon = 3.6465
Client 1: avg epsilon = 3.6598
Client 2: avg epsilon = 3.6274
Client 3: avg epsilon = 3.5876
Client 4: avg epsilon = 3.6860
Client 5: avg epsilon = 3.6108
Client 6: avg epsilon = 3.6788
Client 7: avg epsilon = 3.7315
Client 8: avg epsilon = 3.7396
Client 9: avg epsilon = 3.7080
Client 10: avg epsilon = 3.6550
Client 11: avg epsilon = 3.7492
Client 12: avg epsilon = 3.6023
Client 13: avg epsilon = 3.6615
Client 14: avg epsilon = 3.6148
Client 15: avg epsilon = 3.6593
Client 16: avg epsilon = 3.6713
Client 17: avg epsilon = 3.7774
Client 18: avg epsilon = 4.0706
Client 19: avg epsilon = 4.0628
 We run FedAvg with rPDP (ThreeLevels-0) ...
max_epsilon :  10.0  noise_multiplier :  9.736328125
The R-Squared value of the best-fit curve : 0.999749898528281
learning rate =  0.01
sample_rate: (min) 0.03, (max) 0.61, expected_batch_size: 893
sample_rate: (min) 0.03, (max) 0.61, expected_batch_size: 896
sample_rate: (min) 0.03, (max) 0.61, expected_batch_size: 890
sample_rate: (min) 0.03, (max) 0.61, expected_batch_size: 881
sample_rate: (min) 0.03, (max) 0.61, expected_batch_size: 903
sample_rate: (min) 0.03, (max) 0.61, expected_batch_size: 886
sample_rate: (min) 0.03, (max) 0.61, expected_batch_size: 901
sample_rate: (min) 0.03, (max) 0.61, expected_batch_size: 914
sample_rate: (min) 0.03, (max) 0.61, expected_batch_size: 915
sample_rate: (min) 0.03, (max) 0.61, expected_batch_size: 908
sample_rate: (min) 0.03, (max) 0.61, expected_batch_size: 896
sample_rate: (min) 0.03, (max) 0.61, expected_batch_size: 917
sample_rate: (min) 0.03, (max) 0.61, expected_batch_size: 884
sample_rate: (min) 0.03, (max) 0.61, expected_batch_size: 897
sample_rate: (min) 0.03, (max) 0.61, expected_batch_size: 887
sample_rate: (min) 0.03, (max) 0.61, expected_batch_size: 897
sample_rate: (min) 0.03, (max) 0.61, expected_batch_size: 900
sample_rate: (min) 0.03, (max) 0.61, expected_batch_size: 923
sample_rate: (min) 0.03, (max) 0.61, expected_batch_size: 989
sample_rate: (min) 0.03, (max) 0.61, expected_batch_size: 986
initial privacy cost of all clients:  [0, 0, 0, 0, 0, 0, 0, 0, 0, 0, 0, 0, 0, 0, 0, 0, 0, 0, 0, 0]
Round=0
Round=1
Round=2
Round=3
Round=4
Round=5
Round=6
Round=7
Round=8
Round=9
Round=10
Round=11
Round=12
Round=13
Round=14
current privacy cost of all clients:  [3.5546114404122435, 3.804837257942653, 4.677972220314398, 4.055063075473062, 3.0541598053514245, 4.055063075473062, 2.502378076501911, 3.5546114404122435, 4.055063075473062, 3.804837257942653, 2.502378076501911, 3.804837257942653, 2.803933987821015, 3.304385622881834, 3.5546114404122435, 4.305288893003472, 3.5546114404122435, 4.510367156217049, 4.055063075473062, 3.304385622881834]
Round=14, per client global perf=[0.8765, 0.8775, 0.8696, 0.8765, 0.8951, 0.8804, 0.8676, 0.8735, 0.8618, 0.8824, 0.8716, 0.8598, 0.8745, 0.8775, 0.8696, 0.8755, 0.8902, 0.8775, 0.898, 0.8657], mean perf=17871/20400 (0.8760%)
Round=14, per client personal perf=[0.7686, 0.8912, 0.8765, 0.8245, 0.9196, 0.8353, 0.8971, 0.8735, 0.798, 0.8235, 0.8833, 0.8853, 0.8216, 0.8824, 0.8598, 0.8735, 0.9078, 0.8088, 0.7392, 0.8706], mean perf=17381/20400 (0.8520%)
Round=14, per client personal pooled=[0.7605, 0.898, 0.875, 0.831, 0.9078, 0.8471, 0.9038, 0.8742, 0.8068, 0.8191, 0.8792, 0.8901, 0.8345, 0.8799, 0.8628, 0.8747, 0.9057, 0.8302, 0.7431, 0.8513], mean perf=348326/408000 (0.8537%)
Mean performance of ditto rpdp global, Perf=0.8797, seed=46
Mean performance of ditto rpdp personal, Perf=0.8508, seed=46
Mean performance of ditto rpdp pooled, Perf=0.8517, seed=46
Finished seed 46
----------------------------------------
