PARAMS: dataset=fashion_mnist, gpu=0, data_type=niid_dir_1
=== Running reg_param=0, num_steps=15 ===
Running seed 42
/Users/shegao_t1/DP_Research/Personal_DP_Personal_FL/rpdp_fl/experiments/datasets/fed_fashion_mnist/dirichlet_10_alpha_1
 We run FedAvg with rPDP (ThreeLevels-0) ...
max_epsilon :  10.0  noise_multiplier :  9.736328125
The R-Squared value of the best-fit curve : 0.999749898528281
learning rate =  0.001
sample_rate: (min) 0.03, (max) 0.61, expected_batch_size: 475
sample_rate: (min) 0.03, (max) 0.61, expected_batch_size: 988
sample_rate: (min) 0.03, (max) 0.61, expected_batch_size: 335
sample_rate: (min) 0.03, (max) 0.61, expected_batch_size: 105
sample_rate: (min) 0.03, (max) 0.61, expected_batch_size: 623
sample_rate: (min) 0.03, (max) 0.61, expected_batch_size: 724
sample_rate: (min) 0.03, (max) 0.61, expected_batch_size: 177
sample_rate: (min) 0.03, (max) 0.61, expected_batch_size: 146
sample_rate: (min) 0.03, (max) 0.61, expected_batch_size: 426
sample_rate: (min) 0.03, (max) 0.61, expected_batch_size: 354
initial privacy cost of all clients:  [0, 0, 0, 0, 0, 0, 0, 0, 0, 0]
Round=0
Round=1
Round=2
Round=3
Round=4
Round=5
Round=6
Round=7
Round=8
Round=9
Round=10
Round=11
Round=12
Round=13
Round=14
current privacy cost of all clients:  [3.554611437795162, 3.554611437795162, 2.8039339861853394, 3.3043856205918876, 3.8048372549984366, 3.554611437795162, 3.8048372549984366, 4.055063072201711, 4.305288889404985, 3.0541598033886133]
Round=14, per client global perf=[0.3593, 0.8009, 0.0668, 0.1968, 0.4779, 0.6219, 0.7084, 0.307, 0.1171, 0.0271], mean perf=9292/20405 (0.4554%)
Round=14, per client personal perf=[0.9065, 0.9555, 0.9542, 0.9574, 0.8585, 0.8219, 0.9313, 0.9722, 0.989, 0.9669], mean perf=18728/20405 (0.9178%)
Round=14, per client personal pooled=[0.3457, 0.3852, 0.1083, 0.4592, 0.2763, 0.3675, 0.3735, 0.2913, 0.2097, 0.099], mean perf=59491/204050 (0.2916%)
Mean performance of ditto rpdp global, Perf=0.4329
Mean performance of ditto rpdp personal, Perf=0.9158
Mean performance of ditto rpdp pooled, Perf=0.2883
 We run FedAvg with rPDP (BoundedPareto-0) ...
max_epsilon :  10.0  noise_multiplier :  9.736328125
The R-Squared value of the best-fit curve : 0.999749898528281
learning rate =  0.001
sample_rate: (min) 0.03, (max) 0.76, expected_batch_size: 318
sample_rate: (min) 0.03, (max) 0.74, expected_batch_size: 660
sample_rate: (min) 0.03, (max) 0.98, expected_batch_size: 229
sample_rate: (min) 0.03, (max) 0.6, expected_batch_size: 71
sample_rate: (min) 0.03, (max) 0.93, expected_batch_size: 436
sample_rate: (min) 0.03, (max) 0.75, expected_batch_size: 479
sample_rate: (min) 0.03, (max) 0.77, expected_batch_size: 121
sample_rate: (min) 0.03, (max) 0.75, expected_batch_size: 99
sample_rate: (min) 0.03, (max) 0.81, expected_batch_size: 285
sample_rate: (min) 0.03, (max) 0.62, expected_batch_size: 237
initial privacy cost of all clients:  [0, 0, 0, 0, 0, 0, 0, 0, 0, 0]
Round=0
Round=1
Round=2
Round=3
Round=4
Round=5
Round=6
Round=7
Round=8
Round=9
Round=10
Round=11
Round=12
Round=13
Round=14
current privacy cost of all clients:  [4.752415310075706, 4.602455850417578, 5.053178585950321, 3.2766042743468606, 6.577901701762658, 4.674141139984671, 5.097015087261735, 5.224655860288732, 6.049312363510402, 3.1533820324004593]
Round=14, per client global perf=[0.4582, 0.7716, 0.0464, 0.2089, 0.5211, 0.6051, 0.6916, 0.3596, 0.0656, 0.0283], mean perf=9340/20405 (0.4577%)
Round=14, per client personal perf=[0.9047, 0.9499, 0.9549, 0.9554, 0.8691, 0.8272, 0.9253, 0.9766, 0.989, 0.9669], mean perf=18745/20405 (0.9186%)
Round=14, per client personal pooled=[0.3644, 0.3721, 0.1093, 0.469, 0.2844, 0.3707, 0.3767, 0.3254, 0.1985, 0.099], mean perf=60592/204050 (0.2969%)
Mean performance of ditto rpdp global, Perf=0.4089
Mean performance of ditto rpdp personal, Perf=0.9151
Mean performance of ditto rpdp pooled, Perf=0.2879
 We run FedAvg with rPDP (BoundedMixGauss-0) ...
max_epsilon :  10.0  noise_multiplier :  9.736328125
The R-Squared value of the best-fit curve : 0.999749898528281
learning rate =  0.001
sample_rate: (min) 0.03, (max) 0.72, expected_batch_size: 450
sample_rate: (min) 0.03, (max) 0.79, expected_batch_size: 1006
sample_rate: (min) 0.03, (max) 0.72, expected_batch_size: 335
sample_rate: (min) 0.03, (max) 0.71, expected_batch_size: 114
sample_rate: (min) 0.03, (max) 0.72, expected_batch_size: 631
sample_rate: (min) 0.03, (max) 0.74, expected_batch_size: 736
sample_rate: (min) 0.03, (max) 0.7, expected_batch_size: 180
sample_rate: (min) 0.03, (max) 0.73, expected_batch_size: 162
sample_rate: (min) 0.03, (max) 0.74, expected_batch_size: 428
sample_rate: (min) 0.03, (max) 0.73, expected_batch_size: 344
initial privacy cost of all clients:  [0, 0, 0, 0, 0, 0, 0, 0, 0, 0]
Round=0
Round=1
Round=2
Round=3
Round=4
Round=5
Round=6
Round=7
Round=8
Round=9
Round=10
Round=11
Round=12
Round=13
Round=14
current privacy cost of all clients:  [4.452560630310308, 4.989186002268105, 3.458084898040492, 4.088061881868361, 4.748834036287378, 4.635185435148208, 4.556800021295442, 5.07613599708928, 5.357871969683328, 3.8727212988002124]
Round=14, per client global perf=[0.3907, 0.7999, 0.0712, 0.2333, 0.495, 0.6246, 0.7313, 0.364, 0.1096, 0.0289], mean perf=9487/20405 (0.4649%)
Round=14, per client personal perf=[0.9087, 0.9549, 0.9498, 0.9554, 0.8681, 0.8275, 0.9265, 0.9722, 0.9905, 0.9669], mean perf=18768/20405 (0.9198%)
Round=14, per client personal pooled=[0.3672, 0.3946, 0.1004, 0.4645, 0.3068, 0.3671, 0.3756, 0.2946, 0.1542, 0.099], mean perf=59668/204050 (0.2924%)
Mean performance of ditto rpdp global, Perf=0.4460
Mean performance of ditto rpdp personal, Perf=0.9151
Mean performance of ditto rpdp pooled, Perf=0.2844
Finished seed 42
----------------------------------------
=== Running reg_param=0, num_steps=30 ===
Running seed 42
/Users/shegao_t1/DP_Research/Personal_DP_Personal_FL/rpdp_fl/experiments/datasets/fed_fashion_mnist/dirichlet_10_alpha_1
 We run FedAvg with rPDP (ThreeLevels-0) ...
max_epsilon :  10.0  noise_multiplier :  9.736328125
The R-Squared value of the best-fit curve : 0.999749898528281
learning rate =  0.001
sample_rate: (min) 0.03, (max) 0.61, expected_batch_size: 475
sample_rate: (min) 0.03, (max) 0.61, expected_batch_size: 988
sample_rate: (min) 0.03, (max) 0.61, expected_batch_size: 335
sample_rate: (min) 0.03, (max) 0.61, expected_batch_size: 105
sample_rate: (min) 0.03, (max) 0.61, expected_batch_size: 623
sample_rate: (min) 0.03, (max) 0.61, expected_batch_size: 724
sample_rate: (min) 0.03, (max) 0.61, expected_batch_size: 177
sample_rate: (min) 0.03, (max) 0.61, expected_batch_size: 146
sample_rate: (min) 0.03, (max) 0.61, expected_batch_size: 426
sample_rate: (min) 0.03, (max) 0.61, expected_batch_size: 354
initial privacy cost of all clients:  [0, 0, 0, 0, 0, 0, 0, 0, 0, 0]
Round=0
Round=1
Round=2
Round=3
Round=4
Round=5
Round=6
Round=7
Round=8
Round=9
Round=10
Round=11
Round=12
Round=13
Round=14
current privacy cost of all clients:  [3.554611437795162, 3.554611437795162, 2.8039339861853394, 3.3043856205918876, 3.8048372549984366, 3.554611437795162, 3.8048372549984366, 4.055063072201711, 4.305288889404985, 3.0541598033886133]
Round=14, per client global perf=[0.3579, 0.8007, 0.0668, 0.1968, 0.4782, 0.6222, 0.7084, 0.3085, 0.1166, 0.0271], mean perf=9290/20405 (0.4553%)
Round=14, per client personal perf=[0.9321, 0.9583, 0.993, 0.9574, 0.8924, 0.8664, 0.9494, 0.9839, 0.992, 0.9771], mean perf=19155/20405 (0.9387%)
Round=14, per client personal pooled=[0.3755, 0.4014, 0.1914, 0.4724, 0.3322, 0.4272, 0.3975, 0.409, 0.2286, 0.132], mean perf=68704/204050 (0.3367%)
Mean performance of ditto rpdp global, Perf=0.4325
Mean performance of ditto rpdp personal, Perf=0.9373
Mean performance of ditto rpdp pooled, Perf=0.3352
 We run FedAvg with rPDP (BoundedPareto-0) ...
max_epsilon :  10.0  noise_multiplier :  9.736328125
The R-Squared value of the best-fit curve : 0.999749898528281
learning rate =  0.001
sample_rate: (min) 0.03, (max) 0.76, expected_batch_size: 318
sample_rate: (min) 0.03, (max) 0.74, expected_batch_size: 660
sample_rate: (min) 0.03, (max) 0.98, expected_batch_size: 229
sample_rate: (min) 0.03, (max) 0.6, expected_batch_size: 71
sample_rate: (min) 0.03, (max) 0.93, expected_batch_size: 436
sample_rate: (min) 0.03, (max) 0.75, expected_batch_size: 479
sample_rate: (min) 0.03, (max) 0.77, expected_batch_size: 121
sample_rate: (min) 0.03, (max) 0.75, expected_batch_size: 99
sample_rate: (min) 0.03, (max) 0.81, expected_batch_size: 285
sample_rate: (min) 0.03, (max) 0.62, expected_batch_size: 237
initial privacy cost of all clients:  [0, 0, 0, 0, 0, 0, 0, 0, 0, 0]
Round=0
Round=1
Round=2
Round=3
Round=4
Round=5
Round=6
Round=7
Round=8
Round=9
Round=10
Round=11
Round=12
Round=13
Round=14
current privacy cost of all clients:  [4.752415310075706, 4.602455850417578, 5.053178585950321, 3.2766042743468606, 6.577901701762658, 4.674141139984671, 5.097015087261735, 5.224655860288732, 6.049312363510402, 3.1533820324004593]
Round=14, per client global perf=[0.4622, 0.7716, 0.0464, 0.2089, 0.5221, 0.6066, 0.694, 0.3626, 0.0656, 0.0283], mean perf=9361/20405 (0.4588%)
Round=14, per client personal perf=[0.9335, 0.959, 0.9924, 0.9574, 0.8935, 0.8697, 0.9398, 0.9795, 0.991, 0.9741], mean perf=19156/20405 (0.9388%)
Round=14, per client personal pooled=[0.3829, 0.4124, 0.1919, 0.4673, 0.3483, 0.4198, 0.4168, 0.3573, 0.244, 0.1218], mean perf=68611/204050 (0.3362%)
Mean performance of ditto rpdp global, Perf=0.4096
Mean performance of ditto rpdp personal, Perf=0.9347
Mean performance of ditto rpdp pooled, Perf=0.3262
 We run FedAvg with rPDP (BoundedMixGauss-0) ...
max_epsilon :  10.0  noise_multiplier :  9.736328125
The R-Squared value of the best-fit curve : 0.999749898528281
learning rate =  0.001
sample_rate: (min) 0.03, (max) 0.72, expected_batch_size: 450
sample_rate: (min) 0.03, (max) 0.79, expected_batch_size: 1006
sample_rate: (min) 0.03, (max) 0.72, expected_batch_size: 335
sample_rate: (min) 0.03, (max) 0.71, expected_batch_size: 114
sample_rate: (min) 0.03, (max) 0.72, expected_batch_size: 631
sample_rate: (min) 0.03, (max) 0.74, expected_batch_size: 736
sample_rate: (min) 0.03, (max) 0.7, expected_batch_size: 180
sample_rate: (min) 0.03, (max) 0.73, expected_batch_size: 162
sample_rate: (min) 0.03, (max) 0.74, expected_batch_size: 428
sample_rate: (min) 0.03, (max) 0.73, expected_batch_size: 344
initial privacy cost of all clients:  [0, 0, 0, 0, 0, 0, 0, 0, 0, 0]
Round=0
Round=1
Round=2
Round=3
Round=4
Round=5
Round=6
Round=7
Round=8
Round=9
Round=10
Round=11
Round=12
Round=13
Round=14
current privacy cost of all clients:  [4.452560630310308, 4.989186002268105, 3.458084898040492, 4.088061881868361, 4.748834036287378, 4.635185435148208, 4.556800021295442, 5.07613599708928, 5.357871969683328, 3.8727212988002124]
Round=14, per client global perf=[0.3889, 0.7997, 0.0712, 0.2333, 0.495, 0.624, 0.7313, 0.3611, 0.1106, 0.0289], mean perf=9480/20405 (0.4646%)
Round=14, per client personal perf=[0.9299, 0.9616, 0.9911, 0.9594, 0.8924, 0.8661, 0.9482, 0.9854, 0.9895, 0.9789], mean perf=19160/20405 (0.9390%)
Round=14, per client personal pooled=[0.3789, 0.4189, 0.1906, 0.4724, 0.3347, 0.4019, 0.4252, 0.3738, 0.2543, 0.1452], mean perf=69293/204050 (0.3396%)
Mean performance of ditto rpdp global, Perf=0.4460
Mean performance of ditto rpdp personal, Perf=0.9362
Mean performance of ditto rpdp pooled, Perf=0.3347
Finished seed 42
----------------------------------------
=== Running reg_param=0.001, num_steps=15 ===
Running seed 42
/Users/shegao_t1/DP_Research/Personal_DP_Personal_FL/rpdp_fl/experiments/datasets/fed_fashion_mnist/dirichlet_10_alpha_1
 We run FedAvg with rPDP (ThreeLevels-0) ...
max_epsilon :  10.0  noise_multiplier :  9.736328125
The R-Squared value of the best-fit curve : 0.999749898528281
learning rate =  0.001
sample_rate: (min) 0.03, (max) 0.61, expected_batch_size: 475
sample_rate: (min) 0.03, (max) 0.61, expected_batch_size: 988
sample_rate: (min) 0.03, (max) 0.61, expected_batch_size: 335
sample_rate: (min) 0.03, (max) 0.61, expected_batch_size: 105
sample_rate: (min) 0.03, (max) 0.61, expected_batch_size: 623
sample_rate: (min) 0.03, (max) 0.61, expected_batch_size: 724
sample_rate: (min) 0.03, (max) 0.61, expected_batch_size: 177
sample_rate: (min) 0.03, (max) 0.61, expected_batch_size: 146
sample_rate: (min) 0.03, (max) 0.61, expected_batch_size: 426
sample_rate: (min) 0.03, (max) 0.61, expected_batch_size: 354
initial privacy cost of all clients:  [0, 0, 0, 0, 0, 0, 0, 0, 0, 0]
Round=0
Round=1
Round=2
Round=3
Round=4
Round=5
Round=6
Round=7
Round=8
Round=9
Round=10
Round=11
Round=12
Round=13
Round=14
current privacy cost of all clients:  [3.554611437795162, 3.554611437795162, 2.8039339861853394, 3.3043856205918876, 3.8048372549984366, 3.554611437795162, 3.8048372549984366, 4.055063072201711, 4.305288889404985, 3.0541598033886133]
Round=14, per client global perf=[0.3593, 0.8009, 0.0668, 0.1968, 0.4779, 0.6219, 0.7084, 0.307, 0.1171, 0.0271], mean perf=9292/20405 (0.4554%)
Round=14, per client personal perf=[0.9132, 0.9551, 0.9688, 0.9574, 0.8602, 0.8198, 0.9313, 0.9693, 0.991, 0.9669], mean perf=18764/20405 (0.9196%)
Round=14, per client personal pooled=[0.3491, 0.3937, 0.1375, 0.4674, 0.2765, 0.3644, 0.373, 0.2986, 0.182, 0.0998], mean perf=60028/204050 (0.2942%)
Mean performance of ditto rpdp global, Perf=0.4329
Mean performance of ditto rpdp personal, Perf=0.9167
Mean performance of ditto rpdp pooled, Perf=0.2900
 We run FedAvg with rPDP (BoundedPareto-0) ...
max_epsilon :  10.0  noise_multiplier :  9.736328125
The R-Squared value of the best-fit curve : 0.999749898528281
learning rate =  0.001
sample_rate: (min) 0.03, (max) 0.76, expected_batch_size: 318
sample_rate: (min) 0.03, (max) 0.74, expected_batch_size: 660
sample_rate: (min) 0.03, (max) 0.98, expected_batch_size: 229
sample_rate: (min) 0.03, (max) 0.6, expected_batch_size: 71
sample_rate: (min) 0.03, (max) 0.93, expected_batch_size: 436
sample_rate: (min) 0.03, (max) 0.75, expected_batch_size: 479
sample_rate: (min) 0.03, (max) 0.77, expected_batch_size: 121
sample_rate: (min) 0.03, (max) 0.75, expected_batch_size: 99
sample_rate: (min) 0.03, (max) 0.81, expected_batch_size: 285
sample_rate: (min) 0.03, (max) 0.62, expected_batch_size: 237
initial privacy cost of all clients:  [0, 0, 0, 0, 0, 0, 0, 0, 0, 0]
Round=0
Round=1
Round=2
Round=3
Round=4
Round=5
Round=6
Round=7
Round=8
Round=9
Round=10
Round=11
Round=12
Round=13
Round=14
current privacy cost of all clients:  [4.752415310075706, 4.602455850417578, 5.053178585950321, 3.2766042743468606, 6.577901701762658, 4.674141139984671, 5.097015087261735, 5.224655860288732, 6.049312363510402, 3.1533820324004593]
Round=14, per client global perf=[0.4582, 0.7716, 0.0464, 0.2089, 0.5211, 0.6051, 0.6916, 0.3596, 0.0656, 0.0283], mean perf=9340/20405 (0.4577%)
Round=14, per client personal perf=[0.9123, 0.9486, 0.9498, 0.9574, 0.8671, 0.8325, 0.9253, 0.9737, 0.99, 0.9669], mean perf=18761/20405 (0.9194%)
Round=14, per client personal pooled=[0.3662, 0.3754, 0.1004, 0.4709, 0.2842, 0.3741, 0.3739, 0.3052, 0.2224, 0.099], mean perf=60640/204050 (0.2972%)
Mean performance of ditto rpdp global, Perf=0.4089
Mean performance of ditto rpdp personal, Perf=0.9158
Mean performance of ditto rpdp pooled, Perf=0.2920
 We run FedAvg with rPDP (BoundedMixGauss-0) ...
max_epsilon :  10.0  noise_multiplier :  9.736328125
The R-Squared value of the best-fit curve : 0.999749898528281
learning rate =  0.001
sample_rate: (min) 0.03, (max) 0.72, expected_batch_size: 450
sample_rate: (min) 0.03, (max) 0.79, expected_batch_size: 1006
sample_rate: (min) 0.03, (max) 0.72, expected_batch_size: 335
sample_rate: (min) 0.03, (max) 0.71, expected_batch_size: 114
sample_rate: (min) 0.03, (max) 0.72, expected_batch_size: 631
sample_rate: (min) 0.03, (max) 0.74, expected_batch_size: 736
sample_rate: (min) 0.03, (max) 0.7, expected_batch_size: 180
sample_rate: (min) 0.03, (max) 0.73, expected_batch_size: 162
sample_rate: (min) 0.03, (max) 0.74, expected_batch_size: 428
sample_rate: (min) 0.03, (max) 0.73, expected_batch_size: 344
initial privacy cost of all clients:  [0, 0, 0, 0, 0, 0, 0, 0, 0, 0]
Round=0
Round=1
Round=2
Round=3
Round=4
Round=5
Round=6
Round=7
Round=8
Round=9
Round=10
Round=11
Round=12
Round=13
Round=14
current privacy cost of all clients:  [4.452560630310308, 4.989186002268105, 3.458084898040492, 4.088061881868361, 4.748834036287378, 4.635185435148208, 4.556800021295442, 5.07613599708928, 5.357871969683328, 3.8727212988002124]
Round=14, per client global perf=[0.3907, 0.7999, 0.0712, 0.2333, 0.495, 0.6246, 0.7313, 0.364, 0.1096, 0.0289], mean perf=9487/20405 (0.4649%)
Round=14, per client personal perf=[0.9141, 0.9547, 0.9523, 0.9554, 0.8674, 0.8272, 0.9337, 0.9708, 0.9905, 0.9669], mean perf=18785/20405 (0.9206%)
Round=14, per client personal pooled=[0.3711, 0.3949, 0.1026, 0.4639, 0.3087, 0.3653, 0.3776, 0.2933, 0.1529, 0.099], mean perf=59773/204050 (0.2929%)
Mean performance of ditto rpdp global, Perf=0.4460
Mean performance of ditto rpdp personal, Perf=0.9161
Mean performance of ditto rpdp pooled, Perf=0.2853
Finished seed 42
----------------------------------------
=== Running reg_param=0.001, num_steps=30 ===
Running seed 42
/Users/shegao_t1/DP_Research/Personal_DP_Personal_FL/rpdp_fl/experiments/datasets/fed_fashion_mnist/dirichlet_10_alpha_1
 We run FedAvg with rPDP (ThreeLevels-0) ...
max_epsilon :  10.0  noise_multiplier :  9.736328125
The R-Squared value of the best-fit curve : 0.999749898528281
learning rate =  0.001
sample_rate: (min) 0.03, (max) 0.61, expected_batch_size: 475
sample_rate: (min) 0.03, (max) 0.61, expected_batch_size: 988
sample_rate: (min) 0.03, (max) 0.61, expected_batch_size: 335
sample_rate: (min) 0.03, (max) 0.61, expected_batch_size: 105
sample_rate: (min) 0.03, (max) 0.61, expected_batch_size: 623
sample_rate: (min) 0.03, (max) 0.61, expected_batch_size: 724
sample_rate: (min) 0.03, (max) 0.61, expected_batch_size: 177
sample_rate: (min) 0.03, (max) 0.61, expected_batch_size: 146
sample_rate: (min) 0.03, (max) 0.61, expected_batch_size: 426
sample_rate: (min) 0.03, (max) 0.61, expected_batch_size: 354
initial privacy cost of all clients:  [0, 0, 0, 0, 0, 0, 0, 0, 0, 0]
Round=0
Round=1
Round=2
Round=3
Round=4
Round=5
Round=6
Round=7
Round=8
Round=9
Round=10
Round=11
Round=12
Round=13
Round=14
current privacy cost of all clients:  [3.554611437795162, 3.554611437795162, 2.8039339861853394, 3.3043856205918876, 3.8048372549984366, 3.554611437795162, 3.8048372549984366, 4.055063072201711, 4.305288889404985, 3.0541598033886133]
Round=14, per client global perf=[0.3579, 0.8007, 0.0668, 0.1968, 0.4782, 0.6222, 0.7084, 0.3085, 0.1166, 0.0271], mean perf=9290/20405 (0.4553%)
Round=14, per client personal perf=[0.9344, 0.957, 0.993, 0.9594, 0.8931, 0.8658, 0.9482, 0.981, 0.991, 0.9801], mean perf=19155/20405 (0.9387%)
Round=14, per client personal pooled=[0.3797, 0.3997, 0.1914, 0.4734, 0.343, 0.4228, 0.4072, 0.4108, 0.2229, 0.1662], mean perf=69723/204050 (0.3417%)
Mean performance of ditto rpdp global, Perf=0.4325
Mean performance of ditto rpdp personal, Perf=0.9367
Mean performance of ditto rpdp pooled, Perf=0.3381
 We run FedAvg with rPDP (BoundedPareto-0) ...
max_epsilon :  10.0  noise_multiplier :  9.736328125
The R-Squared value of the best-fit curve : 0.999749898528281
learning rate =  0.001
sample_rate: (min) 0.03, (max) 0.76, expected_batch_size: 318
sample_rate: (min) 0.03, (max) 0.74, expected_batch_size: 660
sample_rate: (min) 0.03, (max) 0.98, expected_batch_size: 229
sample_rate: (min) 0.03, (max) 0.6, expected_batch_size: 71
sample_rate: (min) 0.03, (max) 0.93, expected_batch_size: 436
sample_rate: (min) 0.03, (max) 0.75, expected_batch_size: 479
sample_rate: (min) 0.03, (max) 0.77, expected_batch_size: 121
sample_rate: (min) 0.03, (max) 0.75, expected_batch_size: 99
sample_rate: (min) 0.03, (max) 0.81, expected_batch_size: 285
sample_rate: (min) 0.03, (max) 0.62, expected_batch_size: 237
initial privacy cost of all clients:  [0, 0, 0, 0, 0, 0, 0, 0, 0, 0]
Round=0
Round=1
Round=2
Round=3
Round=4
Round=5
Round=6
Round=7
Round=8
Round=9
Round=10
Round=11
Round=12
Round=13
Round=14
current privacy cost of all clients:  [4.752415310075706, 4.602455850417578, 5.053178585950321, 3.2766042743468606, 6.577901701762658, 4.674141139984671, 5.097015087261735, 5.224655860288732, 6.049312363510402, 3.1533820324004593]
Round=14, per client global perf=[0.4622, 0.7716, 0.0464, 0.2089, 0.5221, 0.6066, 0.694, 0.3626, 0.0656, 0.0283], mean perf=9361/20405 (0.4588%)
Round=14, per client personal perf=[0.9326, 0.9592, 0.9924, 0.9615, 0.8948, 0.872, 0.9373, 0.9766, 0.992, 0.9801], mean perf=19177/20405 (0.9398%)
Round=14, per client personal pooled=[0.388, 0.4124, 0.1913, 0.4685, 0.3449, 0.4218, 0.4153, 0.3644, 0.2472, 0.1439], mean perf=69330/204050 (0.3398%)
Mean performance of ditto rpdp global, Perf=0.4096
Mean performance of ditto rpdp personal, Perf=0.9361
Mean performance of ditto rpdp pooled, Perf=0.3326
 We run FedAvg with rPDP (BoundedMixGauss-0) ...
max_epsilon :  10.0  noise_multiplier :  9.736328125
The R-Squared value of the best-fit curve : 0.999749898528281
learning rate =  0.001
sample_rate: (min) 0.03, (max) 0.72, expected_batch_size: 450
sample_rate: (min) 0.03, (max) 0.79, expected_batch_size: 1006
sample_rate: (min) 0.03, (max) 0.72, expected_batch_size: 335
sample_rate: (min) 0.03, (max) 0.71, expected_batch_size: 114
sample_rate: (min) 0.03, (max) 0.72, expected_batch_size: 631
sample_rate: (min) 0.03, (max) 0.74, expected_batch_size: 736
sample_rate: (min) 0.03, (max) 0.7, expected_batch_size: 180
sample_rate: (min) 0.03, (max) 0.73, expected_batch_size: 162
sample_rate: (min) 0.03, (max) 0.74, expected_batch_size: 428
sample_rate: (min) 0.03, (max) 0.73, expected_batch_size: 344
initial privacy cost of all clients:  [0, 0, 0, 0, 0, 0, 0, 0, 0, 0]
Round=0
Round=1
Round=2
Round=3
Round=4
Round=5
Round=6
Round=7
Round=8
Round=9
Round=10
Round=11
Round=12
Round=13
Round=14
current privacy cost of all clients:  [4.452560630310308, 4.989186002268105, 3.458084898040492, 4.088061881868361, 4.748834036287378, 4.635185435148208, 4.556800021295442, 5.07613599708928, 5.357871969683328, 3.8727212988002124]
Round=14, per client global perf=[0.3889, 0.7997, 0.0712, 0.2333, 0.495, 0.624, 0.7313, 0.3611, 0.1106, 0.0289], mean perf=9480/20405 (0.4646%)
Round=14, per client personal perf=[0.9303, 0.9598, 0.9924, 0.9615, 0.8914, 0.8632, 0.9494, 0.9868, 0.99, 0.9777], mean perf=19144/20405 (0.9382%)
Round=14, per client personal pooled=[0.3792, 0.4178, 0.1902, 0.472, 0.3321, 0.3895, 0.4232, 0.3951, 0.2512, 0.1356], mean perf=69088/204050 (0.3386%)
Mean performance of ditto rpdp global, Perf=0.4460
Mean performance of ditto rpdp personal, Perf=0.9357
Mean performance of ditto rpdp pooled, Perf=0.3342
Finished seed 42
----------------------------------------
=== Running reg_param=0.01, num_steps=15 ===
Running seed 42
/Users/shegao_t1/DP_Research/Personal_DP_Personal_FL/rpdp_fl/experiments/datasets/fed_fashion_mnist/dirichlet_10_alpha_1
 We run FedAvg with rPDP (ThreeLevels-0) ...
max_epsilon :  10.0  noise_multiplier :  9.736328125
The R-Squared value of the best-fit curve : 0.999749898528281
learning rate =  0.001
sample_rate: (min) 0.03, (max) 0.61, expected_batch_size: 475
sample_rate: (min) 0.03, (max) 0.61, expected_batch_size: 988
sample_rate: (min) 0.03, (max) 0.61, expected_batch_size: 335
sample_rate: (min) 0.03, (max) 0.61, expected_batch_size: 105
sample_rate: (min) 0.03, (max) 0.61, expected_batch_size: 623
sample_rate: (min) 0.03, (max) 0.61, expected_batch_size: 724
sample_rate: (min) 0.03, (max) 0.61, expected_batch_size: 177
sample_rate: (min) 0.03, (max) 0.61, expected_batch_size: 146
sample_rate: (min) 0.03, (max) 0.61, expected_batch_size: 426
sample_rate: (min) 0.03, (max) 0.61, expected_batch_size: 354
initial privacy cost of all clients:  [0, 0, 0, 0, 0, 0, 0, 0, 0, 0]
Round=0
Round=1
Round=2
Round=3
Round=4
Round=5
Round=6
Round=7
Round=8
Round=9
Round=10
Round=11
Round=12
Round=13
Round=14
current privacy cost of all clients:  [3.554611437795162, 3.554611437795162, 2.8039339861853394, 3.3043856205918876, 3.8048372549984366, 3.554611437795162, 3.8048372549984366, 4.055063072201711, 4.305288889404985, 3.0541598033886133]
Round=14, per client global perf=[0.3593, 0.8009, 0.0668, 0.1968, 0.4779, 0.6219, 0.7084, 0.307, 0.1171, 0.0271], mean perf=9292/20405 (0.4554%)
Round=14, per client personal perf=[0.9051, 0.9512, 0.9797, 0.9594, 0.8585, 0.8239, 0.9253, 0.9693, 0.991, 0.9675], mean perf=18751/20405 (0.9189%)
Round=14, per client personal pooled=[0.3438, 0.3696, 0.1615, 0.4714, 0.2768, 0.3787, 0.3751, 0.3224, 0.1789, 0.0993], mean perf=60757/204050 (0.2978%)
Mean performance of ditto rpdp global, Perf=0.4329
Mean performance of ditto rpdp personal, Perf=0.9173
Mean performance of ditto rpdp pooled, Perf=0.2948
 We run FedAvg with rPDP (BoundedPareto-0) ...
max_epsilon :  10.0  noise_multiplier :  9.736328125
The R-Squared value of the best-fit curve : 0.999749898528281
learning rate =  0.001
sample_rate: (min) 0.03, (max) 0.76, expected_batch_size: 318
sample_rate: (min) 0.03, (max) 0.74, expected_batch_size: 660
sample_rate: (min) 0.03, (max) 0.98, expected_batch_size: 229
sample_rate: (min) 0.03, (max) 0.6, expected_batch_size: 71
sample_rate: (min) 0.03, (max) 0.93, expected_batch_size: 436
sample_rate: (min) 0.03, (max) 0.75, expected_batch_size: 479
sample_rate: (min) 0.03, (max) 0.77, expected_batch_size: 121
sample_rate: (min) 0.03, (max) 0.75, expected_batch_size: 99
sample_rate: (min) 0.03, (max) 0.81, expected_batch_size: 285
sample_rate: (min) 0.03, (max) 0.62, expected_batch_size: 237
initial privacy cost of all clients:  [0, 0, 0, 0, 0, 0, 0, 0, 0, 0]
Round=0
Round=1
Round=2
Round=3
Round=4
Round=5
Round=6
Round=7
Round=8
Round=9
Round=10
Round=11
Round=12
Round=13
Round=14
current privacy cost of all clients:  [4.752415310075706, 4.602455850417578, 5.053178585950321, 3.2766042743468606, 6.577901701762658, 4.674141139984671, 5.097015087261735, 5.224655860288732, 6.049312363510402, 3.1533820324004593]
Round=14, per client global perf=[0.4582, 0.7716, 0.0464, 0.2089, 0.5211, 0.6051, 0.6916, 0.3596, 0.0656, 0.0283], mean perf=9340/20405 (0.4577%)
Round=14, per client personal perf=[0.9141, 0.9516, 0.9714, 0.9574, 0.8705, 0.8372, 0.9265, 0.9751, 0.991, 0.9669], mean perf=18843/20405 (0.9235%)
Round=14, per client personal pooled=[0.3691, 0.3766, 0.1395, 0.4625, 0.2967, 0.4005, 0.3746, 0.3233, 0.2131, 0.099], mean perf=62336/204050 (0.3055%)
Mean performance of ditto rpdp global, Perf=0.4089
Mean performance of ditto rpdp personal, Perf=0.9186
Mean performance of ditto rpdp pooled, Perf=0.2979
 We run FedAvg with rPDP (BoundedMixGauss-0) ...
max_epsilon :  10.0  noise_multiplier :  9.736328125
The R-Squared value of the best-fit curve : 0.999749898528281
learning rate =  0.001
sample_rate: (min) 0.03, (max) 0.72, expected_batch_size: 450
sample_rate: (min) 0.03, (max) 0.79, expected_batch_size: 1006
sample_rate: (min) 0.03, (max) 0.72, expected_batch_size: 335
sample_rate: (min) 0.03, (max) 0.71, expected_batch_size: 114
sample_rate: (min) 0.03, (max) 0.72, expected_batch_size: 631
sample_rate: (min) 0.03, (max) 0.74, expected_batch_size: 736
sample_rate: (min) 0.03, (max) 0.7, expected_batch_size: 180
sample_rate: (min) 0.03, (max) 0.73, expected_batch_size: 162
sample_rate: (min) 0.03, (max) 0.74, expected_batch_size: 428
sample_rate: (min) 0.03, (max) 0.73, expected_batch_size: 344
initial privacy cost of all clients:  [0, 0, 0, 0, 0, 0, 0, 0, 0, 0]
Round=0
Round=1
Round=2
Round=3
Round=4
Round=5
Round=6
Round=7
Round=8
Round=9
Round=10
Round=11
Round=12
Round=13
Round=14
current privacy cost of all clients:  [4.452560630310308, 4.989186002268105, 3.458084898040492, 4.088061881868361, 4.748834036287378, 4.635185435148208, 4.556800021295442, 5.07613599708928, 5.357871969683328, 3.8727212988002124]
Round=14, per client global perf=[0.3907, 0.7999, 0.0712, 0.2333, 0.495, 0.6246, 0.7313, 0.364, 0.1096, 0.0289], mean perf=9487/20405 (0.4649%)
Round=14, per client personal perf=[0.9146, 0.9519, 0.953, 0.9554, 0.8664, 0.8222, 0.9325, 0.9635, 0.9905, 0.9669], mean perf=18748/20405 (0.9188%)
Round=14, per client personal pooled=[0.371, 0.3845, 0.1055, 0.4651, 0.3071, 0.3377, 0.3777, 0.2898, 0.1643, 0.099], mean perf=59211/204050 (0.2902%)
Mean performance of ditto rpdp global, Perf=0.4460
Mean performance of ditto rpdp personal, Perf=0.9157
Mean performance of ditto rpdp pooled, Perf=0.2878
Finished seed 42
----------------------------------------
=== Running reg_param=0.01, num_steps=30 ===
Running seed 42
/Users/shegao_t1/DP_Research/Personal_DP_Personal_FL/rpdp_fl/experiments/datasets/fed_fashion_mnist/dirichlet_10_alpha_1
 We run FedAvg with rPDP (ThreeLevels-0) ...
max_epsilon :  10.0  noise_multiplier :  9.736328125
The R-Squared value of the best-fit curve : 0.999749898528281
learning rate =  0.001
sample_rate: (min) 0.03, (max) 0.61, expected_batch_size: 475
sample_rate: (min) 0.03, (max) 0.61, expected_batch_size: 988
sample_rate: (min) 0.03, (max) 0.61, expected_batch_size: 335
sample_rate: (min) 0.03, (max) 0.61, expected_batch_size: 105
sample_rate: (min) 0.03, (max) 0.61, expected_batch_size: 623
sample_rate: (min) 0.03, (max) 0.61, expected_batch_size: 724
sample_rate: (min) 0.03, (max) 0.61, expected_batch_size: 177
sample_rate: (min) 0.03, (max) 0.61, expected_batch_size: 146
sample_rate: (min) 0.03, (max) 0.61, expected_batch_size: 426
sample_rate: (min) 0.03, (max) 0.61, expected_batch_size: 354
initial privacy cost of all clients:  [0, 0, 0, 0, 0, 0, 0, 0, 0, 0]
Round=0
Round=1
Round=2
Round=3
Round=4
Round=5
Round=6
Round=7
Round=8
Round=9
Round=10
Round=11
Round=12
Round=13
Round=14
current privacy cost of all clients:  [3.554611437795162, 3.554611437795162, 2.8039339861853394, 3.3043856205918876, 3.8048372549984366, 3.554611437795162, 3.8048372549984366, 4.055063072201711, 4.305288889404985, 3.0541598033886133]
Round=14, per client global perf=[0.3579, 0.8007, 0.0668, 0.1968, 0.4782, 0.6222, 0.7084, 0.3085, 0.1166, 0.0271], mean perf=9290/20405 (0.4553%)
Round=14, per client personal perf=[0.9321, 0.959, 0.9943, 0.9594, 0.8911, 0.8629, 0.9446, 0.9708, 0.993, 0.9759], mean perf=19132/20405 (0.9376%)
Round=14, per client personal pooled=[0.3779, 0.3988, 0.1928, 0.4709, 0.3344, 0.4297, 0.3978, 0.3999, 0.2342, 0.1254], mean perf=68599/204050 (0.3362%)
Mean performance of ditto rpdp global, Perf=0.4325
Mean performance of ditto rpdp personal, Perf=0.9354
Mean performance of ditto rpdp pooled, Perf=0.3374
 We run FedAvg with rPDP (BoundedPareto-0) ...
max_epsilon :  10.0  noise_multiplier :  9.736328125
The R-Squared value of the best-fit curve : 0.999749898528281
learning rate =  0.001
sample_rate: (min) 0.03, (max) 0.76, expected_batch_size: 318
sample_rate: (min) 0.03, (max) 0.74, expected_batch_size: 660
sample_rate: (min) 0.03, (max) 0.98, expected_batch_size: 229
sample_rate: (min) 0.03, (max) 0.6, expected_batch_size: 71
sample_rate: (min) 0.03, (max) 0.93, expected_batch_size: 436
sample_rate: (min) 0.03, (max) 0.75, expected_batch_size: 479
sample_rate: (min) 0.03, (max) 0.77, expected_batch_size: 121
sample_rate: (min) 0.03, (max) 0.75, expected_batch_size: 99
sample_rate: (min) 0.03, (max) 0.81, expected_batch_size: 285
sample_rate: (min) 0.03, (max) 0.62, expected_batch_size: 237
initial privacy cost of all clients:  [0, 0, 0, 0, 0, 0, 0, 0, 0, 0]
Round=0
Round=1
Round=2
Round=3
Round=4
Round=5
Round=6
Round=7
Round=8
Round=9
Round=10
Round=11
Round=12
Round=13
Round=14
current privacy cost of all clients:  [4.752415310075706, 4.602455850417578, 5.053178585950321, 3.2766042743468606, 6.577901701762658, 4.674141139984671, 5.097015087261735, 5.224655860288732, 6.049312363510402, 3.1533820324004593]
Round=14, per client global perf=[0.4622, 0.7716, 0.0464, 0.2089, 0.5221, 0.6066, 0.694, 0.3626, 0.0656, 0.0283], mean perf=9361/20405 (0.4588%)
Round=14, per client personal perf=[0.9281, 0.9553, 0.9924, 0.9635, 0.8921, 0.8614, 0.941, 0.9576, 0.9905, 0.9747], mean perf=19084/20405 (0.9353%)
Round=14, per client personal pooled=[0.376, 0.404, 0.1918, 0.4663, 0.3441, 0.3982, 0.4027, 0.3056, 0.2581, 0.1219], mean perf=66698/204050 (0.3269%)
Mean performance of ditto rpdp global, Perf=0.4096
Mean performance of ditto rpdp personal, Perf=0.9338
Mean performance of ditto rpdp pooled, Perf=0.3248
 We run FedAvg with rPDP (BoundedMixGauss-0) ...
max_epsilon :  10.0  noise_multiplier :  9.736328125
The R-Squared value of the best-fit curve : 0.999749898528281
learning rate =  0.001
sample_rate: (min) 0.03, (max) 0.72, expected_batch_size: 450
sample_rate: (min) 0.03, (max) 0.79, expected_batch_size: 1006
sample_rate: (min) 0.03, (max) 0.72, expected_batch_size: 335
sample_rate: (min) 0.03, (max) 0.71, expected_batch_size: 114
sample_rate: (min) 0.03, (max) 0.72, expected_batch_size: 631
sample_rate: (min) 0.03, (max) 0.74, expected_batch_size: 736
sample_rate: (min) 0.03, (max) 0.7, expected_batch_size: 180
sample_rate: (min) 0.03, (max) 0.73, expected_batch_size: 162
sample_rate: (min) 0.03, (max) 0.74, expected_batch_size: 428
sample_rate: (min) 0.03, (max) 0.73, expected_batch_size: 344
initial privacy cost of all clients:  [0, 0, 0, 0, 0, 0, 0, 0, 0, 0]
Round=0
Round=1
Round=2
Round=3
Round=4
Round=5
Round=6
Round=7
Round=8
Round=9
Round=10
Round=11
Round=12
Round=13
Round=14
current privacy cost of all clients:  [4.452560630310308, 4.989186002268105, 3.458084898040492, 4.088061881868361, 4.748834036287378, 4.635185435148208, 4.556800021295442, 5.07613599708928, 5.357871969683328, 3.8727212988002124]
Round=14, per client global perf=[0.3889, 0.7997, 0.0712, 0.2333, 0.495, 0.624, 0.7313, 0.3611, 0.1106, 0.0289], mean perf=9480/20405 (0.4646%)
Round=14, per client personal perf=[0.9326, 0.9529, 0.9917, 0.9574, 0.8842, 0.8593, 0.9482, 0.9766, 0.992, 0.9777], mean perf=19076/20405 (0.9349%)
Round=14, per client personal pooled=[0.38, 0.3985, 0.1898, 0.4751, 0.3237, 0.3919, 0.4402, 0.3879, 0.2594, 0.1367], mean perf=69032/204050 (0.3383%)
Mean performance of ditto rpdp global, Perf=0.4460
Mean performance of ditto rpdp personal, Perf=0.9331
Mean performance of ditto rpdp pooled, Perf=0.3296
Finished seed 42
----------------------------------------
=== Running reg_param=0.1, num_steps=15 ===
Running seed 42
/Users/shegao_t1/DP_Research/Personal_DP_Personal_FL/rpdp_fl/experiments/datasets/fed_fashion_mnist/dirichlet_10_alpha_1
 We run FedAvg with rPDP (ThreeLevels-0) ...
max_epsilon :  10.0  noise_multiplier :  9.736328125
The R-Squared value of the best-fit curve : 0.999749898528281
learning rate =  0.001
sample_rate: (min) 0.03, (max) 0.61, expected_batch_size: 475
sample_rate: (min) 0.03, (max) 0.61, expected_batch_size: 988
sample_rate: (min) 0.03, (max) 0.61, expected_batch_size: 335
sample_rate: (min) 0.03, (max) 0.61, expected_batch_size: 105
sample_rate: (min) 0.03, (max) 0.61, expected_batch_size: 623
sample_rate: (min) 0.03, (max) 0.61, expected_batch_size: 724
sample_rate: (min) 0.03, (max) 0.61, expected_batch_size: 177
sample_rate: (min) 0.03, (max) 0.61, expected_batch_size: 146
sample_rate: (min) 0.03, (max) 0.61, expected_batch_size: 426
sample_rate: (min) 0.03, (max) 0.61, expected_batch_size: 354
initial privacy cost of all clients:  [0, 0, 0, 0, 0, 0, 0, 0, 0, 0]
Round=0
Round=1
Round=2
Round=3
Round=4
Round=5
Round=6
Round=7
Round=8
Round=9
Round=10
Round=11
Round=12
Round=13
Round=14
current privacy cost of all clients:  [3.554611437795162, 3.554611437795162, 2.8039339861853394, 3.3043856205918876, 3.8048372549984366, 3.554611437795162, 3.8048372549984366, 4.055063072201711, 4.305288889404985, 3.0541598033886133]
Round=14, per client global perf=[0.3593, 0.8009, 0.0668, 0.1968, 0.4779, 0.6219, 0.7084, 0.307, 0.1171, 0.0271], mean perf=9292/20405 (0.4554%)
Round=14, per client personal perf=[0.8831, 0.9342, 0.9822, 0.9554, 0.8609, 0.8154, 0.8928, 0.9561, 0.9855, 0.9669], mean perf=18555/20405 (0.9093%)
Round=14, per client personal pooled=[0.3215, 0.353, 0.1746, 0.4579, 0.2876, 0.3857, 0.37, 0.2894, 0.2753, 0.099], mean perf=61503/204050 (0.3014%)
Mean performance of ditto rpdp global, Perf=0.4329
Mean performance of ditto rpdp personal, Perf=0.9111
Mean performance of ditto rpdp pooled, Perf=0.2984
 We run FedAvg with rPDP (BoundedPareto-0) ...
max_epsilon :  10.0  noise_multiplier :  9.736328125
The R-Squared value of the best-fit curve : 0.999749898528281
learning rate =  0.001
sample_rate: (min) 0.03, (max) 0.76, expected_batch_size: 318
sample_rate: (min) 0.03, (max) 0.74, expected_batch_size: 660
sample_rate: (min) 0.03, (max) 0.98, expected_batch_size: 229
sample_rate: (min) 0.03, (max) 0.6, expected_batch_size: 71
sample_rate: (min) 0.03, (max) 0.93, expected_batch_size: 436
sample_rate: (min) 0.03, (max) 0.75, expected_batch_size: 479
sample_rate: (min) 0.03, (max) 0.77, expected_batch_size: 121
sample_rate: (min) 0.03, (max) 0.75, expected_batch_size: 99
sample_rate: (min) 0.03, (max) 0.81, expected_batch_size: 285
sample_rate: (min) 0.03, (max) 0.62, expected_batch_size: 237
initial privacy cost of all clients:  [0, 0, 0, 0, 0, 0, 0, 0, 0, 0]
Round=0
Round=1
Round=2
Round=3
Round=4
Round=5
Round=6
Round=7
Round=8
Round=9
Round=10
Round=11
Round=12
Round=13
Round=14
current privacy cost of all clients:  [4.752415310075706, 4.602455850417578, 5.053178585950321, 3.2766042743468606, 6.577901701762658, 4.674141139984671, 5.097015087261735, 5.224655860288732, 6.049312363510402, 3.1533820324004593]
Round=14, per client global perf=[0.4582, 0.7716, 0.0464, 0.2089, 0.5211, 0.6051, 0.6916, 0.3596, 0.0656, 0.0283], mean perf=9340/20405 (0.4577%)
Round=14, per client personal perf=[0.8903, 0.9313, 0.9771, 0.9554, 0.8592, 0.8006, 0.912, 0.9649, 0.9905, 0.9669], mean perf=18527/20405 (0.9080%)
Round=14, per client personal pooled=[0.3632, 0.3599, 0.1556, 0.4573, 0.2919, 0.3175, 0.3744, 0.3211, 0.1746, 0.099], mean perf=59472/204050 (0.2915%)
Mean performance of ditto rpdp global, Perf=0.4089
Mean performance of ditto rpdp personal, Perf=0.9095
Mean performance of ditto rpdp pooled, Perf=0.2906
 We run FedAvg with rPDP (BoundedMixGauss-0) ...
max_epsilon :  10.0  noise_multiplier :  9.736328125
The R-Squared value of the best-fit curve : 0.999749898528281
learning rate =  0.001
sample_rate: (min) 0.03, (max) 0.72, expected_batch_size: 450
sample_rate: (min) 0.03, (max) 0.79, expected_batch_size: 1006
sample_rate: (min) 0.03, (max) 0.72, expected_batch_size: 335
sample_rate: (min) 0.03, (max) 0.71, expected_batch_size: 114
sample_rate: (min) 0.03, (max) 0.72, expected_batch_size: 631
sample_rate: (min) 0.03, (max) 0.74, expected_batch_size: 736
sample_rate: (min) 0.03, (max) 0.7, expected_batch_size: 180
sample_rate: (min) 0.03, (max) 0.73, expected_batch_size: 162
sample_rate: (min) 0.03, (max) 0.74, expected_batch_size: 428
sample_rate: (min) 0.03, (max) 0.73, expected_batch_size: 344
initial privacy cost of all clients:  [0, 0, 0, 0, 0, 0, 0, 0, 0, 0]
Round=0
Round=1
Round=2
Round=3
Round=4
Round=5
Round=6
Round=7
Round=8
Round=9
Round=10
Round=11
Round=12
Round=13
Round=14
current privacy cost of all clients:  [4.452560630310308, 4.989186002268105, 3.458084898040492, 4.088061881868361, 4.748834036287378, 4.635185435148208, 4.556800021295442, 5.07613599708928, 5.357871969683328, 3.8727212988002124]
Round=14, per client global perf=[0.3907, 0.7999, 0.0712, 0.2333, 0.495, 0.6246, 0.7313, 0.364, 0.1096, 0.0289], mean perf=9487/20405 (0.4649%)
Round=14, per client personal perf=[0.9069, 0.9447, 0.9612, 0.9554, 0.8554, 0.793, 0.9181, 0.9591, 0.9905, 0.9669], mean perf=18565/20405 (0.9098%)
Round=14, per client personal pooled=[0.367, 0.3667, 0.1205, 0.4625, 0.2906, 0.3278, 0.3747, 0.2902, 0.2119, 0.099], mean perf=59398/204050 (0.2911%)
Mean performance of ditto rpdp global, Perf=0.4460
Mean performance of ditto rpdp personal, Perf=0.9093
Mean performance of ditto rpdp pooled, Perf=0.2867
Finished seed 42
----------------------------------------
=== Running reg_param=0.1, num_steps=30 ===
Running seed 42
/Users/shegao_t1/DP_Research/Personal_DP_Personal_FL/rpdp_fl/experiments/datasets/fed_fashion_mnist/dirichlet_10_alpha_1
 We run FedAvg with rPDP (ThreeLevels-0) ...
max_epsilon :  10.0  noise_multiplier :  9.736328125
The R-Squared value of the best-fit curve : 0.999749898528281
learning rate =  0.001
sample_rate: (min) 0.03, (max) 0.61, expected_batch_size: 475
sample_rate: (min) 0.03, (max) 0.61, expected_batch_size: 988
sample_rate: (min) 0.03, (max) 0.61, expected_batch_size: 335
sample_rate: (min) 0.03, (max) 0.61, expected_batch_size: 105
sample_rate: (min) 0.03, (max) 0.61, expected_batch_size: 623
sample_rate: (min) 0.03, (max) 0.61, expected_batch_size: 724
sample_rate: (min) 0.03, (max) 0.61, expected_batch_size: 177
sample_rate: (min) 0.03, (max) 0.61, expected_batch_size: 146
sample_rate: (min) 0.03, (max) 0.61, expected_batch_size: 426
sample_rate: (min) 0.03, (max) 0.61, expected_batch_size: 354
initial privacy cost of all clients:  [0, 0, 0, 0, 0, 0, 0, 0, 0, 0]
Round=0
Round=1
Round=2
Round=3
Round=4
Round=5
Round=6
Round=7
Round=8
Round=9
Round=10
Round=11
Round=12
Round=13
Round=14
current privacy cost of all clients:  [3.554611437795162, 3.554611437795162, 2.8039339861853394, 3.3043856205918876, 3.8048372549984366, 3.554611437795162, 3.8048372549984366, 4.055063072201711, 4.305288889404985, 3.0541598033886133]
Round=14, per client global perf=[0.3579, 0.8007, 0.0668, 0.1968, 0.4782, 0.6222, 0.7084, 0.3085, 0.1166, 0.0271], mean perf=9290/20405 (0.4553%)
Round=14, per client personal perf=[0.8997, 0.9516, 0.9854, 0.9594, 0.8719, 0.8219, 0.8855, 0.9693, 0.993, 0.9681], mean perf=18754/20405 (0.9191%)
Round=14, per client personal pooled=[0.3679, 0.4065, 0.1775, 0.4657, 0.3175, 0.3944, 0.3698, 0.3264, 0.2545, 0.1018], mean perf=64927/204050 (0.3182%)
Mean performance of ditto rpdp global, Perf=0.4325
Mean performance of ditto rpdp personal, Perf=0.9186
Mean performance of ditto rpdp pooled, Perf=0.3159
 We run FedAvg with rPDP (BoundedPareto-0) ...
max_epsilon :  10.0  noise_multiplier :  9.736328125
The R-Squared value of the best-fit curve : 0.999749898528281
learning rate =  0.001
sample_rate: (min) 0.03, (max) 0.76, expected_batch_size: 318
sample_rate: (min) 0.03, (max) 0.74, expected_batch_size: 660
sample_rate: (min) 0.03, (max) 0.98, expected_batch_size: 229
sample_rate: (min) 0.03, (max) 0.6, expected_batch_size: 71
sample_rate: (min) 0.03, (max) 0.93, expected_batch_size: 436
sample_rate: (min) 0.03, (max) 0.75, expected_batch_size: 479
sample_rate: (min) 0.03, (max) 0.77, expected_batch_size: 121
sample_rate: (min) 0.03, (max) 0.75, expected_batch_size: 99
sample_rate: (min) 0.03, (max) 0.81, expected_batch_size: 285
sample_rate: (min) 0.03, (max) 0.62, expected_batch_size: 237
initial privacy cost of all clients:  [0, 0, 0, 0, 0, 0, 0, 0, 0, 0]
Round=0
Round=1
Round=2
Round=3
Round=4
Round=5
Round=6
Round=7
Round=8
Round=9
Round=10
Round=11
Round=12
Round=13
Round=14
current privacy cost of all clients:  [4.752415310075706, 4.602455850417578, 5.053178585950321, 3.2766042743468606, 6.577901701762658, 4.674141139984671, 5.097015087261735, 5.224655860288732, 6.049312363510402, 3.1533820324004593]
Round=14, per client global perf=[0.4622, 0.7716, 0.0464, 0.2089, 0.5221, 0.6066, 0.694, 0.3626, 0.0656, 0.0283], mean perf=9361/20405 (0.4588%)
Round=14, per client personal perf=[0.9056, 0.9488, 0.9898, 0.9513, 0.8571, 0.8269, 0.9253, 0.9591, 0.992, 0.9675], mean perf=18754/20405 (0.9191%)
Round=14, per client personal pooled=[0.3692, 0.3938, 0.1855, 0.454, 0.2809, 0.3408, 0.3761, 0.3235, 0.2504, 0.1008], mean perf=62747/204050 (0.3075%)
Mean performance of ditto rpdp global, Perf=0.4096
Mean performance of ditto rpdp personal, Perf=0.9193
Mean performance of ditto rpdp pooled, Perf=0.3054
 We run FedAvg with rPDP (BoundedMixGauss-0) ...
max_epsilon :  10.0  noise_multiplier :  9.736328125
The R-Squared value of the best-fit curve : 0.999749898528281
learning rate =  0.001
sample_rate: (min) 0.03, (max) 0.72, expected_batch_size: 450
sample_rate: (min) 0.03, (max) 0.79, expected_batch_size: 1006
sample_rate: (min) 0.03, (max) 0.72, expected_batch_size: 335
sample_rate: (min) 0.03, (max) 0.71, expected_batch_size: 114
sample_rate: (min) 0.03, (max) 0.72, expected_batch_size: 631
sample_rate: (min) 0.03, (max) 0.74, expected_batch_size: 736
sample_rate: (min) 0.03, (max) 0.7, expected_batch_size: 180
sample_rate: (min) 0.03, (max) 0.73, expected_batch_size: 162
sample_rate: (min) 0.03, (max) 0.74, expected_batch_size: 428
sample_rate: (min) 0.03, (max) 0.73, expected_batch_size: 344
initial privacy cost of all clients:  [0, 0, 0, 0, 0, 0, 0, 0, 0, 0]
Round=0
Round=1
Round=2
Round=3
Round=4
Round=5
Round=6
Round=7
Round=8
Round=9
Round=10
Round=11
Round=12
Round=13
Round=14
current privacy cost of all clients:  [4.452560630310308, 4.989186002268105, 3.458084898040492, 4.088061881868361, 4.748834036287378, 4.635185435148208, 4.556800021295442, 5.07613599708928, 5.357871969683328, 3.8727212988002124]
Round=14, per client global perf=[0.3889, 0.7997, 0.0712, 0.2333, 0.495, 0.624, 0.7313, 0.3611, 0.1106, 0.0289], mean perf=9480/20405 (0.4646%)
Round=14, per client personal perf=[0.9056, 0.946, 0.9892, 0.9533, 0.8643, 0.8228, 0.9349, 0.9284, 0.9925, 0.9729], mean perf=18745/20405 (0.9186%)
Round=14, per client personal pooled=[0.3654, 0.3789, 0.1839, 0.4584, 0.2861, 0.3328, 0.3943, 0.2909, 0.2795, 0.1199], mean perf=63052/204050 (0.3090%)
Mean performance of ditto rpdp global, Perf=0.4460
Mean performance of ditto rpdp personal, Perf=0.9170
Mean performance of ditto rpdp pooled, Perf=0.3051
Finished seed 42
----------------------------------------
=== Running reg_param=1.0, num_steps=15 ===
Running seed 42
/Users/shegao_t1/DP_Research/Personal_DP_Personal_FL/rpdp_fl/experiments/datasets/fed_fashion_mnist/dirichlet_10_alpha_1
 We run FedAvg with rPDP (ThreeLevels-0) ...
max_epsilon :  10.0  noise_multiplier :  9.736328125
The R-Squared value of the best-fit curve : 0.999749898528281
learning rate =  0.001
sample_rate: (min) 0.03, (max) 0.61, expected_batch_size: 475
sample_rate: (min) 0.03, (max) 0.61, expected_batch_size: 988
sample_rate: (min) 0.03, (max) 0.61, expected_batch_size: 335
sample_rate: (min) 0.03, (max) 0.61, expected_batch_size: 105
sample_rate: (min) 0.03, (max) 0.61, expected_batch_size: 623
sample_rate: (min) 0.03, (max) 0.61, expected_batch_size: 724
sample_rate: (min) 0.03, (max) 0.61, expected_batch_size: 177
sample_rate: (min) 0.03, (max) 0.61, expected_batch_size: 146
sample_rate: (min) 0.03, (max) 0.61, expected_batch_size: 426
sample_rate: (min) 0.03, (max) 0.61, expected_batch_size: 354
initial privacy cost of all clients:  [0, 0, 0, 0, 0, 0, 0, 0, 0, 0]
Round=0
Round=1
Round=2
Round=3
Round=4
Round=5
Round=6
Round=7
Round=8
Round=9
Round=10
Round=11
Round=12
Round=13
Round=14
current privacy cost of all clients:  [3.554611437795162, 3.554611437795162, 2.8039339861853394, 3.3043856205918876, 3.8048372549984366, 3.554611437795162, 3.8048372549984366, 4.055063072201711, 4.305288889404985, 3.0541598033886133]
Round=14, per client global perf=[0.3593, 0.8009, 0.0668, 0.1968, 0.4779, 0.6219, 0.7084, 0.307, 0.1171, 0.0271], mean perf=9292/20405 (0.4554%)
Round=14, per client personal perf=[0.8692, 0.8927, 0.9593, 0.9391, 0.8407, 0.79, 0.8795, 0.9415, 0.9915, 0.9669], mean perf=18134/20405 (0.8887%)
Round=14, per client personal pooled=[0.3387, 0.2895, 0.1251, 0.4245, 0.2959, 0.364, 0.3603, 0.2938, 0.371, 0.1101], mean perf=60662/204050 (0.2973%)
Mean performance of ditto rpdp global, Perf=0.4329
Mean performance of ditto rpdp personal, Perf=0.8867
Mean performance of ditto rpdp pooled, Perf=0.2974
 We run FedAvg with rPDP (BoundedPareto-0) ...
max_epsilon :  10.0  noise_multiplier :  9.736328125
The R-Squared value of the best-fit curve : 0.999749898528281
learning rate =  0.001
sample_rate: (min) 0.03, (max) 0.76, expected_batch_size: 318
sample_rate: (min) 0.03, (max) 0.74, expected_batch_size: 660
sample_rate: (min) 0.03, (max) 0.98, expected_batch_size: 229
sample_rate: (min) 0.03, (max) 0.6, expected_batch_size: 71
sample_rate: (min) 0.03, (max) 0.93, expected_batch_size: 436
sample_rate: (min) 0.03, (max) 0.75, expected_batch_size: 479
sample_rate: (min) 0.03, (max) 0.77, expected_batch_size: 121
sample_rate: (min) 0.03, (max) 0.75, expected_batch_size: 99
sample_rate: (min) 0.03, (max) 0.81, expected_batch_size: 285
sample_rate: (min) 0.03, (max) 0.62, expected_batch_size: 237
initial privacy cost of all clients:  [0, 0, 0, 0, 0, 0, 0, 0, 0, 0]
Round=0
Round=1
Round=2
Round=3
Round=4
Round=5
Round=6
Round=7
Round=8
Round=9
Round=10
Round=11
Round=12
Round=13
Round=14
current privacy cost of all clients:  [4.752415310075706, 4.602455850417578, 5.053178585950321, 3.2766042743468606, 6.577901701762658, 4.674141139984671, 5.097015087261735, 5.224655860288732, 6.049312363510402, 3.1533820324004593]
Round=14, per client global perf=[0.4582, 0.7716, 0.0464, 0.2089, 0.5211, 0.6051, 0.6916, 0.3596, 0.0656, 0.0283], mean perf=9340/20405 (0.4577%)
Round=14, per client personal perf=[0.8719, 0.8579, 0.9491, 0.9168, 0.826, 0.7717, 0.8916, 0.9342, 0.9905, 0.9711], mean perf=17857/20405 (0.8751%)
Round=14, per client personal pooled=[0.3554, 0.2771, 0.1012, 0.3523, 0.2789, 0.3058, 0.362, 0.2845, 0.2562, 0.1108], mean perf=54769/204050 (0.2684%)
Mean performance of ditto rpdp global, Perf=0.4089
Mean performance of ditto rpdp personal, Perf=0.8786
Mean performance of ditto rpdp pooled, Perf=0.2661
 We run FedAvg with rPDP (BoundedMixGauss-0) ...
max_epsilon :  10.0  noise_multiplier :  9.736328125
The R-Squared value of the best-fit curve : 0.999749898528281
learning rate =  0.001
sample_rate: (min) 0.03, (max) 0.72, expected_batch_size: 450
sample_rate: (min) 0.03, (max) 0.79, expected_batch_size: 1006
sample_rate: (min) 0.03, (max) 0.72, expected_batch_size: 335
sample_rate: (min) 0.03, (max) 0.71, expected_batch_size: 114
sample_rate: (min) 0.03, (max) 0.72, expected_batch_size: 631
sample_rate: (min) 0.03, (max) 0.74, expected_batch_size: 736
sample_rate: (min) 0.03, (max) 0.7, expected_batch_size: 180
sample_rate: (min) 0.03, (max) 0.73, expected_batch_size: 162
sample_rate: (min) 0.03, (max) 0.74, expected_batch_size: 428
sample_rate: (min) 0.03, (max) 0.73, expected_batch_size: 344
initial privacy cost of all clients:  [0, 0, 0, 0, 0, 0, 0, 0, 0, 0]
Round=0
Round=1
Round=2
Round=3
Round=4
Round=5
Round=6
Round=7
Round=8
Round=9
Round=10
Round=11
Round=12
Round=13
Round=14
current privacy cost of all clients:  [4.452560630310308, 4.989186002268105, 3.458084898040492, 4.088061881868361, 4.748834036287378, 4.635185435148208, 4.556800021295442, 5.07613599708928, 5.357871969683328, 3.8727212988002124]
Round=14, per client global perf=[0.3907, 0.7999, 0.0712, 0.2333, 0.495, 0.6246, 0.7313, 0.364, 0.1096, 0.0289], mean perf=9487/20405 (0.4649%)
Round=14, per client personal perf=[0.879, 0.908, 0.9491, 0.9351, 0.8376, 0.7715, 0.9012, 0.9254, 0.9925, 0.9669], mean perf=18146/20405 (0.8893%)
Round=14, per client personal pooled=[0.3506, 0.325, 0.1032, 0.4353, 0.2868, 0.3034, 0.3628, 0.2844, 0.3804, 0.122], mean perf=60277/204050 (0.2954%)
Mean performance of ditto rpdp global, Perf=0.4460
Mean performance of ditto rpdp personal, Perf=0.8905
Mean performance of ditto rpdp pooled, Perf=0.2954
Finished seed 42
----------------------------------------
=== Running reg_param=1.0, num_steps=30 ===
Running seed 42
/Users/shegao_t1/DP_Research/Personal_DP_Personal_FL/rpdp_fl/experiments/datasets/fed_fashion_mnist/dirichlet_10_alpha_1
 We run FedAvg with rPDP (ThreeLevels-0) ...
max_epsilon :  10.0  noise_multiplier :  9.736328125
The R-Squared value of the best-fit curve : 0.999749898528281
learning rate =  0.001
sample_rate: (min) 0.03, (max) 0.61, expected_batch_size: 475
sample_rate: (min) 0.03, (max) 0.61, expected_batch_size: 988
sample_rate: (min) 0.03, (max) 0.61, expected_batch_size: 335
sample_rate: (min) 0.03, (max) 0.61, expected_batch_size: 105
sample_rate: (min) 0.03, (max) 0.61, expected_batch_size: 623
sample_rate: (min) 0.03, (max) 0.61, expected_batch_size: 724
sample_rate: (min) 0.03, (max) 0.61, expected_batch_size: 177
sample_rate: (min) 0.03, (max) 0.61, expected_batch_size: 146
sample_rate: (min) 0.03, (max) 0.61, expected_batch_size: 426
sample_rate: (min) 0.03, (max) 0.61, expected_batch_size: 354
initial privacy cost of all clients:  [0, 0, 0, 0, 0, 0, 0, 0, 0, 0]
Round=0
Round=1
Round=2
Round=3
Round=4
Round=5
Round=6
Round=7
Round=8
Round=9
Round=10
Round=11
Round=12
Round=13
Round=14
current privacy cost of all clients:  [3.554611437795162, 3.554611437795162, 2.8039339861853394, 3.3043856205918876, 3.8048372549984366, 3.554611437795162, 3.8048372549984366, 4.055063072201711, 4.305288889404985, 3.0541598033886133]
Round=14, per client global perf=[0.3579, 0.8007, 0.0668, 0.1968, 0.4782, 0.6222, 0.7084, 0.3085, 0.1166, 0.0271], mean perf=9290/20405 (0.4553%)
Round=14, per client personal perf=[0.8692, 0.9031, 0.9803, 0.9533, 0.8513, 0.7806, 0.8843, 0.9371, 0.991, 0.9675], mean perf=18222/20405 (0.8930%)
Round=14, per client personal pooled=[0.3531, 0.3867, 0.188, 0.4517, 0.3147, 0.3465, 0.3592, 0.2877, 0.2908, 0.1748], mean perf=64340/204050 (0.3153%)
Mean performance of ditto rpdp global, Perf=0.4325
Mean performance of ditto rpdp personal, Perf=0.8944
Mean performance of ditto rpdp pooled, Perf=0.3058
 We run FedAvg with rPDP (BoundedPareto-0) ...
max_epsilon :  10.0  noise_multiplier :  9.736328125
The R-Squared value of the best-fit curve : 0.999749898528281
learning rate =  0.001
sample_rate: (min) 0.03, (max) 0.76, expected_batch_size: 318
sample_rate: (min) 0.03, (max) 0.74, expected_batch_size: 660
sample_rate: (min) 0.03, (max) 0.98, expected_batch_size: 229
sample_rate: (min) 0.03, (max) 0.6, expected_batch_size: 71
sample_rate: (min) 0.03, (max) 0.93, expected_batch_size: 436
sample_rate: (min) 0.03, (max) 0.75, expected_batch_size: 479
sample_rate: (min) 0.03, (max) 0.77, expected_batch_size: 121
sample_rate: (min) 0.03, (max) 0.75, expected_batch_size: 99
sample_rate: (min) 0.03, (max) 0.81, expected_batch_size: 285
sample_rate: (min) 0.03, (max) 0.62, expected_batch_size: 237
initial privacy cost of all clients:  [0, 0, 0, 0, 0, 0, 0, 0, 0, 0]
Round=0
Round=1
Round=2
Round=3
Round=4
Round=5
Round=6
Round=7
Round=8
Round=9
Round=10
Round=11
Round=12
Round=13
Round=14
current privacy cost of all clients:  [4.752415310075706, 4.602455850417578, 5.053178585950321, 3.2766042743468606, 6.577901701762658, 4.674141139984671, 5.097015087261735, 5.224655860288732, 6.049312363510402, 3.1533820324004593]
Round=14, per client global perf=[0.4622, 0.7716, 0.0464, 0.2089, 0.5221, 0.6066, 0.694, 0.3626, 0.0656, 0.0283], mean perf=9361/20405 (0.4588%)
Round=14, per client personal perf=[0.8831, 0.8746, 0.9701, 0.9412, 0.8294, 0.7729, 0.9096, 0.9079, 0.991, 0.9669], mean perf=18009/20405 (0.8826%)
Round=14, per client personal pooled=[0.3559, 0.3177, 0.1468, 0.4446, 0.2664, 0.3275, 0.3607, 0.2747, 0.3621, 0.1066], mean perf=60463/204050 (0.2963%)
Mean performance of ditto rpdp global, Perf=0.4096
Mean performance of ditto rpdp personal, Perf=0.8862
Mean performance of ditto rpdp pooled, Perf=0.2929
 We run FedAvg with rPDP (BoundedMixGauss-0) ...
max_epsilon :  10.0  noise_multiplier :  9.736328125
The R-Squared value of the best-fit curve : 0.999749898528281
learning rate =  0.001
sample_rate: (min) 0.03, (max) 0.72, expected_batch_size: 450
sample_rate: (min) 0.03, (max) 0.79, expected_batch_size: 1006
sample_rate: (min) 0.03, (max) 0.72, expected_batch_size: 335
sample_rate: (min) 0.03, (max) 0.71, expected_batch_size: 114
sample_rate: (min) 0.03, (max) 0.72, expected_batch_size: 631
sample_rate: (min) 0.03, (max) 0.74, expected_batch_size: 736
sample_rate: (min) 0.03, (max) 0.7, expected_batch_size: 180
sample_rate: (min) 0.03, (max) 0.73, expected_batch_size: 162
sample_rate: (min) 0.03, (max) 0.74, expected_batch_size: 428
sample_rate: (min) 0.03, (max) 0.73, expected_batch_size: 344
initial privacy cost of all clients:  [0, 0, 0, 0, 0, 0, 0, 0, 0, 0]
Round=0
Round=1
Round=2
Round=3
Round=4
Round=5
Round=6
Round=7
Round=8
Round=9
Round=10
Round=11
Round=12
Round=13
Round=14
current privacy cost of all clients:  [4.452560630310308, 4.989186002268105, 3.458084898040492, 4.088061881868361, 4.748834036287378, 4.635185435148208, 4.556800021295442, 5.07613599708928, 5.357871969683328, 3.8727212988002124]
Round=14, per client global perf=[0.3889, 0.7997, 0.0712, 0.2333, 0.495, 0.624, 0.7313, 0.3611, 0.1106, 0.0289], mean perf=9480/20405 (0.4646%)
Round=14, per client personal perf=[0.8714, 0.8994, 0.9809, 0.9391, 0.8469, 0.7508, 0.8952, 0.9313, 0.9905, 0.9669], mean perf=18093/20405 (0.8867%)
Round=14, per client personal pooled=[0.3445, 0.2829, 0.1943, 0.4386, 0.304, 0.2832, 0.3641, 0.283, 0.3176, 0.1523], mean perf=60490/204050 (0.2964%)
Mean performance of ditto rpdp global, Perf=0.4460
Mean performance of ditto rpdp personal, Perf=0.8842
Mean performance of ditto rpdp pooled, Perf=0.2974
Finished seed 42
----------------------------------------
=== Running reg_param=10, num_steps=15 ===
Running seed 42
/Users/shegao_t1/DP_Research/Personal_DP_Personal_FL/rpdp_fl/experiments/datasets/fed_fashion_mnist/dirichlet_10_alpha_1
 We run FedAvg with rPDP (ThreeLevels-0) ...
max_epsilon :  10.0  noise_multiplier :  9.736328125
The R-Squared value of the best-fit curve : 0.999749898528281
learning rate =  0.001
sample_rate: (min) 0.03, (max) 0.61, expected_batch_size: 475
sample_rate: (min) 0.03, (max) 0.61, expected_batch_size: 988
sample_rate: (min) 0.03, (max) 0.61, expected_batch_size: 335
sample_rate: (min) 0.03, (max) 0.61, expected_batch_size: 105
sample_rate: (min) 0.03, (max) 0.61, expected_batch_size: 623
sample_rate: (min) 0.03, (max) 0.61, expected_batch_size: 724
sample_rate: (min) 0.03, (max) 0.61, expected_batch_size: 177
sample_rate: (min) 0.03, (max) 0.61, expected_batch_size: 146
sample_rate: (min) 0.03, (max) 0.61, expected_batch_size: 426
sample_rate: (min) 0.03, (max) 0.61, expected_batch_size: 354
initial privacy cost of all clients:  [0, 0, 0, 0, 0, 0, 0, 0, 0, 0]
Round=0
Round=1
Round=2
Round=3
Round=4
Round=5
Round=6
Round=7
Round=8
Round=9
Round=10
Round=11
Round=12
Round=13
Round=14
current privacy cost of all clients:  [3.554611437795162, 3.554611437795162, 2.8039339861853394, 3.3043856205918876, 3.8048372549984366, 3.554611437795162, 3.8048372549984366, 4.055063072201711, 4.305288889404985, 3.0541598033886133]
Round=14, per client global perf=[0.3593, 0.8009, 0.0668, 0.1968, 0.4779, 0.6219, 0.7084, 0.307, 0.1171, 0.0271], mean perf=9292/20405 (0.4554%)
Round=14, per client personal perf=[0.862, 0.875, 0.953, 0.9209, 0.8201, 0.7617, 0.8795, 0.9269, 0.9895, 0.9681], mean perf=17849/20405 (0.8747%)
Round=14, per client personal pooled=[0.3274, 0.3679, 0.1586, 0.4217, 0.3412, 0.3698, 0.3501, 0.2961, 0.3597, 0.3065], mean perf=67315/204050 (0.3299%)
Mean performance of ditto rpdp global, Perf=0.4329
Mean performance of ditto rpdp personal, Perf=0.8749
Mean performance of ditto rpdp pooled, Perf=0.3239
 We run FedAvg with rPDP (BoundedPareto-0) ...
max_epsilon :  10.0  noise_multiplier :  9.736328125
The R-Squared value of the best-fit curve : 0.999749898528281
learning rate =  0.001
sample_rate: (min) 0.03, (max) 0.76, expected_batch_size: 318
sample_rate: (min) 0.03, (max) 0.74, expected_batch_size: 660
sample_rate: (min) 0.03, (max) 0.98, expected_batch_size: 229
sample_rate: (min) 0.03, (max) 0.6, expected_batch_size: 71
sample_rate: (min) 0.03, (max) 0.93, expected_batch_size: 436
sample_rate: (min) 0.03, (max) 0.75, expected_batch_size: 479
sample_rate: (min) 0.03, (max) 0.77, expected_batch_size: 121
sample_rate: (min) 0.03, (max) 0.75, expected_batch_size: 99
sample_rate: (min) 0.03, (max) 0.81, expected_batch_size: 285
sample_rate: (min) 0.03, (max) 0.62, expected_batch_size: 237
initial privacy cost of all clients:  [0, 0, 0, 0, 0, 0, 0, 0, 0, 0]
Round=0
Round=1
Round=2
Round=3
Round=4
Round=5
Round=6
Round=7
Round=8
Round=9
Round=10
Round=11
Round=12
Round=13
Round=14
current privacy cost of all clients:  [4.752415310075706, 4.602455850417578, 5.053178585950321, 3.2766042743468606, 6.577901701762658, 4.674141139984671, 5.097015087261735, 5.224655860288732, 6.049312363510402, 3.1533820324004593]
Round=14, per client global perf=[0.4582, 0.7716, 0.0464, 0.2089, 0.5211, 0.6051, 0.6916, 0.3596, 0.0656, 0.0283], mean perf=9340/20405 (0.4577%)
Round=14, per client personal perf=[0.8602, 0.8335, 0.9472, 0.8966, 0.8147, 0.749, 0.8614, 0.924, 0.989, 0.9675], mean perf=17554/20405 (0.8603%)
Round=14, per client personal pooled=[0.3501, 0.339, 0.1384, 0.3636, 0.3128, 0.3272, 0.3498, 0.2869, 0.2919, 0.2025], mean perf=60445/204050 (0.2962%)
Mean performance of ditto rpdp global, Perf=0.4089
Mean performance of ditto rpdp personal, Perf=0.8679
Mean performance of ditto rpdp pooled, Perf=0.2977
 We run FedAvg with rPDP (BoundedMixGauss-0) ...
max_epsilon :  10.0  noise_multiplier :  9.736328125
The R-Squared value of the best-fit curve : 0.999749898528281
learning rate =  0.001
sample_rate: (min) 0.03, (max) 0.72, expected_batch_size: 450
sample_rate: (min) 0.03, (max) 0.79, expected_batch_size: 1006
sample_rate: (min) 0.03, (max) 0.72, expected_batch_size: 335
sample_rate: (min) 0.03, (max) 0.71, expected_batch_size: 114
sample_rate: (min) 0.03, (max) 0.72, expected_batch_size: 631
sample_rate: (min) 0.03, (max) 0.74, expected_batch_size: 736
sample_rate: (min) 0.03, (max) 0.7, expected_batch_size: 180
sample_rate: (min) 0.03, (max) 0.73, expected_batch_size: 162
sample_rate: (min) 0.03, (max) 0.74, expected_batch_size: 428
sample_rate: (min) 0.03, (max) 0.73, expected_batch_size: 344
initial privacy cost of all clients:  [0, 0, 0, 0, 0, 0, 0, 0, 0, 0]
Round=0
Round=1
Round=2
Round=3
Round=4
Round=5
Round=6
Round=7
Round=8
Round=9
Round=10
Round=11
Round=12
Round=13
Round=14
current privacy cost of all clients:  [4.452560630310308, 4.989186002268105, 3.458084898040492, 4.088061881868361, 4.748834036287378, 4.635185435148208, 4.556800021295442, 5.07613599708928, 5.357871969683328, 3.8727212988002124]
Round=14, per client global perf=[0.3907, 0.7999, 0.0712, 0.2333, 0.495, 0.6246, 0.7313, 0.364, 0.1096, 0.0289], mean perf=9487/20405 (0.4649%)
Round=14, per client personal perf=[0.8665, 0.8841, 0.9479, 0.9108, 0.8157, 0.7319, 0.8819, 0.9211, 0.9895, 0.9675], mean perf=17771/20405 (0.8709%)
Round=14, per client personal pooled=[0.349, 0.3871, 0.1455, 0.4153, 0.3312, 0.3495, 0.3533, 0.2988, 0.3909, 0.3046], mean perf=67853/204050 (0.3325%)
Mean performance of ditto rpdp global, Perf=0.4460
Mean performance of ditto rpdp personal, Perf=0.8695
Mean performance of ditto rpdp pooled, Perf=0.3250
Finished seed 42
----------------------------------------
=== Running reg_param=10, num_steps=30 ===
Running seed 42
/Users/shegao_t1/DP_Research/Personal_DP_Personal_FL/rpdp_fl/experiments/datasets/fed_fashion_mnist/dirichlet_10_alpha_1
 We run FedAvg with rPDP (ThreeLevels-0) ...
max_epsilon :  10.0  noise_multiplier :  9.736328125
The R-Squared value of the best-fit curve : 0.999749898528281
learning rate =  0.001
sample_rate: (min) 0.03, (max) 0.61, expected_batch_size: 475
sample_rate: (min) 0.03, (max) 0.61, expected_batch_size: 988
sample_rate: (min) 0.03, (max) 0.61, expected_batch_size: 335
sample_rate: (min) 0.03, (max) 0.61, expected_batch_size: 105
sample_rate: (min) 0.03, (max) 0.61, expected_batch_size: 623
sample_rate: (min) 0.03, (max) 0.61, expected_batch_size: 724
sample_rate: (min) 0.03, (max) 0.61, expected_batch_size: 177
sample_rate: (min) 0.03, (max) 0.61, expected_batch_size: 146
sample_rate: (min) 0.03, (max) 0.61, expected_batch_size: 426
sample_rate: (min) 0.03, (max) 0.61, expected_batch_size: 354
initial privacy cost of all clients:  [0, 0, 0, 0, 0, 0, 0, 0, 0, 0]
Round=0
Round=1
Round=2
Round=3
Round=4
Round=5
Round=6
Round=7
Round=8
Round=9
Round=10
Round=11
Round=12
Round=13
Round=14
current privacy cost of all clients:  [3.554611437795162, 3.554611437795162, 2.8039339861853394, 3.3043856205918876, 3.8048372549984366, 3.554611437795162, 3.8048372549984366, 4.055063072201711, 4.305288889404985, 3.0541598033886133]
Round=14, per client global perf=[0.3579, 0.8007, 0.0668, 0.1968, 0.4782, 0.6222, 0.7084, 0.3085, 0.1166, 0.0271], mean perf=9290/20405 (0.4553%)
Round=14, per client personal perf=[0.8665, 0.8851, 0.9434, 0.9249, 0.8246, 0.7549, 0.8723, 0.9284, 0.9895, 0.9681], mean perf=17878/20405 (0.8762%)
Round=14, per client personal pooled=[0.3472, 0.3864, 0.1541, 0.4211, 0.3659, 0.3455, 0.3509, 0.3515, 0.3811, 0.3407], mean perf=70283/204050 (0.3444%)
Mean performance of ditto rpdp global, Perf=0.4325
Mean performance of ditto rpdp personal, Perf=0.8740
Mean performance of ditto rpdp pooled, Perf=0.3334
 We run FedAvg with rPDP (BoundedPareto-0) ...
max_epsilon :  10.0  noise_multiplier :  9.736328125
The R-Squared value of the best-fit curve : 0.999749898528281
learning rate =  0.001
sample_rate: (min) 0.03, (max) 0.76, expected_batch_size: 318
sample_rate: (min) 0.03, (max) 0.74, expected_batch_size: 660
sample_rate: (min) 0.03, (max) 0.98, expected_batch_size: 229
sample_rate: (min) 0.03, (max) 0.6, expected_batch_size: 71
sample_rate: (min) 0.03, (max) 0.93, expected_batch_size: 436
sample_rate: (min) 0.03, (max) 0.75, expected_batch_size: 479
sample_rate: (min) 0.03, (max) 0.77, expected_batch_size: 121
sample_rate: (min) 0.03, (max) 0.75, expected_batch_size: 99
sample_rate: (min) 0.03, (max) 0.81, expected_batch_size: 285
sample_rate: (min) 0.03, (max) 0.62, expected_batch_size: 237
initial privacy cost of all clients:  [0, 0, 0, 0, 0, 0, 0, 0, 0, 0]
Round=0
Round=1
Round=2
Round=3
Round=4
Round=5
Round=6
Round=7
Round=8
Round=9
Round=10
Round=11
Round=12
Round=13
Round=14
current privacy cost of all clients:  [4.752415310075706, 4.602455850417578, 5.053178585950321, 3.2766042743468606, 6.577901701762658, 4.674141139984671, 5.097015087261735, 5.224655860288732, 6.049312363510402, 3.1533820324004593]
Round=14, per client global perf=[0.4622, 0.7716, 0.0464, 0.2089, 0.5221, 0.6066, 0.694, 0.3626, 0.0656, 0.0283], mean perf=9361/20405 (0.4588%)
Round=14, per client personal perf=[0.8651, 0.8366, 0.9441, 0.9026, 0.8225, 0.7322, 0.8795, 0.9079, 0.989, 0.9675], mean perf=17547/20405 (0.8599%)
Round=14, per client personal pooled=[0.3448, 0.3328, 0.1478, 0.4024, 0.3531, 0.3399, 0.3506, 0.2928, 0.3489, 0.2298], mean perf=64127/204050 (0.3143%)
Mean performance of ditto rpdp global, Perf=0.4096
Mean performance of ditto rpdp personal, Perf=0.8630
Mean performance of ditto rpdp pooled, Perf=0.3055
 We run FedAvg with rPDP (BoundedMixGauss-0) ...
max_epsilon :  10.0  noise_multiplier :  9.736328125
The R-Squared value of the best-fit curve : 0.999749898528281
learning rate =  0.001
sample_rate: (min) 0.03, (max) 0.72, expected_batch_size: 450
sample_rate: (min) 0.03, (max) 0.79, expected_batch_size: 1006
sample_rate: (min) 0.03, (max) 0.72, expected_batch_size: 335
sample_rate: (min) 0.03, (max) 0.71, expected_batch_size: 114
sample_rate: (min) 0.03, (max) 0.72, expected_batch_size: 631
sample_rate: (min) 0.03, (max) 0.74, expected_batch_size: 736
sample_rate: (min) 0.03, (max) 0.7, expected_batch_size: 180
sample_rate: (min) 0.03, (max) 0.73, expected_batch_size: 162
sample_rate: (min) 0.03, (max) 0.74, expected_batch_size: 428
sample_rate: (min) 0.03, (max) 0.73, expected_batch_size: 344
initial privacy cost of all clients:  [0, 0, 0, 0, 0, 0, 0, 0, 0, 0]
Round=0
Round=1
Round=2
Round=3
Round=4
Round=5
Round=6
Round=7
Round=8
Round=9
Round=10
Round=11
Round=12
Round=13
Round=14
current privacy cost of all clients:  [4.452560630310308, 4.989186002268105, 3.458084898040492, 4.088061881868361, 4.748834036287378, 4.635185435148208, 4.556800021295442, 5.07613599708928, 5.357871969683328, 3.8727212988002124]
Round=14, per client global perf=[0.3889, 0.7997, 0.0712, 0.2333, 0.495, 0.624, 0.7313, 0.3611, 0.1106, 0.0289], mean perf=9480/20405 (0.4646%)
Round=14, per client personal perf=[0.8593, 0.8791, 0.9542, 0.9128, 0.8157, 0.7629, 0.8843, 0.9152, 0.99, 0.9675], mean perf=17847/20405 (0.8746%)
Round=14, per client personal pooled=[0.3514, 0.3671, 0.1697, 0.3973, 0.3642, 0.3304, 0.359, 0.2857, 0.4107, 0.3232], mean perf=68535/204050 (0.3359%)
Mean performance of ditto rpdp global, Perf=0.4460
Mean performance of ditto rpdp personal, Perf=0.8722
Mean performance of ditto rpdp pooled, Perf=0.3305
Finished seed 42
----------------------------------------
=== Running reg_param=20, num_steps=15 ===
Running seed 42
/Users/shegao_t1/DP_Research/Personal_DP_Personal_FL/rpdp_fl/experiments/datasets/fed_fashion_mnist/dirichlet_10_alpha_1
 We run FedAvg with rPDP (ThreeLevels-0) ...
max_epsilon :  10.0  noise_multiplier :  9.736328125
The R-Squared value of the best-fit curve : 0.999749898528281
learning rate =  0.001
sample_rate: (min) 0.03, (max) 0.61, expected_batch_size: 475
sample_rate: (min) 0.03, (max) 0.61, expected_batch_size: 988
sample_rate: (min) 0.03, (max) 0.61, expected_batch_size: 335
sample_rate: (min) 0.03, (max) 0.61, expected_batch_size: 105
sample_rate: (min) 0.03, (max) 0.61, expected_batch_size: 623
sample_rate: (min) 0.03, (max) 0.61, expected_batch_size: 724
sample_rate: (min) 0.03, (max) 0.61, expected_batch_size: 177
sample_rate: (min) 0.03, (max) 0.61, expected_batch_size: 146
sample_rate: (min) 0.03, (max) 0.61, expected_batch_size: 426
sample_rate: (min) 0.03, (max) 0.61, expected_batch_size: 354
initial privacy cost of all clients:  [0, 0, 0, 0, 0, 0, 0, 0, 0, 0]
Round=0
Round=1
Round=2
Round=3
Round=4
Round=5
Round=6
Round=7
Round=8
Round=9
Round=10
Round=11
Round=12
Round=13
Round=14
current privacy cost of all clients:  [3.554611437795162, 3.554611437795162, 2.8039339861853394, 3.3043856205918876, 3.8048372549984366, 3.554611437795162, 3.8048372549984366, 4.055063072201711, 4.305288889404985, 3.0541598033886133]
Round=14, per client global perf=[0.3593, 0.8009, 0.0668, 0.1968, 0.4779, 0.6219, 0.7084, 0.307, 0.1171, 0.0271], mean perf=9292/20405 (0.4554%)
Round=14, per client personal perf=[0.8597, 0.8692, 0.9402, 0.9128, 0.8184, 0.7549, 0.8711, 0.9152, 0.9895, 0.9675], mean perf=17749/20405 (0.8698%)
Round=14, per client personal pooled=[0.3251, 0.3862, 0.1615, 0.4206, 0.3542, 0.3629, 0.357, 0.3332, 0.3529, 0.3574], mean perf=69599/204050 (0.3411%)
Mean performance of ditto rpdp global, Perf=0.4329
Mean performance of ditto rpdp personal, Perf=0.8679
Mean performance of ditto rpdp pooled, Perf=0.3399
 We run FedAvg with rPDP (BoundedPareto-0) ...
max_epsilon :  10.0  noise_multiplier :  9.736328125
The R-Squared value of the best-fit curve : 0.999749898528281
learning rate =  0.001
sample_rate: (min) 0.03, (max) 0.76, expected_batch_size: 318
sample_rate: (min) 0.03, (max) 0.74, expected_batch_size: 660
sample_rate: (min) 0.03, (max) 0.98, expected_batch_size: 229
sample_rate: (min) 0.03, (max) 0.6, expected_batch_size: 71
sample_rate: (min) 0.03, (max) 0.93, expected_batch_size: 436
sample_rate: (min) 0.03, (max) 0.75, expected_batch_size: 479
sample_rate: (min) 0.03, (max) 0.77, expected_batch_size: 121
sample_rate: (min) 0.03, (max) 0.75, expected_batch_size: 99
sample_rate: (min) 0.03, (max) 0.81, expected_batch_size: 285
sample_rate: (min) 0.03, (max) 0.62, expected_batch_size: 237
initial privacy cost of all clients:  [0, 0, 0, 0, 0, 0, 0, 0, 0, 0]
Round=0
Round=1
Round=2
Round=3
Round=4
Round=5
Round=6
Round=7
Round=8
Round=9
Round=10
Round=11
Round=12
Round=13
Round=14
current privacy cost of all clients:  [4.752415310075706, 4.602455850417578, 5.053178585950321, 3.2766042743468606, 6.577901701762658, 4.674141139984671, 5.097015087261735, 5.224655860288732, 6.049312363510402, 3.1533820324004593]
Round=14, per client global perf=[0.4582, 0.7716, 0.0464, 0.2089, 0.5211, 0.6051, 0.6916, 0.3596, 0.0656, 0.0283], mean perf=9340/20405 (0.4577%)
Round=14, per client personal perf=[0.862, 0.8081, 0.9441, 0.8884, 0.8129, 0.7485, 0.847, 0.9123, 0.989, 0.9675], mean perf=17404/20405 (0.8529%)
Round=14, per client personal pooled=[0.3448, 0.3402, 0.1522, 0.3467, 0.3234, 0.3351, 0.3449, 0.285, 0.3149, 0.2138], mean perf=61234/204050 (0.3001%)
Mean performance of ditto rpdp global, Perf=0.4089
Mean performance of ditto rpdp personal, Perf=0.8610
Mean performance of ditto rpdp pooled, Perf=0.3065
 We run FedAvg with rPDP (BoundedMixGauss-0) ...
max_epsilon :  10.0  noise_multiplier :  9.736328125
The R-Squared value of the best-fit curve : 0.999749898528281
learning rate =  0.001
sample_rate: (min) 0.03, (max) 0.72, expected_batch_size: 450
sample_rate: (min) 0.03, (max) 0.79, expected_batch_size: 1006
sample_rate: (min) 0.03, (max) 0.72, expected_batch_size: 335
sample_rate: (min) 0.03, (max) 0.71, expected_batch_size: 114
sample_rate: (min) 0.03, (max) 0.72, expected_batch_size: 631
sample_rate: (min) 0.03, (max) 0.74, expected_batch_size: 736
sample_rate: (min) 0.03, (max) 0.7, expected_batch_size: 180
sample_rate: (min) 0.03, (max) 0.73, expected_batch_size: 162
sample_rate: (min) 0.03, (max) 0.74, expected_batch_size: 428
sample_rate: (min) 0.03, (max) 0.73, expected_batch_size: 344
initial privacy cost of all clients:  [0, 0, 0, 0, 0, 0, 0, 0, 0, 0]
Round=0
Round=1
Round=2
Round=3
Round=4
Round=5
Round=6
Round=7
Round=8
Round=9
Round=10
Round=11
Round=12
Round=13
Round=14
current privacy cost of all clients:  [4.452560630310308, 4.989186002268105, 3.458084898040492, 4.088061881868361, 4.748834036287378, 4.635185435148208, 4.556800021295442, 5.07613599708928, 5.357871969683328, 3.8727212988002124]
Round=14, per client global perf=[0.3907, 0.7999, 0.0712, 0.2333, 0.495, 0.6246, 0.7313, 0.364, 0.1096, 0.0289], mean perf=9487/20405 (0.4649%)
Round=14, per client personal perf=[0.8606, 0.8627, 0.9428, 0.9067, 0.8078, 0.7437, 0.8807, 0.9211, 0.989, 0.9675], mean perf=17664/20405 (0.8657%)
Round=14, per client personal pooled=[0.351, 0.4465, 0.1582, 0.4166, 0.3368, 0.3471, 0.3613, 0.3017, 0.3921, 0.3589], mean perf=70809/204050 (0.3470%)
Mean performance of ditto rpdp global, Perf=0.4460
Mean performance of ditto rpdp personal, Perf=0.8617
Mean performance of ditto rpdp pooled, Perf=0.3405
Finished seed 42
----------------------------------------
=== Running reg_param=20, num_steps=30 ===
Running seed 42
/Users/shegao_t1/DP_Research/Personal_DP_Personal_FL/rpdp_fl/experiments/datasets/fed_fashion_mnist/dirichlet_10_alpha_1
 We run FedAvg with rPDP (ThreeLevels-0) ...
max_epsilon :  10.0  noise_multiplier :  9.736328125
The R-Squared value of the best-fit curve : 0.999749898528281
learning rate =  0.001
sample_rate: (min) 0.03, (max) 0.61, expected_batch_size: 475
sample_rate: (min) 0.03, (max) 0.61, expected_batch_size: 988
sample_rate: (min) 0.03, (max) 0.61, expected_batch_size: 335
sample_rate: (min) 0.03, (max) 0.61, expected_batch_size: 105
sample_rate: (min) 0.03, (max) 0.61, expected_batch_size: 623
sample_rate: (min) 0.03, (max) 0.61, expected_batch_size: 724
sample_rate: (min) 0.03, (max) 0.61, expected_batch_size: 177
sample_rate: (min) 0.03, (max) 0.61, expected_batch_size: 146
sample_rate: (min) 0.03, (max) 0.61, expected_batch_size: 426
sample_rate: (min) 0.03, (max) 0.61, expected_batch_size: 354
initial privacy cost of all clients:  [0, 0, 0, 0, 0, 0, 0, 0, 0, 0]
Round=0
Round=1
Round=2
Round=3
Round=4
Round=5
Round=6
Round=7
Round=8
Round=9
Round=10
Round=11
Round=12
Round=13
Round=14
current privacy cost of all clients:  [3.554611437795162, 3.554611437795162, 2.8039339861853394, 3.3043856205918876, 3.8048372549984366, 3.554611437795162, 3.8048372549984366, 4.055063072201711, 4.305288889404985, 3.0541598033886133]
Round=14, per client global perf=[0.3579, 0.8007, 0.0668, 0.1968, 0.4782, 0.6222, 0.7084, 0.3085, 0.1166, 0.0271], mean perf=9290/20405 (0.4553%)
Round=14, per client personal perf=[0.8678, 0.8761, 0.9371, 0.9128, 0.8171, 0.7564, 0.8639, 0.924, 0.989, 0.9675], mean perf=17794/20405 (0.8720%)
Round=14, per client personal pooled=[0.3477, 0.4101, 0.1677, 0.4168, 0.369, 0.3494, 0.3463, 0.3807, 0.3876, 0.3481], mean perf=71895/204050 (0.3523%)
Mean performance of ditto rpdp global, Perf=0.4325
Mean performance of ditto rpdp personal, Perf=0.8676
Mean performance of ditto rpdp pooled, Perf=0.3465
 We run FedAvg with rPDP (BoundedPareto-0) ...
max_epsilon :  10.0  noise_multiplier :  9.736328125
The R-Squared value of the best-fit curve : 0.999749898528281
learning rate =  0.001
sample_rate: (min) 0.03, (max) 0.76, expected_batch_size: 318
sample_rate: (min) 0.03, (max) 0.74, expected_batch_size: 660
sample_rate: (min) 0.03, (max) 0.98, expected_batch_size: 229
sample_rate: (min) 0.03, (max) 0.6, expected_batch_size: 71
sample_rate: (min) 0.03, (max) 0.93, expected_batch_size: 436
sample_rate: (min) 0.03, (max) 0.75, expected_batch_size: 479
sample_rate: (min) 0.03, (max) 0.77, expected_batch_size: 121
sample_rate: (min) 0.03, (max) 0.75, expected_batch_size: 99
sample_rate: (min) 0.03, (max) 0.81, expected_batch_size: 285
sample_rate: (min) 0.03, (max) 0.62, expected_batch_size: 237
initial privacy cost of all clients:  [0, 0, 0, 0, 0, 0, 0, 0, 0, 0]
Round=0
Round=1
Round=2
Round=3
Round=4
Round=5
Round=6
Round=7
Round=8
Round=9
Round=10
Round=11
Round=12
Round=13
Round=14
current privacy cost of all clients:  [4.752415310075706, 4.602455850417578, 5.053178585950321, 3.2766042743468606, 6.577901701762658, 4.674141139984671, 5.097015087261735, 5.224655860288732, 6.049312363510402, 3.1533820324004593]
Round=14, per client global perf=[0.4622, 0.7716, 0.0464, 0.2089, 0.5221, 0.6066, 0.694, 0.3626, 0.0656, 0.0283], mean perf=9361/20405 (0.4588%)
Round=14, per client personal perf=[0.8602, 0.8614, 0.9409, 0.8925, 0.8205, 0.7411, 0.8639, 0.8991, 0.989, 0.9675], mean perf=17646/20405 (0.8648%)
Round=14, per client personal pooled=[0.3452, 0.3727, 0.1585, 0.3677, 0.3637, 0.3392, 0.3493, 0.2974, 0.3372, 0.2772], mean perf=65465/204050 (0.3208%)
Mean performance of ditto rpdp global, Perf=0.4096
Mean performance of ditto rpdp personal, Perf=0.8644
Mean performance of ditto rpdp pooled, Perf=0.3121
 We run FedAvg with rPDP (BoundedMixGauss-0) ...
max_epsilon :  10.0  noise_multiplier :  9.736328125
The R-Squared value of the best-fit curve : 0.999749898528281
learning rate =  0.001
sample_rate: (min) 0.03, (max) 0.72, expected_batch_size: 450
sample_rate: (min) 0.03, (max) 0.79, expected_batch_size: 1006
sample_rate: (min) 0.03, (max) 0.72, expected_batch_size: 335
sample_rate: (min) 0.03, (max) 0.71, expected_batch_size: 114
sample_rate: (min) 0.03, (max) 0.72, expected_batch_size: 631
sample_rate: (min) 0.03, (max) 0.74, expected_batch_size: 736
sample_rate: (min) 0.03, (max) 0.7, expected_batch_size: 180
sample_rate: (min) 0.03, (max) 0.73, expected_batch_size: 162
sample_rate: (min) 0.03, (max) 0.74, expected_batch_size: 428
sample_rate: (min) 0.03, (max) 0.73, expected_batch_size: 344
initial privacy cost of all clients:  [0, 0, 0, 0, 0, 0, 0, 0, 0, 0]
Round=0
Round=1
Round=2
Round=3
Round=4
Round=5
Round=6
Round=7
Round=8
Round=9
Round=10
Round=11
Round=12
Round=13
Round=14
current privacy cost of all clients:  [4.452560630310308, 4.989186002268105, 3.458084898040492, 4.088061881868361, 4.748834036287378, 4.635185435148208, 4.556800021295442, 5.07613599708928, 5.357871969683328, 3.8727212988002124]
Round=14, per client global perf=[0.3889, 0.7997, 0.0712, 0.2333, 0.495, 0.624, 0.7313, 0.3611, 0.1106, 0.0289], mean perf=9480/20405 (0.4646%)
Round=14, per client personal perf=[0.8548, 0.8599, 0.9619, 0.9108, 0.8191, 0.7597, 0.8771, 0.9006, 0.9895, 0.9675], mean perf=17741/20405 (0.8694%)
Round=14, per client personal pooled=[0.3545, 0.4153, 0.2246, 0.4058, 0.379, 0.3348, 0.3608, 0.2942, 0.4028, 0.3535], mean perf=71934/204050 (0.3525%)
Mean performance of ditto rpdp global, Perf=0.4460
Mean performance of ditto rpdp personal, Perf=0.8616
Mean performance of ditto rpdp pooled, Perf=0.3494
Finished seed 42
----------------------------------------
