PARAMS: dataset=fashion_mnist, gpu=0, data_type=iid_10, num_steps=15
=== Running epsilon=0.1 ===
=== Running reg_param=0 ===
Running seed 42
default_sample_rate: 0.03232323232323232
noise_multiplier :  13.75
learning rate =  0.001
sample_rate: 0.03, expected_batch_size: 128
sample_rate: 0.03, expected_batch_size: 128
sample_rate: 0.03, expected_batch_size: 128
sample_rate: 0.03, expected_batch_size: 128
sample_rate: 0.03, expected_batch_size: 128
sample_rate: 0.03, expected_batch_size: 128
sample_rate: 0.03, expected_batch_size: 128
sample_rate: 0.03, expected_batch_size: 128
sample_rate: 0.03, expected_batch_size: 128
sample_rate: 0.03, expected_batch_size: 128
initial privacy cost of all clients:  [0, 0, 0, 0, 0, 0, 0, 0, 0, 0]
Round=0
Round=1
Round=2
Round=3
Round=4
Round=5
Round=6
Round=7
Round=8
Round=9
Round=10
Round=11
Round=12
Round=13
Round=14
current privacy cost of all clients:  [0.06861627244984228, 0.06861627244984228, 0.052721685568101175, 0.0636130274845621, 0.07323580287115607, 0.06861627244984228, 0.07323580287115607, 0.07775445513440044, 0.08199366248919779, 0.05835482563852214]
Round=14, per client global perf=[0.277, 0.2662, 0.276, 0.2608, 0.2583, 0.2676, 0.2657, 0.2833, 0.2559, 0.2853], mean perf=5500/20400 (0.2696%)
Round=14, per client personal perf=[0.752, 0.749, 0.7039, 0.723, 0.7559, 0.7588, 0.7775, 0.7407, 0.7382, 0.7475], mean perf=15191/20400 (0.7447%)
Round=14, per client personal pooled=[0.7426, 0.7555, 0.6949, 0.7255, 0.7617, 0.7592, 0.7675, 0.75, 0.7511, 0.7449], mean perf=152038/204000 (0.7453%)
Mean performance of unidp ditto global,  eps=0.1, Perf=0.2650
Mean performance of unidp ditto personal,  eps=0.1, Perf=0.7399
Mean performance of unidp ditto pooled,  eps=0.1, Perf=0.7401
Finished seed 42
----------------------------------------
=== Running reg_param=0.001 ===
Running seed 42
default_sample_rate: 0.03232323232323232
noise_multiplier :  13.75
learning rate =  0.001
sample_rate: 0.03, expected_batch_size: 128
sample_rate: 0.03, expected_batch_size: 128
sample_rate: 0.03, expected_batch_size: 128
sample_rate: 0.03, expected_batch_size: 128
sample_rate: 0.03, expected_batch_size: 128
sample_rate: 0.03, expected_batch_size: 128
sample_rate: 0.03, expected_batch_size: 128
sample_rate: 0.03, expected_batch_size: 128
sample_rate: 0.03, expected_batch_size: 128
sample_rate: 0.03, expected_batch_size: 128
initial privacy cost of all clients:  [0, 0, 0, 0, 0, 0, 0, 0, 0, 0]
Round=0
Round=1
Round=2
Round=3
Round=4
Round=5
Round=6
Round=7
Round=8
Round=9
Round=10
Round=11
Round=12
Round=13
Round=14
current privacy cost of all clients:  [0.06861627244984228, 0.06861627244984228, 0.052721685568101175, 0.0636130274845621, 0.07323580287115607, 0.06861627244984228, 0.07323580287115607, 0.07775445513440044, 0.08199366248919779, 0.05835482563852214]
Round=14, per client global perf=[0.277, 0.2662, 0.276, 0.2608, 0.2583, 0.2676, 0.2657, 0.2833, 0.2559, 0.2853], mean perf=5500/20400 (0.2696%)
Round=14, per client personal perf=[0.7505, 0.749, 0.699, 0.7265, 0.7554, 0.7608, 0.7789, 0.7407, 0.7495, 0.7475], mean perf=15214/20400 (0.7458%)
Round=14, per client personal pooled=[0.7395, 0.7563, 0.6872, 0.7273, 0.7648, 0.7571, 0.7668, 0.7513, 0.754, 0.7462], mean perf=151988/204000 (0.7450%)
Mean performance of unidp ditto global,  eps=0.1, Perf=0.2650
Mean performance of unidp ditto personal,  eps=0.1, Perf=0.7405
Mean performance of unidp ditto pooled,  eps=0.1, Perf=0.7403
Finished seed 42
----------------------------------------
=== Running reg_param=0.01 ===
Running seed 42
default_sample_rate: 0.03232323232323232
noise_multiplier :  13.75
learning rate =  0.001
sample_rate: 0.03, expected_batch_size: 128
sample_rate: 0.03, expected_batch_size: 128
sample_rate: 0.03, expected_batch_size: 128
sample_rate: 0.03, expected_batch_size: 128
sample_rate: 0.03, expected_batch_size: 128
sample_rate: 0.03, expected_batch_size: 128
sample_rate: 0.03, expected_batch_size: 128
sample_rate: 0.03, expected_batch_size: 128
sample_rate: 0.03, expected_batch_size: 128
sample_rate: 0.03, expected_batch_size: 128
initial privacy cost of all clients:  [0, 0, 0, 0, 0, 0, 0, 0, 0, 0]
Round=0
Round=1
Round=2
Round=3
Round=4
Round=5
Round=6
Round=7
Round=8
Round=9
Round=10
Round=11
Round=12
Round=13
Round=14
current privacy cost of all clients:  [0.06861627244984228, 0.06861627244984228, 0.052721685568101175, 0.0636130274845621, 0.07323580287115607, 0.06861627244984228, 0.07323580287115607, 0.07775445513440044, 0.08199366248919779, 0.05835482563852214]
Round=14, per client global perf=[0.277, 0.2662, 0.276, 0.2608, 0.2583, 0.2676, 0.2657, 0.2833, 0.2559, 0.2853], mean perf=5500/20400 (0.2696%)
Round=14, per client personal perf=[0.7471, 0.7515, 0.7172, 0.7245, 0.7505, 0.7672, 0.773, 0.7343, 0.7431, 0.7441], mean perf=15203/20400 (0.7452%)
Round=14, per client personal pooled=[0.7383, 0.7565, 0.7157, 0.7262, 0.7586, 0.7649, 0.7656, 0.7509, 0.7479, 0.7431], mean perf=152344/204000 (0.7468%)
Mean performance of unidp ditto global,  eps=0.1, Perf=0.2650
Mean performance of unidp ditto personal,  eps=0.1, Perf=0.7414
Mean performance of unidp ditto pooled,  eps=0.1, Perf=0.7427
Finished seed 42
----------------------------------------
=== Running reg_param=0.1 ===
Running seed 42
default_sample_rate: 0.03232323232323232
noise_multiplier :  13.75
learning rate =  0.001
sample_rate: 0.03, expected_batch_size: 128
sample_rate: 0.03, expected_batch_size: 128
sample_rate: 0.03, expected_batch_size: 128
sample_rate: 0.03, expected_batch_size: 128
sample_rate: 0.03, expected_batch_size: 128
sample_rate: 0.03, expected_batch_size: 128
sample_rate: 0.03, expected_batch_size: 128
sample_rate: 0.03, expected_batch_size: 128
sample_rate: 0.03, expected_batch_size: 128
sample_rate: 0.03, expected_batch_size: 128
initial privacy cost of all clients:  [0, 0, 0, 0, 0, 0, 0, 0, 0, 0]
Round=0
Round=1
Round=2
Round=3
Round=4
Round=5
Round=6
Round=7
Round=8
Round=9
Round=10
Round=11
Round=12
Round=13
Round=14
current privacy cost of all clients:  [0.06861627244984228, 0.06861627244984228, 0.052721685568101175, 0.0636130274845621, 0.07323580287115607, 0.06861627244984228, 0.07323580287115607, 0.07775445513440044, 0.08199366248919779, 0.05835482563852214]
Round=14, per client global perf=[0.277, 0.2662, 0.276, 0.2608, 0.2583, 0.2676, 0.2657, 0.2833, 0.2559, 0.2853], mean perf=5500/20400 (0.2696%)
Round=14, per client personal perf=[0.7343, 0.7216, 0.7328, 0.7201, 0.7162, 0.749, 0.7613, 0.7402, 0.7186, 0.7353], mean perf=14952/20400 (0.7329%)
Round=14, per client personal pooled=[0.7303, 0.732, 0.7197, 0.7163, 0.7261, 0.7399, 0.7522, 0.7485, 0.7266, 0.7297], mean perf=149350/204000 (0.7321%)
Mean performance of unidp ditto global,  eps=0.1, Perf=0.2650
Mean performance of unidp ditto personal,  eps=0.1, Perf=0.7308
Mean performance of unidp ditto pooled,  eps=0.1, Perf=0.7298
Finished seed 42
----------------------------------------
=== Running reg_param=1.0 ===
Running seed 42
default_sample_rate: 0.03232323232323232
noise_multiplier :  13.75
learning rate =  0.001
sample_rate: 0.03, expected_batch_size: 128
sample_rate: 0.03, expected_batch_size: 128
sample_rate: 0.03, expected_batch_size: 128
sample_rate: 0.03, expected_batch_size: 128
sample_rate: 0.03, expected_batch_size: 128
sample_rate: 0.03, expected_batch_size: 128
sample_rate: 0.03, expected_batch_size: 128
sample_rate: 0.03, expected_batch_size: 128
sample_rate: 0.03, expected_batch_size: 128
sample_rate: 0.03, expected_batch_size: 128
initial privacy cost of all clients:  [0, 0, 0, 0, 0, 0, 0, 0, 0, 0]
Round=0
Round=1
Round=2
Round=3
Round=4
Round=5
Round=6
Round=7
Round=8
Round=9
Round=10
Round=11
Round=12
Round=13
Round=14
current privacy cost of all clients:  [0.06861627244984228, 0.06861627244984228, 0.052721685568101175, 0.0636130274845621, 0.07323580287115607, 0.06861627244984228, 0.07323580287115607, 0.07775445513440044, 0.08199366248919779, 0.05835482563852214]
Round=14, per client global perf=[0.277, 0.2662, 0.276, 0.2608, 0.2583, 0.2676, 0.2657, 0.2833, 0.2559, 0.2853], mean perf=5500/20400 (0.2696%)
Round=14, per client personal perf=[0.674, 0.5838, 0.599, 0.65, 0.6113, 0.6255, 0.6275, 0.6255, 0.6265, 0.6363], mean perf=12769/20400 (0.6259%)
Round=14, per client personal pooled=[0.6571, 0.5831, 0.5935, 0.6446, 0.6136, 0.6235, 0.6171, 0.6308, 0.6286, 0.6348], mean perf=127025/204000 (0.6227%)
Mean performance of unidp ditto global,  eps=0.1, Perf=0.2650
Mean performance of unidp ditto personal,  eps=0.1, Perf=0.6187
Mean performance of unidp ditto pooled,  eps=0.1, Perf=0.6165
Finished seed 42
----------------------------------------
=== Running reg_param=10 ===
Running seed 42
default_sample_rate: 0.03232323232323232
noise_multiplier :  13.75
learning rate =  0.001
sample_rate: 0.03, expected_batch_size: 128
sample_rate: 0.03, expected_batch_size: 128
sample_rate: 0.03, expected_batch_size: 128
sample_rate: 0.03, expected_batch_size: 128
sample_rate: 0.03, expected_batch_size: 128
sample_rate: 0.03, expected_batch_size: 128
sample_rate: 0.03, expected_batch_size: 128
sample_rate: 0.03, expected_batch_size: 128
sample_rate: 0.03, expected_batch_size: 128
sample_rate: 0.03, expected_batch_size: 128
initial privacy cost of all clients:  [0, 0, 0, 0, 0, 0, 0, 0, 0, 0]
Round=0
Round=1
Round=2
Round=3
Round=4
Round=5
Round=6
Round=7
Round=8
Round=9
Round=10
Round=11
Round=12
Round=13
Round=14
current privacy cost of all clients:  [0.06861627244984228, 0.06861627244984228, 0.052721685568101175, 0.0636130274845621, 0.07323580287115607, 0.06861627244984228, 0.07323580287115607, 0.07775445513440044, 0.08199366248919779, 0.05835482563852214]
Round=14, per client global perf=[0.277, 0.2662, 0.276, 0.2608, 0.2583, 0.2676, 0.2657, 0.2833, 0.2559, 0.2853], mean perf=5500/20400 (0.2696%)
Round=14, per client personal perf=[0.2721, 0.3471, 0.2863, 0.3162, 0.2784, 0.3245, 0.3848, 0.2892, 0.3294, 0.3172], mean perf=6416/20400 (0.3145%)
Round=14, per client personal pooled=[0.2642, 0.3447, 0.279, 0.32, 0.2889, 0.3305, 0.3794, 0.2756, 0.3366, 0.3119], mean perf=63865/204000 (0.3131%)
Mean performance of unidp ditto global,  eps=0.1, Perf=0.2650
Mean performance of unidp ditto personal,  eps=0.1, Perf=0.2905
Mean performance of unidp ditto pooled,  eps=0.1, Perf=0.2898
Finished seed 42
----------------------------------------
=== Running epsilon=0.5 ===
=== Running reg_param=0 ===
Running seed 42
default_sample_rate: 0.03232323232323232
noise_multiplier :  3.671875
learning rate =  0.001
sample_rate: 0.03, expected_batch_size: 128
sample_rate: 0.03, expected_batch_size: 128
sample_rate: 0.03, expected_batch_size: 128
sample_rate: 0.03, expected_batch_size: 128
sample_rate: 0.03, expected_batch_size: 128
sample_rate: 0.03, expected_batch_size: 128
sample_rate: 0.03, expected_batch_size: 128
sample_rate: 0.03, expected_batch_size: 128
sample_rate: 0.03, expected_batch_size: 128
sample_rate: 0.03, expected_batch_size: 128
initial privacy cost of all clients:  [0, 0, 0, 0, 0, 0, 0, 0, 0, 0]
Round=0
Round=1
Round=2
Round=3
Round=4
Round=5
Round=6
Round=7
Round=8
Round=9
Round=10
Round=11
Round=12
Round=13
Round=14
current privacy cost of all clients:  [0.3537320706559622, 0.3537320706559622, 0.279070325668136, 0.33033357372458066, 0.37555379650408366, 0.3537320706559622, 0.37555379650408366, 0.39649964853357994, 0.41674618847529443, 0.30557517331204553]
Round=14, per client global perf=[0.6456, 0.6328, 0.6363, 0.6255, 0.6343, 0.6348, 0.6412, 0.6098, 0.6167, 0.6221], mean perf=12850/20400 (0.6299%)
Round=14, per client personal perf=[0.752, 0.749, 0.7039, 0.723, 0.7559, 0.7588, 0.7775, 0.7407, 0.7382, 0.7475], mean perf=15191/20400 (0.7447%)
Round=14, per client personal pooled=[0.7426, 0.7555, 0.6949, 0.7255, 0.7617, 0.7592, 0.7675, 0.75, 0.7511, 0.7449], mean perf=152038/204000 (0.7453%)
Mean performance of unidp ditto global,  eps=0.5, Perf=0.6170
Mean performance of unidp ditto personal,  eps=0.5, Perf=0.7399
Mean performance of unidp ditto pooled,  eps=0.5, Perf=0.7401
Finished seed 42
----------------------------------------
=== Running reg_param=0.001 ===
Running seed 42
default_sample_rate: 0.03232323232323232
noise_multiplier :  3.671875
learning rate =  0.001
sample_rate: 0.03, expected_batch_size: 128
sample_rate: 0.03, expected_batch_size: 128
sample_rate: 0.03, expected_batch_size: 128
sample_rate: 0.03, expected_batch_size: 128
sample_rate: 0.03, expected_batch_size: 128
sample_rate: 0.03, expected_batch_size: 128
sample_rate: 0.03, expected_batch_size: 128
sample_rate: 0.03, expected_batch_size: 128
sample_rate: 0.03, expected_batch_size: 128
sample_rate: 0.03, expected_batch_size: 128
initial privacy cost of all clients:  [0, 0, 0, 0, 0, 0, 0, 0, 0, 0]
Round=0
Round=1
Round=2
Round=3
Round=4
Round=5
Round=6
Round=7
Round=8
Round=9
Round=10
Round=11
Round=12
Round=13
Round=14
current privacy cost of all clients:  [0.3537320706559622, 0.3537320706559622, 0.279070325668136, 0.33033357372458066, 0.37555379650408366, 0.3537320706559622, 0.37555379650408366, 0.39649964853357994, 0.41674618847529443, 0.30557517331204553]
Round=14, per client global perf=[0.6456, 0.6328, 0.6363, 0.6255, 0.6343, 0.6348, 0.6412, 0.6098, 0.6167, 0.6221], mean perf=12850/20400 (0.6299%)
Round=14, per client personal perf=[0.7495, 0.7495, 0.7152, 0.724, 0.7505, 0.7583, 0.7755, 0.7417, 0.7397, 0.75], mean perf=15206/20400 (0.7454%)
Round=14, per client personal pooled=[0.7387, 0.757, 0.7094, 0.7281, 0.7602, 0.7558, 0.7681, 0.7493, 0.7518, 0.7457], mean perf=152266/204000 (0.7464%)
Mean performance of unidp ditto global,  eps=0.5, Perf=0.6170
Mean performance of unidp ditto personal,  eps=0.5, Perf=0.7412
Mean performance of unidp ditto pooled,  eps=0.5, Perf=0.7416
Finished seed 42
----------------------------------------
=== Running reg_param=0.01 ===
Running seed 42
default_sample_rate: 0.03232323232323232
noise_multiplier :  3.671875
learning rate =  0.001
sample_rate: 0.03, expected_batch_size: 128
sample_rate: 0.03, expected_batch_size: 128
sample_rate: 0.03, expected_batch_size: 128
sample_rate: 0.03, expected_batch_size: 128
sample_rate: 0.03, expected_batch_size: 128
sample_rate: 0.03, expected_batch_size: 128
sample_rate: 0.03, expected_batch_size: 128
sample_rate: 0.03, expected_batch_size: 128
sample_rate: 0.03, expected_batch_size: 128
sample_rate: 0.03, expected_batch_size: 128
initial privacy cost of all clients:  [0, 0, 0, 0, 0, 0, 0, 0, 0, 0]
Round=0
Round=1
Round=2
Round=3
Round=4
Round=5
Round=6
Round=7
Round=8
Round=9
Round=10
Round=11
Round=12
Round=13
Round=14
current privacy cost of all clients:  [0.3537320706559622, 0.3537320706559622, 0.279070325668136, 0.33033357372458066, 0.37555379650408366, 0.3537320706559622, 0.37555379650408366, 0.39649964853357994, 0.41674618847529443, 0.30557517331204553]
Round=14, per client global perf=[0.6456, 0.6328, 0.6363, 0.6255, 0.6343, 0.6348, 0.6412, 0.6098, 0.6167, 0.6221], mean perf=12850/20400 (0.6299%)
Round=14, per client personal perf=[0.7525, 0.75, 0.7348, 0.7221, 0.752, 0.7681, 0.775, 0.7358, 0.727, 0.7456], mean perf=15224/20400 (0.7463%)
Round=14, per client personal pooled=[0.7412, 0.7547, 0.7241, 0.7239, 0.7586, 0.7557, 0.7666, 0.748, 0.7398, 0.7456], mean perf=152146/204000 (0.7458%)
Mean performance of unidp ditto global,  eps=0.5, Perf=0.6170
Mean performance of unidp ditto personal,  eps=0.5, Perf=0.7444
Mean performance of unidp ditto pooled,  eps=0.5, Perf=0.7432
Finished seed 42
----------------------------------------
=== Running reg_param=0.1 ===
Running seed 42
default_sample_rate: 0.03232323232323232
noise_multiplier :  3.671875
learning rate =  0.001
sample_rate: 0.03, expected_batch_size: 128
sample_rate: 0.03, expected_batch_size: 128
sample_rate: 0.03, expected_batch_size: 128
sample_rate: 0.03, expected_batch_size: 128
sample_rate: 0.03, expected_batch_size: 128
sample_rate: 0.03, expected_batch_size: 128
sample_rate: 0.03, expected_batch_size: 128
sample_rate: 0.03, expected_batch_size: 128
sample_rate: 0.03, expected_batch_size: 128
sample_rate: 0.03, expected_batch_size: 128
initial privacy cost of all clients:  [0, 0, 0, 0, 0, 0, 0, 0, 0, 0]
Round=0
Round=1
Round=2
Round=3
Round=4
Round=5
Round=6
Round=7
Round=8
Round=9
Round=10
Round=11
Round=12
Round=13
Round=14
current privacy cost of all clients:  [0.3537320706559622, 0.3537320706559622, 0.279070325668136, 0.33033357372458066, 0.37555379650408366, 0.3537320706559622, 0.37555379650408366, 0.39649964853357994, 0.41674618847529443, 0.30557517331204553]
Round=14, per client global perf=[0.6456, 0.6328, 0.6363, 0.6255, 0.6343, 0.6348, 0.6412, 0.6098, 0.6167, 0.6221], mean perf=12850/20400 (0.6299%)
Round=14, per client personal perf=[0.7431, 0.7201, 0.7039, 0.7123, 0.7201, 0.7431, 0.7564, 0.7348, 0.7211, 0.7392], mean perf=14880/20400 (0.7294%)
Round=14, per client personal pooled=[0.733, 0.7284, 0.6969, 0.7145, 0.7269, 0.7363, 0.7491, 0.744, 0.7316, 0.7347], mean perf=148825/204000 (0.7295%)
Mean performance of unidp ditto global,  eps=0.5, Perf=0.6170
Mean performance of unidp ditto personal,  eps=0.5, Perf=0.7270
Mean performance of unidp ditto pooled,  eps=0.5, Perf=0.7268
Finished seed 42
----------------------------------------
=== Running reg_param=1.0 ===
Running seed 42
default_sample_rate: 0.03232323232323232
noise_multiplier :  3.671875
learning rate =  0.001
sample_rate: 0.03, expected_batch_size: 128
sample_rate: 0.03, expected_batch_size: 128
sample_rate: 0.03, expected_batch_size: 128
sample_rate: 0.03, expected_batch_size: 128
sample_rate: 0.03, expected_batch_size: 128
sample_rate: 0.03, expected_batch_size: 128
sample_rate: 0.03, expected_batch_size: 128
sample_rate: 0.03, expected_batch_size: 128
sample_rate: 0.03, expected_batch_size: 128
sample_rate: 0.03, expected_batch_size: 128
initial privacy cost of all clients:  [0, 0, 0, 0, 0, 0, 0, 0, 0, 0]
Round=0
Round=1
Round=2
Round=3
Round=4
Round=5
Round=6
Round=7
Round=8
Round=9
Round=10
Round=11
Round=12
Round=13
Round=14
current privacy cost of all clients:  [0.3537320706559622, 0.3537320706559622, 0.279070325668136, 0.33033357372458066, 0.37555379650408366, 0.3537320706559622, 0.37555379650408366, 0.39649964853357994, 0.41674618847529443, 0.30557517331204553]
Round=14, per client global perf=[0.6456, 0.6328, 0.6363, 0.6255, 0.6343, 0.6348, 0.6412, 0.6098, 0.6167, 0.6221], mean perf=12850/20400 (0.6299%)
Round=14, per client personal perf=[0.6926, 0.6745, 0.6422, 0.648, 0.6603, 0.6676, 0.6755, 0.677, 0.6789, 0.6765], mean perf=13654/20400 (0.6693%)
Round=14, per client personal pooled=[0.6779, 0.674, 0.6335, 0.6401, 0.6644, 0.663, 0.6702, 0.6962, 0.6828, 0.6838], mean perf=136392/204000 (0.6686%)
Mean performance of unidp ditto global,  eps=0.5, Perf=0.6170
Mean performance of unidp ditto personal,  eps=0.5, Perf=0.6626
Mean performance of unidp ditto pooled,  eps=0.5, Perf=0.6627
Finished seed 42
----------------------------------------
=== Running reg_param=10 ===
Running seed 42
default_sample_rate: 0.03232323232323232
noise_multiplier :  3.671875
learning rate =  0.001
sample_rate: 0.03, expected_batch_size: 128
sample_rate: 0.03, expected_batch_size: 128
sample_rate: 0.03, expected_batch_size: 128
sample_rate: 0.03, expected_batch_size: 128
sample_rate: 0.03, expected_batch_size: 128
sample_rate: 0.03, expected_batch_size: 128
sample_rate: 0.03, expected_batch_size: 128
sample_rate: 0.03, expected_batch_size: 128
sample_rate: 0.03, expected_batch_size: 128
sample_rate: 0.03, expected_batch_size: 128
initial privacy cost of all clients:  [0, 0, 0, 0, 0, 0, 0, 0, 0, 0]
Round=0
Round=1
Round=2
Round=3
Round=4
Round=5
Round=6
Round=7
Round=8
Round=9
Round=10
Round=11
Round=12
Round=13
Round=14
current privacy cost of all clients:  [0.3537320706559622, 0.3537320706559622, 0.279070325668136, 0.33033357372458066, 0.37555379650408366, 0.3537320706559622, 0.37555379650408366, 0.39649964853357994, 0.41674618847529443, 0.30557517331204553]
Round=14, per client global perf=[0.6456, 0.6328, 0.6363, 0.6255, 0.6343, 0.6348, 0.6412, 0.6098, 0.6167, 0.6221], mean perf=12850/20400 (0.6299%)
Round=14, per client personal perf=[0.6667, 0.6461, 0.6603, 0.6397, 0.6446, 0.6559, 0.6353, 0.6324, 0.6667, 0.6539], mean perf=13263/20400 (0.6501%)
Round=14, per client personal pooled=[0.6643, 0.6433, 0.65, 0.6385, 0.6384, 0.6492, 0.6287, 0.651, 0.6654, 0.661], mean perf=132392/204000 (0.6490%)
Mean performance of unidp ditto global,  eps=0.5, Perf=0.6170
Mean performance of unidp ditto personal,  eps=0.5, Perf=0.6449
Mean performance of unidp ditto pooled,  eps=0.5, Perf=0.6440
Finished seed 42
----------------------------------------
=== Running epsilon=1 ===
=== Running reg_param=0 ===
Running seed 42
default_sample_rate: 0.03232323232323232
noise_multiplier :  2.12890625
learning rate =  0.001
sample_rate: 0.03, expected_batch_size: 128
sample_rate: 0.03, expected_batch_size: 128
sample_rate: 0.03, expected_batch_size: 128
sample_rate: 0.03, expected_batch_size: 128
sample_rate: 0.03, expected_batch_size: 128
sample_rate: 0.03, expected_batch_size: 128
sample_rate: 0.03, expected_batch_size: 128
sample_rate: 0.03, expected_batch_size: 128
sample_rate: 0.03, expected_batch_size: 128
sample_rate: 0.03, expected_batch_size: 128
initial privacy cost of all clients:  [0, 0, 0, 0, 0, 0, 0, 0, 0, 0]
Round=0
Round=1
Round=2
Round=3
Round=4
Round=5
Round=6
Round=7
Round=8
Round=9
Round=10
Round=11
Round=12
Round=13
Round=14
current privacy cost of all clients:  [0.7206619146809711, 0.7206619146809711, 0.5742281727082242, 0.6750386529476061, 0.7653858016873494, 0.7206619146809711, 0.7653858016873494, 0.8052814395900469, 0.8451770774927443, 0.6260606530260836]
Round=14, per client global perf=[0.6721, 0.6711, 0.6701, 0.6593, 0.6657, 0.6632, 0.6765, 0.6422, 0.651, 0.6569], mean perf=13521/20400 (0.6628%)
Round=14, per client personal perf=[0.752, 0.749, 0.7039, 0.723, 0.7559, 0.7588, 0.7775, 0.7407, 0.7382, 0.7475], mean perf=15191/20400 (0.7447%)
Round=14, per client personal pooled=[0.7426, 0.7555, 0.6949, 0.7255, 0.7617, 0.7592, 0.7675, 0.75, 0.7511, 0.7449], mean perf=152038/204000 (0.7453%)
Mean performance of unidp ditto global,  eps=1.0, Perf=0.6549
Mean performance of unidp ditto personal,  eps=1.0, Perf=0.7399
Mean performance of unidp ditto pooled,  eps=1.0, Perf=0.7401
Finished seed 42
----------------------------------------
=== Running reg_param=0.001 ===
Running seed 42
default_sample_rate: 0.03232323232323232
noise_multiplier :  2.12890625
learning rate =  0.001
sample_rate: 0.03, expected_batch_size: 128
sample_rate: 0.03, expected_batch_size: 128
sample_rate: 0.03, expected_batch_size: 128
sample_rate: 0.03, expected_batch_size: 128
sample_rate: 0.03, expected_batch_size: 128
sample_rate: 0.03, expected_batch_size: 128
sample_rate: 0.03, expected_batch_size: 128
sample_rate: 0.03, expected_batch_size: 128
sample_rate: 0.03, expected_batch_size: 128
sample_rate: 0.03, expected_batch_size: 128
initial privacy cost of all clients:  [0, 0, 0, 0, 0, 0, 0, 0, 0, 0]
Round=0
Round=1
Round=2
Round=3
Round=4
Round=5
Round=6
Round=7
Round=8
Round=9
Round=10
Round=11
Round=12
Round=13
Round=14
current privacy cost of all clients:  [0.7206619146809711, 0.7206619146809711, 0.5742281727082242, 0.6750386529476061, 0.7653858016873494, 0.7206619146809711, 0.7653858016873494, 0.8052814395900469, 0.8451770774927443, 0.6260606530260836]
Round=14, per client global perf=[0.6721, 0.6711, 0.6701, 0.6593, 0.6657, 0.6632, 0.6765, 0.6422, 0.651, 0.6569], mean perf=13521/20400 (0.6628%)
Round=14, per client personal perf=[0.75, 0.752, 0.7093, 0.7265, 0.7554, 0.7652, 0.7784, 0.7505, 0.7422, 0.7485], mean perf=15255/20400 (0.7478%)
Round=14, per client personal pooled=[0.7392, 0.7575, 0.7058, 0.7326, 0.7595, 0.7618, 0.7667, 0.7524, 0.7524, 0.7494], mean perf=152534/204000 (0.7477%)
Mean performance of unidp ditto global,  eps=1.0, Perf=0.6549
Mean performance of unidp ditto personal,  eps=1.0, Perf=0.7418
Mean performance of unidp ditto pooled,  eps=1.0, Perf=0.7416
Finished seed 42
----------------------------------------
=== Running reg_param=0.01 ===
Running seed 42
default_sample_rate: 0.03232323232323232
noise_multiplier :  2.12890625
learning rate =  0.001
sample_rate: 0.03, expected_batch_size: 128
sample_rate: 0.03, expected_batch_size: 128
sample_rate: 0.03, expected_batch_size: 128
sample_rate: 0.03, expected_batch_size: 128
sample_rate: 0.03, expected_batch_size: 128
sample_rate: 0.03, expected_batch_size: 128
sample_rate: 0.03, expected_batch_size: 128
sample_rate: 0.03, expected_batch_size: 128
sample_rate: 0.03, expected_batch_size: 128
sample_rate: 0.03, expected_batch_size: 128
initial privacy cost of all clients:  [0, 0, 0, 0, 0, 0, 0, 0, 0, 0]
Round=0
Round=1
Round=2
Round=3
Round=4
Round=5
Round=6
Round=7
Round=8
Round=9
Round=10
Round=11
Round=12
Round=13
Round=14
current privacy cost of all clients:  [0.7206619146809711, 0.7206619146809711, 0.5742281727082242, 0.6750386529476061, 0.7653858016873494, 0.7206619146809711, 0.7653858016873494, 0.8052814395900469, 0.8451770774927443, 0.6260606530260836]
Round=14, per client global perf=[0.6721, 0.6711, 0.6701, 0.6593, 0.6657, 0.6632, 0.6765, 0.6422, 0.651, 0.6569], mean perf=13521/20400 (0.6628%)
Round=14, per client personal perf=[0.7466, 0.7441, 0.725, 0.726, 0.751, 0.7691, 0.7789, 0.7294, 0.7529, 0.7495], mean perf=15244/20400 (0.7473%)
Round=14, per client personal pooled=[0.7372, 0.7507, 0.7209, 0.7247, 0.7596, 0.7627, 0.7658, 0.7427, 0.7568, 0.7485], mean perf=152380/204000 (0.7470%)
Mean performance of unidp ditto global,  eps=1.0, Perf=0.6549
Mean performance of unidp ditto personal,  eps=1.0, Perf=0.7443
Mean performance of unidp ditto pooled,  eps=1.0, Perf=0.7437
Finished seed 42
----------------------------------------
=== Running reg_param=0.1 ===
Running seed 42
default_sample_rate: 0.03232323232323232
noise_multiplier :  2.12890625
learning rate =  0.001
sample_rate: 0.03, expected_batch_size: 128
sample_rate: 0.03, expected_batch_size: 128
sample_rate: 0.03, expected_batch_size: 128
sample_rate: 0.03, expected_batch_size: 128
sample_rate: 0.03, expected_batch_size: 128
sample_rate: 0.03, expected_batch_size: 128
sample_rate: 0.03, expected_batch_size: 128
sample_rate: 0.03, expected_batch_size: 128
sample_rate: 0.03, expected_batch_size: 128
sample_rate: 0.03, expected_batch_size: 128
initial privacy cost of all clients:  [0, 0, 0, 0, 0, 0, 0, 0, 0, 0]
Round=0
Round=1
Round=2
Round=3
Round=4
Round=5
Round=6
Round=7
Round=8
Round=9
Round=10
Round=11
Round=12
Round=13
Round=14
current privacy cost of all clients:  [0.7206619146809711, 0.7206619146809711, 0.5742281727082242, 0.6750386529476061, 0.7653858016873494, 0.7206619146809711, 0.7653858016873494, 0.8052814395900469, 0.8451770774927443, 0.6260606530260836]
Round=14, per client global perf=[0.6721, 0.6711, 0.6701, 0.6593, 0.6657, 0.6632, 0.6765, 0.6422, 0.651, 0.6569], mean perf=13521/20400 (0.6628%)
Round=14, per client personal perf=[0.7392, 0.723, 0.7186, 0.7167, 0.7255, 0.751, 0.7529, 0.7265, 0.7152, 0.7397], mean perf=14909/20400 (0.7308%)
Round=14, per client personal pooled=[0.7336, 0.7295, 0.7109, 0.7148, 0.7332, 0.7467, 0.7463, 0.7385, 0.7246, 0.7399], mean perf=149287/204000 (0.7318%)
Mean performance of unidp ditto global,  eps=1.0, Perf=0.6549
Mean performance of unidp ditto personal,  eps=1.0, Perf=0.7279
Mean performance of unidp ditto pooled,  eps=1.0, Perf=0.7284
Finished seed 42
----------------------------------------
=== Running reg_param=1.0 ===
Running seed 42
default_sample_rate: 0.03232323232323232
noise_multiplier :  2.12890625
learning rate =  0.001
sample_rate: 0.03, expected_batch_size: 128
sample_rate: 0.03, expected_batch_size: 128
sample_rate: 0.03, expected_batch_size: 128
sample_rate: 0.03, expected_batch_size: 128
sample_rate: 0.03, expected_batch_size: 128
sample_rate: 0.03, expected_batch_size: 128
sample_rate: 0.03, expected_batch_size: 128
sample_rate: 0.03, expected_batch_size: 128
sample_rate: 0.03, expected_batch_size: 128
sample_rate: 0.03, expected_batch_size: 128
initial privacy cost of all clients:  [0, 0, 0, 0, 0, 0, 0, 0, 0, 0]
Round=0
Round=1
Round=2
Round=3
Round=4
Round=5
Round=6
Round=7
Round=8
Round=9
Round=10
Round=11
Round=12
Round=13
Round=14
current privacy cost of all clients:  [0.7206619146809711, 0.7206619146809711, 0.5742281727082242, 0.6750386529476061, 0.7653858016873494, 0.7206619146809711, 0.7653858016873494, 0.8052814395900469, 0.8451770774927443, 0.6260606530260836]
Round=14, per client global perf=[0.6721, 0.6711, 0.6701, 0.6593, 0.6657, 0.6632, 0.6765, 0.6422, 0.651, 0.6569], mean perf=13521/20400 (0.6628%)
Round=14, per client personal perf=[0.7118, 0.6824, 0.6814, 0.6696, 0.6897, 0.6755, 0.7054, 0.674, 0.701, 0.6985], mean perf=14054/20400 (0.6889%)
Round=14, per client personal pooled=[0.7016, 0.6855, 0.6701, 0.6653, 0.6924, 0.6792, 0.7008, 0.6913, 0.7061, 0.7031], mean perf=140669/204000 (0.6896%)
Mean performance of unidp ditto global,  eps=1.0, Perf=0.6549
Mean performance of unidp ditto personal,  eps=1.0, Perf=0.6835
Mean performance of unidp ditto pooled,  eps=1.0, Perf=0.6840
Finished seed 42
----------------------------------------
=== Running reg_param=10 ===
Running seed 42
default_sample_rate: 0.03232323232323232
noise_multiplier :  2.12890625
learning rate =  0.001
sample_rate: 0.03, expected_batch_size: 128
sample_rate: 0.03, expected_batch_size: 128
sample_rate: 0.03, expected_batch_size: 128
sample_rate: 0.03, expected_batch_size: 128
sample_rate: 0.03, expected_batch_size: 128
sample_rate: 0.03, expected_batch_size: 128
sample_rate: 0.03, expected_batch_size: 128
sample_rate: 0.03, expected_batch_size: 128
sample_rate: 0.03, expected_batch_size: 128
sample_rate: 0.03, expected_batch_size: 128
initial privacy cost of all clients:  [0, 0, 0, 0, 0, 0, 0, 0, 0, 0]
Round=0
Round=1
Round=2
Round=3
Round=4
Round=5
Round=6
Round=7
Round=8
Round=9
Round=10
Round=11
Round=12
Round=13
Round=14
current privacy cost of all clients:  [0.7206619146809711, 0.7206619146809711, 0.5742281727082242, 0.6750386529476061, 0.7653858016873494, 0.7206619146809711, 0.7653858016873494, 0.8052814395900469, 0.8451770774927443, 0.6260606530260836]
Round=14, per client global perf=[0.6721, 0.6711, 0.6701, 0.6593, 0.6657, 0.6632, 0.6765, 0.6422, 0.651, 0.6569], mean perf=13521/20400 (0.6628%)
Round=14, per client personal perf=[0.677, 0.6676, 0.6833, 0.6583, 0.6745, 0.6794, 0.6848, 0.6578, 0.6804, 0.6819], mean perf=13760/20400 (0.6745%)
Round=14, per client personal pooled=[0.6746, 0.6685, 0.6705, 0.6662, 0.6771, 0.68, 0.6738, 0.6793, 0.6796, 0.6878], mean perf=137853/204000 (0.6757%)
Mean performance of unidp ditto global,  eps=1.0, Perf=0.6549
Mean performance of unidp ditto personal,  eps=1.0, Perf=0.6671
Mean performance of unidp ditto pooled,  eps=1.0, Perf=0.6667
Finished seed 42
----------------------------------------
=== Running epsilon=8 ===
=== Running reg_param=0 ===
Running seed 42
default_sample_rate: 0.03232323232323232
noise_multiplier :  0.72021484375
learning rate =  0.001
sample_rate: 0.03, expected_batch_size: 128
sample_rate: 0.03, expected_batch_size: 128
sample_rate: 0.03, expected_batch_size: 128
sample_rate: 0.03, expected_batch_size: 128
sample_rate: 0.03, expected_batch_size: 128
sample_rate: 0.03, expected_batch_size: 128
sample_rate: 0.03, expected_batch_size: 128
sample_rate: 0.03, expected_batch_size: 128
sample_rate: 0.03, expected_batch_size: 128
sample_rate: 0.03, expected_batch_size: 128
initial privacy cost of all clients:  [0, 0, 0, 0, 0, 0, 0, 0, 0, 0]
Round=0
Round=1
Round=2
Round=3
Round=4
Round=5
Round=6
Round=7
Round=8
Round=9
Round=10
Round=11
Round=12
Round=13
Round=14
current privacy cost of all clients:  [6.264765677912597, 6.264765677912597, 4.852643443838692, 5.794058266554629, 6.735473089270566, 6.264765677912597, 6.735473089270566, 7.167814057514629, 7.332449371479868, 5.323350855196661]
Round=14, per client global perf=[0.7191, 0.7196, 0.7181, 0.7108, 0.7025, 0.7157, 0.7196, 0.6966, 0.7049, 0.7103], mean perf=14519/20400 (0.7117%)
Round=14, per client personal perf=[0.752, 0.749, 0.7039, 0.723, 0.7559, 0.7588, 0.7775, 0.7407, 0.7382, 0.7475], mean perf=15191/20400 (0.7447%)
Round=14, per client personal pooled=[0.7426, 0.7555, 0.6949, 0.7255, 0.7617, 0.7592, 0.7675, 0.75, 0.7511, 0.7449], mean perf=152038/204000 (0.7453%)
Mean performance of unidp ditto global,  eps=8.0, Perf=0.7078
Mean performance of unidp ditto personal,  eps=8.0, Perf=0.7399
Mean performance of unidp ditto pooled,  eps=8.0, Perf=0.7401
Finished seed 42
----------------------------------------
=== Running reg_param=0.001 ===
Running seed 42
default_sample_rate: 0.03232323232323232
noise_multiplier :  0.72021484375
learning rate =  0.001
sample_rate: 0.03, expected_batch_size: 128
sample_rate: 0.03, expected_batch_size: 128
sample_rate: 0.03, expected_batch_size: 128
sample_rate: 0.03, expected_batch_size: 128
sample_rate: 0.03, expected_batch_size: 128
sample_rate: 0.03, expected_batch_size: 128
sample_rate: 0.03, expected_batch_size: 128
sample_rate: 0.03, expected_batch_size: 128
sample_rate: 0.03, expected_batch_size: 128
sample_rate: 0.03, expected_batch_size: 128
initial privacy cost of all clients:  [0, 0, 0, 0, 0, 0, 0, 0, 0, 0]
Round=0
Round=1
Round=2
Round=3
Round=4
Round=5
Round=6
Round=7
Round=8
Round=9
Round=10
Round=11
Round=12
Round=13
Round=14
current privacy cost of all clients:  [6.264765677912597, 6.264765677912597, 4.852643443838692, 5.794058266554629, 6.735473089270566, 6.264765677912597, 6.735473089270566, 7.167814057514629, 7.332449371479868, 5.323350855196661]
Round=14, per client global perf=[0.7191, 0.7196, 0.7181, 0.7108, 0.7025, 0.7157, 0.7196, 0.6966, 0.7049, 0.7103], mean perf=14519/20400 (0.7117%)
Round=14, per client personal perf=[0.7451, 0.7529, 0.7191, 0.7368, 0.7574, 0.7681, 0.7819, 0.7417, 0.7402, 0.7475], mean perf=15281/20400 (0.7491%)
Round=14, per client personal pooled=[0.7361, 0.7567, 0.7201, 0.7353, 0.7627, 0.7614, 0.7713, 0.745, 0.7504, 0.7459], mean perf=152692/204000 (0.7485%)
Mean performance of unidp ditto global,  eps=8.0, Perf=0.7078
Mean performance of unidp ditto personal,  eps=8.0, Perf=0.7442
Mean performance of unidp ditto pooled,  eps=8.0, Perf=0.7439
Finished seed 42
----------------------------------------
=== Running reg_param=0.01 ===
Running seed 42
default_sample_rate: 0.03232323232323232
noise_multiplier :  0.72021484375
learning rate =  0.001
sample_rate: 0.03, expected_batch_size: 128
sample_rate: 0.03, expected_batch_size: 128
sample_rate: 0.03, expected_batch_size: 128
sample_rate: 0.03, expected_batch_size: 128
sample_rate: 0.03, expected_batch_size: 128
sample_rate: 0.03, expected_batch_size: 128
sample_rate: 0.03, expected_batch_size: 128
sample_rate: 0.03, expected_batch_size: 128
sample_rate: 0.03, expected_batch_size: 128
sample_rate: 0.03, expected_batch_size: 128
initial privacy cost of all clients:  [0, 0, 0, 0, 0, 0, 0, 0, 0, 0]
Round=0
Round=1
Round=2
Round=3
Round=4
Round=5
Round=6
Round=7
Round=8
Round=9
Round=10
Round=11
Round=12
Round=13
Round=14
current privacy cost of all clients:  [6.264765677912597, 6.264765677912597, 4.852643443838692, 5.794058266554629, 6.735473089270566, 6.264765677912597, 6.735473089270566, 7.167814057514629, 7.332449371479868, 5.323350855196661]
Round=14, per client global perf=[0.7191, 0.7196, 0.7181, 0.7108, 0.7025, 0.7157, 0.7196, 0.6966, 0.7049, 0.7103], mean perf=14519/20400 (0.7117%)
Round=14, per client personal perf=[0.752, 0.749, 0.7377, 0.7343, 0.7554, 0.7686, 0.7745, 0.7446, 0.7446, 0.7485], mean perf=15319/20400 (0.7509%)
Round=14, per client personal pooled=[0.742, 0.7578, 0.7291, 0.7383, 0.7637, 0.7635, 0.7658, 0.7526, 0.7535, 0.7477], mean perf=153288/204000 (0.7514%)
Mean performance of unidp ditto global,  eps=8.0, Perf=0.7078
Mean performance of unidp ditto personal,  eps=8.0, Perf=0.7462
Mean performance of unidp ditto pooled,  eps=8.0, Perf=0.7458
Finished seed 42
----------------------------------------
=== Running reg_param=0.1 ===
Running seed 42
default_sample_rate: 0.03232323232323232
noise_multiplier :  0.72021484375
learning rate =  0.001
sample_rate: 0.03, expected_batch_size: 128
sample_rate: 0.03, expected_batch_size: 128
sample_rate: 0.03, expected_batch_size: 128
sample_rate: 0.03, expected_batch_size: 128
sample_rate: 0.03, expected_batch_size: 128
sample_rate: 0.03, expected_batch_size: 128
sample_rate: 0.03, expected_batch_size: 128
sample_rate: 0.03, expected_batch_size: 128
sample_rate: 0.03, expected_batch_size: 128
sample_rate: 0.03, expected_batch_size: 128
initial privacy cost of all clients:  [0, 0, 0, 0, 0, 0, 0, 0, 0, 0]
Round=0
Round=1
Round=2
Round=3
Round=4
Round=5
Round=6
Round=7
Round=8
Round=9
Round=10
Round=11
Round=12
Round=13
Round=14
current privacy cost of all clients:  [6.264765677912597, 6.264765677912597, 4.852643443838692, 5.794058266554629, 6.735473089270566, 6.264765677912597, 6.735473089270566, 7.167814057514629, 7.332449371479868, 5.323350855196661]
Round=14, per client global perf=[0.7191, 0.7196, 0.7181, 0.7108, 0.7025, 0.7157, 0.7196, 0.6966, 0.7049, 0.7103], mean perf=14519/20400 (0.7117%)
Round=14, per client personal perf=[0.7426, 0.7299, 0.7358, 0.7103, 0.7225, 0.75, 0.7657, 0.7245, 0.7338, 0.7397], mean perf=15004/20400 (0.7355%)
Round=14, per client personal pooled=[0.7316, 0.7352, 0.7201, 0.7115, 0.735, 0.7458, 0.7532, 0.7384, 0.7404, 0.7388], mean perf=149942/204000 (0.7350%)
Mean performance of unidp ditto global,  eps=8.0, Perf=0.7078
Mean performance of unidp ditto personal,  eps=8.0, Perf=0.7323
Mean performance of unidp ditto pooled,  eps=8.0, Perf=0.7318
Finished seed 42
----------------------------------------
=== Running reg_param=1.0 ===
Running seed 42
default_sample_rate: 0.03232323232323232
noise_multiplier :  0.72021484375
learning rate =  0.001
sample_rate: 0.03, expected_batch_size: 128
sample_rate: 0.03, expected_batch_size: 128
sample_rate: 0.03, expected_batch_size: 128
sample_rate: 0.03, expected_batch_size: 128
sample_rate: 0.03, expected_batch_size: 128
sample_rate: 0.03, expected_batch_size: 128
sample_rate: 0.03, expected_batch_size: 128
sample_rate: 0.03, expected_batch_size: 128
sample_rate: 0.03, expected_batch_size: 128
sample_rate: 0.03, expected_batch_size: 128
initial privacy cost of all clients:  [0, 0, 0, 0, 0, 0, 0, 0, 0, 0]
Round=0
Round=1
Round=2
Round=3
Round=4
Round=5
Round=6
Round=7
Round=8
Round=9
Round=10
Round=11
Round=12
Round=13
Round=14
current privacy cost of all clients:  [6.264765677912597, 6.264765677912597, 4.852643443838692, 5.794058266554629, 6.735473089270566, 6.264765677912597, 6.735473089270566, 7.167814057514629, 7.332449371479868, 5.323350855196661]
Round=14, per client global perf=[0.7191, 0.7196, 0.7181, 0.7108, 0.7025, 0.7157, 0.7196, 0.6966, 0.7049, 0.7103], mean perf=14519/20400 (0.7117%)
Round=14, per client personal perf=[0.7103, 0.7064, 0.7289, 0.7191, 0.7054, 0.7137, 0.7338, 0.6819, 0.7074, 0.7216], mean perf=14542/20400 (0.7128%)
Round=14, per client personal pooled=[0.7041, 0.7085, 0.7052, 0.7091, 0.7101, 0.7175, 0.7283, 0.7014, 0.7146, 0.7168], mean perf=145156/204000 (0.7115%)
Mean performance of unidp ditto global,  eps=8.0, Perf=0.7078
Mean performance of unidp ditto personal,  eps=8.0, Perf=0.7077
Mean performance of unidp ditto pooled,  eps=8.0, Perf=0.7064
Finished seed 42
----------------------------------------
=== Running reg_param=10 ===
Running seed 42
default_sample_rate: 0.03232323232323232
noise_multiplier :  0.72021484375
learning rate =  0.001
sample_rate: 0.03, expected_batch_size: 128
sample_rate: 0.03, expected_batch_size: 128
sample_rate: 0.03, expected_batch_size: 128
sample_rate: 0.03, expected_batch_size: 128
sample_rate: 0.03, expected_batch_size: 128
sample_rate: 0.03, expected_batch_size: 128
sample_rate: 0.03, expected_batch_size: 128
sample_rate: 0.03, expected_batch_size: 128
sample_rate: 0.03, expected_batch_size: 128
sample_rate: 0.03, expected_batch_size: 128
initial privacy cost of all clients:  [0, 0, 0, 0, 0, 0, 0, 0, 0, 0]
Round=0
Round=1
Round=2
Round=3
Round=4
Round=5
Round=6
Round=7
Round=8
Round=9
Round=10
Round=11
Round=12
Round=13
Round=14
current privacy cost of all clients:  [6.264765677912597, 6.264765677912597, 4.852643443838692, 5.794058266554629, 6.735473089270566, 6.264765677912597, 6.735473089270566, 7.167814057514629, 7.332449371479868, 5.323350855196661]
Round=14, per client global perf=[0.7191, 0.7196, 0.7181, 0.7108, 0.7025, 0.7157, 0.7196, 0.6966, 0.7049, 0.7103], mean perf=14519/20400 (0.7117%)
Round=14, per client personal perf=[0.6892, 0.7078, 0.7093, 0.6985, 0.6912, 0.7044, 0.726, 0.6789, 0.7029, 0.7211], mean perf=14340/20400 (0.7029%)
Round=14, per client personal pooled=[0.6932, 0.706, 0.7041, 0.6969, 0.7028, 0.705, 0.7223, 0.6961, 0.712, 0.7209], mean perf=144009/204000 (0.7059%)
Mean performance of unidp ditto global,  eps=8.0, Perf=0.7078
Mean performance of unidp ditto personal,  eps=8.0, Perf=0.6995
Mean performance of unidp ditto pooled,  eps=8.0, Perf=0.7010
Finished seed 42
----------------------------------------
