PARAMS: dataset=mnist, gpu=0, data_type=niid_10_5, num_steps=15
=== Running epsilon=4 ===
=== Running reg_param=0 ===
Running seed 42
default_sample_rate: 0.03737226277372263
noise_multiplier :  1.021728515625
learning rate =  0.01
sample_rate: 0.04, expected_batch_size: 147
sample_rate: 0.04, expected_batch_size: 147
sample_rate: 0.04, expected_batch_size: 147
sample_rate: 0.04, expected_batch_size: 147
sample_rate: 0.04, expected_batch_size: 147
sample_rate: 0.04, expected_batch_size: 147
sample_rate: 0.04, expected_batch_size: 143
sample_rate: 0.04, expected_batch_size: 147
sample_rate: 0.04, expected_batch_size: 144
sample_rate: 0.04, expected_batch_size: 128
initial privacy cost of all clients:  [0, 0, 0, 0, 0, 0, 0, 0, 0, 0]
Round=0
Round=1
Round=2
Round=3
Round=4
Round=5
Round=6
Round=7
Round=8
Round=9
Round=10
Round=11
Round=12
Round=13
Round=14
current privacy cost of all clients:  [2.8555944997591194, 2.8555944997591194, 2.3670483999128127, 2.6927457998103503, 3.018443199707888, 2.8555944997591194, 3.018443199707888, 3.181291899656657, 3.344140599605426, 2.5298970998615813]
Round=14, per client global perf=[0.7897, 0.9127, 0.7887, 0.7721, 0.9544, 0.9426, 0.9391, 0.8083, 0.7932, 0.7881], mean perf=17003/20014 (0.8496%)
Round=14, per client personal perf=[0.9755, 0.9676, 0.9632, 0.974, 0.9814, 0.9804, 0.9691, 0.9828, 0.9399, 0.8374], mean perf=19189/20014 (0.9588%)
Round=14, per client personal pooled=[0.4662, 0.4784, 0.4892, 0.4887, 0.4855, 0.4859, 0.4889, 0.4787, 0.4727, 0.372], mean perf=94188/200140 (0.4706%)
Mean performance of unidp ditto global,  eps=4.0, Perf=0.8479
Mean performance of unidp ditto personal,  eps=4.0, Perf=0.9596
Mean performance of unidp ditto pooled,  eps=4.0, Perf=0.4719
Finished seed 42
----------------------------------------
=== Running reg_param=0.001 ===
Running seed 42
default_sample_rate: 0.03737226277372263
noise_multiplier :  1.021728515625
learning rate =  0.01
sample_rate: 0.04, expected_batch_size: 147
sample_rate: 0.04, expected_batch_size: 147
sample_rate: 0.04, expected_batch_size: 147
sample_rate: 0.04, expected_batch_size: 147
sample_rate: 0.04, expected_batch_size: 147
sample_rate: 0.04, expected_batch_size: 147
sample_rate: 0.04, expected_batch_size: 143
sample_rate: 0.04, expected_batch_size: 147
sample_rate: 0.04, expected_batch_size: 144
sample_rate: 0.04, expected_batch_size: 128
initial privacy cost of all clients:  [0, 0, 0, 0, 0, 0, 0, 0, 0, 0]
Round=0
Round=1
Round=2
Round=3
Round=4
Round=5
Round=6
Round=7
Round=8
Round=9
Round=10
Round=11
Round=12
Round=13
Round=14
current privacy cost of all clients:  [2.8555944997591194, 2.8555944997591194, 2.3670483999128127, 2.6927457998103503, 3.018443199707888, 2.8555944997591194, 3.018443199707888, 3.181291899656657, 3.344140599605426, 2.5298970998615813]
Round=14, per client global perf=[0.7897, 0.9127, 0.7887, 0.7721, 0.9544, 0.9426, 0.9391, 0.8083, 0.7932, 0.7881], mean perf=17003/20014 (0.8496%)
Round=14, per client personal perf=[0.9814, 0.9716, 0.9676, 0.975, 0.9799, 0.9853, 0.967, 0.9848, 0.9419, 0.847], mean perf=19248/20014 (0.9617%)
Round=14, per client personal pooled=[0.4674, 0.4784, 0.4904, 0.4939, 0.4855, 0.4874, 0.4888, 0.4783, 0.4736, 0.3715], mean perf=94369/200140 (0.4715%)
Mean performance of unidp ditto global,  eps=4.0, Perf=0.8479
Mean performance of unidp ditto personal,  eps=4.0, Perf=0.9611
Mean performance of unidp ditto pooled,  eps=4.0, Perf=0.4719
Finished seed 42
----------------------------------------
=== Running reg_param=0.01 ===
Running seed 42
default_sample_rate: 0.03737226277372263
noise_multiplier :  1.021728515625
learning rate =  0.01
sample_rate: 0.04, expected_batch_size: 147
sample_rate: 0.04, expected_batch_size: 147
sample_rate: 0.04, expected_batch_size: 147
sample_rate: 0.04, expected_batch_size: 147
sample_rate: 0.04, expected_batch_size: 147
sample_rate: 0.04, expected_batch_size: 147
sample_rate: 0.04, expected_batch_size: 143
sample_rate: 0.04, expected_batch_size: 147
sample_rate: 0.04, expected_batch_size: 144
sample_rate: 0.04, expected_batch_size: 128
initial privacy cost of all clients:  [0, 0, 0, 0, 0, 0, 0, 0, 0, 0]
Round=0
Round=1
Round=2
Round=3
Round=4
Round=5
Round=6
Round=7
Round=8
Round=9
Round=10
Round=11
Round=12
Round=13
Round=14
current privacy cost of all clients:  [2.8555944997591194, 2.8555944997591194, 2.3670483999128127, 2.6927457998103503, 3.018443199707888, 2.8555944997591194, 3.018443199707888, 3.181291899656657, 3.344140599605426, 2.5298970998615813]
Round=14, per client global perf=[0.7897, 0.9127, 0.7887, 0.7721, 0.9544, 0.9426, 0.9391, 0.8083, 0.7932, 0.7881], mean perf=17003/20014 (0.8496%)
Round=14, per client personal perf=[0.9647, 0.9431, 0.9657, 0.9667, 0.9858, 0.9603, 0.9696, 0.9725, 0.9429, 0.8221], mean perf=19034/20014 (0.9510%)
Round=14, per client personal pooled=[0.4732, 0.4613, 0.4893, 0.4898, 0.4865, 0.48, 0.4889, 0.4741, 0.474, 0.3591], mean perf=93589/200140 (0.4676%)
Mean performance of unidp ditto global,  eps=4.0, Perf=0.8479
Mean performance of unidp ditto personal,  eps=4.0, Perf=0.9572
Mean performance of unidp ditto pooled,  eps=4.0, Perf=0.4703
Finished seed 42
----------------------------------------
=== Running reg_param=0.1 ===
Running seed 42
default_sample_rate: 0.03737226277372263
noise_multiplier :  1.021728515625
learning rate =  0.01
sample_rate: 0.04, expected_batch_size: 147
sample_rate: 0.04, expected_batch_size: 147
sample_rate: 0.04, expected_batch_size: 147
sample_rate: 0.04, expected_batch_size: 147
sample_rate: 0.04, expected_batch_size: 147
sample_rate: 0.04, expected_batch_size: 147
sample_rate: 0.04, expected_batch_size: 143
sample_rate: 0.04, expected_batch_size: 147
sample_rate: 0.04, expected_batch_size: 144
sample_rate: 0.04, expected_batch_size: 128
initial privacy cost of all clients:  [0, 0, 0, 0, 0, 0, 0, 0, 0, 0]
Round=0
Round=1
Round=2
Round=3
Round=4
Round=5
Round=6
Round=7
Round=8
Round=9
Round=10
Round=11
Round=12
Round=13
Round=14
current privacy cost of all clients:  [2.8555944997591194, 2.8555944997591194, 2.3670483999128127, 2.6927457998103503, 3.018443199707888, 2.8555944997591194, 3.018443199707888, 3.181291899656657, 3.344140599605426, 2.5298970998615813]
Round=14, per client global perf=[0.7897, 0.9127, 0.7887, 0.7721, 0.9544, 0.9426, 0.9391, 0.8083, 0.7932, 0.7881], mean perf=17003/20014 (0.8496%)
Round=14, per client personal perf=[0.9608, 0.9368, 0.9417, 0.9583, 0.9657, 0.952, 0.9432, 0.952, 0.9144, 0.8476], mean perf=18783/20014 (0.9385%)
Round=14, per client personal pooled=[0.5772, 0.6149, 0.7043, 0.6321, 0.5822, 0.639, 0.606, 0.5659, 0.5836, 0.5718], mean perf=121624/200140 (0.6077%)
Mean performance of unidp ditto global,  eps=4.0, Perf=0.8479
Mean performance of unidp ditto personal,  eps=4.0, Perf=0.9390
Mean performance of unidp ditto pooled,  eps=4.0, Perf=0.5879
Finished seed 42
----------------------------------------
=== Running reg_param=1.0 ===
Running seed 42
default_sample_rate: 0.03737226277372263
noise_multiplier :  1.021728515625
learning rate =  0.01
sample_rate: 0.04, expected_batch_size: 147
sample_rate: 0.04, expected_batch_size: 147
sample_rate: 0.04, expected_batch_size: 147
sample_rate: 0.04, expected_batch_size: 147
sample_rate: 0.04, expected_batch_size: 147
sample_rate: 0.04, expected_batch_size: 147
sample_rate: 0.04, expected_batch_size: 143
sample_rate: 0.04, expected_batch_size: 147
sample_rate: 0.04, expected_batch_size: 144
sample_rate: 0.04, expected_batch_size: 128
initial privacy cost of all clients:  [0, 0, 0, 0, 0, 0, 0, 0, 0, 0]
Round=0
Round=1
Round=2
Round=3
Round=4
Round=5
Round=6
Round=7
Round=8
Round=9
Round=10
Round=11
Round=12
Round=13
Round=14
current privacy cost of all clients:  [2.8555944997591194, 2.8555944997591194, 2.3670483999128127, 2.6927457998103503, 3.018443199707888, 2.8555944997591194, 3.018443199707888, 3.181291899656657, 3.344140599605426, 2.5298970998615813]
Round=14, per client global perf=[0.7897, 0.9127, 0.7887, 0.7721, 0.9544, 0.9426, 0.9391, 0.8083, 0.7932, 0.7881], mean perf=17003/20014 (0.8496%)
Round=14, per client personal perf=[0.9373, 0.9373, 0.9039, 0.9225, 0.9544, 0.9162, 0.9315, 0.9681, 0.8683, 0.8442], mean perf=18402/20014 (0.9195%)
Round=14, per client personal pooled=[0.7646, 0.7836, 0.5581, 0.6695, 0.7278, 0.7372, 0.7135, 0.8049, 0.6967, 0.5786], mean perf=140787/200140 (0.7034%)
Mean performance of unidp ditto global,  eps=4.0, Perf=0.8479
Mean performance of unidp ditto personal,  eps=4.0, Perf=0.9240
Mean performance of unidp ditto pooled,  eps=4.0, Perf=0.6893
Finished seed 42
----------------------------------------
=== Running reg_param=10 ===
Running seed 42
default_sample_rate: 0.03737226277372263
noise_multiplier :  1.021728515625
learning rate =  0.01
sample_rate: 0.04, expected_batch_size: 147
sample_rate: 0.04, expected_batch_size: 147
sample_rate: 0.04, expected_batch_size: 147
sample_rate: 0.04, expected_batch_size: 147
sample_rate: 0.04, expected_batch_size: 147
sample_rate: 0.04, expected_batch_size: 147
sample_rate: 0.04, expected_batch_size: 143
sample_rate: 0.04, expected_batch_size: 147
sample_rate: 0.04, expected_batch_size: 144
sample_rate: 0.04, expected_batch_size: 128
initial privacy cost of all clients:  [0, 0, 0, 0, 0, 0, 0, 0, 0, 0]
Round=0
Round=1
Round=2
Round=3
Round=4
Round=5
Round=6
Round=7
Round=8
Round=9
Round=10
Round=11
Round=12
Round=13
Round=14
current privacy cost of all clients:  [2.8555944997591194, 2.8555944997591194, 2.3670483999128127, 2.6927457998103503, 3.018443199707888, 2.8555944997591194, 3.018443199707888, 3.181291899656657, 3.344140599605426, 2.5298970998615813]
Round=14, per client global perf=[0.7897, 0.9127, 0.7887, 0.7721, 0.9544, 0.9426, 0.9391, 0.8083, 0.7932, 0.7881], mean perf=17003/20014 (0.8496%)
Round=14, per client personal perf=[0.9412, 0.9216, 0.926, 0.9206, 0.949, 0.9603, 0.9412, 0.9647, 0.9249, 0.8561], mean perf=18644/20014 (0.9315%)
Round=14, per client personal pooled=[0.8315, 0.8553, 0.785, 0.8685, 0.8695, 0.8762, 0.8381, 0.7716, 0.8174, 0.7452], mean perf=165283/200140 (0.8258%)
Mean performance of unidp ditto global,  eps=4.0, Perf=0.8479
Mean performance of unidp ditto personal,  eps=4.0, Perf=0.9246
Mean performance of unidp ditto pooled,  eps=4.0, Perf=0.8089
Finished seed 42
----------------------------------------
