PARAMS: dataset=heart_disease, gpu=0, data_type=niid_10_2
=== Running reg_param=0, num_steps=15 ===
Running seed 42

Client 0 label distribution:
Client 0: avg epsilon = 0.1000
Client 1: avg epsilon = 0.3616
Client 2: avg epsilon = 1.0000
Client 3: avg epsilon = 3.1047
 We run FedAvg with rPDP (ThreeLevels-0) ...
max_epsilon :  10.0  noise_multiplier :  5.95703125
The R-Squared value of the best-fit curve : 0.9998566627531141
learning rate =  0.005
sample_rate: (min) 0.02, (max) 0.02, expected_batch_size: 4
sample_rate: (min) 0.02, (max) 0.13, expected_batch_size: 9
sample_rate: (min) 0.13, (max) 0.13, expected_batch_size: 3
sample_rate: (min) 0.02, (max) 0.56, expected_batch_size: 29
initial privacy cost of all clients:  [0, 0, 0, 0]
Round=0
Round=1
Round=2
Round=3
Round=4
Round=5
Round=6
Round=7
Round=8
Round=9
Round=10
Round=11
Round=12
Round=13
Round=14
current privacy cost of all clients:  [0.1271808120269241, 0.9651844233114815, 0.9651844233114815, 5.020130882580667]
Round=14, per client global perf=[0.6731, 0.6292, 0.6875, 0.6444], mean perf=166/254 (0.6535%)
Round=14, per client personal perf=[0.7404, 0.7528, 0.9375, 0.7556], mean perf=193/254 (0.7598%)
Round=14, per client personal pooled=[0.7283, 0.689, 0.5157, 0.5906], mean perf=641/1016 (0.6309%)
Mean performance of ditto rpdp global, Perf=0.6522, seed=42
Mean performance of ditto rpdp personal, Perf=0.7598, seed=42
Mean performance of ditto rpdp pooled, Perf=0.6312, seed=42
Finished seed 42
----------------------------------------
Running seed 43

Client 0 label distribution:
Client 0: avg epsilon = 0.1000
Client 1: avg epsilon = 0.3616
Client 2: avg epsilon = 1.0000
Client 3: avg epsilon = 3.1047
 We run FedAvg with rPDP (ThreeLevels-0) ...
max_epsilon :  10.0  noise_multiplier :  5.95703125
The R-Squared value of the best-fit curve : 0.9998566627531141
learning rate =  0.005
sample_rate: (min) 0.02, (max) 0.02, expected_batch_size: 4
sample_rate: (min) 0.02, (max) 0.13, expected_batch_size: 9
sample_rate: (min) 0.13, (max) 0.13, expected_batch_size: 3
sample_rate: (min) 0.02, (max) 0.56, expected_batch_size: 29
initial privacy cost of all clients:  [0, 0, 0, 0]
Round=0
Round=1
Round=2
Round=3
Round=4
Round=5
Round=6
Round=7
Round=8
Round=9
Round=10
Round=11
Round=12
Round=13
Round=14
current privacy cost of all clients:  [0.1271808120269241, 0.9651844233114815, 0.9651844233114815, 5.020130882580667]
Round=14, per client global perf=[0.7019, 0.6629, 0.6875, 0.7111], mean perf=175/254 (0.6890%)
Round=14, per client personal perf=[0.7404, 0.7528, 0.9375, 0.7333], mean perf=192/254 (0.7559%)
Round=14, per client personal pooled=[0.7362, 0.7008, 0.5157, 0.5551], mean perf=637/1016 (0.6270%)
Mean performance of ditto rpdp global, Perf=0.6837, seed=43
Mean performance of ditto rpdp personal, Perf=0.7493, seed=43
Mean performance of ditto rpdp pooled, Perf=0.6270, seed=43
Finished seed 43
----------------------------------------
Running seed 44

Client 0: avg epsilon = 0.1000
Client 1: avg epsilon = 0.3616
Client 2: avg epsilon = 1.0000
Client 3: avg epsilon = 3.1047
 We run FedAvg with rPDP (ThreeLevels-0) ...
max_epsilon :  10.0  noise_multiplier :  5.95703125
The R-Squared value of the best-fit curve : 0.9998566627531141
learning rate =  0.005
sample_rate: (min) 0.02, (max) 0.02, expected_batch_size: 4
sample_rate: (min) 0.02, (max) 0.13, expected_batch_size: 9
sample_rate: (min) 0.13, (max) 0.13, expected_batch_size: 3
sample_rate: (min) 0.02, (max) 0.56, expected_batch_size: 29
initial privacy cost of all clients:  [0, 0, 0, 0]
Round=0
Round=1
Round=2
Round=3
Round=4
Round=5
Round=6
Round=7
Round=8
Round=9
Round=10
Round=11
Round=12
Round=13
Round=14
current privacy cost of all clients:  [0.1271808120269241, 0.9651844233114815, 0.9651844233114815, 5.020130882580667]
Round=14, per client global perf=[0.6154, 0.6404, 0.5625, 0.5111], mean perf=153/254 (0.6024%)
Round=14, per client personal perf=[0.7308, 0.7416, 0.9375, 0.7111], mean perf=189/254 (0.7441%)
Round=14, per client personal pooled=[0.7323, 0.7008, 0.5197, 0.6063], mean perf=650/1016 (0.6398%)
Mean performance of ditto rpdp global, Perf=0.5919, seed=44
Mean performance of ditto rpdp personal, Perf=0.7415, seed=44
Mean performance of ditto rpdp pooled, Perf=0.6401, seed=44
Finished seed 44
----------------------------------------
Running seed 45

Client 0: avg epsilon = 0.1000
Client 1: avg epsilon = 0.3616
Client 2: avg epsilon = 1.0000
Client 3: avg epsilon = 3.1047
 We run FedAvg with rPDP (ThreeLevels-0) ...
max_epsilon :  10.0  noise_multiplier :  5.95703125
The R-Squared value of the best-fit curve : 0.9998566627531141
learning rate =  0.005
sample_rate: (min) 0.02, (max) 0.02, expected_batch_size: 4
sample_rate: (min) 0.02, (max) 0.13, expected_batch_size: 9
sample_rate: (min) 0.13, (max) 0.13, expected_batch_size: 3
sample_rate: (min) 0.02, (max) 0.56, expected_batch_size: 29
initial privacy cost of all clients:  [0, 0, 0, 0]
Round=0
Round=1
Round=2
Round=3
Round=4
Round=5
Round=6
Round=7
Round=8
Round=9
Round=10
Round=11
Round=12
Round=13
Round=14
current privacy cost of all clients:  [0.1271808120269241, 0.9651844233114815, 0.9651844233114815, 5.020130882580667]
Round=14, per client global perf=[0.5962, 0.5169, 0.6875, 0.6444], mean perf=148/254 (0.5827%)
Round=14, per client personal perf=[0.7596, 0.7303, 0.9375, 0.6667], mean perf=189/254 (0.7441%)
Round=14, per client personal pooled=[0.7402, 0.685, 0.5157, 0.5591], mean perf=635/1016 (0.6250%)
Mean performance of ditto rpdp global, Perf=0.5722, seed=45
Mean performance of ditto rpdp personal, Perf=0.7507, seed=45
Mean performance of ditto rpdp pooled, Perf=0.6289, seed=45
Finished seed 45
----------------------------------------
Running seed 46

Client 0: avg epsilon = 0.1000
Client 1: avg epsilon = 0.3616
Client 2: avg epsilon = 1.0000
Client 3: avg epsilon = 3.1047
 We run FedAvg with rPDP (ThreeLevels-0) ...
max_epsilon :  10.0  noise_multiplier :  5.95703125
The R-Squared value of the best-fit curve : 0.9998566627531141
learning rate =  0.005
sample_rate: (min) 0.02, (max) 0.02, expected_batch_size: 4
sample_rate: (min) 0.02, (max) 0.13, expected_batch_size: 9
sample_rate: (min) 0.13, (max) 0.13, expected_batch_size: 3
sample_rate: (min) 0.02, (max) 0.56, expected_batch_size: 29
initial privacy cost of all clients:  [0, 0, 0, 0]
Round=0
Round=1
Round=2
Round=3
Round=4
Round=5
Round=6
Round=7
Round=8
Round=9
Round=10
Round=11
Round=12
Round=13
Round=14
current privacy cost of all clients:  [0.1271808120269241, 0.9651844233114815, 0.9651844233114815, 5.020130882580667]
Round=14, per client global perf=[0.6346, 0.7191, 0.5625, 0.7333], mean perf=172/254 (0.6772%)
Round=14, per client personal perf=[0.7596, 0.764, 0.9375, 0.7111], mean perf=194/254 (0.7638%)
Round=14, per client personal pooled=[0.7283, 0.685, 0.5197, 0.5945], mean perf=642/1016 (0.6319%)
Mean performance of ditto rpdp global, Perf=0.6746, seed=46
Mean performance of ditto rpdp personal, Perf=0.7664, seed=46
Mean performance of ditto rpdp pooled, Perf=0.6335, seed=46
Finished seed 46
----------------------------------------
=== Running reg_param=0.1, num_steps=15 ===
Running seed 42

Client 0 label distribution:
[(tensor([0.]), 1), (tensor([0.]), 1), (tensor([0.]), 1), (tensor([0.]), 1), (tensor([0.]), 1), (tensor([0.]), 1), (tensor([0.]), 1), (tensor([0.]), 1), (tensor([0.]), 1), (tensor([0.]), 1), (tensor([0.]), 1), (tensor([0.]), 1), (tensor([0.]), 1), (tensor([0.]), 1), (tensor([0.]), 1), (tensor([0.]), 1), (tensor([0.]), 1), (tensor([0.]), 1), (tensor([0.]), 1), (tensor([0.]), 1), (tensor([0.]), 1), (tensor([0.]), 1), (tensor([0.]), 1), (tensor([0.]), 1), (tensor([0.]), 1), (tensor([0.]), 1), (tensor([0.]), 1), (tensor([0.]), 1), (tensor([0.]), 1), (tensor([0.]), 1), (tensor([0.]), 1), (tensor([0.]), 1), (tensor([0.]), 1), (tensor([0.]), 1), (tensor([0.]), 1), (tensor([0.]), 1), (tensor([0.]), 1), (tensor([0.]), 1), (tensor([0.]), 1), (tensor([0.]), 1), (tensor([0.]), 1), (tensor([0.]), 1), (tensor([0.]), 1), (tensor([0.]), 1), (tensor([0.]), 1), (tensor([0.]), 1), (tensor([0.]), 1), (tensor([0.]), 1), (tensor([0.]), 1), (tensor([0.]), 1), (tensor([0.]), 1), (tensor([0.]), 1), (tensor([0.]), 1), (tensor([0.]), 1), (tensor([0.]), 1), (tensor([0.]), 1), (tensor([0.]), 1), (tensor([0.]), 1), (tensor([0.]), 1), (tensor([0.]), 1), (tensor([0.]), 1), (tensor([0.]), 1), (tensor([0.]), 1), (tensor([0.]), 1), (tensor([0.]), 1), (tensor([0.]), 1), (tensor([0.]), 1), (tensor([0.]), 1), (tensor([0.]), 1), (tensor([0.]), 1), (tensor([0.]), 1), (tensor([0.]), 1), (tensor([0.]), 1), (tensor([0.]), 1), (tensor([0.]), 1), (tensor([0.]), 1), (tensor([0.]), 1), (tensor([0.]), 1), (tensor([0.]), 1), (tensor([0.]), 1), (tensor([0.]), 1), (tensor([0.]), 1), (tensor([0.]), 1), (tensor([0.]), 1), (tensor([0.]), 1), (tensor([0.]), 1), (tensor([0.]), 1), (tensor([0.]), 1), (tensor([0.]), 1), (tensor([0.]), 1), (tensor([0.]), 1), (tensor([0.]), 1), (tensor([0.]), 1), (tensor([0.]), 1), (tensor([0.]), 1), (tensor([0.]), 1), (tensor([0.]), 1), (tensor([0.]), 1), (tensor([0.]), 1), (tensor([0.]), 1), (tensor([0.]), 1), (tensor([0.]), 1), (tensor([0.]), 1), (tensor([0.]), 1), (tensor([0.]), 1), (tensor([0.]), 1), (tensor([0.]), 1), (tensor([0.]), 1), (tensor([1.]), 1), (tensor([1.]), 1), (tensor([1.]), 1), (tensor([1.]), 1), (tensor([1.]), 1), (tensor([1.]), 1), (tensor([1.]), 1), (tensor([1.]), 1), (tensor([1.]), 1), (tensor([1.]), 1), (tensor([1.]), 1), (tensor([1.]), 1), (tensor([1.]), 1), (tensor([1.]), 1), (tensor([1.]), 1), (tensor([1.]), 1), (tensor([1.]), 1), (tensor([1.]), 1), (tensor([1.]), 1), (tensor([1.]), 1), (tensor([1.]), 1), (tensor([1.]), 1), (tensor([1.]), 1), (tensor([1.]), 1), (tensor([1.]), 1), (tensor([1.]), 1), (tensor([1.]), 1), (tensor([1.]), 1), (tensor([1.]), 1), (tensor([1.]), 1), (tensor([1.]), 1), (tensor([1.]), 1), (tensor([1.]), 1), (tensor([1.]), 1), (tensor([1.]), 1), (tensor([1.]), 1), (tensor([1.]), 1), (tensor([1.]), 1), (tensor([1.]), 1), (tensor([1.]), 1), (tensor([1.]), 1), (tensor([1.]), 1), (tensor([1.]), 1), (tensor([1.]), 1), (tensor([1.]), 1), (tensor([1.]), 1), (tensor([1.]), 1), (tensor([1.]), 1), (tensor([1.]), 1), (tensor([1.]), 1), (tensor([1.]), 1), (tensor([1.]), 1), (tensor([1.]), 1), (tensor([1.]), 1), (tensor([1.]), 1), (tensor([1.]), 1), (tensor([1.]), 1), (tensor([1.]), 1), (tensor([1.]), 1), (tensor([1.]), 1), (tensor([1.]), 1), (tensor([1.]), 1), (tensor([1.]), 1), (tensor([1.]), 1), (tensor([1.]), 1), (tensor([1.]), 1), (tensor([1.]), 1), (tensor([1.]), 1), (tensor([1.]), 1), (tensor([1.]), 1), (tensor([1.]), 1), (tensor([1.]), 1), (tensor([1.]), 1), (tensor([1.]), 1), (tensor([1.]), 1), (tensor([1.]), 1), (tensor([1.]), 1), (tensor([1.]), 1), (tensor([1.]), 1), (tensor([1.]), 1), (tensor([1.]), 1), (tensor([1.]), 1), (tensor([1.]), 1), (tensor([1.]), 1), (tensor([1.]), 1), (tensor([1.]), 1), (tensor([1.]), 1), (tensor([1.]), 1), (tensor([1.]), 1), (tensor([1.]), 1), (tensor([1.]), 1)]

Client 1 label distribution:
[(tensor([0.]), 1), (tensor([0.]), 1), (tensor([0.]), 1), (tensor([0.]), 1), (tensor([0.]), 1), (tensor([0.]), 1), (tensor([0.]), 1), (tensor([0.]), 1), (tensor([0.]), 1), (tensor([0.]), 1), (tensor([0.]), 1), (tensor([0.]), 1), (tensor([0.]), 1), (tensor([0.]), 1), (tensor([0.]), 1), (tensor([0.]), 1), (tensor([0.]), 1), (tensor([0.]), 1), (tensor([0.]), 1), (tensor([0.]), 1), (tensor([0.]), 1), (tensor([0.]), 1), (tensor([0.]), 1), (tensor([0.]), 1), (tensor([0.]), 1), (tensor([0.]), 1), (tensor([0.]), 1), (tensor([0.]), 1), (tensor([0.]), 1), (tensor([0.]), 1), (tensor([0.]), 1), (tensor([0.]), 1), (tensor([0.]), 1), (tensor([0.]), 1), (tensor([0.]), 1), (tensor([0.]), 1), (tensor([0.]), 1), (tensor([0.]), 1), (tensor([0.]), 1), (tensor([0.]), 1), (tensor([0.]), 1), (tensor([0.]), 1), (tensor([0.]), 1), (tensor([0.]), 1), (tensor([0.]), 1), (tensor([0.]), 1), (tensor([0.]), 1), (tensor([0.]), 1), (tensor([0.]), 1), (tensor([0.]), 1), (tensor([0.]), 1), (tensor([0.]), 1), (tensor([0.]), 1), (tensor([0.]), 1), (tensor([0.]), 1), (tensor([0.]), 1), (tensor([0.]), 1), (tensor([0.]), 1), (tensor([0.]), 1), (tensor([0.]), 1), (tensor([0.]), 1), (tensor([0.]), 1), (tensor([0.]), 1), (tensor([0.]), 1), (tensor([0.]), 1), (tensor([0.]), 1), (tensor([0.]), 1), (tensor([0.]), 1), (tensor([0.]), 1), (tensor([0.]), 1), (tensor([0.]), 1), (tensor([0.]), 1), (tensor([0.]), 1), (tensor([0.]), 1), (tensor([0.]), 1), (tensor([0.]), 1), (tensor([0.]), 1), (tensor([0.]), 1), (tensor([0.]), 1), (tensor([0.]), 1), (tensor([0.]), 1), (tensor([0.]), 1), (tensor([0.]), 1), (tensor([0.]), 1), (tensor([0.]), 1), (tensor([0.]), 1), (tensor([0.]), 1), (tensor([0.]), 1), (tensor([0.]), 1), (tensor([0.]), 1), (tensor([0.]), 1), (tensor([0.]), 1), (tensor([0.]), 1), (tensor([0.]), 1), (tensor([0.]), 1), (tensor([0.]), 1), (tensor([0.]), 1), (tensor([0.]), 1), (tensor([0.]), 1), (tensor([0.]), 1), (tensor([0.]), 1), (tensor([0.]), 1), (tensor([0.]), 1), (tensor([0.]), 1), (tensor([0.]), 1), (tensor([0.]), 1), (tensor([0.]), 1), (tensor([1.]), 1), (tensor([1.]), 1), (tensor([1.]), 1), (tensor([1.]), 1), (tensor([1.]), 1), (tensor([1.]), 1), (tensor([1.]), 1), (tensor([1.]), 1), (tensor([1.]), 1), (tensor([1.]), 1), (tensor([1.]), 1), (tensor([1.]), 1), (tensor([1.]), 1), (tensor([1.]), 1), (tensor([1.]), 1), (tensor([1.]), 1), (tensor([1.]), 1), (tensor([1.]), 1), (tensor([1.]), 1), (tensor([1.]), 1), (tensor([1.]), 1), (tensor([1.]), 1), (tensor([1.]), 1), (tensor([1.]), 1), (tensor([1.]), 1), (tensor([1.]), 1), (tensor([1.]), 1), (tensor([1.]), 1), (tensor([1.]), 1), (tensor([1.]), 1), (tensor([1.]), 1), (tensor([1.]), 1), (tensor([1.]), 1), (tensor([1.]), 1), (tensor([1.]), 1), (tensor([1.]), 1), (tensor([1.]), 1), (tensor([1.]), 1), (tensor([1.]), 1), (tensor([1.]), 1), (tensor([1.]), 1), (tensor([1.]), 1), (tensor([1.]), 1), (tensor([1.]), 1), (tensor([1.]), 1), (tensor([1.]), 1), (tensor([1.]), 1), (tensor([1.]), 1), (tensor([1.]), 1), (tensor([1.]), 1), (tensor([1.]), 1), (tensor([1.]), 1), (tensor([1.]), 1), (tensor([1.]), 1), (tensor([1.]), 1), (tensor([1.]), 1), (tensor([1.]), 1), (tensor([1.]), 1), (tensor([1.]), 1), (tensor([1.]), 1), (tensor([1.]), 1), (tensor([1.]), 1), (tensor([1.]), 1), (tensor([1.]), 1), (tensor([1.]), 1)]

Client 2 label distribution:
[(tensor([1.]), 1), (tensor([1.]), 1), (tensor([1.]), 1), (tensor([1.]), 1), (tensor([1.]), 1), (tensor([1.]), 1), (tensor([1.]), 1), (tensor([1.]), 1), (tensor([1.]), 1), (tensor([1.]), 1), (tensor([1.]), 1), (tensor([1.]), 1), (tensor([1.]), 1), (tensor([1.]), 1), (tensor([1.]), 1), (tensor([1.]), 1), (tensor([1.]), 1), (tensor([1.]), 1), (tensor([1.]), 1), (tensor([1.]), 1), (tensor([1.]), 1), (tensor([1.]), 1), (tensor([1.]), 1), (tensor([1.]), 1), (tensor([1.]), 1), (tensor([1.]), 1), (tensor([1.]), 1), (tensor([1.]), 1), (tensor([1.]), 1), (tensor([1.]), 1)]

Client 3 label distribution:
[(tensor([0.]), 1), (tensor([0.]), 1), (tensor([0.]), 1), (tensor([0.]), 1), (tensor([0.]), 1), (tensor([0.]), 1), (tensor([0.]), 1), (tensor([0.]), 1), (tensor([0.]), 1), (tensor([0.]), 1), (tensor([0.]), 1), (tensor([0.]), 1), (tensor([0.]), 1), (tensor([0.]), 1), (tensor([0.]), 1), (tensor([0.]), 1), (tensor([0.]), 1), (tensor([0.]), 1), (tensor([0.]), 1), (tensor([1.]), 1), (tensor([1.]), 1), (tensor([1.]), 1), (tensor([1.]), 1), (tensor([1.]), 1), (tensor([1.]), 1), (tensor([1.]), 1), (tensor([1.]), 1), (tensor([1.]), 1), (tensor([1.]), 1), (tensor([1.]), 1), (tensor([1.]), 1), (tensor([1.]), 1), (tensor([1.]), 1), (tensor([1.]), 1), (tensor([1.]), 1), (tensor([1.]), 1), (tensor([1.]), 1), (tensor([1.]), 1), (tensor([1.]), 1), (tensor([1.]), 1), (tensor([1.]), 1), (tensor([1.]), 1), (tensor([1.]), 1), (tensor([1.]), 1), (tensor([1.]), 1), (tensor([1.]), 1), (tensor([1.]), 1), (tensor([1.]), 1), (tensor([1.]), 1), (tensor([1.]), 1), (tensor([1.]), 1), (tensor([1.]), 1), (tensor([1.]), 1), (tensor([1.]), 1), (tensor([1.]), 1), (tensor([1.]), 1), (tensor([1.]), 1), (tensor([1.]), 1), (tensor([1.]), 1), (tensor([1.]), 1), (tensor([1.]), 1), (tensor([1.]), 1), (tensor([1.]), 1), (tensor([1.]), 1), (tensor([1.]), 1), (tensor([1.]), 1), (tensor([1.]), 1), (tensor([1.]), 1), (tensor([1.]), 1), (tensor([1.]), 1), (tensor([1.]), 1), (tensor([1.]), 1), (tensor([1.]), 1), (tensor([1.]), 1), (tensor([1.]), 1), (tensor([1.]), 1), (tensor([1.]), 1), (tensor([1.]), 1), (tensor([1.]), 1), (tensor([1.]), 1), (tensor([1.]), 1), (tensor([1.]), 1), (tensor([1.]), 1), (tensor([1.]), 1), (tensor([1.]), 1)]
Client 0: avg epsilon = 0.1000
Client 1: avg epsilon = 0.3616
Client 2: avg epsilon = 1.0000
Client 3: avg epsilon = 3.1047
 We run FedAvg with rPDP (ThreeLevels-0) ...
max_epsilon :  10.0  noise_multiplier :  5.95703125
The R-Squared value of the best-fit curve : 0.9998566627531141
learning rate =  0.005
sample_rate: (min) 0.02, (max) 0.02, expected_batch_size: 4
sample_rate: (min) 0.02, (max) 0.13, expected_batch_size: 9
sample_rate: (min) 0.13, (max) 0.13, expected_batch_size: 3
sample_rate: (min) 0.02, (max) 0.56, expected_batch_size: 29
initial privacy cost of all clients:  [0, 0, 0, 0]
Round=0
Round=1
Round=2
Round=3
Round=4
Round=5
Round=6
Round=7
Round=8
Round=9
Round=10
Round=11
Round=12
Round=13
Round=14
current privacy cost of all clients:  [0.1271808120269241, 0.9651844233114815, 0.9651844233114815, 5.020130882580667]
Round=14, per client global perf=[0.6731, 0.6292, 0.6875, 0.6444], mean perf=166/254 (0.6535%)
Round=14, per client personal perf=[0.7404, 0.7528, 0.9375, 0.7556], mean perf=193/254 (0.7598%)
Round=14, per client personal pooled=[0.7283, 0.7008, 0.5236, 0.5984], mean perf=648/1016 (0.6378%)
Mean performance of ditto rpdp global, Perf=0.6522, seed=42
Mean performance of ditto rpdp personal, Perf=0.7638, seed=42
Mean performance of ditto rpdp pooled, Perf=0.6388, seed=42
Finished seed 42
----------------------------------------
Running seed 43

Client 0 label distribution:
[(tensor([0.]), 1), (tensor([0.]), 1), (tensor([0.]), 1), (tensor([0.]), 1), (tensor([0.]), 1), (tensor([0.]), 1), (tensor([0.]), 1), (tensor([0.]), 1), (tensor([0.]), 1), (tensor([0.]), 1), (tensor([0.]), 1), (tensor([0.]), 1), (tensor([0.]), 1), (tensor([0.]), 1), (tensor([0.]), 1), (tensor([0.]), 1), (tensor([0.]), 1), (tensor([0.]), 1), (tensor([0.]), 1), (tensor([0.]), 1), (tensor([0.]), 1), (tensor([0.]), 1), (tensor([0.]), 1), (tensor([0.]), 1), (tensor([0.]), 1), (tensor([0.]), 1), (tensor([0.]), 1), (tensor([0.]), 1), (tensor([0.]), 1), (tensor([0.]), 1), (tensor([0.]), 1), (tensor([0.]), 1), (tensor([0.]), 1), (tensor([0.]), 1), (tensor([0.]), 1), (tensor([0.]), 1), (tensor([0.]), 1), (tensor([0.]), 1), (tensor([0.]), 1), (tensor([0.]), 1), (tensor([0.]), 1), (tensor([0.]), 1), (tensor([0.]), 1), (tensor([0.]), 1), (tensor([0.]), 1), (tensor([0.]), 1), (tensor([0.]), 1), (tensor([0.]), 1), (tensor([0.]), 1), (tensor([0.]), 1), (tensor([0.]), 1), (tensor([0.]), 1), (tensor([0.]), 1), (tensor([0.]), 1), (tensor([0.]), 1), (tensor([0.]), 1), (tensor([0.]), 1), (tensor([0.]), 1), (tensor([0.]), 1), (tensor([0.]), 1), (tensor([0.]), 1), (tensor([0.]), 1), (tensor([0.]), 1), (tensor([0.]), 1), (tensor([0.]), 1), (tensor([0.]), 1), (tensor([0.]), 1), (tensor([0.]), 1), (tensor([0.]), 1), (tensor([0.]), 1), (tensor([0.]), 1), (tensor([0.]), 1), (tensor([0.]), 1), (tensor([0.]), 1), (tensor([0.]), 1), (tensor([0.]), 1), (tensor([0.]), 1), (tensor([0.]), 1), (tensor([0.]), 1), (tensor([0.]), 1), (tensor([0.]), 1), (tensor([0.]), 1), (tensor([0.]), 1), (tensor([0.]), 1), (tensor([0.]), 1), (tensor([0.]), 1), (tensor([0.]), 1), (tensor([0.]), 1), (tensor([0.]), 1), (tensor([0.]), 1), (tensor([0.]), 1), (tensor([0.]), 1), (tensor([0.]), 1), (tensor([0.]), 1), (tensor([0.]), 1), (tensor([0.]), 1), (tensor([0.]), 1), (tensor([0.]), 1), (tensor([0.]), 1), (tensor([0.]), 1), (tensor([0.]), 1), (tensor([0.]), 1), (tensor([0.]), 1), (tensor([0.]), 1), (tensor([0.]), 1), (tensor([0.]), 1), (tensor([0.]), 1), (tensor([0.]), 1), (tensor([1.]), 1), (tensor([1.]), 1), (tensor([1.]), 1), (tensor([1.]), 1), (tensor([1.]), 1), (tensor([1.]), 1), (tensor([1.]), 1), (tensor([1.]), 1), (tensor([1.]), 1), (tensor([1.]), 1), (tensor([1.]), 1), (tensor([1.]), 1), (tensor([1.]), 1), (tensor([1.]), 1), (tensor([1.]), 1), (tensor([1.]), 1), (tensor([1.]), 1), (tensor([1.]), 1), (tensor([1.]), 1), (tensor([1.]), 1), (tensor([1.]), 1), (tensor([1.]), 1), (tensor([1.]), 1), (tensor([1.]), 1), (tensor([1.]), 1), (tensor([1.]), 1), (tensor([1.]), 1), (tensor([1.]), 1), (tensor([1.]), 1), (tensor([1.]), 1), (tensor([1.]), 1), (tensor([1.]), 1), (tensor([1.]), 1), (tensor([1.]), 1), (tensor([1.]), 1), (tensor([1.]), 1), (tensor([1.]), 1), (tensor([1.]), 1), (tensor([1.]), 1), (tensor([1.]), 1), (tensor([1.]), 1), (tensor([1.]), 1), (tensor([1.]), 1), (tensor([1.]), 1), (tensor([1.]), 1), (tensor([1.]), 1), (tensor([1.]), 1), (tensor([1.]), 1), (tensor([1.]), 1), (tensor([1.]), 1), (tensor([1.]), 1), (tensor([1.]), 1), (tensor([1.]), 1), (tensor([1.]), 1), (tensor([1.]), 1), (tensor([1.]), 1), (tensor([1.]), 1), (tensor([1.]), 1), (tensor([1.]), 1), (tensor([1.]), 1), (tensor([1.]), 1), (tensor([1.]), 1), (tensor([1.]), 1), (tensor([1.]), 1), (tensor([1.]), 1), (tensor([1.]), 1), (tensor([1.]), 1), (tensor([1.]), 1), (tensor([1.]), 1), (tensor([1.]), 1), (tensor([1.]), 1), (tensor([1.]), 1), (tensor([1.]), 1), (tensor([1.]), 1), (tensor([1.]), 1), (tensor([1.]), 1), (tensor([1.]), 1), (tensor([1.]), 1), (tensor([1.]), 1), (tensor([1.]), 1), (tensor([1.]), 1), (tensor([1.]), 1), (tensor([1.]), 1), (tensor([1.]), 1), (tensor([1.]), 1), (tensor([1.]), 1), (tensor([1.]), 1), (tensor([1.]), 1), (tensor([1.]), 1), (tensor([1.]), 1), (tensor([1.]), 1)]

Client 1 label distribution:
[(tensor([0.]), 1), (tensor([0.]), 1), (tensor([0.]), 1), (tensor([0.]), 1), (tensor([0.]), 1), (tensor([0.]), 1), (tensor([0.]), 1), (tensor([0.]), 1), (tensor([0.]), 1), (tensor([0.]), 1), (tensor([0.]), 1), (tensor([0.]), 1), (tensor([0.]), 1), (tensor([0.]), 1), (tensor([0.]), 1), (tensor([0.]), 1), (tensor([0.]), 1), (tensor([0.]), 1), (tensor([0.]), 1), (tensor([0.]), 1), (tensor([0.]), 1), (tensor([0.]), 1), (tensor([0.]), 1), (tensor([0.]), 1), (tensor([0.]), 1), (tensor([0.]), 1), (tensor([0.]), 1), (tensor([0.]), 1), (tensor([0.]), 1), (tensor([0.]), 1), (tensor([0.]), 1), (tensor([0.]), 1), (tensor([0.]), 1), (tensor([0.]), 1), (tensor([0.]), 1), (tensor([0.]), 1), (tensor([0.]), 1), (tensor([0.]), 1), (tensor([0.]), 1), (tensor([0.]), 1), (tensor([0.]), 1), (tensor([0.]), 1), (tensor([0.]), 1), (tensor([0.]), 1), (tensor([0.]), 1), (tensor([0.]), 1), (tensor([0.]), 1), (tensor([0.]), 1), (tensor([0.]), 1), (tensor([0.]), 1), (tensor([0.]), 1), (tensor([0.]), 1), (tensor([0.]), 1), (tensor([0.]), 1), (tensor([0.]), 1), (tensor([0.]), 1), (tensor([0.]), 1), (tensor([0.]), 1), (tensor([0.]), 1), (tensor([0.]), 1), (tensor([0.]), 1), (tensor([0.]), 1), (tensor([0.]), 1), (tensor([0.]), 1), (tensor([0.]), 1), (tensor([0.]), 1), (tensor([0.]), 1), (tensor([0.]), 1), (tensor([0.]), 1), (tensor([0.]), 1), (tensor([0.]), 1), (tensor([0.]), 1), (tensor([0.]), 1), (tensor([0.]), 1), (tensor([0.]), 1), (tensor([0.]), 1), (tensor([0.]), 1), (tensor([0.]), 1), (tensor([0.]), 1), (tensor([0.]), 1), (tensor([0.]), 1), (tensor([0.]), 1), (tensor([0.]), 1), (tensor([0.]), 1), (tensor([0.]), 1), (tensor([0.]), 1), (tensor([0.]), 1), (tensor([0.]), 1), (tensor([0.]), 1), (tensor([0.]), 1), (tensor([0.]), 1), (tensor([0.]), 1), (tensor([0.]), 1), (tensor([0.]), 1), (tensor([0.]), 1), (tensor([0.]), 1), (tensor([0.]), 1), (tensor([0.]), 1), (tensor([0.]), 1), (tensor([0.]), 1), (tensor([0.]), 1), (tensor([0.]), 1), (tensor([0.]), 1), (tensor([0.]), 1), (tensor([0.]), 1), (tensor([0.]), 1), (tensor([0.]), 1), (tensor([1.]), 1), (tensor([1.]), 1), (tensor([1.]), 1), (tensor([1.]), 1), (tensor([1.]), 1), (tensor([1.]), 1), (tensor([1.]), 1), (tensor([1.]), 1), (tensor([1.]), 1), (tensor([1.]), 1), (tensor([1.]), 1), (tensor([1.]), 1), (tensor([1.]), 1), (tensor([1.]), 1), (tensor([1.]), 1), (tensor([1.]), 1), (tensor([1.]), 1), (tensor([1.]), 1), (tensor([1.]), 1), (tensor([1.]), 1), (tensor([1.]), 1), (tensor([1.]), 1), (tensor([1.]), 1), (tensor([1.]), 1), (tensor([1.]), 1), (tensor([1.]), 1), (tensor([1.]), 1), (tensor([1.]), 1), (tensor([1.]), 1), (tensor([1.]), 1), (tensor([1.]), 1), (tensor([1.]), 1), (tensor([1.]), 1), (tensor([1.]), 1), (tensor([1.]), 1), (tensor([1.]), 1), (tensor([1.]), 1), (tensor([1.]), 1), (tensor([1.]), 1), (tensor([1.]), 1), (tensor([1.]), 1), (tensor([1.]), 1), (tensor([1.]), 1), (tensor([1.]), 1), (tensor([1.]), 1), (tensor([1.]), 1), (tensor([1.]), 1), (tensor([1.]), 1), (tensor([1.]), 1), (tensor([1.]), 1), (tensor([1.]), 1), (tensor([1.]), 1), (tensor([1.]), 1), (tensor([1.]), 1), (tensor([1.]), 1), (tensor([1.]), 1), (tensor([1.]), 1), (tensor([1.]), 1), (tensor([1.]), 1), (tensor([1.]), 1), (tensor([1.]), 1), (tensor([1.]), 1), (tensor([1.]), 1), (tensor([1.]), 1), (tensor([1.]), 1)]

Client 2 label distribution:
[(tensor([1.]), 1), (tensor([1.]), 1), (tensor([1.]), 1), (tensor([1.]), 1), (tensor([1.]), 1), (tensor([1.]), 1), (tensor([1.]), 1), (tensor([1.]), 1), (tensor([1.]), 1), (tensor([1.]), 1), (tensor([1.]), 1), (tensor([1.]), 1), (tensor([1.]), 1), (tensor([1.]), 1), (tensor([1.]), 1), (tensor([1.]), 1), (tensor([1.]), 1), (tensor([1.]), 1), (tensor([1.]), 1), (tensor([1.]), 1), (tensor([1.]), 1), (tensor([1.]), 1), (tensor([1.]), 1), (tensor([1.]), 1), (tensor([1.]), 1), (tensor([1.]), 1), (tensor([1.]), 1), (tensor([1.]), 1), (tensor([1.]), 1), (tensor([1.]), 1)]

Client 3 label distribution:
[(tensor([0.]), 1), (tensor([0.]), 1), (tensor([0.]), 1), (tensor([0.]), 1), (tensor([0.]), 1), (tensor([0.]), 1), (tensor([0.]), 1), (tensor([0.]), 1), (tensor([0.]), 1), (tensor([0.]), 1), (tensor([0.]), 1), (tensor([0.]), 1), (tensor([0.]), 1), (tensor([0.]), 1), (tensor([0.]), 1), (tensor([0.]), 1), (tensor([0.]), 1), (tensor([0.]), 1), (tensor([0.]), 1), (tensor([1.]), 1), (tensor([1.]), 1), (tensor([1.]), 1), (tensor([1.]), 1), (tensor([1.]), 1), (tensor([1.]), 1), (tensor([1.]), 1), (tensor([1.]), 1), (tensor([1.]), 1), (tensor([1.]), 1), (tensor([1.]), 1), (tensor([1.]), 1), (tensor([1.]), 1), (tensor([1.]), 1), (tensor([1.]), 1), (tensor([1.]), 1), (tensor([1.]), 1), (tensor([1.]), 1), (tensor([1.]), 1), (tensor([1.]), 1), (tensor([1.]), 1), (tensor([1.]), 1), (tensor([1.]), 1), (tensor([1.]), 1), (tensor([1.]), 1), (tensor([1.]), 1), (tensor([1.]), 1), (tensor([1.]), 1), (tensor([1.]), 1), (tensor([1.]), 1), (tensor([1.]), 1), (tensor([1.]), 1), (tensor([1.]), 1), (tensor([1.]), 1), (tensor([1.]), 1), (tensor([1.]), 1), (tensor([1.]), 1), (tensor([1.]), 1), (tensor([1.]), 1), (tensor([1.]), 1), (tensor([1.]), 1), (tensor([1.]), 1), (tensor([1.]), 1), (tensor([1.]), 1), (tensor([1.]), 1), (tensor([1.]), 1), (tensor([1.]), 1), (tensor([1.]), 1), (tensor([1.]), 1), (tensor([1.]), 1), (tensor([1.]), 1), (tensor([1.]), 1), (tensor([1.]), 1), (tensor([1.]), 1), (tensor([1.]), 1), (tensor([1.]), 1), (tensor([1.]), 1), (tensor([1.]), 1), (tensor([1.]), 1), (tensor([1.]), 1), (tensor([1.]), 1), (tensor([1.]), 1), (tensor([1.]), 1), (tensor([1.]), 1), (tensor([1.]), 1), (tensor([1.]), 1)]
Client 0: avg epsilon = 0.1000
Client 1: avg epsilon = 0.3616
Client 2: avg epsilon = 1.0000
Client 3: avg epsilon = 3.1047
 We run FedAvg with rPDP (ThreeLevels-0) ...
max_epsilon :  10.0  noise_multiplier :  5.95703125
The R-Squared value of the best-fit curve : 0.9998566627531141
learning rate =  0.005
sample_rate: (min) 0.02, (max) 0.02, expected_batch_size: 4
sample_rate: (min) 0.02, (max) 0.13, expected_batch_size: 9
sample_rate: (min) 0.13, (max) 0.13, expected_batch_size: 3
sample_rate: (min) 0.02, (max) 0.56, expected_batch_size: 29
initial privacy cost of all clients:  [0, 0, 0, 0]
Round=0
Round=1
Round=2
Round=3
Round=4
Round=5
Round=6
Round=7
Round=8
Round=9
Round=10
Round=11
Round=12
Round=13
Round=14
current privacy cost of all clients:  [0.1271808120269241, 0.9651844233114815, 0.9651844233114815, 5.020130882580667]
Round=14, per client global perf=[0.7019, 0.6629, 0.6875, 0.7111], mean perf=175/254 (0.6890%)
Round=14, per client personal perf=[0.7596, 0.7753, 0.9375, 0.7556], mean perf=197/254 (0.7756%)
Round=14, per client personal pooled=[0.7402, 0.7205, 0.5157, 0.5591], mean perf=644/1016 (0.6339%)
Mean performance of ditto rpdp global, Perf=0.6837, seed=43
Mean performance of ditto rpdp personal, Perf=0.7704, seed=43
Mean performance of ditto rpdp pooled, Perf=0.6336, seed=43
Finished seed 43
----------------------------------------
Running seed 44

Client 0 label distribution:
[(tensor([0.]), 1), (tensor([0.]), 1), (tensor([0.]), 1), (tensor([0.]), 1), (tensor([0.]), 1), (tensor([0.]), 1), (tensor([0.]), 1), (tensor([0.]), 1), (tensor([0.]), 1), (tensor([0.]), 1), (tensor([0.]), 1), (tensor([0.]), 1), (tensor([0.]), 1), (tensor([0.]), 1), (tensor([0.]), 1), (tensor([0.]), 1), (tensor([0.]), 1), (tensor([0.]), 1), (tensor([0.]), 1), (tensor([0.]), 1), (tensor([0.]), 1), (tensor([0.]), 1), (tensor([0.]), 1), (tensor([0.]), 1), (tensor([0.]), 1), (tensor([0.]), 1), (tensor([0.]), 1), (tensor([0.]), 1), (tensor([0.]), 1), (tensor([0.]), 1), (tensor([0.]), 1), (tensor([0.]), 1), (tensor([0.]), 1), (tensor([0.]), 1), (tensor([0.]), 1), (tensor([0.]), 1), (tensor([0.]), 1), (tensor([0.]), 1), (tensor([0.]), 1), (tensor([0.]), 1), (tensor([0.]), 1), (tensor([0.]), 1), (tensor([0.]), 1), (tensor([0.]), 1), (tensor([0.]), 1), (tensor([0.]), 1), (tensor([0.]), 1), (tensor([0.]), 1), (tensor([0.]), 1), (tensor([0.]), 1), (tensor([0.]), 1), (tensor([0.]), 1), (tensor([0.]), 1), (tensor([0.]), 1), (tensor([0.]), 1), (tensor([0.]), 1), (tensor([0.]), 1), (tensor([0.]), 1), (tensor([0.]), 1), (tensor([0.]), 1), (tensor([0.]), 1), (tensor([0.]), 1), (tensor([0.]), 1), (tensor([0.]), 1), (tensor([0.]), 1), (tensor([0.]), 1), (tensor([0.]), 1), (tensor([0.]), 1), (tensor([0.]), 1), (tensor([0.]), 1), (tensor([0.]), 1), (tensor([0.]), 1), (tensor([0.]), 1), (tensor([0.]), 1), (tensor([0.]), 1), (tensor([0.]), 1), (tensor([0.]), 1), (tensor([0.]), 1), (tensor([0.]), 1), (tensor([0.]), 1), (tensor([0.]), 1), (tensor([0.]), 1), (tensor([0.]), 1), (tensor([0.]), 1), (tensor([0.]), 1), (tensor([0.]), 1), (tensor([0.]), 1), (tensor([0.]), 1), (tensor([0.]), 1), (tensor([0.]), 1), (tensor([0.]), 1), (tensor([0.]), 1), (tensor([0.]), 1), (tensor([0.]), 1), (tensor([0.]), 1), (tensor([0.]), 1), (tensor([0.]), 1), (tensor([0.]), 1), (tensor([0.]), 1), (tensor([0.]), 1), (tensor([0.]), 1), (tensor([0.]), 1), (tensor([0.]), 1), (tensor([0.]), 1), (tensor([0.]), 1), (tensor([0.]), 1), (tensor([0.]), 1), (tensor([0.]), 1), (tensor([1.]), 1), (tensor([1.]), 1), (tensor([1.]), 1), (tensor([1.]), 1), (tensor([1.]), 1), (tensor([1.]), 1), (tensor([1.]), 1), (tensor([1.]), 1), (tensor([1.]), 1), (tensor([1.]), 1), (tensor([1.]), 1), (tensor([1.]), 1), (tensor([1.]), 1), (tensor([1.]), 1), (tensor([1.]), 1), (tensor([1.]), 1), (tensor([1.]), 1), (tensor([1.]), 1), (tensor([1.]), 1), (tensor([1.]), 1), (tensor([1.]), 1), (tensor([1.]), 1), (tensor([1.]), 1), (tensor([1.]), 1), (tensor([1.]), 1), (tensor([1.]), 1), (tensor([1.]), 1), (tensor([1.]), 1), (tensor([1.]), 1), (tensor([1.]), 1), (tensor([1.]), 1), (tensor([1.]), 1), (tensor([1.]), 1), (tensor([1.]), 1), (tensor([1.]), 1), (tensor([1.]), 1), (tensor([1.]), 1), (tensor([1.]), 1), (tensor([1.]), 1), (tensor([1.]), 1), (tensor([1.]), 1), (tensor([1.]), 1), (tensor([1.]), 1), (tensor([1.]), 1), (tensor([1.]), 1), (tensor([1.]), 1), (tensor([1.]), 1), (tensor([1.]), 1), (tensor([1.]), 1), (tensor([1.]), 1), (tensor([1.]), 1), (tensor([1.]), 1), (tensor([1.]), 1), (tensor([1.]), 1), (tensor([1.]), 1), (tensor([1.]), 1), (tensor([1.]), 1), (tensor([1.]), 1), (tensor([1.]), 1), (tensor([1.]), 1), (tensor([1.]), 1), (tensor([1.]), 1), (tensor([1.]), 1), (tensor([1.]), 1), (tensor([1.]), 1), (tensor([1.]), 1), (tensor([1.]), 1), (tensor([1.]), 1), (tensor([1.]), 1), (tensor([1.]), 1), (tensor([1.]), 1), (tensor([1.]), 1), (tensor([1.]), 1), (tensor([1.]), 1), (tensor([1.]), 1), (tensor([1.]), 1), (tensor([1.]), 1), (tensor([1.]), 1), (tensor([1.]), 1), (tensor([1.]), 1), (tensor([1.]), 1), (tensor([1.]), 1), (tensor([1.]), 1), (tensor([1.]), 1), (tensor([1.]), 1), (tensor([1.]), 1), (tensor([1.]), 1), (tensor([1.]), 1), (tensor([1.]), 1), (tensor([1.]), 1), (tensor([1.]), 1)]

Client 1 label distribution:
[(tensor([0.]), 1), (tensor([0.]), 1), (tensor([0.]), 1), (tensor([0.]), 1), (tensor([0.]), 1), (tensor([0.]), 1), (tensor([0.]), 1), (tensor([0.]), 1), (tensor([0.]), 1), (tensor([0.]), 1), (tensor([0.]), 1), (tensor([0.]), 1), (tensor([0.]), 1), (tensor([0.]), 1), (tensor([0.]), 1), (tensor([0.]), 1), (tensor([0.]), 1), (tensor([0.]), 1), (tensor([0.]), 1), (tensor([0.]), 1), (tensor([0.]), 1), (tensor([0.]), 1), (tensor([0.]), 1), (tensor([0.]), 1), (tensor([0.]), 1), (tensor([0.]), 1), (tensor([0.]), 1), (tensor([0.]), 1), (tensor([0.]), 1), (tensor([0.]), 1), (tensor([0.]), 1), (tensor([0.]), 1), (tensor([0.]), 1), (tensor([0.]), 1), (tensor([0.]), 1), (tensor([0.]), 1), (tensor([0.]), 1), (tensor([0.]), 1), (tensor([0.]), 1), (tensor([0.]), 1), (tensor([0.]), 1), (tensor([0.]), 1), (tensor([0.]), 1), (tensor([0.]), 1), (tensor([0.]), 1), (tensor([0.]), 1), (tensor([0.]), 1), (tensor([0.]), 1), (tensor([0.]), 1), (tensor([0.]), 1), (tensor([0.]), 1), (tensor([0.]), 1), (tensor([0.]), 1), (tensor([0.]), 1), (tensor([0.]), 1), (tensor([0.]), 1), (tensor([0.]), 1), (tensor([0.]), 1), (tensor([0.]), 1), (tensor([0.]), 1), (tensor([0.]), 1), (tensor([0.]), 1), (tensor([0.]), 1), (tensor([0.]), 1), (tensor([0.]), 1), (tensor([0.]), 1), (tensor([0.]), 1), (tensor([0.]), 1), (tensor([0.]), 1), (tensor([0.]), 1), (tensor([0.]), 1), (tensor([0.]), 1), (tensor([0.]), 1), (tensor([0.]), 1), (tensor([0.]), 1), (tensor([0.]), 1), (tensor([0.]), 1), (tensor([0.]), 1), (tensor([0.]), 1), (tensor([0.]), 1), (tensor([0.]), 1), (tensor([0.]), 1), (tensor([0.]), 1), (tensor([0.]), 1), (tensor([0.]), 1), (tensor([0.]), 1), (tensor([0.]), 1), (tensor([0.]), 1), (tensor([0.]), 1), (tensor([0.]), 1), (tensor([0.]), 1), (tensor([0.]), 1), (tensor([0.]), 1), (tensor([0.]), 1), (tensor([0.]), 1), (tensor([0.]), 1), (tensor([0.]), 1), (tensor([0.]), 1), (tensor([0.]), 1), (tensor([0.]), 1), (tensor([0.]), 1), (tensor([0.]), 1), (tensor([0.]), 1), (tensor([0.]), 1), (tensor([0.]), 1), (tensor([0.]), 1), (tensor([0.]), 1), (tensor([1.]), 1), (tensor([1.]), 1), (tensor([1.]), 1), (tensor([1.]), 1), (tensor([1.]), 1), (tensor([1.]), 1), (tensor([1.]), 1), (tensor([1.]), 1), (tensor([1.]), 1), (tensor([1.]), 1), (tensor([1.]), 1), (tensor([1.]), 1), (tensor([1.]), 1), (tensor([1.]), 1), (tensor([1.]), 1), (tensor([1.]), 1), (tensor([1.]), 1), (tensor([1.]), 1), (tensor([1.]), 1), (tensor([1.]), 1), (tensor([1.]), 1), (tensor([1.]), 1), (tensor([1.]), 1), (tensor([1.]), 1), (tensor([1.]), 1), (tensor([1.]), 1), (tensor([1.]), 1), (tensor([1.]), 1), (tensor([1.]), 1), (tensor([1.]), 1), (tensor([1.]), 1), (tensor([1.]), 1), (tensor([1.]), 1), (tensor([1.]), 1), (tensor([1.]), 1), (tensor([1.]), 1), (tensor([1.]), 1), (tensor([1.]), 1), (tensor([1.]), 1), (tensor([1.]), 1), (tensor([1.]), 1), (tensor([1.]), 1), (tensor([1.]), 1), (tensor([1.]), 1), (tensor([1.]), 1), (tensor([1.]), 1), (tensor([1.]), 1), (tensor([1.]), 1), (tensor([1.]), 1), (tensor([1.]), 1), (tensor([1.]), 1), (tensor([1.]), 1), (tensor([1.]), 1), (tensor([1.]), 1), (tensor([1.]), 1), (tensor([1.]), 1), (tensor([1.]), 1), (tensor([1.]), 1), (tensor([1.]), 1), (tensor([1.]), 1), (tensor([1.]), 1), (tensor([1.]), 1), (tensor([1.]), 1), (tensor([1.]), 1), (tensor([1.]), 1)]

Client 2 label distribution:
[(tensor([1.]), 1), (tensor([1.]), 1), (tensor([1.]), 1), (tensor([1.]), 1), (tensor([1.]), 1), (tensor([1.]), 1), (tensor([1.]), 1), (tensor([1.]), 1), (tensor([1.]), 1), (tensor([1.]), 1), (tensor([1.]), 1), (tensor([1.]), 1), (tensor([1.]), 1), (tensor([1.]), 1), (tensor([1.]), 1), (tensor([1.]), 1), (tensor([1.]), 1), (tensor([1.]), 1), (tensor([1.]), 1), (tensor([1.]), 1), (tensor([1.]), 1), (tensor([1.]), 1), (tensor([1.]), 1), (tensor([1.]), 1), (tensor([1.]), 1), (tensor([1.]), 1), (tensor([1.]), 1), (tensor([1.]), 1), (tensor([1.]), 1), (tensor([1.]), 1)]

Client 3 label distribution:
[(tensor([0.]), 1), (tensor([0.]), 1), (tensor([0.]), 1), (tensor([0.]), 1), (tensor([0.]), 1), (tensor([0.]), 1), (tensor([0.]), 1), (tensor([0.]), 1), (tensor([0.]), 1), (tensor([0.]), 1), (tensor([0.]), 1), (tensor([0.]), 1), (tensor([0.]), 1), (tensor([0.]), 1), (tensor([0.]), 1), (tensor([0.]), 1), (tensor([0.]), 1), (tensor([0.]), 1), (tensor([0.]), 1), (tensor([1.]), 1), (tensor([1.]), 1), (tensor([1.]), 1), (tensor([1.]), 1), (tensor([1.]), 1), (tensor([1.]), 1), (tensor([1.]), 1), (tensor([1.]), 1), (tensor([1.]), 1), (tensor([1.]), 1), (tensor([1.]), 1), (tensor([1.]), 1), (tensor([1.]), 1), (tensor([1.]), 1), (tensor([1.]), 1), (tensor([1.]), 1), (tensor([1.]), 1), (tensor([1.]), 1), (tensor([1.]), 1), (tensor([1.]), 1), (tensor([1.]), 1), (tensor([1.]), 1), (tensor([1.]), 1), (tensor([1.]), 1), (tensor([1.]), 1), (tensor([1.]), 1), (tensor([1.]), 1), (tensor([1.]), 1), (tensor([1.]), 1), (tensor([1.]), 1), (tensor([1.]), 1), (tensor([1.]), 1), (tensor([1.]), 1), (tensor([1.]), 1), (tensor([1.]), 1), (tensor([1.]), 1), (tensor([1.]), 1), (tensor([1.]), 1), (tensor([1.]), 1), (tensor([1.]), 1), (tensor([1.]), 1), (tensor([1.]), 1), (tensor([1.]), 1), (tensor([1.]), 1), (tensor([1.]), 1), (tensor([1.]), 1), (tensor([1.]), 1), (tensor([1.]), 1), (tensor([1.]), 1), (tensor([1.]), 1), (tensor([1.]), 1), (tensor([1.]), 1), (tensor([1.]), 1), (tensor([1.]), 1), (tensor([1.]), 1), (tensor([1.]), 1), (tensor([1.]), 1), (tensor([1.]), 1), (tensor([1.]), 1), (tensor([1.]), 1), (tensor([1.]), 1), (tensor([1.]), 1), (tensor([1.]), 1), (tensor([1.]), 1), (tensor([1.]), 1), (tensor([1.]), 1)]
Client 0: avg epsilon = 0.1000
Client 1: avg epsilon = 0.3616
Client 2: avg epsilon = 1.0000
Client 3: avg epsilon = 3.1047
 We run FedAvg with rPDP (ThreeLevels-0) ...
max_epsilon :  10.0  noise_multiplier :  5.95703125
The R-Squared value of the best-fit curve : 0.9998566627531141
learning rate =  0.005
sample_rate: (min) 0.02, (max) 0.02, expected_batch_size: 4
sample_rate: (min) 0.02, (max) 0.13, expected_batch_size: 9
sample_rate: (min) 0.13, (max) 0.13, expected_batch_size: 3
sample_rate: (min) 0.02, (max) 0.56, expected_batch_size: 29
initial privacy cost of all clients:  [0, 0, 0, 0]
Round=0
Round=1
Round=2
Round=3
Round=4
Round=5
Round=6
Round=7
Round=8
Round=9
Round=10
Round=11
Round=12
Round=13
Round=14
current privacy cost of all clients:  [0.1271808120269241, 0.9651844233114815, 0.9651844233114815, 5.020130882580667]
Round=14, per client global perf=[0.6154, 0.6404, 0.5625, 0.5111], mean perf=153/254 (0.6024%)
Round=14, per client personal perf=[0.7404, 0.764, 0.9375, 0.6667], mean perf=190/254 (0.7480%)
Round=14, per client personal pooled=[0.7283, 0.7087, 0.5157, 0.5906], mean perf=646/1016 (0.6358%)
Mean performance of ditto rpdp global, Perf=0.5919, seed=44
Mean performance of ditto rpdp personal, Perf=0.7520, seed=44
Mean performance of ditto rpdp pooled, Perf=0.6368, seed=44
Finished seed 44
----------------------------------------
Running seed 45

Client 0 label distribution:
[(tensor([0.]), 1), (tensor([0.]), 1), (tensor([0.]), 1), (tensor([0.]), 1), (tensor([0.]), 1), (tensor([0.]), 1), (tensor([0.]), 1), (tensor([0.]), 1), (tensor([0.]), 1), (tensor([0.]), 1), (tensor([0.]), 1), (tensor([0.]), 1), (tensor([0.]), 1), (tensor([0.]), 1), (tensor([0.]), 1), (tensor([0.]), 1), (tensor([0.]), 1), (tensor([0.]), 1), (tensor([0.]), 1), (tensor([0.]), 1), (tensor([0.]), 1), (tensor([0.]), 1), (tensor([0.]), 1), (tensor([0.]), 1), (tensor([0.]), 1), (tensor([0.]), 1), (tensor([0.]), 1), (tensor([0.]), 1), (tensor([0.]), 1), (tensor([0.]), 1), (tensor([0.]), 1), (tensor([0.]), 1), (tensor([0.]), 1), (tensor([0.]), 1), (tensor([0.]), 1), (tensor([0.]), 1), (tensor([0.]), 1), (tensor([0.]), 1), (tensor([0.]), 1), (tensor([0.]), 1), (tensor([0.]), 1), (tensor([0.]), 1), (tensor([0.]), 1), (tensor([0.]), 1), (tensor([0.]), 1), (tensor([0.]), 1), (tensor([0.]), 1), (tensor([0.]), 1), (tensor([0.]), 1), (tensor([0.]), 1), (tensor([0.]), 1), (tensor([0.]), 1), (tensor([0.]), 1), (tensor([0.]), 1), (tensor([0.]), 1), (tensor([0.]), 1), (tensor([0.]), 1), (tensor([0.]), 1), (tensor([0.]), 1), (tensor([0.]), 1), (tensor([0.]), 1), (tensor([0.]), 1), (tensor([0.]), 1), (tensor([0.]), 1), (tensor([0.]), 1), (tensor([0.]), 1), (tensor([0.]), 1), (tensor([0.]), 1), (tensor([0.]), 1), (tensor([0.]), 1), (tensor([0.]), 1), (tensor([0.]), 1), (tensor([0.]), 1), (tensor([0.]), 1), (tensor([0.]), 1), (tensor([0.]), 1), (tensor([0.]), 1), (tensor([0.]), 1), (tensor([0.]), 1), (tensor([0.]), 1), (tensor([0.]), 1), (tensor([0.]), 1), (tensor([0.]), 1), (tensor([0.]), 1), (tensor([0.]), 1), (tensor([0.]), 1), (tensor([0.]), 1), (tensor([0.]), 1), (tensor([0.]), 1), (tensor([0.]), 1), (tensor([0.]), 1), (tensor([0.]), 1), (tensor([0.]), 1), (tensor([0.]), 1), (tensor([0.]), 1), (tensor([0.]), 1), (tensor([0.]), 1), (tensor([0.]), 1), (tensor([0.]), 1), (tensor([0.]), 1), (tensor([0.]), 1), (tensor([0.]), 1), (tensor([0.]), 1), (tensor([0.]), 1), (tensor([0.]), 1), (tensor([0.]), 1), (tensor([0.]), 1), (tensor([0.]), 1), (tensor([1.]), 1), (tensor([1.]), 1), (tensor([1.]), 1), (tensor([1.]), 1), (tensor([1.]), 1), (tensor([1.]), 1), (tensor([1.]), 1), (tensor([1.]), 1), (tensor([1.]), 1), (tensor([1.]), 1), (tensor([1.]), 1), (tensor([1.]), 1), (tensor([1.]), 1), (tensor([1.]), 1), (tensor([1.]), 1), (tensor([1.]), 1), (tensor([1.]), 1), (tensor([1.]), 1), (tensor([1.]), 1), (tensor([1.]), 1), (tensor([1.]), 1), (tensor([1.]), 1), (tensor([1.]), 1), (tensor([1.]), 1), (tensor([1.]), 1), (tensor([1.]), 1), (tensor([1.]), 1), (tensor([1.]), 1), (tensor([1.]), 1), (tensor([1.]), 1), (tensor([1.]), 1), (tensor([1.]), 1), (tensor([1.]), 1), (tensor([1.]), 1), (tensor([1.]), 1), (tensor([1.]), 1), (tensor([1.]), 1), (tensor([1.]), 1), (tensor([1.]), 1), (tensor([1.]), 1), (tensor([1.]), 1), (tensor([1.]), 1), (tensor([1.]), 1), (tensor([1.]), 1), (tensor([1.]), 1), (tensor([1.]), 1), (tensor([1.]), 1), (tensor([1.]), 1), (tensor([1.]), 1), (tensor([1.]), 1), (tensor([1.]), 1), (tensor([1.]), 1), (tensor([1.]), 1), (tensor([1.]), 1), (tensor([1.]), 1), (tensor([1.]), 1), (tensor([1.]), 1), (tensor([1.]), 1), (tensor([1.]), 1), (tensor([1.]), 1), (tensor([1.]), 1), (tensor([1.]), 1), (tensor([1.]), 1), (tensor([1.]), 1), (tensor([1.]), 1), (tensor([1.]), 1), (tensor([1.]), 1), (tensor([1.]), 1), (tensor([1.]), 1), (tensor([1.]), 1), (tensor([1.]), 1), (tensor([1.]), 1), (tensor([1.]), 1), (tensor([1.]), 1), (tensor([1.]), 1), (tensor([1.]), 1), (tensor([1.]), 1), (tensor([1.]), 1), (tensor([1.]), 1), (tensor([1.]), 1), (tensor([1.]), 1), (tensor([1.]), 1), (tensor([1.]), 1), (tensor([1.]), 1), (tensor([1.]), 1), (tensor([1.]), 1), (tensor([1.]), 1), (tensor([1.]), 1), (tensor([1.]), 1), (tensor([1.]), 1), (tensor([1.]), 1)]

Client 1 label distribution:
[(tensor([0.]), 1), (tensor([0.]), 1), (tensor([0.]), 1), (tensor([0.]), 1), (tensor([0.]), 1), (tensor([0.]), 1), (tensor([0.]), 1), (tensor([0.]), 1), (tensor([0.]), 1), (tensor([0.]), 1), (tensor([0.]), 1), (tensor([0.]), 1), (tensor([0.]), 1), (tensor([0.]), 1), (tensor([0.]), 1), (tensor([0.]), 1), (tensor([0.]), 1), (tensor([0.]), 1), (tensor([0.]), 1), (tensor([0.]), 1), (tensor([0.]), 1), (tensor([0.]), 1), (tensor([0.]), 1), (tensor([0.]), 1), (tensor([0.]), 1), (tensor([0.]), 1), (tensor([0.]), 1), (tensor([0.]), 1), (tensor([0.]), 1), (tensor([0.]), 1), (tensor([0.]), 1), (tensor([0.]), 1), (tensor([0.]), 1), (tensor([0.]), 1), (tensor([0.]), 1), (tensor([0.]), 1), (tensor([0.]), 1), (tensor([0.]), 1), (tensor([0.]), 1), (tensor([0.]), 1), (tensor([0.]), 1), (tensor([0.]), 1), (tensor([0.]), 1), (tensor([0.]), 1), (tensor([0.]), 1), (tensor([0.]), 1), (tensor([0.]), 1), (tensor([0.]), 1), (tensor([0.]), 1), (tensor([0.]), 1), (tensor([0.]), 1), (tensor([0.]), 1), (tensor([0.]), 1), (tensor([0.]), 1), (tensor([0.]), 1), (tensor([0.]), 1), (tensor([0.]), 1), (tensor([0.]), 1), (tensor([0.]), 1), (tensor([0.]), 1), (tensor([0.]), 1), (tensor([0.]), 1), (tensor([0.]), 1), (tensor([0.]), 1), (tensor([0.]), 1), (tensor([0.]), 1), (tensor([0.]), 1), (tensor([0.]), 1), (tensor([0.]), 1), (tensor([0.]), 1), (tensor([0.]), 1), (tensor([0.]), 1), (tensor([0.]), 1), (tensor([0.]), 1), (tensor([0.]), 1), (tensor([0.]), 1), (tensor([0.]), 1), (tensor([0.]), 1), (tensor([0.]), 1), (tensor([0.]), 1), (tensor([0.]), 1), (tensor([0.]), 1), (tensor([0.]), 1), (tensor([0.]), 1), (tensor([0.]), 1), (tensor([0.]), 1), (tensor([0.]), 1), (tensor([0.]), 1), (tensor([0.]), 1), (tensor([0.]), 1), (tensor([0.]), 1), (tensor([0.]), 1), (tensor([0.]), 1), (tensor([0.]), 1), (tensor([0.]), 1), (tensor([0.]), 1), (tensor([0.]), 1), (tensor([0.]), 1), (tensor([0.]), 1), (tensor([0.]), 1), (tensor([0.]), 1), (tensor([0.]), 1), (tensor([0.]), 1), (tensor([0.]), 1), (tensor([0.]), 1), (tensor([0.]), 1), (tensor([0.]), 1), (tensor([1.]), 1), (tensor([1.]), 1), (tensor([1.]), 1), (tensor([1.]), 1), (tensor([1.]), 1), (tensor([1.]), 1), (tensor([1.]), 1), (tensor([1.]), 1), (tensor([1.]), 1), (tensor([1.]), 1), (tensor([1.]), 1), (tensor([1.]), 1), (tensor([1.]), 1), (tensor([1.]), 1), (tensor([1.]), 1), (tensor([1.]), 1), (tensor([1.]), 1), (tensor([1.]), 1), (tensor([1.]), 1), (tensor([1.]), 1), (tensor([1.]), 1), (tensor([1.]), 1), (tensor([1.]), 1), (tensor([1.]), 1), (tensor([1.]), 1), (tensor([1.]), 1), (tensor([1.]), 1), (tensor([1.]), 1), (tensor([1.]), 1), (tensor([1.]), 1), (tensor([1.]), 1), (tensor([1.]), 1), (tensor([1.]), 1), (tensor([1.]), 1), (tensor([1.]), 1), (tensor([1.]), 1), (tensor([1.]), 1), (tensor([1.]), 1), (tensor([1.]), 1), (tensor([1.]), 1), (tensor([1.]), 1), (tensor([1.]), 1), (tensor([1.]), 1), (tensor([1.]), 1), (tensor([1.]), 1), (tensor([1.]), 1), (tensor([1.]), 1), (tensor([1.]), 1), (tensor([1.]), 1), (tensor([1.]), 1), (tensor([1.]), 1), (tensor([1.]), 1), (tensor([1.]), 1), (tensor([1.]), 1), (tensor([1.]), 1), (tensor([1.]), 1), (tensor([1.]), 1), (tensor([1.]), 1), (tensor([1.]), 1), (tensor([1.]), 1), (tensor([1.]), 1), (tensor([1.]), 1), (tensor([1.]), 1), (tensor([1.]), 1), (tensor([1.]), 1)]

Client 2 label distribution:
[(tensor([1.]), 1), (tensor([1.]), 1), (tensor([1.]), 1), (tensor([1.]), 1), (tensor([1.]), 1), (tensor([1.]), 1), (tensor([1.]), 1), (tensor([1.]), 1), (tensor([1.]), 1), (tensor([1.]), 1), (tensor([1.]), 1), (tensor([1.]), 1), (tensor([1.]), 1), (tensor([1.]), 1), (tensor([1.]), 1), (tensor([1.]), 1), (tensor([1.]), 1), (tensor([1.]), 1), (tensor([1.]), 1), (tensor([1.]), 1), (tensor([1.]), 1), (tensor([1.]), 1), (tensor([1.]), 1), (tensor([1.]), 1), (tensor([1.]), 1), (tensor([1.]), 1), (tensor([1.]), 1), (tensor([1.]), 1), (tensor([1.]), 1), (tensor([1.]), 1)]

Client 3 label distribution:
[(tensor([0.]), 1), (tensor([0.]), 1), (tensor([0.]), 1), (tensor([0.]), 1), (tensor([0.]), 1), (tensor([0.]), 1), (tensor([0.]), 1), (tensor([0.]), 1), (tensor([0.]), 1), (tensor([0.]), 1), (tensor([0.]), 1), (tensor([0.]), 1), (tensor([0.]), 1), (tensor([0.]), 1), (tensor([0.]), 1), (tensor([0.]), 1), (tensor([0.]), 1), (tensor([0.]), 1), (tensor([0.]), 1), (tensor([1.]), 1), (tensor([1.]), 1), (tensor([1.]), 1), (tensor([1.]), 1), (tensor([1.]), 1), (tensor([1.]), 1), (tensor([1.]), 1), (tensor([1.]), 1), (tensor([1.]), 1), (tensor([1.]), 1), (tensor([1.]), 1), (tensor([1.]), 1), (tensor([1.]), 1), (tensor([1.]), 1), (tensor([1.]), 1), (tensor([1.]), 1), (tensor([1.]), 1), (tensor([1.]), 1), (tensor([1.]), 1), (tensor([1.]), 1), (tensor([1.]), 1), (tensor([1.]), 1), (tensor([1.]), 1), (tensor([1.]), 1), (tensor([1.]), 1), (tensor([1.]), 1), (tensor([1.]), 1), (tensor([1.]), 1), (tensor([1.]), 1), (tensor([1.]), 1), (tensor([1.]), 1), (tensor([1.]), 1), (tensor([1.]), 1), (tensor([1.]), 1), (tensor([1.]), 1), (tensor([1.]), 1), (tensor([1.]), 1), (tensor([1.]), 1), (tensor([1.]), 1), (tensor([1.]), 1), (tensor([1.]), 1), (tensor([1.]), 1), (tensor([1.]), 1), (tensor([1.]), 1), (tensor([1.]), 1), (tensor([1.]), 1), (tensor([1.]), 1), (tensor([1.]), 1), (tensor([1.]), 1), (tensor([1.]), 1), (tensor([1.]), 1), (tensor([1.]), 1), (tensor([1.]), 1), (tensor([1.]), 1), (tensor([1.]), 1), (tensor([1.]), 1), (tensor([1.]), 1), (tensor([1.]), 1), (tensor([1.]), 1), (tensor([1.]), 1), (tensor([1.]), 1), (tensor([1.]), 1), (tensor([1.]), 1), (tensor([1.]), 1), (tensor([1.]), 1), (tensor([1.]), 1)]
Client 0: avg epsilon = 0.1000
Client 1: avg epsilon = 0.3616
Client 2: avg epsilon = 1.0000
Client 3: avg epsilon = 3.1047
 We run FedAvg with rPDP (ThreeLevels-0) ...
max_epsilon :  10.0  noise_multiplier :  5.95703125
The R-Squared value of the best-fit curve : 0.9998566627531141
learning rate =  0.005
sample_rate: (min) 0.02, (max) 0.02, expected_batch_size: 4
sample_rate: (min) 0.02, (max) 0.13, expected_batch_size: 9
sample_rate: (min) 0.13, (max) 0.13, expected_batch_size: 3
sample_rate: (min) 0.02, (max) 0.56, expected_batch_size: 29
initial privacy cost of all clients:  [0, 0, 0, 0]
Round=0
Round=1
Round=2
Round=3
Round=4
Round=5
Round=6
Round=7
Round=8
Round=9
Round=10
Round=11
Round=12
Round=13
Round=14
current privacy cost of all clients:  [0.1271808120269241, 0.9651844233114815, 0.9651844233114815, 5.020130882580667]
Round=14, per client global perf=[0.5962, 0.5169, 0.6875, 0.6444], mean perf=148/254 (0.5827%)
Round=14, per client personal perf=[0.7596, 0.7416, 0.9375, 0.6667], mean perf=190/254 (0.7480%)
Round=14, per client personal pooled=[0.7402, 0.6969, 0.5315, 0.5551], mean perf=641/1016 (0.6309%)
Mean performance of ditto rpdp global, Perf=0.5722, seed=45
Mean performance of ditto rpdp personal, Perf=0.7428, seed=45
Mean performance of ditto rpdp pooled, Perf=0.6293, seed=45
Finished seed 45
----------------------------------------
Running seed 46

Client 0 label distribution:
Client 0: avg epsilon = 0.1000
Client 1: avg epsilon = 0.3616
Client 2: avg epsilon = 1.0000
Client 3: avg epsilon = 3.1047
 We run FedAvg with rPDP (ThreeLevels-0) ...
max_epsilon :  10.0  noise_multiplier :  5.95703125
The R-Squared value of the best-fit curve : 0.9998566627531141
learning rate =  0.005
sample_rate: (min) 0.02, (max) 0.02, expected_batch_size: 4
sample_rate: (min) 0.02, (max) 0.13, expected_batch_size: 9
sample_rate: (min) 0.13, (max) 0.13, expected_batch_size: 3
sample_rate: (min) 0.02, (max) 0.56, expected_batch_size: 29
initial privacy cost of all clients:  [0, 0, 0, 0]
Round=0
Round=1
Round=2
Round=3
Round=4
Round=5
Round=6
Round=7
Round=8
Round=9
Round=10
Round=11
Round=12
Round=13
Round=14
current privacy cost of all clients:  [0.1271808120269241, 0.9651844233114815, 0.9651844233114815, 5.020130882580667]
Round=14, per client global perf=[0.6346, 0.7191, 0.5625, 0.7333], mean perf=172/254 (0.6772%)
Round=14, per client personal perf=[0.7692, 0.7753, 0.9375, 0.7333], mean perf=197/254 (0.7756%)
Round=14, per client personal pooled=[0.7323, 0.7008, 0.5157, 0.5945], mean perf=646/1016 (0.6358%)
Mean performance of ditto rpdp global, Perf=0.6746, seed=46
Mean performance of ditto rpdp personal, Perf=0.7703, seed=46
Mean performance of ditto rpdp pooled, Perf=0.6401, seed=46
Finished seed 46
----------------------------------------
=== Running reg_param=1.0, num_steps=15 ===
Running seed 42

Client 0 label distribution:
Client 0: avg epsilon = 0.1000
Client 1: avg epsilon = 0.3616
Client 2: avg epsilon = 1.0000
Client 3: avg epsilon = 3.1047
 We run FedAvg with rPDP (ThreeLevels-0) ...
max_epsilon :  10.0  noise_multiplier :  5.95703125
The R-Squared value of the best-fit curve : 0.9998566627531141
learning rate =  0.005
sample_rate: (min) 0.02, (max) 0.02, expected_batch_size: 4
sample_rate: (min) 0.02, (max) 0.13, expected_batch_size: 9
sample_rate: (min) 0.13, (max) 0.13, expected_batch_size: 3
sample_rate: (min) 0.02, (max) 0.56, expected_batch_size: 29
initial privacy cost of all clients:  [0, 0, 0, 0]
Round=0
Round=1
Round=2
Round=3
Round=4
Round=5
Round=6
Round=7
Round=8
Round=9
Round=10
Round=11
Round=12
Round=13
Round=14
current privacy cost of all clients:  [0.1271808120269241, 0.9651844233114815, 0.9651844233114815, 5.020130882580667]
Round=14, per client global perf=[0.6731, 0.6292, 0.6875, 0.6444], mean perf=166/254 (0.6535%)
Round=14, per client personal perf=[0.7308, 0.7416, 0.8125, 0.6889], mean perf=186/254 (0.7323%)
Round=14, per client personal pooled=[0.7008, 0.7165, 0.6102, 0.6575], mean perf=682/1016 (0.6713%)
Mean performance of ditto rpdp global, Perf=0.6522, seed=42
Mean performance of ditto rpdp personal, Perf=0.7218, seed=42
Mean performance of ditto rpdp pooled, Perf=0.6700, seed=42
Finished seed 42
----------------------------------------
Running seed 43

Client 0 label distribution:
Client 0: avg epsilon = 0.1000
Client 1: avg epsilon = 0.3616
Client 2: avg epsilon = 1.0000
Client 3: avg epsilon = 3.1047
 We run FedAvg with rPDP (ThreeLevels-0) ...
max_epsilon :  10.0  noise_multiplier :  5.95703125
The R-Squared value of the best-fit curve : 0.9998566627531141
learning rate =  0.005
sample_rate: (min) 0.02, (max) 0.02, expected_batch_size: 4
sample_rate: (min) 0.02, (max) 0.13, expected_batch_size: 9
sample_rate: (min) 0.13, (max) 0.13, expected_batch_size: 3
sample_rate: (min) 0.02, (max) 0.56, expected_batch_size: 29
initial privacy cost of all clients:  [0, 0, 0, 0]
Round=0
Round=1
Round=2
Round=3
Round=4
Round=5
Round=6
Round=7
Round=8
Round=9
Round=10
Round=11
Round=12
Round=13
Round=14
current privacy cost of all clients:  [0.1271808120269241, 0.9651844233114815, 0.9651844233114815, 5.020130882580667]
Round=14, per client global perf=[0.7019, 0.6629, 0.6875, 0.7111], mean perf=175/254 (0.6890%)
Round=14, per client personal perf=[0.7019, 0.7416, 0.8125, 0.7556], mean perf=186/254 (0.7323%)
Round=14, per client personal pooled=[0.7205, 0.7244, 0.5984, 0.685], mean perf=693/1016 (0.6821%)
Mean performance of ditto rpdp global, Perf=0.6837, seed=43
Mean performance of ditto rpdp personal, Perf=0.7283, seed=43
Mean performance of ditto rpdp pooled, Perf=0.6814, seed=43
Finished seed 43
----------------------------------------
Running seed 44

Client 0 label distribution:
Client 0: avg epsilon = 0.1000
Client 1: avg epsilon = 0.3616
Client 2: avg epsilon = 1.0000
Client 3: avg epsilon = 3.1047
 We run FedAvg with rPDP (ThreeLevels-0) ...
max_epsilon :  10.0  noise_multiplier :  5.95703125
The R-Squared value of the best-fit curve : 0.9998566627531141
learning rate =  0.005
sample_rate: (min) 0.02, (max) 0.02, expected_batch_size: 4
sample_rate: (min) 0.02, (max) 0.13, expected_batch_size: 9
sample_rate: (min) 0.13, (max) 0.13, expected_batch_size: 3
sample_rate: (min) 0.02, (max) 0.56, expected_batch_size: 29
initial privacy cost of all clients:  [0, 0, 0, 0]
Round=0
Round=1
Round=2
Round=3
Round=4
Round=5
Round=6
Round=7
Round=8
Round=9
Round=10
Round=11
Round=12
Round=13
Round=14
current privacy cost of all clients:  [0.1271808120269241, 0.9651844233114815, 0.9651844233114815, 5.020130882580667]
Round=14, per client global perf=[0.6154, 0.6404, 0.5625, 0.5111], mean perf=153/254 (0.6024%)
Round=14, per client personal perf=[0.7404, 0.7753, 0.8125, 0.6222], mean perf=187/254 (0.7362%)
Round=14, per client personal pooled=[0.6929, 0.7323, 0.563, 0.622], mean perf=663/1016 (0.6526%)
Mean performance of ditto rpdp global, Perf=0.5919, seed=44
Mean performance of ditto rpdp personal, Perf=0.7296, seed=44
Mean performance of ditto rpdp pooled, Perf=0.6450, seed=44
Finished seed 44
----------------------------------------
Running seed 45

Client 0 label distribution:
Client 0: avg epsilon = 0.1000
Client 1: avg epsilon = 0.3616
Client 2: avg epsilon = 1.0000
Client 3: avg epsilon = 3.1047
 We run FedAvg with rPDP (ThreeLevels-0) ...
max_epsilon :  10.0  noise_multiplier :  5.95703125
The R-Squared value of the best-fit curve : 0.9998566627531141
learning rate =  0.005
sample_rate: (min) 0.02, (max) 0.02, expected_batch_size: 4
sample_rate: (min) 0.02, (max) 0.13, expected_batch_size: 9
sample_rate: (min) 0.13, (max) 0.13, expected_batch_size: 3
sample_rate: (min) 0.02, (max) 0.56, expected_batch_size: 29
initial privacy cost of all clients:  [0, 0, 0, 0]
Round=0
Round=1
Round=2
Round=3
Round=4
Round=5
Round=6
Round=7
Round=8
Round=9
Round=10
Round=11
Round=12
Round=13
Round=14
current privacy cost of all clients:  [0.1271808120269241, 0.9651844233114815, 0.9651844233114815, 5.020130882580667]
Round=14, per client global perf=[0.5962, 0.5169, 0.6875, 0.6444], mean perf=148/254 (0.5827%)
Round=14, per client personal perf=[0.7212, 0.6966, 0.8125, 0.6667], mean perf=180/254 (0.7087%)
Round=14, per client personal pooled=[0.689, 0.7008, 0.5787, 0.622], mean perf=658/1016 (0.6476%)
Mean performance of ditto rpdp global, Perf=0.5722, seed=45
Mean performance of ditto rpdp personal, Perf=0.7034, seed=45
Mean performance of ditto rpdp pooled, Perf=0.6463, seed=45
Finished seed 45
----------------------------------------
Running seed 46

Client 0 label distribution:
Client 0: avg epsilon = 0.1000
Client 1: avg epsilon = 0.3616
Client 2: avg epsilon = 1.0000
Client 3: avg epsilon = 3.1047
 We run FedAvg with rPDP (ThreeLevels-0) ...
max_epsilon :  10.0  noise_multiplier :  5.95703125
The R-Squared value of the best-fit curve : 0.9998566627531141
learning rate =  0.005
sample_rate: (min) 0.02, (max) 0.02, expected_batch_size: 4
sample_rate: (min) 0.02, (max) 0.13, expected_batch_size: 9
sample_rate: (min) 0.13, (max) 0.13, expected_batch_size: 3
sample_rate: (min) 0.02, (max) 0.56, expected_batch_size: 29
initial privacy cost of all clients:  [0, 0, 0, 0]
Round=0
Round=1
Round=2
Round=3
Round=4
Round=5
Round=6
Round=7
Round=8
Round=9
Round=10
Round=11
Round=12
Round=13
Round=14
current privacy cost of all clients:  [0.1271808120269241, 0.9651844233114815, 0.9651844233114815, 5.020130882580667]
Round=14, per client global perf=[0.6346, 0.7191, 0.5625, 0.7333], mean perf=172/254 (0.6772%)
Round=14, per client personal perf=[0.7115, 0.764, 0.6875, 0.7556], mean perf=187/254 (0.7362%)
Round=14, per client personal pooled=[0.7165, 0.6969, 0.5827, 0.6732], mean perf=678/1016 (0.6673%)
Mean performance of ditto rpdp global, Perf=0.6746, seed=46
Mean performance of ditto rpdp personal, Perf=0.7310, seed=46
Mean performance of ditto rpdp pooled, Perf=0.6631, seed=46
Finished seed 46
----------------------------------------
=== Running reg_param=10, num_steps=15 ===
Running seed 42

Client 0 label distribution:
Client 0: avg epsilon = 0.1000
Client 1: avg epsilon = 0.3616
Client 2: avg epsilon = 1.0000
Client 3: avg epsilon = 3.1047
 We run FedAvg with rPDP (ThreeLevels-0) ...
max_epsilon :  10.0  noise_multiplier :  5.95703125
The R-Squared value of the best-fit curve : 0.9998566627531141
learning rate =  0.005
sample_rate: (min) 0.02, (max) 0.02, expected_batch_size: 4
sample_rate: (min) 0.02, (max) 0.13, expected_batch_size: 9
sample_rate: (min) 0.13, (max) 0.13, expected_batch_size: 3
sample_rate: (min) 0.02, (max) 0.56, expected_batch_size: 29
initial privacy cost of all clients:  [0, 0, 0, 0]
Round=0
Round=1
Round=2
Round=3
Round=4
Round=5
Round=6
Round=7
Round=8
Round=9
Round=10
Round=11
Round=12
Round=13
Round=14
current privacy cost of all clients:  [0.1271808120269241, 0.9651844233114815, 0.9651844233114815, 5.020130882580667]
Round=14, per client global perf=[0.6731, 0.6292, 0.6875, 0.6444], mean perf=166/254 (0.6535%)
Round=14, per client personal perf=[0.6827, 0.6404, 0.6875, 0.6444], mean perf=168/254 (0.6614%)
Round=14, per client personal pooled=[0.6614, 0.6614, 0.6535, 0.6535], mean perf=668/1016 (0.6575%)
Mean performance of ditto rpdp global, Perf=0.6522, seed=42
Mean performance of ditto rpdp personal, Perf=0.6640, seed=42
Mean performance of ditto rpdp pooled, Perf=0.6571, seed=42
Finished seed 42
----------------------------------------
Running seed 43

Client 0 label distribution:
Client 0: avg epsilon = 0.1000
Client 1: avg epsilon = 0.3616
Client 2: avg epsilon = 1.0000
Client 3: avg epsilon = 3.1047
 We run FedAvg with rPDP (ThreeLevels-0) ...
max_epsilon :  10.0  noise_multiplier :  5.95703125
The R-Squared value of the best-fit curve : 0.9998566627531141
learning rate =  0.005
sample_rate: (min) 0.02, (max) 0.02, expected_batch_size: 4
sample_rate: (min) 0.02, (max) 0.13, expected_batch_size: 9
sample_rate: (min) 0.13, (max) 0.13, expected_batch_size: 3
sample_rate: (min) 0.02, (max) 0.56, expected_batch_size: 29
initial privacy cost of all clients:  [0, 0, 0, 0]
Round=0
Round=1
Round=2
Round=3
Round=4
Round=5
Round=6
Round=7
Round=8
Round=9
Round=10
Round=11
Round=12
Round=13
Round=14
current privacy cost of all clients:  [0.1271808120269241, 0.9651844233114815, 0.9651844233114815, 5.020130882580667]
Round=14, per client global perf=[0.7019, 0.6629, 0.6875, 0.7111], mean perf=175/254 (0.6890%)
Round=14, per client personal perf=[0.7019, 0.6966, 0.6875, 0.7333], mean perf=179/254 (0.7047%)
Round=14, per client personal pooled=[0.6929, 0.6969, 0.7008, 0.6929], mean perf=707/1016 (0.6959%)
Mean performance of ditto rpdp global, Perf=0.6837, seed=43
Mean performance of ditto rpdp personal, Perf=0.6995, seed=43
Mean performance of ditto rpdp pooled, Perf=0.6926, seed=43
Finished seed 43
----------------------------------------
Running seed 44

Client 0 label distribution:
Client 0: avg epsilon = 0.1000
Client 1: avg epsilon = 0.3616
Client 2: avg epsilon = 1.0000
Client 3: avg epsilon = 3.1047
 We run FedAvg with rPDP (ThreeLevels-0) ...
max_epsilon :  10.0  noise_multiplier :  5.95703125
The R-Squared value of the best-fit curve : 0.9998566627531141
learning rate =  0.005
sample_rate: (min) 0.02, (max) 0.02, expected_batch_size: 4
sample_rate: (min) 0.02, (max) 0.13, expected_batch_size: 9
sample_rate: (min) 0.13, (max) 0.13, expected_batch_size: 3
sample_rate: (min) 0.02, (max) 0.56, expected_batch_size: 29
initial privacy cost of all clients:  [0, 0, 0, 0]
Round=0
Round=1
Round=2
Round=3
Round=4
Round=5
Round=6
Round=7
Round=8
Round=9
Round=10
Round=11
Round=12
Round=13
Round=14
current privacy cost of all clients:  [0.1271808120269241, 0.9651844233114815, 0.9651844233114815, 5.020130882580667]
Round=14, per client global perf=[0.6154, 0.6404, 0.5625, 0.5111], mean perf=153/254 (0.6024%)
Round=14, per client personal perf=[0.625, 0.6404, 0.5625, 0.5333], mean perf=155/254 (0.6102%)
Round=14, per client personal pooled=[0.6102, 0.6102, 0.5984, 0.6063], mean perf=616/1016 (0.6063%)
Mean performance of ditto rpdp global, Perf=0.5919, seed=44
Mean performance of ditto rpdp personal, Perf=0.5997, seed=44
Mean performance of ditto rpdp pooled, Perf=0.5948, seed=44
Finished seed 44
----------------------------------------
Running seed 45

Client 0 label distribution:
Client 0: avg epsilon = 0.1000
Client 1: avg epsilon = 0.3616
Client 2: avg epsilon = 1.0000
Client 3: avg epsilon = 3.1047
 We run FedAvg with rPDP (ThreeLevels-0) ...
max_epsilon :  10.0  noise_multiplier :  5.95703125
The R-Squared value of the best-fit curve : 0.9998566627531141
learning rate =  0.005
sample_rate: (min) 0.02, (max) 0.02, expected_batch_size: 4
sample_rate: (min) 0.02, (max) 0.13, expected_batch_size: 9
sample_rate: (min) 0.13, (max) 0.13, expected_batch_size: 3
sample_rate: (min) 0.02, (max) 0.56, expected_batch_size: 29
initial privacy cost of all clients:  [0, 0, 0, 0]
Round=0
Round=1
Round=2
Round=3
Round=4
Round=5
Round=6
Round=7
Round=8
Round=9
Round=10
Round=11
Round=12
Round=13
Round=14
current privacy cost of all clients:  [0.1271808120269241, 0.9651844233114815, 0.9651844233114815, 5.020130882580667]
Round=14, per client global perf=[0.5962, 0.5169, 0.6875, 0.6444], mean perf=148/254 (0.5827%)
Round=14, per client personal perf=[0.6058, 0.5618, 0.6875, 0.6444], mean perf=153/254 (0.6024%)
Round=14, per client personal pooled=[0.5945, 0.6024, 0.5787, 0.5787], mean perf=598/1016 (0.5886%)
Mean performance of ditto rpdp global, Perf=0.5722, seed=45
Mean performance of ditto rpdp personal, Perf=0.5840, seed=45
Mean performance of ditto rpdp pooled, Perf=0.5801, seed=45
Finished seed 45
----------------------------------------
Running seed 46

Client 0 label distribution:
Client 0: avg epsilon = 0.1000
Client 1: avg epsilon = 0.3616
Client 2: avg epsilon = 1.0000
Client 3: avg epsilon = 3.1047
 We run FedAvg with rPDP (ThreeLevels-0) ...
max_epsilon :  10.0  noise_multiplier :  5.95703125
The R-Squared value of the best-fit curve : 0.9998566627531141
learning rate =  0.005
sample_rate: (min) 0.02, (max) 0.02, expected_batch_size: 4
sample_rate: (min) 0.02, (max) 0.13, expected_batch_size: 9
sample_rate: (min) 0.13, (max) 0.13, expected_batch_size: 3
sample_rate: (min) 0.02, (max) 0.56, expected_batch_size: 29
initial privacy cost of all clients:  [0, 0, 0, 0]
Round=0
Round=1
Round=2
Round=3
Round=4
Round=5
Round=6
Round=7
Round=8
Round=9
Round=10
Round=11
Round=12
Round=13
Round=14
current privacy cost of all clients:  [0.1271808120269241, 0.9651844233114815, 0.9651844233114815, 5.020130882580667]
Round=14, per client global perf=[0.6346, 0.7191, 0.5625, 0.7333], mean perf=172/254 (0.6772%)
Round=14, per client personal perf=[0.6538, 0.7303, 0.5625, 0.7333], mean perf=175/254 (0.6890%)
Round=14, per client personal pooled=[0.685, 0.685, 0.6654, 0.6693], mean perf=687/1016 (0.6762%)
Mean performance of ditto rpdp global, Perf=0.6746, seed=46
Mean performance of ditto rpdp personal, Perf=0.6850, seed=46
Mean performance of ditto rpdp pooled, Perf=0.6739, seed=46
Finished seed 46
----------------------------------------
All runs complete.
