PARAMS: dataset=mnist, gpu=0, data_type=niid_10_2
=== Running reg_param=0, num_steps=15 ===
Running seed 42
/Users/shegao_t1/DP_Research/Personal_DP_Personal_FL/rpdp_fl/experiments/datasets/fed_mnist/niid_10_2way_3000shot

Client 0 label distribution:
[(5, 1996), (6, 1964)]

Client 1 label distribution:
[(7, 1995), (9, 1965)]

Client 2 label distribution:
[(0, 1983), (8, 1977)]

Client 3 label distribution:
[(2, 1954), (9, 1972)]

Client 4 label distribution:
[(2, 1973), (3, 1959)]

Client 5 label distribution:
[(4, 2007), (6, 1898)]

Client 6 label distribution:
[(4, 1761), (8, 1996)]

Client 7 label distribution:
[(0, 1989), (1, 1920)]

Client 8 label distribution:
[(1, 1984), (5, 1593)]

Client 9 label distribution:
[(3, 1988), (7, 1972)]
Client 0: avg epsilon = 1.0000
Client 1: avg epsilon = 5.0000
Client 2: avg epsilon = 2.5463
Client 3: avg epsilon = 2.5612
Client 4: avg epsilon = 0.3158
Client 5: avg epsilon = 1.9659
Client 6: avg epsilon = 3.1251
Client 7: avg epsilon = 0.1000
Client 8: avg epsilon = 0.5008
Client 9: avg epsilon = 2.9919
 We run FedAvg with rPDP (ThreeLevels-0) ...
max_epsilon :  10.0  noise_multiplier :  9.736328125
The R-Squared value of the best-fit curve : 0.999749898528281
learning rate =  0.01
sample_rate: (min) 0.16, (max) 0.16, expected_batch_size: 626
sample_rate: (min) 0.61, (max) 0.61, expected_batch_size: 2402
sample_rate: (min) 0.03, (max) 0.61, expected_batch_size: 1249
sample_rate: (min) 0.03, (max) 0.61, expected_batch_size: 1245
sample_rate: (min) 0.03, (max) 0.16, expected_batch_size: 224
sample_rate: (min) 0.16, (max) 0.61, expected_batch_size: 1040
sample_rate: (min) 0.16, (max) 0.61, expected_batch_size: 1489
sample_rate: (min) 0.03, (max) 0.03, expected_batch_size: 98
sample_rate: (min) 0.03, (max) 0.16, expected_batch_size: 301
sample_rate: (min) 0.16, (max) 0.61, expected_batch_size: 1510
initial privacy cost of all clients:  [0, 0, 0, 0, 0, 0, 0, 0, 0, 0]
Round=0
Round=1
Round=2
Round=3
Round=4
Round=5
Round=6
Round=7
Round=8
Round=9
Round=10
Round=11
Round=12
Round=13
Round=14
current privacy cost of all clients:  [0.7046321452486275, 3.554611437795162, 2.8039339861853394, 3.3043856205918876, 0.7482516858029494, 3.554611437795162, 3.8048372549984366, 0.0879752932513391, 0.8300921245073416, 3.0541598033886133]
Round=14, per client global perf=[0.2093, 0.5613, 0.1681, 0.0905, 0.4062, 0.6726, 0.469, 0.5789, 0.4528, 0.8725], mean perf=8964/20016 (0.4478%)
Round=14, per client personal perf=[0.9931, 0.9853, 0.9985, 0.9881, 0.9822, 0.9925, 0.9721, 0.9871, 0.9995, 0.9917], mean perf=19796/20016 (0.9890%)
Round=14, per client personal pooled=[0.1931, 0.2009, 0.2007, 0.2022, 0.1987, 0.1976, 0.1939, 0.2009, 0.1921, 0.2004], mean perf=39646/200160 (0.1981%)
Mean performance of ditto rpdp global, Perf=0.3441, seed=42
Mean performance of ditto rpdp personal, Perf=0.9879, seed=42
Mean performance of ditto rpdp pooled, Perf=0.1978, seed=42
Finished seed 42
----------------------------------------
Running seed 43
/Users/shegao_t1/DP_Research/Personal_DP_Personal_FL/rpdp_fl/experiments/datasets/fed_mnist/niid_10_2way_3000shot

Client 0 label distribution:
[(5, 1996), (6, 1964)]

Client 1 label distribution:
[(7, 1995), (9, 1965)]

Client 2 label distribution:
[(0, 1983), (8, 1977)]

Client 3 label distribution:
[(2, 1954), (9, 1972)]

Client 4 label distribution:
[(2, 1973), (3, 1959)]

Client 5 label distribution:
[(4, 2007), (6, 1898)]

Client 6 label distribution:
[(4, 1761), (8, 1996)]

Client 7 label distribution:
[(0, 1989), (1, 1920)]

Client 8 label distribution:
[(1, 1984), (5, 1593)]

Client 9 label distribution:
[(3, 1988), (7, 1972)]
Client 0: avg epsilon = 1.0000
Client 1: avg epsilon = 5.0000
Client 2: avg epsilon = 2.5463
Client 3: avg epsilon = 2.5612
Client 4: avg epsilon = 0.3158
Client 5: avg epsilon = 1.9659
Client 6: avg epsilon = 3.1251
Client 7: avg epsilon = 0.1000
Client 8: avg epsilon = 0.5008
Client 9: avg epsilon = 2.9919
 We run FedAvg with rPDP (ThreeLevels-0) ...
max_epsilon :  10.0  noise_multiplier :  9.736328125
The R-Squared value of the best-fit curve : 0.999749898528281
learning rate =  0.01
sample_rate: (min) 0.16, (max) 0.16, expected_batch_size: 626
sample_rate: (min) 0.61, (max) 0.61, expected_batch_size: 2402
sample_rate: (min) 0.03, (max) 0.61, expected_batch_size: 1249
sample_rate: (min) 0.03, (max) 0.61, expected_batch_size: 1245
sample_rate: (min) 0.03, (max) 0.16, expected_batch_size: 224
sample_rate: (min) 0.16, (max) 0.61, expected_batch_size: 1040
sample_rate: (min) 0.16, (max) 0.61, expected_batch_size: 1489
sample_rate: (min) 0.03, (max) 0.03, expected_batch_size: 98
sample_rate: (min) 0.03, (max) 0.16, expected_batch_size: 301
sample_rate: (min) 0.16, (max) 0.61, expected_batch_size: 1510
initial privacy cost of all clients:  [0, 0, 0, 0, 0, 0, 0, 0, 0, 0]
Round=0
Round=1
Round=2
Round=3
Round=4
Round=5
Round=6
Round=7
Round=8
Round=9
Round=10
Round=11
Round=12
Round=13
Round=14
current privacy cost of all clients:  [0.7482516858029494, 3.554611437795162, 3.3043856205918876, 3.8048372549984366, 0.5558558712260362, 3.554611437795162, 3.0541598033886133, 0.04533992744859791, 0.6093162705378211, 4.055063072201711]
Round=14, per client global perf=[0.5176, 0.9407, 0.1647, 0.5299, 0.0893, 0.4863, 0.0, 0.2319, 0.1063, 0.4966], mean perf=7219/20016 (0.3607%)
Round=14, per client personal perf=[0.9971, 0.9941, 0.9975, 0.9876, 0.9763, 0.994, 0.9711, 0.9861, 0.9978, 0.9966], mean perf=19813/20016 (0.9899%)
Round=14, per client personal pooled=[0.1935, 0.202, 0.2006, 0.202, 0.1976, 0.198, 0.1939, 0.2005, 0.1918, 0.2011], mean perf=39656/200160 (0.1981%)
Mean performance of ditto rpdp global, Perf=0.2804, seed=43
Mean performance of ditto rpdp personal, Perf=0.9888, seed=43
Mean performance of ditto rpdp pooled, Perf=0.1980, seed=43
Finished seed 43
----------------------------------------
Running seed 44
/Users/shegao_t1/DP_Research/Personal_DP_Personal_FL/rpdp_fl/experiments/datasets/fed_mnist/niid_10_2way_3000shot

Client 0 label distribution:
[(5, 1996), (6, 1964)]

Client 1 label distribution:
[(7, 1995), (9, 1965)]

Client 2 label distribution:
[(0, 1983), (8, 1977)]

Client 3 label distribution:
[(2, 1954), (9, 1972)]

Client 4 label distribution:
[(2, 1973), (3, 1959)]

Client 5 label distribution:
[(4, 2007), (6, 1898)]

Client 6 label distribution:
[(4, 1761), (8, 1996)]

Client 7 label distribution:
[(0, 1989), (1, 1920)]

Client 8 label distribution:
[(1, 1984), (5, 1593)]

Client 9 label distribution:
[(3, 1988), (7, 1972)]
Client 0: avg epsilon = 1.0000
Client 1: avg epsilon = 5.0000
Client 2: avg epsilon = 2.5463
Client 3: avg epsilon = 2.5612
Client 4: avg epsilon = 0.3158
Client 5: avg epsilon = 1.9659
Client 6: avg epsilon = 3.1251
Client 7: avg epsilon = 0.1000
Client 8: avg epsilon = 0.5008
Client 9: avg epsilon = 2.9919
 We run FedAvg with rPDP (ThreeLevels-0) ...
max_epsilon :  10.0  noise_multiplier :  9.736328125
The R-Squared value of the best-fit curve : 0.999749898528281
learning rate =  0.01
sample_rate: (min) 0.16, (max) 0.16, expected_batch_size: 626
sample_rate: (min) 0.61, (max) 0.61, expected_batch_size: 2402
sample_rate: (min) 0.03, (max) 0.61, expected_batch_size: 1249
sample_rate: (min) 0.03, (max) 0.61, expected_batch_size: 1245
sample_rate: (min) 0.03, (max) 0.16, expected_batch_size: 224
sample_rate: (min) 0.16, (max) 0.61, expected_batch_size: 1040
sample_rate: (min) 0.16, (max) 0.61, expected_batch_size: 1489
sample_rate: (min) 0.03, (max) 0.03, expected_batch_size: 98
sample_rate: (min) 0.03, (max) 0.16, expected_batch_size: 301
sample_rate: (min) 0.16, (max) 0.61, expected_batch_size: 1510
initial privacy cost of all clients:  [0, 0, 0, 0, 0, 0, 0, 0, 0, 0]
Round=0
Round=1
Round=2
Round=3
Round=4
Round=5
Round=6
Round=7
Round=8
Round=9
Round=10
Round=11
Round=12
Round=13
Round=14
current privacy cost of all clients:  [0.7482516858029494, 4.510367153745826, 3.8048372549984366, 2.1521425035466386, 0.8300921245073416, 3.0541598033886133, 2.8039339861853394, 0.06629602355155903, 0.5558558712260362, 3.554611437795162]
Round=14, per client global perf=[0.0132, 0.3995, 0.5049, 0.0, 0.0247, 0.0119, 0.5181, 0.002, 0.0, 0.4132], mean perf=3796/20016 (0.1896%)
Round=14, per client personal perf=[0.9941, 0.9922, 0.998, 0.9817, 0.9867, 0.9901, 0.9638, 0.9856, 0.9962, 0.9946], mean perf=19783/20016 (0.9884%)
Round=14, per client personal pooled=[0.1932, 0.2022, 0.2001, 0.2014, 0.1992, 0.1973, 0.1923, 0.2005, 0.1912, 0.201], mean perf=39604/200160 (0.1979%)
Mean performance of ditto rpdp global, Perf=0.3312, seed=44
Mean performance of ditto rpdp personal, Perf=0.9877, seed=44
Mean performance of ditto rpdp pooled, Perf=0.1977, seed=44
Finished seed 44
----------------------------------------
Running seed 45
/Users/shegao_t1/DP_Research/Personal_DP_Personal_FL/rpdp_fl/experiments/datasets/fed_mnist/niid_10_2way_3000shot

Client 0 label distribution:
[(5, 1996), (6, 1964)]

Client 1 label distribution:
[(7, 1995), (9, 1965)]

Client 2 label distribution:
[(0, 1983), (8, 1977)]

Client 3 label distribution:
[(2, 1954), (9, 1972)]

Client 4 label distribution:
[(2, 1973), (3, 1959)]

Client 5 label distribution:
[(4, 2007), (6, 1898)]

Client 6 label distribution:
[(4, 1761), (8, 1996)]

Client 7 label distribution:
[(0, 1989), (1, 1920)]

Client 8 label distribution:
[(1, 1984), (5, 1593)]

Client 9 label distribution:
[(3, 1988), (7, 1972)]
Client 0: avg epsilon = 1.0000
Client 1: avg epsilon = 5.0000
Client 2: avg epsilon = 2.5463
Client 3: avg epsilon = 2.5612
Client 4: avg epsilon = 0.3158
Client 5: avg epsilon = 1.9659
Client 6: avg epsilon = 3.1251
Client 7: avg epsilon = 0.1000
Client 8: avg epsilon = 0.5008
Client 9: avg epsilon = 2.9919
 We run FedAvg with rPDP (ThreeLevels-0) ...
max_epsilon :  10.0  noise_multiplier :  9.736328125
The R-Squared value of the best-fit curve : 0.999749898528281
learning rate =  0.01
sample_rate: (min) 0.16, (max) 0.16, expected_batch_size: 626
sample_rate: (min) 0.61, (max) 0.61, expected_batch_size: 2402
sample_rate: (min) 0.03, (max) 0.61, expected_batch_size: 1249
sample_rate: (min) 0.03, (max) 0.61, expected_batch_size: 1245
sample_rate: (min) 0.03, (max) 0.16, expected_batch_size: 224
sample_rate: (min) 0.16, (max) 0.61, expected_batch_size: 1040
sample_rate: (min) 0.16, (max) 0.61, expected_batch_size: 1489
sample_rate: (min) 0.03, (max) 0.03, expected_batch_size: 98
sample_rate: (min) 0.03, (max) 0.16, expected_batch_size: 301
sample_rate: (min) 0.16, (max) 0.61, expected_batch_size: 1510
initial privacy cost of all clients:  [0, 0, 0, 0, 0, 0, 0, 0, 0, 0]
Round=0
Round=1
Round=2
Round=3
Round=4
Round=5
Round=6
Round=7
Round=8
Round=9
Round=10
Round=11
Round=12
Round=13
Round=14
current privacy cost of all clients:  [0.7046321452486275, 3.554611437795162, 3.3043856205918876, 2.502378074621252, 0.7046321452486275, 4.055063072201711, 3.554611437795162, 0.05997229379927632, 0.7482516858029494, 4.055063072201711]
Round=14, per client global perf=[0.7505, 0.4402, 0.5451, 0.0257, 0.0656, 0.8987, 0.9251, 0.1892, 0.4165, 0.4672], mean perf=9428/20016 (0.4710%)
Round=14, per client personal perf=[0.9946, 0.9922, 0.999, 0.9857, 0.9827, 0.9921, 0.9721, 0.9856, 0.9995, 0.9941], mean perf=19811/20016 (0.9898%)
Round=14, per client personal pooled=[0.1932, 0.2019, 0.2007, 0.2018, 0.1986, 0.1974, 0.194, 0.2004, 0.1921, 0.2011], mean perf=39658/200160 (0.1981%)
Mean performance of ditto rpdp global, Perf=0.5004, seed=45
Mean performance of ditto rpdp personal, Perf=0.9895, seed=45
Mean performance of ditto rpdp pooled, Perf=0.1981, seed=45
Finished seed 45
----------------------------------------
Running seed 46
/Users/shegao_t1/DP_Research/Personal_DP_Personal_FL/rpdp_fl/experiments/datasets/fed_mnist/niid_10_2way_3000shot

Client 0 label distribution:
[(5, 1996), (6, 1964)]

Client 1 label distribution:
[(7, 1995), (9, 1965)]

Client 2 label distribution:
[(0, 1983), (8, 1977)]

Client 3 label distribution:
[(2, 1954), (9, 1972)]

Client 4 label distribution:
[(2, 1973), (3, 1959)]

Client 5 label distribution:
[(4, 2007), (6, 1898)]

Client 6 label distribution:
[(4, 1761), (8, 1996)]

Client 7 label distribution:
[(0, 1989), (1, 1920)]

Client 8 label distribution:
[(1, 1984), (5, 1593)]

Client 9 label distribution:
[(3, 1988), (7, 1972)]
Client 0: avg epsilon = 1.0000
Client 1: avg epsilon = 5.0000
Client 2: avg epsilon = 2.5463
Client 3: avg epsilon = 2.5612
Client 4: avg epsilon = 0.3158
Client 5: avg epsilon = 1.9659
Client 6: avg epsilon = 3.1251
Client 7: avg epsilon = 0.1000
Client 8: avg epsilon = 0.5008
Client 9: avg epsilon = 2.9919
 We run FedAvg with rPDP (ThreeLevels-0) ...
max_epsilon :  10.0  noise_multiplier :  9.736328125
The R-Squared value of the best-fit curve : 0.999749898528281
learning rate =  0.01
sample_rate: (min) 0.16, (max) 0.16, expected_batch_size: 626
sample_rate: (min) 0.61, (max) 0.61, expected_batch_size: 2402
sample_rate: (min) 0.03, (max) 0.61, expected_batch_size: 1249
sample_rate: (min) 0.03, (max) 0.61, expected_batch_size: 1245
sample_rate: (min) 0.03, (max) 0.16, expected_batch_size: 224
sample_rate: (min) 0.16, (max) 0.61, expected_batch_size: 1040
sample_rate: (min) 0.16, (max) 0.61, expected_batch_size: 1489
sample_rate: (min) 0.03, (max) 0.03, expected_batch_size: 98
sample_rate: (min) 0.03, (max) 0.16, expected_batch_size: 301
sample_rate: (min) 0.16, (max) 0.61, expected_batch_size: 1510
initial privacy cost of all clients:  [0, 0, 0, 0, 0, 0, 0, 0, 0, 0]
Round=0
Round=1
Round=2
Round=3
Round=4
Round=5
Round=6
Round=7
Round=8
Round=9
Round=10
Round=11
Round=12
Round=13
Round=14
current privacy cost of all clients:  [0.6583580204409699, 3.8048372549984366, 3.3043856205918876, 3.554611437795162, 0.6583580204409699, 3.554611437795162, 3.554611437795162, 0.09280122601357536, 0.7915678459669535, 3.554611437795162]
Round=14, per client global perf=[0.4299, 0.9593, 0.1397, 0.5161, 0.3026, 0.4332, 0.1255, 0.1857, 0.1773, 0.775], mean perf=8173/20016 (0.4083%)
Round=14, per client personal perf=[0.9951, 0.9868, 0.9971, 0.9881, 0.9827, 0.994, 0.9711, 0.9871, 0.9984, 0.9956], mean perf=19808/20016 (0.9896%)
Round=14, per client personal pooled=[0.1933, 0.2013, 0.2003, 0.2018, 0.1991, 0.1978, 0.1938, 0.2008, 0.1919, 0.2012], mean perf=39660/200160 (0.1981%)
Mean performance of ditto rpdp global, Perf=0.3330, seed=46
Mean performance of ditto rpdp personal, Perf=0.9891, seed=46
Mean performance of ditto rpdp pooled, Perf=0.1979, seed=46
Finished seed 46
----------------------------------------
=== Running reg_param=10, num_steps=15 ===
Running seed 42
/Users/shegao_t1/DP_Research/Personal_DP_Personal_FL/rpdp_fl/experiments/datasets/fed_mnist/niid_10_2way_3000shot

Client 0 label distribution:
[(5, 1996), (6, 1964)]

Client 1 label distribution:
[(7, 1995), (9, 1965)]

Client 2 label distribution:
[(0, 1983), (8, 1977)]

Client 3 label distribution:
[(2, 1954), (9, 1972)]

Client 4 label distribution:
[(2, 1973), (3, 1959)]

Client 5 label distribution:
[(4, 2007), (6, 1898)]

Client 6 label distribution:
[(4, 1761), (8, 1996)]

Client 7 label distribution:
[(0, 1989), (1, 1920)]

Client 8 label distribution:
[(1, 1984), (5, 1593)]

Client 9 label distribution:
[(3, 1988), (7, 1972)]
Client 0: avg epsilon = 1.0000
Client 1: avg epsilon = 5.0000
Client 2: avg epsilon = 2.5463
Client 3: avg epsilon = 2.5612
Client 4: avg epsilon = 0.3158
Client 5: avg epsilon = 1.9659
Client 6: avg epsilon = 3.1251
Client 7: avg epsilon = 0.1000
Client 8: avg epsilon = 0.5008
Client 9: avg epsilon = 2.9919
 We run FedAvg with rPDP (ThreeLevels-0) ...
max_epsilon :  10.0  noise_multiplier :  9.736328125
The R-Squared value of the best-fit curve : 0.999749898528281
learning rate =  0.01
sample_rate: (min) 0.16, (max) 0.16, expected_batch_size: 626
sample_rate: (min) 0.61, (max) 0.61, expected_batch_size: 2402
sample_rate: (min) 0.03, (max) 0.61, expected_batch_size: 1249
sample_rate: (min) 0.03, (max) 0.61, expected_batch_size: 1245
sample_rate: (min) 0.03, (max) 0.16, expected_batch_size: 224
sample_rate: (min) 0.16, (max) 0.61, expected_batch_size: 1040
sample_rate: (min) 0.16, (max) 0.61, expected_batch_size: 1489
sample_rate: (min) 0.03, (max) 0.03, expected_batch_size: 98
sample_rate: (min) 0.03, (max) 0.16, expected_batch_size: 301
sample_rate: (min) 0.16, (max) 0.61, expected_batch_size: 1510
initial privacy cost of all clients:  [0, 0, 0, 0, 0, 0, 0, 0, 0, 0]
Round=0
Round=1
Round=2
Round=3
Round=4
Round=5
Round=6
Round=7
Round=8
Round=9
Round=10
Round=11
Round=12
Round=13
Round=14
current privacy cost of all clients:  [0.7046321452486275, 3.554611437795162, 2.8039339861853394, 3.3043856205918876, 0.7482516858029494, 3.554611437795162, 3.8048372549984366, 0.0879752932513391, 0.8300921245073416, 3.0541598033886133]
Round=14, per client global perf=[0.2093, 0.5613, 0.1681, 0.0905, 0.4062, 0.6726, 0.469, 0.5789, 0.4528, 0.8725], mean perf=8964/20016 (0.4478%)
Round=14, per client personal perf=[0.977, 0.9436, 0.9083, 0.9298, 0.9181, 0.9523, 0.8662, 0.9757, 0.9653, 0.9181], mean perf=18724/20016 (0.9355%)
Round=14, per client personal pooled=[0.2688, 0.3781, 0.4015, 0.3519, 0.4097, 0.4253, 0.556, 0.3663, 0.4228, 0.4851], mean perf=81376/200160 (0.4066%)
Mean performance of ditto rpdp global, Perf=0.3441, seed=42
Mean performance of ditto rpdp personal, Perf=0.9342, seed=42
Mean performance of ditto rpdp pooled, Perf=0.3624, seed=42
Finished seed 42
----------------------------------------
Running seed 43
/Users/shegao_t1/DP_Research/Personal_DP_Personal_FL/rpdp_fl/experiments/datasets/fed_mnist/niid_10_2way_3000shot

Client 0 label distribution:
[(5, 1996), (6, 1964)]

Client 1 label distribution:
[(7, 1995), (9, 1965)]

Client 2 label distribution:
[(0, 1983), (8, 1977)]

Client 3 label distribution:
[(2, 1954), (9, 1972)]

Client 4 label distribution:
[(2, 1973), (3, 1959)]

Client 5 label distribution:
[(4, 2007), (6, 1898)]

Client 6 label distribution:
[(4, 1761), (8, 1996)]

Client 7 label distribution:
[(0, 1989), (1, 1920)]

Client 8 label distribution:
[(1, 1984), (5, 1593)]

Client 9 label distribution:
[(3, 1988), (7, 1972)]
Client 0: avg epsilon = 1.0000
Client 1: avg epsilon = 5.0000
Client 2: avg epsilon = 2.5463
Client 3: avg epsilon = 2.5612
Client 4: avg epsilon = 0.3158
Client 5: avg epsilon = 1.9659
Client 6: avg epsilon = 3.1251
Client 7: avg epsilon = 0.1000
Client 8: avg epsilon = 0.5008
Client 9: avg epsilon = 2.9919
 We run FedAvg with rPDP (ThreeLevels-0) ...
max_epsilon :  10.0  noise_multiplier :  9.736328125
The R-Squared value of the best-fit curve : 0.999749898528281
learning rate =  0.01
sample_rate: (min) 0.16, (max) 0.16, expected_batch_size: 626
sample_rate: (min) 0.61, (max) 0.61, expected_batch_size: 2402
sample_rate: (min) 0.03, (max) 0.61, expected_batch_size: 1249
sample_rate: (min) 0.03, (max) 0.61, expected_batch_size: 1245
sample_rate: (min) 0.03, (max) 0.16, expected_batch_size: 224
sample_rate: (min) 0.16, (max) 0.61, expected_batch_size: 1040
sample_rate: (min) 0.16, (max) 0.61, expected_batch_size: 1489
sample_rate: (min) 0.03, (max) 0.03, expected_batch_size: 98
sample_rate: (min) 0.03, (max) 0.16, expected_batch_size: 301
sample_rate: (min) 0.16, (max) 0.61, expected_batch_size: 1510
initial privacy cost of all clients:  [0, 0, 0, 0, 0, 0, 0, 0, 0, 0]
Round=0
Round=1
Round=2
Round=3
Round=4
Round=5
Round=6
Round=7
Round=8
Round=9
Round=10
Round=11
Round=12
Round=13
Round=14
current privacy cost of all clients:  [0.7482516858029494, 3.554611437795162, 3.3043856205918876, 3.8048372549984366, 0.5558558712260362, 3.554611437795162, 3.0541598033886133, 0.04533992744859791, 0.6093162705378211, 4.055063072201711]
Round=14, per client global perf=[0.5176, 0.9407, 0.1647, 0.5299, 0.0893, 0.4863, 0.0, 0.2319, 0.1063, 0.4966], mean perf=7219/20016 (0.3607%)
Round=14, per client personal perf=[0.9338, 0.9725, 0.902, 0.9357, 0.8124, 0.9727, 0.8926, 0.9181, 0.9414, 0.949], mean perf=18475/20016 (0.9230%)
Round=14, per client personal pooled=[0.2172, 0.3797, 0.2093, 0.2252, 0.4068, 0.2966, 0.3621, 0.3471, 0.4166, 0.2092], mean perf=61443/200160 (0.3070%)
Mean performance of ditto rpdp global, Perf=0.2804, seed=43
Mean performance of ditto rpdp personal, Perf=0.8876, seed=43
Mean performance of ditto rpdp pooled, Perf=0.3300, seed=43
Finished seed 43
----------------------------------------
Running seed 44
/Users/shegao_t1/DP_Research/Personal_DP_Personal_FL/rpdp_fl/experiments/datasets/fed_mnist/niid_10_2way_3000shot

Client 0 label distribution:
[(5, 1996), (6, 1964)]

Client 1 label distribution:
[(7, 1995), (9, 1965)]

Client 2 label distribution:
[(0, 1983), (8, 1977)]

Client 3 label distribution:
[(2, 1954), (9, 1972)]

Client 4 label distribution:
[(2, 1973), (3, 1959)]

Client 5 label distribution:
[(4, 2007), (6, 1898)]

Client 6 label distribution:
[(4, 1761), (8, 1996)]

Client 7 label distribution:
[(0, 1989), (1, 1920)]

Client 8 label distribution:
[(1, 1984), (5, 1593)]

Client 9 label distribution:
[(3, 1988), (7, 1972)]
Client 0: avg epsilon = 1.0000
Client 1: avg epsilon = 5.0000
Client 2: avg epsilon = 2.5463
Client 3: avg epsilon = 2.5612
Client 4: avg epsilon = 0.3158
Client 5: avg epsilon = 1.9659
Client 6: avg epsilon = 3.1251
Client 7: avg epsilon = 0.1000
Client 8: avg epsilon = 0.5008
Client 9: avg epsilon = 2.9919
 We run FedAvg with rPDP (ThreeLevels-0) ...
max_epsilon :  10.0  noise_multiplier :  9.736328125
The R-Squared value of the best-fit curve : 0.999749898528281
learning rate =  0.01
sample_rate: (min) 0.16, (max) 0.16, expected_batch_size: 626
sample_rate: (min) 0.61, (max) 0.61, expected_batch_size: 2402
sample_rate: (min) 0.03, (max) 0.61, expected_batch_size: 1249
sample_rate: (min) 0.03, (max) 0.61, expected_batch_size: 1245
sample_rate: (min) 0.03, (max) 0.16, expected_batch_size: 224
sample_rate: (min) 0.16, (max) 0.61, expected_batch_size: 1040
sample_rate: (min) 0.16, (max) 0.61, expected_batch_size: 1489
sample_rate: (min) 0.03, (max) 0.03, expected_batch_size: 98
sample_rate: (min) 0.03, (max) 0.16, expected_batch_size: 301
sample_rate: (min) 0.16, (max) 0.61, expected_batch_size: 1510
initial privacy cost of all clients:  [0, 0, 0, 0, 0, 0, 0, 0, 0, 0]
Round=0
Round=1
Round=2
Round=3
Round=4
Round=5
Round=6
Round=7
Round=8
Round=9
Round=10
Round=11
Round=12
Round=13
Round=14
current privacy cost of all clients:  [0.7482516858029494, 4.510367153745826, 3.8048372549984366, 2.1521425035466386, 0.8300921245073416, 3.0541598033886133, 2.8039339861853394, 0.06629602355155903, 0.5558558712260362, 3.554611437795162]
Round=14, per client global perf=[0.0132, 0.3995, 0.5049, 0.0, 0.0247, 0.0119, 0.5181, 0.002, 0.0, 0.4132], mean perf=3796/20016 (0.1896%)
Round=14, per client personal perf=[0.9765, 0.9598, 0.9328, 0.9323, 0.8791, 0.9771, 0.8636, 0.9593, 0.9669, 0.9392], mean perf=18790/20016 (0.9387%)
Round=14, per client personal pooled=[0.283, 0.4458, 0.4972, 0.3567, 0.3844, 0.3348, 0.4665, 0.2985, 0.3284, 0.4266], mean perf=76500/200160 (0.3822%)
Mean performance of ditto rpdp global, Perf=0.3312, seed=44
Mean performance of ditto rpdp personal, Perf=0.9377, seed=44
Mean performance of ditto rpdp pooled, Perf=0.3463, seed=44
Finished seed 44
----------------------------------------
Running seed 45
/Users/shegao_t1/DP_Research/Personal_DP_Personal_FL/rpdp_fl/experiments/datasets/fed_mnist/niid_10_2way_3000shot

Client 0 label distribution:
[(5, 1996), (6, 1964)]

Client 1 label distribution:
[(7, 1995), (9, 1965)]

Client 2 label distribution:
[(0, 1983), (8, 1977)]

Client 3 label distribution:
[(2, 1954), (9, 1972)]

Client 4 label distribution:
[(2, 1973), (3, 1959)]

Client 5 label distribution:
[(4, 2007), (6, 1898)]

Client 6 label distribution:
[(4, 1761), (8, 1996)]

Client 7 label distribution:
[(0, 1989), (1, 1920)]

Client 8 label distribution:
[(1, 1984), (5, 1593)]

Client 9 label distribution:
[(3, 1988), (7, 1972)]
Client 0: avg epsilon = 1.0000
Client 1: avg epsilon = 5.0000
Client 2: avg epsilon = 2.5463
Client 3: avg epsilon = 2.5612
Client 4: avg epsilon = 0.3158
Client 5: avg epsilon = 1.9659
Client 6: avg epsilon = 3.1251
Client 7: avg epsilon = 0.1000
Client 8: avg epsilon = 0.5008
Client 9: avg epsilon = 2.9919
 We run FedAvg with rPDP (ThreeLevels-0) ...
max_epsilon :  10.0  noise_multiplier :  9.736328125
The R-Squared value of the best-fit curve : 0.999749898528281
learning rate =  0.01
sample_rate: (min) 0.16, (max) 0.16, expected_batch_size: 626
sample_rate: (min) 0.61, (max) 0.61, expected_batch_size: 2402
sample_rate: (min) 0.03, (max) 0.61, expected_batch_size: 1249
sample_rate: (min) 0.03, (max) 0.61, expected_batch_size: 1245
sample_rate: (min) 0.03, (max) 0.16, expected_batch_size: 224
sample_rate: (min) 0.16, (max) 0.61, expected_batch_size: 1040
sample_rate: (min) 0.16, (max) 0.61, expected_batch_size: 1489
sample_rate: (min) 0.03, (max) 0.03, expected_batch_size: 98
sample_rate: (min) 0.03, (max) 0.16, expected_batch_size: 301
sample_rate: (min) 0.16, (max) 0.61, expected_batch_size: 1510
initial privacy cost of all clients:  [0, 0, 0, 0, 0, 0, 0, 0, 0, 0]
Round=0
Round=1
Round=2
Round=3
Round=4
Round=5
Round=6
Round=7
Round=8
Round=9
Round=10
Round=11
Round=12
Round=13
Round=14
current privacy cost of all clients:  [0.7046321452486275, 3.554611437795162, 3.3043856205918876, 2.502378074621252, 0.7046321452486275, 4.055063072201711, 3.554611437795162, 0.05997229379927632, 0.7482516858029494, 4.055063072201711]
Round=14, per client global perf=[0.7505, 0.4402, 0.5451, 0.0257, 0.0656, 0.8987, 0.9251, 0.1892, 0.4165, 0.4672], mean perf=9428/20016 (0.4710%)
Round=14, per client personal perf=[0.975, 0.9696, 0.925, 0.8957, 0.8717, 0.9677, 0.9411, 0.9394, 0.9631, 0.9539], mean perf=18816/20016 (0.9400%)
Round=14, per client personal pooled=[0.4023, 0.398, 0.4498, 0.4298, 0.3975, 0.4441, 0.3768, 0.5152, 0.5411, 0.3937], mean perf=87035/200160 (0.4348%)
Mean performance of ditto rpdp global, Perf=0.5004, seed=45
Mean performance of ditto rpdp personal, Perf=0.9312, seed=45
Mean performance of ditto rpdp pooled, Perf=0.4450, seed=45
Finished seed 45
----------------------------------------
Running seed 46
/Users/shegao_t1/DP_Research/Personal_DP_Personal_FL/rpdp_fl/experiments/datasets/fed_mnist/niid_10_2way_3000shot

Client 0 label distribution:
[(5, 1996), (6, 1964)]

Client 1 label distribution:
[(7, 1995), (9, 1965)]

Client 2 label distribution:
[(0, 1983), (8, 1977)]

Client 3 label distribution:
[(2, 1954), (9, 1972)]

Client 4 label distribution:
[(2, 1973), (3, 1959)]

Client 5 label distribution:
[(4, 2007), (6, 1898)]

Client 6 label distribution:
[(4, 1761), (8, 1996)]

Client 7 label distribution:
[(0, 1989), (1, 1920)]

Client 8 label distribution:
[(1, 1984), (5, 1593)]

Client 9 label distribution:
[(3, 1988), (7, 1972)]
Client 0: avg epsilon = 1.0000
Client 1: avg epsilon = 5.0000
Client 2: avg epsilon = 2.5463
Client 3: avg epsilon = 2.5612
Client 4: avg epsilon = 0.3158
Client 5: avg epsilon = 1.9659
Client 6: avg epsilon = 3.1251
Client 7: avg epsilon = 0.1000
Client 8: avg epsilon = 0.5008
Client 9: avg epsilon = 2.9919
 We run FedAvg with rPDP (ThreeLevels-0) ...
max_epsilon :  10.0  noise_multiplier :  9.736328125
The R-Squared value of the best-fit curve : 0.999749898528281
learning rate =  0.01
sample_rate: (min) 0.16, (max) 0.16, expected_batch_size: 626
sample_rate: (min) 0.61, (max) 0.61, expected_batch_size: 2402
sample_rate: (min) 0.03, (max) 0.61, expected_batch_size: 1249
sample_rate: (min) 0.03, (max) 0.61, expected_batch_size: 1245
sample_rate: (min) 0.03, (max) 0.16, expected_batch_size: 224
sample_rate: (min) 0.16, (max) 0.61, expected_batch_size: 1040
sample_rate: (min) 0.16, (max) 0.61, expected_batch_size: 1489
sample_rate: (min) 0.03, (max) 0.03, expected_batch_size: 98
sample_rate: (min) 0.03, (max) 0.16, expected_batch_size: 301
sample_rate: (min) 0.16, (max) 0.61, expected_batch_size: 1510
initial privacy cost of all clients:  [0, 0, 0, 0, 0, 0, 0, 0, 0, 0]
Round=0
Round=1
Round=2
Round=3
Round=4
Round=5
Round=6
Round=7
Round=8
Round=9
Round=10
Round=11
Round=12
Round=13
Round=14
current privacy cost of all clients:  [0.6583580204409699, 3.8048372549984366, 3.3043856205918876, 3.554611437795162, 0.6583580204409699, 3.554611437795162, 3.554611437795162, 0.09280122601357536, 0.7915678459669535, 3.554611437795162]
Round=14, per client global perf=[0.4299, 0.9593, 0.1397, 0.5161, 0.3026, 0.4332, 0.1255, 0.1857, 0.1773, 0.775], mean perf=8173/20016 (0.4083%)
Round=14, per client personal perf=[0.9627, 0.9676, 0.8525, 0.9303, 0.8781, 0.9613, 0.9556, 0.9394, 0.962, 0.9475], mean perf=18722/20016 (0.9354%)
Round=14, per client personal pooled=[0.2982, 0.3213, 0.3252, 0.2262, 0.4517, 0.3499, 0.2269, 0.3094, 0.2589, 0.4167], mean perf=63736/200160 (0.3184%)
Mean performance of ditto rpdp global, Perf=0.3330, seed=46
Mean performance of ditto rpdp personal, Perf=0.9361, seed=46
Mean performance of ditto rpdp pooled, Perf=0.3053, seed=46
Finished seed 46
----------------------------------------
All runs complete.
