PARAMS: dataset=heart_disease, gpu=0, data_type=niid_10_5, num_steps=30
=== Running reg_param=0 ===
Running seed 42
learning rate =  0.005
Round=0
Round=1
Round=2
Round=3
Round=4
Round=5
Round=6
Round=7
Round=8
Round=9
Round=10
Round=11
Round=12
Round=13
Round=14
Round=14, per client global perf=[0.7692, 0.764, 0.625, 0.5778], mean perf=184/254 (0.7244%)
Round=14, per client personal perf=[0.7308, 0.7416, 0.9375, 0.7333], mean perf=190/254 (0.7480%)
Round=14, per client personal pooled=[0.7205, 0.685, 0.5157, 0.5591], mean perf=630/1016 (0.6201%)
All rounds performance of vanilla ditto global, Perf=[0.626, 0.6535, 0.6732, 0.6929, 0.6929, 0.689, 0.7008, 0.6969, 0.7087, 0.7205, 0.7283, 0.7244, 0.7205, 0.7205, 0.7244]
Mean performance of vanilla ditto global, Perf=0.7218
All rounds performance of vanilla ditto personal, Perf=[0.685, 0.7205, 0.752, 0.752, 0.748, 0.7402, 0.7559, 0.7559, 0.7559, 0.752, 0.7441, 0.752, 0.752, 0.748, 0.748]
Mean performance of vanilla ditto personal, Perf=0.7493
All rounds performance of vanilla ditto pooled, Perf=[0.6447, 0.6486, 0.6486, 0.6398, 0.6368, 0.6299, 0.6329, 0.6319, 0.626, 0.627, 0.623, 0.626, 0.622, 0.6201, 0.6201]
Mean performance of vanilla ditto pooled, Perf=0.6207
Finished seed 42
----------------------------------------
=== Running reg_param=0.001 ===
Running seed 42
learning rate =  0.005
Round=0
Round=1
Round=2
Round=3
Round=4
Round=5
Round=6
Round=7
Round=8
Round=9
Round=10
Round=11
Round=12
Round=13
Round=14
Round=14, per client global perf=[0.7692, 0.764, 0.625, 0.5778], mean perf=184/254 (0.7244%)
Round=14, per client personal perf=[0.7308, 0.7416, 0.9375, 0.7333], mean perf=190/254 (0.7480%)
Round=14, per client personal pooled=[0.7205, 0.685, 0.5157, 0.5591], mean perf=630/1016 (0.6201%)
All rounds performance of vanilla ditto global, Perf=[0.626, 0.6535, 0.6732, 0.6929, 0.6929, 0.689, 0.7008, 0.6969, 0.7087, 0.7205, 0.7283, 0.7244, 0.7205, 0.7205, 0.7244]
Mean performance of vanilla ditto global, Perf=0.7218
All rounds performance of vanilla ditto personal, Perf=[0.685, 0.7205, 0.752, 0.752, 0.748, 0.7402, 0.7559, 0.7559, 0.7559, 0.752, 0.7441, 0.752, 0.7559, 0.752, 0.748]
Mean performance of vanilla ditto personal, Perf=0.7520
All rounds performance of vanilla ditto pooled, Perf=[0.6447, 0.6486, 0.6486, 0.6398, 0.6378, 0.6299, 0.6329, 0.6319, 0.626, 0.626, 0.624, 0.626, 0.623, 0.6211, 0.6201]
Mean performance of vanilla ditto pooled, Perf=0.6214
Finished seed 42
----------------------------------------
=== Running reg_param=0.01 ===
Running seed 42
learning rate =  0.005
Round=0
Round=1
Round=2
Round=3
Round=4
Round=5
Round=6
Round=7
Round=8
Round=9
Round=10
Round=11
Round=12
Round=13
Round=14
Round=14, per client global perf=[0.7692, 0.764, 0.625, 0.5778], mean perf=184/254 (0.7244%)
Round=14, per client personal perf=[0.7308, 0.7528, 0.9375, 0.7556], mean perf=192/254 (0.7559%)
Round=14, per client personal pooled=[0.7205, 0.689, 0.5157, 0.5669], mean perf=633/1016 (0.6230%)
All rounds performance of vanilla ditto global, Perf=[0.626, 0.6535, 0.6732, 0.6929, 0.6929, 0.689, 0.7008, 0.6969, 0.7087, 0.7205, 0.7283, 0.7244, 0.7205, 0.7205, 0.7244]
Mean performance of vanilla ditto global, Perf=0.7218
All rounds performance of vanilla ditto personal, Perf=[0.685, 0.7205, 0.752, 0.7559, 0.752, 0.748, 0.7559, 0.7559, 0.7559, 0.752, 0.748, 0.752, 0.7559, 0.7559, 0.7559]
Mean performance of vanilla ditto personal, Perf=0.7559
All rounds performance of vanilla ditto pooled, Perf=[0.6447, 0.6486, 0.6506, 0.6417, 0.6398, 0.6319, 0.6329, 0.6319, 0.6289, 0.627, 0.624, 0.624, 0.625, 0.623, 0.623]
Mean performance of vanilla ditto pooled, Perf=0.6237
Finished seed 42
----------------------------------------
=== Running reg_param=0.1 ===
Running seed 42
learning rate =  0.005
Round=0
Round=1
Round=2
Round=3
Round=4
Round=5
Round=6
Round=7
Round=8
Round=9
Round=10
Round=11
Round=12
Round=13
Round=14
Round=14, per client global perf=[0.7692, 0.764, 0.625, 0.5778], mean perf=184/254 (0.7244%)
Round=14, per client personal perf=[0.75, 0.7528, 0.9375, 0.7556], mean perf=194/254 (0.7638%)
Round=14, per client personal pooled=[0.7244, 0.6969, 0.5157, 0.6063], mean perf=646/1016 (0.6358%)
All rounds performance of vanilla ditto global, Perf=[0.626, 0.6535, 0.6732, 0.6929, 0.6929, 0.689, 0.7008, 0.6969, 0.7087, 0.7205, 0.7283, 0.7244, 0.7205, 0.7205, 0.7244]
Mean performance of vanilla ditto global, Perf=0.7218
All rounds performance of vanilla ditto personal, Perf=[0.685, 0.7165, 0.7441, 0.7598, 0.7559, 0.7598, 0.7677, 0.7598, 0.7598, 0.7598, 0.7598, 0.7598, 0.7638, 0.7638, 0.7638]
Mean performance of vanilla ditto personal, Perf=0.7638
All rounds performance of vanilla ditto pooled, Perf=[0.6437, 0.6476, 0.6535, 0.6486, 0.6417, 0.6407, 0.6417, 0.6358, 0.6378, 0.6348, 0.6329, 0.6348, 0.6329, 0.6329, 0.6358]
Mean performance of vanilla ditto pooled, Perf=0.6339
Finished seed 42
----------------------------------------
=== Running reg_param=1.0 ===
Running seed 42
learning rate =  0.005
Round=0
Round=1
Round=2
Round=3
Round=4
Round=5
Round=6
Round=7
Round=8
Round=9
Round=10
Round=11
Round=12
Round=13
Round=14
Round=14, per client global perf=[0.7692, 0.764, 0.625, 0.5778], mean perf=184/254 (0.7244%)
Round=14, per client personal perf=[0.7692, 0.7865, 0.75, 0.6667], mean perf=192/254 (0.7559%)
Round=14, per client personal pooled=[0.7244, 0.7323, 0.7047, 0.7087], mean perf=729/1016 (0.7175%)
All rounds performance of vanilla ditto global, Perf=[0.626, 0.6535, 0.6732, 0.6929, 0.6929, 0.689, 0.7008, 0.6969, 0.7087, 0.7205, 0.7283, 0.7244, 0.7205, 0.7205, 0.7244]
Mean performance of vanilla ditto global, Perf=0.7218
All rounds performance of vanilla ditto personal, Perf=[0.689, 0.7205, 0.7205, 0.7323, 0.7323, 0.7283, 0.7323, 0.7283, 0.7283, 0.7283, 0.7283, 0.748, 0.748, 0.748, 0.7559]
Mean performance of vanilla ditto personal, Perf=0.7506
All rounds performance of vanilla ditto pooled, Perf=[0.6447, 0.6673, 0.6713, 0.6831, 0.685, 0.6939, 0.6988, 0.7028, 0.7077, 0.7106, 0.7146, 0.7224, 0.7175, 0.7195, 0.7175]
Mean performance of vanilla ditto pooled, Perf=0.7182
Finished seed 42
----------------------------------------
=== Running reg_param=5 ===
Running seed 42
learning rate =  0.005
Round=0
Round=1
Round=2
Round=3
Round=4
Round=5
Round=6
Round=7
Round=8
Round=9
Round=10
Round=11
Round=12
Round=13
Round=14
Round=14, per client global perf=[0.7692, 0.764, 0.625, 0.5778], mean perf=184/254 (0.7244%)
Round=14, per client personal perf=[0.7692, 0.7416, 0.625, 0.6], mean perf=183/254 (0.7205%)
Round=14, per client personal pooled=[0.7244, 0.7165, 0.7323, 0.7165], mean perf=734/1016 (0.7224%)
All rounds performance of vanilla ditto global, Perf=[0.626, 0.6535, 0.6732, 0.6929, 0.6929, 0.689, 0.7008, 0.6969, 0.7087, 0.7205, 0.7283, 0.7244, 0.7205, 0.7205, 0.7244]
Mean performance of vanilla ditto global, Perf=0.7218
All rounds performance of vanilla ditto personal, Perf=[0.6299, 0.6693, 0.6811, 0.7008, 0.7047, 0.7008, 0.7008, 0.7047, 0.7087, 0.7165, 0.7244, 0.7283, 0.7323, 0.7244, 0.7205]
Mean performance of vanilla ditto personal, Perf=0.7257
All rounds performance of vanilla ditto pooled, Perf=[0.6112, 0.6457, 0.6644, 0.6841, 0.6959, 0.6998, 0.7018, 0.7028, 0.7057, 0.7146, 0.7175, 0.7205, 0.7224, 0.7224, 0.7224]
Mean performance of vanilla ditto pooled, Perf=0.7224
Finished seed 42
----------------------------------------
=== Running reg_param=10 ===
Running seed 42
learning rate =  0.005
Round=0
Round=1
Round=2
Round=3
Round=4
Round=5
Round=6
Round=7
Round=8
Round=9
Round=10
Round=11
Round=12
Round=13
Round=14
Round=14, per client global perf=[0.7692, 0.764, 0.625, 0.5778], mean perf=184/254 (0.7244%)
Round=14, per client personal perf=[0.7596, 0.764, 0.625, 0.6], mean perf=184/254 (0.7244%)
Round=14, per client personal pooled=[0.7244, 0.7244, 0.7205, 0.7165], mean perf=733/1016 (0.7215%)
All rounds performance of vanilla ditto global, Perf=[0.626, 0.6535, 0.6732, 0.6929, 0.6929, 0.689, 0.7008, 0.6969, 0.7087, 0.7205, 0.7283, 0.7244, 0.7205, 0.7205, 0.7244]
Mean performance of vanilla ditto global, Perf=0.7218
All rounds performance of vanilla ditto personal, Perf=[0.6102, 0.6496, 0.6693, 0.689, 0.7047, 0.6969, 0.6929, 0.7008, 0.7008, 0.7126, 0.7244, 0.7244, 0.7244, 0.7283, 0.7244]
Mean performance of vanilla ditto personal, Perf=0.7257
All rounds performance of vanilla ditto pooled, Perf=[0.6024, 0.6378, 0.6575, 0.686, 0.6969, 0.6939, 0.6978, 0.6978, 0.7018, 0.7087, 0.7195, 0.7224, 0.7244, 0.7254, 0.7215]
Mean performance of vanilla ditto pooled, Perf=0.7238
Finished seed 42
----------------------------------------
=== Running reg_param=15 ===
Running seed 42
learning rate =  0.005
Round=0
Round=1
Round=2
Round=3
Round=4
Round=5
Round=6
Round=7
Round=8
Round=9
Round=10
Round=11
Round=12
Round=13
Round=14
Round=14, per client global perf=[0.7692, 0.764, 0.625, 0.5778], mean perf=184/254 (0.7244%)
Round=14, per client personal perf=[0.7596, 0.764, 0.625, 0.5778], mean perf=183/254 (0.7205%)
Round=14, per client personal pooled=[0.7205, 0.7244, 0.7244, 0.7205], mean perf=734/1016 (0.7224%)
All rounds performance of vanilla ditto global, Perf=[0.626, 0.6535, 0.6732, 0.6929, 0.6929, 0.689, 0.7008, 0.6969, 0.7087, 0.7205, 0.7283, 0.7244, 0.7205, 0.7205, 0.7244]
Mean performance of vanilla ditto global, Perf=0.7218
All rounds performance of vanilla ditto personal, Perf=[0.6063, 0.6339, 0.6496, 0.685, 0.7008, 0.6969, 0.6929, 0.7008, 0.6969, 0.7087, 0.7205, 0.7244, 0.7205, 0.7244, 0.7205]
Mean performance of vanilla ditto personal, Perf=0.7218
All rounds performance of vanilla ditto pooled, Perf=[0.5994, 0.6289, 0.6506, 0.686, 0.6949, 0.6959, 0.6939, 0.6978, 0.6978, 0.7057, 0.7175, 0.7215, 0.7234, 0.7224, 0.7224]
Mean performance of vanilla ditto pooled, Perf=0.7227
Finished seed 42
----------------------------------------
=== Running reg_param=20 ===
Running seed 42
learning rate =  0.005
Round=0
Round=1
Round=2
Round=3
Round=4
Round=5
Round=6
Round=7
Round=8
Round=9
Round=10
Round=11
Round=12
Round=13
Round=14
Round=14, per client global perf=[0.7692, 0.764, 0.625, 0.5778], mean perf=184/254 (0.7244%)
Round=14, per client personal perf=[0.7596, 0.764, 0.625, 0.5778], mean perf=183/254 (0.7205%)
Round=14, per client personal pooled=[0.7205, 0.7244, 0.7244, 0.7244], mean perf=735/1016 (0.7234%)
All rounds performance of vanilla ditto global, Perf=[0.626, 0.6535, 0.6732, 0.6929, 0.6929, 0.689, 0.7008, 0.6969, 0.7087, 0.7205, 0.7283, 0.7244, 0.7205, 0.7205, 0.7244]
Mean performance of vanilla ditto global, Perf=0.7218
All rounds performance of vanilla ditto personal, Perf=[0.6024, 0.626, 0.6535, 0.685, 0.6969, 0.7008, 0.689, 0.7008, 0.6969, 0.7087, 0.7205, 0.7244, 0.7205, 0.7205, 0.7205]
Mean performance of vanilla ditto personal, Perf=0.7205
All rounds performance of vanilla ditto pooled, Perf=[0.5974, 0.626, 0.6486, 0.6821, 0.6939, 0.6988, 0.69, 0.6988, 0.6978, 0.7067, 0.7165, 0.7224, 0.7224, 0.7215, 0.7234]
Mean performance of vanilla ditto pooled, Perf=0.7224
Finished seed 42
----------------------------------------
All runs complete.
