PARAMS: dataset=cifar10, gpu=0, data_type=iid_10
=== Running reg_param=0, num_steps=15 ===
Running seed 42
/Users/shegao_t1/DP_Research/Personal_DP_Personal_FL/rpdp_fl/experiments/datasets/fed_cifar10/iid_10
 We run FedAvg with rPDP (ThreeLevels-0) ...
max_epsilon :  10.0  noise_multiplier :  11.4404296875
The R-Squared value of the best-fit curve : 0.9998649040687166
learning rate =  0.001
sample_rate: (min) 0.03, (max) 0.6, expected_batch_size: 357
sample_rate: (min) 0.03, (max) 0.6, expected_batch_size: 357
sample_rate: (min) 0.03, (max) 0.6, expected_batch_size: 357
sample_rate: (min) 0.03, (max) 0.6, expected_batch_size: 357
sample_rate: (min) 0.03, (max) 0.6, expected_batch_size: 357
sample_rate: (min) 0.03, (max) 0.6, expected_batch_size: 357
sample_rate: (min) 0.03, (max) 0.6, expected_batch_size: 357
sample_rate: (min) 0.03, (max) 0.6, expected_batch_size: 357
sample_rate: (min) 0.03, (max) 0.6, expected_batch_size: 357
sample_rate: (min) 0.03, (max) 0.6, expected_batch_size: 357
initial privacy cost of all clients:  [0, 0, 0, 0, 0, 0, 0, 0, 0, 0]
Round=0
Round=1
Round=2
Round=3
Round=4
Round=5
Round=6
Round=7
Round=8
Round=9
Round=10
Round=11
Round=12
Round=13
Round=14
current privacy cost of all clients:  [4.896127762871594, 4.179701435149603, 3.940892659242272, 4.418510211056934, 4.896127762871594, 4.418510211056934, 4.896127762871594, 5.10082093327143, 4.896127762871594, 4.657318986964264]
Round=14, per client global perf=[0.2594, 0.2576, 0.2565, 0.2518, 0.2718, 0.2429, 0.27, 0.2435, 0.2624, 0.2465], mean perf=4356/17000 (0.2562%)
Round=14, per client personal perf=[0.1471, 0.1624, 0.2029, 0.1547, 0.1741, 0.1435, 0.1976, 0.2053, 0.2082, 0.2259], mean perf=3097/17000 (0.1822%)
Round=14, per client personal pooled=[0.1412, 0.1728, 0.2054, 0.1474, 0.1674, 0.1514, 0.1835, 0.1916, 0.2239, 0.2158], mean perf=30606/170000 (0.1800%)
Mean performance of ditto rpdp global, Perf=0.2542
Mean performance of ditto rpdp personal, Perf=0.1808
Mean performance of ditto rpdp pooled, Perf=0.1817
 We run FedAvg with rPDP (BoundedPareto-0) ...
max_epsilon :  10.0  noise_multiplier :  11.4404296875
The R-Squared value of the best-fit curve : 0.9998649040687166
learning rate =  0.001
sample_rate: (min) 0.03, (max) 0.76, expected_batch_size: 237
sample_rate: (min) 0.03, (max) 0.69, expected_batch_size: 237
sample_rate: (min) 0.03, (max) 0.61, expected_batch_size: 228
sample_rate: (min) 0.03, (max) 0.74, expected_batch_size: 241
sample_rate: (min) 0.03, (max) 1.0, expected_batch_size: 239
sample_rate: (min) 0.03, (max) 0.9, expected_batch_size: 245
sample_rate: (min) 0.03, (max) 0.94, expected_batch_size: 246
sample_rate: (min) 0.03, (max) 0.66, expected_batch_size: 237
sample_rate: (min) 0.03, (max) 0.75, expected_batch_size: 231
sample_rate: (min) 0.03, (max) 0.77, expected_batch_size: 240
initial privacy cost of all clients:  [0, 0, 0, 0, 0, 0, 0, 0, 0, 0]
Round=0
Round=1
Round=2
Round=3
Round=4
Round=5
Round=6
Round=7
Round=8
Round=9
Round=10
Round=11
Round=12
Round=13
Round=14
current privacy cost of all clients:  [6.475577822532757, 5.053529458090689, 3.988259716497166, 5.6934623426711335, 9.423730276459942, 7.271435994745377, 8.697168391539048, 5.65126638594129, 6.3454368281792135, 6.2776638519183825]
Round=14, per client global perf=[0.2194, 0.2224, 0.2276, 0.2147, 0.23, 0.2059, 0.2224, 0.2147, 0.21, 0.2135], mean perf=3707/17000 (0.2181%)
Round=14, per client personal perf=[0.24, 0.1824, 0.1729, 0.2059, 0.1888, 0.2041, 0.2341, 0.2035, 0.2118, 0.1765], mean perf=3434/17000 (0.2020%)
Round=14, per client personal pooled=[0.2292, 0.1791, 0.1782, 0.2178, 0.2073, 0.2041, 0.21, 0.1992, 0.2114, 0.1516], mean perf=33794/170000 (0.1988%)
Mean performance of ditto rpdp global, Perf=0.2170
Mean performance of ditto rpdp personal, Perf=0.1853
Mean performance of ditto rpdp pooled, Perf=0.1849
 We run FedAvg with rPDP (BoundedMixGauss-0) ...
max_epsilon :  10.0  noise_multiplier :  11.4404296875
The R-Squared value of the best-fit curve : 0.9998649040687166
learning rate =  0.001
sample_rate: (min) 0.03, (max) 0.71, expected_batch_size: 340
sample_rate: (min) 0.03, (max) 0.73, expected_batch_size: 355
sample_rate: (min) 0.03, (max) 0.8, expected_batch_size: 390
sample_rate: (min) 0.03, (max) 0.72, expected_batch_size: 336
sample_rate: (min) 0.03, (max) 0.72, expected_batch_size: 363
sample_rate: (min) 0.03, (max) 0.72, expected_batch_size: 359
sample_rate: (min) 0.03, (max) 0.75, expected_batch_size: 370
sample_rate: (min) 0.03, (max) 0.72, expected_batch_size: 365
sample_rate: (min) 0.03, (max) 0.73, expected_batch_size: 363
sample_rate: (min) 0.03, (max) 0.73, expected_batch_size: 377
initial privacy cost of all clients:  [0, 0, 0, 0, 0, 0, 0, 0, 0, 0]
Round=0
Round=1
Round=2
Round=3
Round=4
Round=5
Round=6
Round=7
Round=8
Round=9
Round=10
Round=11
Round=12
Round=13
Round=14
current privacy cost of all clients:  [5.955859716588246, 5.375078577482315, 5.618769160980146, 5.54840370603421, 6.0424047874777695, 5.538273804822448, 6.280500539631439, 6.317522527715044, 6.15893065677841, 5.89485961691831]
Round=14, per client global perf=[0.2612, 0.2559, 0.2447, 0.2588, 0.2765, 0.2418, 0.2694, 0.2435, 0.2641, 0.2594], mean perf=4378/17000 (0.2575%)
Round=14, per client personal perf=[0.1882, 0.1688, 0.2088, 0.1776, 0.1947, 0.1959, 0.1747, 0.2041, 0.25, 0.2147], mean perf=3362/17000 (0.1978%)
Round=14, per client personal pooled=[0.1841, 0.1805, 0.2086, 0.1884, 0.1854, 0.1981, 0.1732, 0.2077, 0.2508, 0.2002], mean perf=33607/170000 (0.1977%)
Mean performance of ditto rpdp global, Perf=0.2552
Mean performance of ditto rpdp personal, Perf=0.1893
Mean performance of ditto rpdp pooled, Perf=0.1872
Finished seed 42
----------------------------------------
=== Running reg_param=0, num_steps=30 ===
Running seed 42
/Users/shegao_t1/DP_Research/Personal_DP_Personal_FL/rpdp_fl/experiments/datasets/fed_cifar10/iid_10
 We run FedAvg with rPDP (ThreeLevels-0) ...
max_epsilon :  10.0  noise_multiplier :  11.4404296875
The R-Squared value of the best-fit curve : 0.9998649040687166
learning rate =  0.001
sample_rate: (min) 0.03, (max) 0.6, expected_batch_size: 357
sample_rate: (min) 0.03, (max) 0.6, expected_batch_size: 357
sample_rate: (min) 0.03, (max) 0.6, expected_batch_size: 357
sample_rate: (min) 0.03, (max) 0.6, expected_batch_size: 357
sample_rate: (min) 0.03, (max) 0.6, expected_batch_size: 357
sample_rate: (min) 0.03, (max) 0.6, expected_batch_size: 357
sample_rate: (min) 0.03, (max) 0.6, expected_batch_size: 357
sample_rate: (min) 0.03, (max) 0.6, expected_batch_size: 357
sample_rate: (min) 0.03, (max) 0.6, expected_batch_size: 357
sample_rate: (min) 0.03, (max) 0.6, expected_batch_size: 357
initial privacy cost of all clients:  [0, 0, 0, 0, 0, 0, 0, 0, 0, 0]
Round=0
Round=1
Round=2
Round=3
Round=4
Round=5
Round=6
Round=7
Round=8
Round=9
Round=10
Round=11
Round=12
Round=13
Round=14
current privacy cost of all clients:  [4.896127762871594, 4.179701435149603, 3.940892659242272, 4.418510211056934, 4.896127762871594, 4.418510211056934, 4.896127762871594, 5.10082093327143, 4.896127762871594, 4.657318986964264]
Round=14, per client global perf=[0.2594, 0.2576, 0.2565, 0.2518, 0.2718, 0.2429, 0.27, 0.2435, 0.2624, 0.2465], mean perf=4356/17000 (0.2562%)
Round=14, per client personal perf=[0.3247, 0.28, 0.2329, 0.2647, 0.3059, 0.2671, 0.3347, 0.3171, 0.3024, 0.3176], mean perf=5010/17000 (0.2947%)
Round=14, per client personal pooled=[0.3294, 0.2936, 0.2275, 0.2639, 0.3067, 0.2612, 0.3176, 0.3322, 0.3059, 0.3041], mean perf=50017/170000 (0.2942%)
Mean performance of ditto rpdp global, Perf=0.2542
Mean performance of ditto rpdp personal, Perf=0.2697
Mean performance of ditto rpdp pooled, Perf=0.2687
 We run FedAvg with rPDP (BoundedPareto-0) ...
max_epsilon :  10.0  noise_multiplier :  11.4404296875
The R-Squared value of the best-fit curve : 0.9998649040687166
learning rate =  0.001
sample_rate: (min) 0.03, (max) 0.76, expected_batch_size: 237
sample_rate: (min) 0.03, (max) 0.69, expected_batch_size: 237
sample_rate: (min) 0.03, (max) 0.61, expected_batch_size: 228
sample_rate: (min) 0.03, (max) 0.74, expected_batch_size: 241
sample_rate: (min) 0.03, (max) 1.0, expected_batch_size: 239
sample_rate: (min) 0.03, (max) 0.9, expected_batch_size: 245
sample_rate: (min) 0.03, (max) 0.94, expected_batch_size: 246
sample_rate: (min) 0.03, (max) 0.66, expected_batch_size: 237
sample_rate: (min) 0.03, (max) 0.75, expected_batch_size: 231
sample_rate: (min) 0.03, (max) 0.77, expected_batch_size: 240
initial privacy cost of all clients:  [0, 0, 0, 0, 0, 0, 0, 0, 0, 0]
Round=0
Round=1
Round=2
Round=3
Round=4
Round=5
Round=6
Round=7
Round=8
Round=9
Round=10
Round=11
Round=12
Round=13
Round=14
current privacy cost of all clients:  [6.475577822532757, 5.053529458090689, 3.988259716497166, 5.6934623426711335, 9.423730276459942, 7.271435994745377, 8.697168391539048, 5.65126638594129, 6.3454368281792135, 6.2776638519183825]
Round=14, per client global perf=[0.2194, 0.2224, 0.2276, 0.2147, 0.23, 0.2059, 0.2224, 0.2147, 0.21, 0.2135], mean perf=3707/17000 (0.2181%)
Round=14, per client personal perf=[0.3441, 0.2753, 0.2371, 0.2447, 0.36, 0.24, 0.2747, 0.2941, 0.2953, 0.2865], mean perf=4848/17000 (0.2852%)
Round=14, per client personal pooled=[0.3498, 0.267, 0.2308, 0.2522, 0.355, 0.2615, 0.2726, 0.3127, 0.2897, 0.2742], mean perf=48715/170000 (0.2866%)
Mean performance of ditto rpdp global, Perf=0.2170
Mean performance of ditto rpdp personal, Perf=0.2773
Mean performance of ditto rpdp pooled, Perf=0.2777
 We run FedAvg with rPDP (BoundedMixGauss-0) ...
max_epsilon :  10.0  noise_multiplier :  11.4404296875
The R-Squared value of the best-fit curve : 0.9998649040687166
learning rate =  0.001
sample_rate: (min) 0.03, (max) 0.71, expected_batch_size: 340
sample_rate: (min) 0.03, (max) 0.73, expected_batch_size: 355
sample_rate: (min) 0.03, (max) 0.8, expected_batch_size: 390
sample_rate: (min) 0.03, (max) 0.72, expected_batch_size: 336
sample_rate: (min) 0.03, (max) 0.72, expected_batch_size: 363
sample_rate: (min) 0.03, (max) 0.72, expected_batch_size: 359
sample_rate: (min) 0.03, (max) 0.75, expected_batch_size: 370
sample_rate: (min) 0.03, (max) 0.72, expected_batch_size: 365
sample_rate: (min) 0.03, (max) 0.73, expected_batch_size: 363
sample_rate: (min) 0.03, (max) 0.73, expected_batch_size: 377
initial privacy cost of all clients:  [0, 0, 0, 0, 0, 0, 0, 0, 0, 0]
Round=0
Round=1
Round=2
Round=3
Round=4
Round=5
Round=6
Round=7
Round=8
Round=9
Round=10
Round=11
Round=12
Round=13
Round=14
current privacy cost of all clients:  [5.955859716588246, 5.375078577482315, 5.618769160980146, 5.54840370603421, 6.0424047874777695, 5.538273804822448, 6.280500539631439, 6.317522527715044, 6.15893065677841, 5.89485961691831]
Round=14, per client global perf=[0.2612, 0.2559, 0.2447, 0.2588, 0.2765, 0.2418, 0.2694, 0.2435, 0.2641, 0.2594], mean perf=4378/17000 (0.2575%)
Round=14, per client personal perf=[0.3129, 0.2418, 0.1894, 0.2653, 0.3276, 0.2865, 0.3171, 0.2776, 0.3371, 0.3124], mean perf=4875/17000 (0.2868%)
Round=14, per client personal pooled=[0.3144, 0.2558, 0.1874, 0.2774, 0.326, 0.3028, 0.3091, 0.2855, 0.3458, 0.3015], mean perf=49396/170000 (0.2906%)
Mean performance of ditto rpdp global, Perf=0.2552
Mean performance of ditto rpdp personal, Perf=0.2670
Mean performance of ditto rpdp pooled, Perf=0.2697
Finished seed 42
----------------------------------------
=== Running reg_param=0.001, num_steps=15 ===
Running seed 42
/Users/shegao_t1/DP_Research/Personal_DP_Personal_FL/rpdp_fl/experiments/datasets/fed_cifar10/iid_10
 We run FedAvg with rPDP (ThreeLevels-0) ...
max_epsilon :  10.0  noise_multiplier :  11.4404296875
The R-Squared value of the best-fit curve : 0.9998649040687166
learning rate =  0.001
sample_rate: (min) 0.03, (max) 0.6, expected_batch_size: 357
sample_rate: (min) 0.03, (max) 0.6, expected_batch_size: 357
sample_rate: (min) 0.03, (max) 0.6, expected_batch_size: 357
sample_rate: (min) 0.03, (max) 0.6, expected_batch_size: 357
sample_rate: (min) 0.03, (max) 0.6, expected_batch_size: 357
sample_rate: (min) 0.03, (max) 0.6, expected_batch_size: 357
sample_rate: (min) 0.03, (max) 0.6, expected_batch_size: 357
sample_rate: (min) 0.03, (max) 0.6, expected_batch_size: 357
sample_rate: (min) 0.03, (max) 0.6, expected_batch_size: 357
sample_rate: (min) 0.03, (max) 0.6, expected_batch_size: 357
initial privacy cost of all clients:  [0, 0, 0, 0, 0, 0, 0, 0, 0, 0]
Round=0
Round=1
Round=2
Round=3
Round=4
Round=5
Round=6
Round=7
Round=8
Round=9
Round=10
Round=11
Round=12
Round=13
Round=14
current privacy cost of all clients:  [4.896127762871594, 4.179701435149603, 3.940892659242272, 4.418510211056934, 4.896127762871594, 4.418510211056934, 4.896127762871594, 5.10082093327143, 4.896127762871594, 4.657318986964264]
Round=14, per client global perf=[0.2594, 0.2576, 0.2565, 0.2518, 0.2718, 0.2429, 0.27, 0.2435, 0.2624, 0.2465], mean perf=4356/17000 (0.2562%)
Round=14, per client personal perf=[0.1341, 0.17, 0.1929, 0.1506, 0.1829, 0.1312, 0.1806, 0.2218, 0.18, 0.2259], mean perf=3009/17000 (0.1770%)
Round=14, per client personal pooled=[0.1296, 0.1827, 0.1874, 0.1453, 0.176, 0.1382, 0.1738, 0.2058, 0.1944, 0.2153], mean perf=29724/170000 (0.1748%)
Mean performance of ditto rpdp global, Perf=0.2542
Mean performance of ditto rpdp personal, Perf=0.1777
Mean performance of ditto rpdp pooled, Perf=0.1766
 We run FedAvg with rPDP (BoundedPareto-0) ...
max_epsilon :  10.0  noise_multiplier :  11.4404296875
The R-Squared value of the best-fit curve : 0.9998649040687166
learning rate =  0.001
sample_rate: (min) 0.03, (max) 0.76, expected_batch_size: 237
sample_rate: (min) 0.03, (max) 0.69, expected_batch_size: 237
sample_rate: (min) 0.03, (max) 0.61, expected_batch_size: 228
sample_rate: (min) 0.03, (max) 0.74, expected_batch_size: 241
sample_rate: (min) 0.03, (max) 1.0, expected_batch_size: 239
sample_rate: (min) 0.03, (max) 0.9, expected_batch_size: 245
sample_rate: (min) 0.03, (max) 0.94, expected_batch_size: 246
sample_rate: (min) 0.03, (max) 0.66, expected_batch_size: 237
sample_rate: (min) 0.03, (max) 0.75, expected_batch_size: 231
sample_rate: (min) 0.03, (max) 0.77, expected_batch_size: 240
initial privacy cost of all clients:  [0, 0, 0, 0, 0, 0, 0, 0, 0, 0]
Round=0
Round=1
Round=2
Round=3
Round=4
Round=5
Round=6
Round=7
Round=8
Round=9
Round=10
Round=11
Round=12
Round=13
Round=14
current privacy cost of all clients:  [6.475577822532757, 5.053529458090689, 3.988259716497166, 5.6934623426711335, 9.423730276459942, 7.271435994745377, 8.697168391539048, 5.65126638594129, 6.3454368281792135, 6.2776638519183825]
Round=14, per client global perf=[0.2194, 0.2224, 0.2276, 0.2147, 0.23, 0.2059, 0.2224, 0.2147, 0.21, 0.2135], mean perf=3707/17000 (0.2181%)
Round=14, per client personal perf=[0.2235, 0.1659, 0.1594, 0.19, 0.1818, 0.1776, 0.2529, 0.1847, 0.1782, 0.1576], mean perf=3182/17000 (0.1872%)
Round=14, per client personal pooled=[0.2195, 0.1686, 0.1669, 0.1926, 0.2035, 0.1825, 0.2296, 0.1862, 0.1839, 0.145], mean perf=31934/170000 (0.1878%)
Mean performance of ditto rpdp global, Perf=0.2170
Mean performance of ditto rpdp personal, Perf=0.1815
Mean performance of ditto rpdp pooled, Perf=0.1808
 We run FedAvg with rPDP (BoundedMixGauss-0) ...
max_epsilon :  10.0  noise_multiplier :  11.4404296875
The R-Squared value of the best-fit curve : 0.9998649040687166
learning rate =  0.001
sample_rate: (min) 0.03, (max) 0.71, expected_batch_size: 340
sample_rate: (min) 0.03, (max) 0.73, expected_batch_size: 355
sample_rate: (min) 0.03, (max) 0.8, expected_batch_size: 390
sample_rate: (min) 0.03, (max) 0.72, expected_batch_size: 336
sample_rate: (min) 0.03, (max) 0.72, expected_batch_size: 363
sample_rate: (min) 0.03, (max) 0.72, expected_batch_size: 359
sample_rate: (min) 0.03, (max) 0.75, expected_batch_size: 370
sample_rate: (min) 0.03, (max) 0.72, expected_batch_size: 365
sample_rate: (min) 0.03, (max) 0.73, expected_batch_size: 363
sample_rate: (min) 0.03, (max) 0.73, expected_batch_size: 377
initial privacy cost of all clients:  [0, 0, 0, 0, 0, 0, 0, 0, 0, 0]
Round=0
Round=1
Round=2
Round=3
Round=4
Round=5
Round=6
Round=7
Round=8
Round=9
Round=10
Round=11
Round=12
Round=13
Round=14
current privacy cost of all clients:  [5.955859716588246, 5.375078577482315, 5.618769160980146, 5.54840370603421, 6.0424047874777695, 5.538273804822448, 6.280500539631439, 6.317522527715044, 6.15893065677841, 5.89485961691831]
Round=14, per client global perf=[0.2612, 0.2559, 0.2447, 0.2588, 0.2765, 0.2418, 0.2694, 0.2435, 0.2641, 0.2594], mean perf=4378/17000 (0.2575%)
Round=14, per client personal perf=[0.1547, 0.1688, 0.1929, 0.1859, 0.1529, 0.1935, 0.1847, 0.1988, 0.2429, 0.1935], mean perf=3177/17000 (0.1869%)
Round=14, per client personal pooled=[0.1504, 0.1816, 0.1987, 0.1885, 0.1491, 0.1866, 0.1878, 0.1921, 0.2355, 0.2076], mean perf=31926/170000 (0.1878%)
Mean performance of ditto rpdp global, Perf=0.2552
Mean performance of ditto rpdp personal, Perf=0.1850
Mean performance of ditto rpdp pooled, Perf=0.1838
Finished seed 42
----------------------------------------
=== Running reg_param=0.001, num_steps=30 ===
Running seed 42
/Users/shegao_t1/DP_Research/Personal_DP_Personal_FL/rpdp_fl/experiments/datasets/fed_cifar10/iid_10
 We run FedAvg with rPDP (ThreeLevels-0) ...
max_epsilon :  10.0  noise_multiplier :  11.4404296875
The R-Squared value of the best-fit curve : 0.9998649040687166
learning rate =  0.001
sample_rate: (min) 0.03, (max) 0.6, expected_batch_size: 357
sample_rate: (min) 0.03, (max) 0.6, expected_batch_size: 357
sample_rate: (min) 0.03, (max) 0.6, expected_batch_size: 357
sample_rate: (min) 0.03, (max) 0.6, expected_batch_size: 357
sample_rate: (min) 0.03, (max) 0.6, expected_batch_size: 357
sample_rate: (min) 0.03, (max) 0.6, expected_batch_size: 357
sample_rate: (min) 0.03, (max) 0.6, expected_batch_size: 357
sample_rate: (min) 0.03, (max) 0.6, expected_batch_size: 357
sample_rate: (min) 0.03, (max) 0.6, expected_batch_size: 357
sample_rate: (min) 0.03, (max) 0.6, expected_batch_size: 357
initial privacy cost of all clients:  [0, 0, 0, 0, 0, 0, 0, 0, 0, 0]
Round=0
Round=1
Round=2
Round=3
Round=4
Round=5
Round=6
Round=7
Round=8
Round=9
Round=10
Round=11
Round=12
Round=13
Round=14
current privacy cost of all clients:  [4.896127762871594, 4.179701435149603, 3.940892659242272, 4.418510211056934, 4.896127762871594, 4.418510211056934, 4.896127762871594, 5.10082093327143, 4.896127762871594, 4.657318986964264]
Round=14, per client global perf=[0.2594, 0.2576, 0.2565, 0.2518, 0.2718, 0.2429, 0.27, 0.2435, 0.2624, 0.2465], mean perf=4356/17000 (0.2562%)
Round=14, per client personal perf=[0.2947, 0.2276, 0.2482, 0.2253, 0.2482, 0.2376, 0.2812, 0.2812, 0.2053, 0.2871], mean perf=4312/17000 (0.2536%)
Round=14, per client personal pooled=[0.2982, 0.2372, 0.2435, 0.2305, 0.2488, 0.2373, 0.2601, 0.2978, 0.2164, 0.2829], mean perf=43399/170000 (0.2553%)
Mean performance of ditto rpdp global, Perf=0.2542
Mean performance of ditto rpdp personal, Perf=0.2408
Mean performance of ditto rpdp pooled, Perf=0.2417
 We run FedAvg with rPDP (BoundedPareto-0) ...
max_epsilon :  10.0  noise_multiplier :  11.4404296875
The R-Squared value of the best-fit curve : 0.9998649040687166
learning rate =  0.001
sample_rate: (min) 0.03, (max) 0.76, expected_batch_size: 237
sample_rate: (min) 0.03, (max) 0.69, expected_batch_size: 237
sample_rate: (min) 0.03, (max) 0.61, expected_batch_size: 228
sample_rate: (min) 0.03, (max) 0.74, expected_batch_size: 241
sample_rate: (min) 0.03, (max) 1.0, expected_batch_size: 239
sample_rate: (min) 0.03, (max) 0.9, expected_batch_size: 245
sample_rate: (min) 0.03, (max) 0.94, expected_batch_size: 246
sample_rate: (min) 0.03, (max) 0.66, expected_batch_size: 237
sample_rate: (min) 0.03, (max) 0.75, expected_batch_size: 231
sample_rate: (min) 0.03, (max) 0.77, expected_batch_size: 240
initial privacy cost of all clients:  [0, 0, 0, 0, 0, 0, 0, 0, 0, 0]
Round=0
Round=1
Round=2
Round=3
Round=4
Round=5
Round=6
Round=7
Round=8
Round=9
Round=10
Round=11
Round=12
Round=13
Round=14
current privacy cost of all clients:  [6.475577822532757, 5.053529458090689, 3.988259716497166, 5.6934623426711335, 9.423730276459942, 7.271435994745377, 8.697168391539048, 5.65126638594129, 6.3454368281792135, 6.2776638519183825]
Round=14, per client global perf=[0.2194, 0.2224, 0.2276, 0.2147, 0.23, 0.2059, 0.2224, 0.2147, 0.21, 0.2135], mean perf=3707/17000 (0.2181%)
Round=14, per client personal perf=[0.3094, 0.2447, 0.2482, 0.1906, 0.3206, 0.2118, 0.2718, 0.2847, 0.2465, 0.2729], mean perf=4422/17000 (0.2601%)
Round=14, per client personal pooled=[0.3096, 0.2346, 0.2372, 0.1994, 0.3285, 0.2361, 0.2618, 0.2965, 0.2577, 0.2696], mean perf=44729/170000 (0.2631%)
Mean performance of ditto rpdp global, Perf=0.2170
Mean performance of ditto rpdp personal, Perf=0.2576
Mean performance of ditto rpdp pooled, Perf=0.2583
 We run FedAvg with rPDP (BoundedMixGauss-0) ...
max_epsilon :  10.0  noise_multiplier :  11.4404296875
The R-Squared value of the best-fit curve : 0.9998649040687166
learning rate =  0.001
sample_rate: (min) 0.03, (max) 0.71, expected_batch_size: 340
sample_rate: (min) 0.03, (max) 0.73, expected_batch_size: 355
sample_rate: (min) 0.03, (max) 0.8, expected_batch_size: 390
sample_rate: (min) 0.03, (max) 0.72, expected_batch_size: 336
sample_rate: (min) 0.03, (max) 0.72, expected_batch_size: 363
sample_rate: (min) 0.03, (max) 0.72, expected_batch_size: 359
sample_rate: (min) 0.03, (max) 0.75, expected_batch_size: 370
sample_rate: (min) 0.03, (max) 0.72, expected_batch_size: 365
sample_rate: (min) 0.03, (max) 0.73, expected_batch_size: 363
sample_rate: (min) 0.03, (max) 0.73, expected_batch_size: 377
initial privacy cost of all clients:  [0, 0, 0, 0, 0, 0, 0, 0, 0, 0]
Round=0
Round=1
Round=2
Round=3
Round=4
Round=5
Round=6
Round=7
Round=8
Round=9
Round=10
Round=11
Round=12
Round=13
Round=14
current privacy cost of all clients:  [5.955859716588246, 5.375078577482315, 5.618769160980146, 5.54840370603421, 6.0424047874777695, 5.538273804822448, 6.280500539631439, 6.317522527715044, 6.15893065677841, 5.89485961691831]
Round=14, per client global perf=[0.2612, 0.2559, 0.2447, 0.2588, 0.2765, 0.2418, 0.2694, 0.2435, 0.2641, 0.2594], mean perf=4378/17000 (0.2575%)
Round=14, per client personal perf=[0.2794, 0.2606, 0.2065, 0.2524, 0.3065, 0.2182, 0.3082, 0.2165, 0.2982, 0.3259], mean perf=4543/17000 (0.2672%)
Round=14, per client personal pooled=[0.2788, 0.2674, 0.2021, 0.2648, 0.3074, 0.2169, 0.2954, 0.2381, 0.3059, 0.3137], mean perf=45736/170000 (0.2690%)
Mean performance of ditto rpdp global, Perf=0.2552
Mean performance of ditto rpdp personal, Perf=0.2521
Mean performance of ditto rpdp pooled, Perf=0.2529
Finished seed 42
----------------------------------------
=== Running reg_param=0.01, num_steps=15 ===
Running seed 42
/Users/shegao_t1/DP_Research/Personal_DP_Personal_FL/rpdp_fl/experiments/datasets/fed_cifar10/iid_10
 We run FedAvg with rPDP (ThreeLevels-0) ...
max_epsilon :  10.0  noise_multiplier :  11.4404296875
The R-Squared value of the best-fit curve : 0.9998649040687166
learning rate =  0.001
sample_rate: (min) 0.03, (max) 0.6, expected_batch_size: 357
sample_rate: (min) 0.03, (max) 0.6, expected_batch_size: 357
sample_rate: (min) 0.03, (max) 0.6, expected_batch_size: 357
sample_rate: (min) 0.03, (max) 0.6, expected_batch_size: 357
sample_rate: (min) 0.03, (max) 0.6, expected_batch_size: 357
sample_rate: (min) 0.03, (max) 0.6, expected_batch_size: 357
sample_rate: (min) 0.03, (max) 0.6, expected_batch_size: 357
sample_rate: (min) 0.03, (max) 0.6, expected_batch_size: 357
sample_rate: (min) 0.03, (max) 0.6, expected_batch_size: 357
sample_rate: (min) 0.03, (max) 0.6, expected_batch_size: 357
initial privacy cost of all clients:  [0, 0, 0, 0, 0, 0, 0, 0, 0, 0]
Round=0
Round=1
Round=2
Round=3
Round=4
Round=5
Round=6
Round=7
Round=8
Round=9
Round=10
Round=11
Round=12
Round=13
Round=14
current privacy cost of all clients:  [4.896127762871594, 4.179701435149603, 3.940892659242272, 4.418510211056934, 4.896127762871594, 4.418510211056934, 4.896127762871594, 5.10082093327143, 4.896127762871594, 4.657318986964264]
Round=14, per client global perf=[0.2594, 0.2576, 0.2565, 0.2518, 0.2718, 0.2429, 0.27, 0.2435, 0.2624, 0.2465], mean perf=4356/17000 (0.2562%)
Round=14, per client personal perf=[0.1282, 0.1541, 0.0947, 0.1359, 0.1682, 0.1112, 0.1618, 0.1976, 0.17, 0.1688], mean perf=2534/17000 (0.1491%)
Round=14, per client personal pooled=[0.1245, 0.1695, 0.1011, 0.1265, 0.16, 0.1146, 0.1553, 0.1842, 0.1796, 0.1774], mean perf=25375/170000 (0.1493%)
Mean performance of ditto rpdp global, Perf=0.2542
Mean performance of ditto rpdp personal, Perf=0.1496
Mean performance of ditto rpdp pooled, Perf=0.1497
 We run FedAvg with rPDP (BoundedPareto-0) ...
max_epsilon :  10.0  noise_multiplier :  11.4404296875
The R-Squared value of the best-fit curve : 0.9998649040687166
learning rate =  0.001
sample_rate: (min) 0.03, (max) 0.76, expected_batch_size: 237
sample_rate: (min) 0.03, (max) 0.69, expected_batch_size: 237
sample_rate: (min) 0.03, (max) 0.61, expected_batch_size: 228
sample_rate: (min) 0.03, (max) 0.74, expected_batch_size: 241
sample_rate: (min) 0.03, (max) 1.0, expected_batch_size: 239
sample_rate: (min) 0.03, (max) 0.9, expected_batch_size: 245
sample_rate: (min) 0.03, (max) 0.94, expected_batch_size: 246
sample_rate: (min) 0.03, (max) 0.66, expected_batch_size: 237
sample_rate: (min) 0.03, (max) 0.75, expected_batch_size: 231
sample_rate: (min) 0.03, (max) 0.77, expected_batch_size: 240
initial privacy cost of all clients:  [0, 0, 0, 0, 0, 0, 0, 0, 0, 0]
Round=0
Round=1
Round=2
Round=3
Round=4
Round=5
Round=6
Round=7
Round=8
Round=9
Round=10
Round=11
Round=12
Round=13
Round=14
current privacy cost of all clients:  [6.475577822532757, 5.053529458090689, 3.988259716497166, 5.6934623426711335, 9.423730276459942, 7.271435994745377, 8.697168391539048, 5.65126638594129, 6.3454368281792135, 6.2776638519183825]
Round=14, per client global perf=[0.2194, 0.2224, 0.2276, 0.2147, 0.23, 0.2059, 0.2224, 0.2147, 0.21, 0.2135], mean perf=3707/17000 (0.2181%)
Round=14, per client personal perf=[0.1794, 0.1635, 0.1559, 0.18, 0.1659, 0.1924, 0.1865, 0.1688, 0.1794, 0.1118], mean perf=2862/17000 (0.1684%)
Round=14, per client personal pooled=[0.1698, 0.1659, 0.163, 0.1862, 0.1698, 0.1837, 0.1709, 0.1653, 0.1848, 0.1042], mean perf=28281/170000 (0.1664%)
Mean performance of ditto rpdp global, Perf=0.2170
Mean performance of ditto rpdp personal, Perf=0.1581
Mean performance of ditto rpdp pooled, Perf=0.1570
 We run FedAvg with rPDP (BoundedMixGauss-0) ...
max_epsilon :  10.0  noise_multiplier :  11.4404296875
The R-Squared value of the best-fit curve : 0.9998649040687166
learning rate =  0.001
sample_rate: (min) 0.03, (max) 0.71, expected_batch_size: 340
sample_rate: (min) 0.03, (max) 0.73, expected_batch_size: 355
sample_rate: (min) 0.03, (max) 0.8, expected_batch_size: 390
sample_rate: (min) 0.03, (max) 0.72, expected_batch_size: 336
sample_rate: (min) 0.03, (max) 0.72, expected_batch_size: 363
sample_rate: (min) 0.03, (max) 0.72, expected_batch_size: 359
sample_rate: (min) 0.03, (max) 0.75, expected_batch_size: 370
sample_rate: (min) 0.03, (max) 0.72, expected_batch_size: 365
sample_rate: (min) 0.03, (max) 0.73, expected_batch_size: 363
sample_rate: (min) 0.03, (max) 0.73, expected_batch_size: 377
initial privacy cost of all clients:  [0, 0, 0, 0, 0, 0, 0, 0, 0, 0]
Round=0
Round=1
Round=2
Round=3
Round=4
Round=5
Round=6
Round=7
Round=8
Round=9
Round=10
Round=11
Round=12
Round=13
Round=14
current privacy cost of all clients:  [5.955859716588246, 5.375078577482315, 5.618769160980146, 5.54840370603421, 6.0424047874777695, 5.538273804822448, 6.280500539631439, 6.317522527715044, 6.15893065677841, 5.89485961691831]
Round=14, per client global perf=[0.2612, 0.2559, 0.2447, 0.2588, 0.2765, 0.2418, 0.2694, 0.2435, 0.2641, 0.2594], mean perf=4378/17000 (0.2575%)
Round=14, per client personal perf=[0.1376, 0.1535, 0.1665, 0.1612, 0.1294, 0.1624, 0.1735, 0.1376, 0.1594, 0.2006], mean perf=2689/17000 (0.1582%)
Round=14, per client personal pooled=[0.1349, 0.1669, 0.1591, 0.1713, 0.125, 0.1658, 0.1781, 0.1423, 0.1574, 0.1924], mean perf=27084/170000 (0.1593%)
Mean performance of ditto rpdp global, Perf=0.2552
Mean performance of ditto rpdp personal, Perf=0.1547
Mean performance of ditto rpdp pooled, Perf=0.1548
Finished seed 42
----------------------------------------
=== Running reg_param=0.01, num_steps=30 ===
Running seed 42
/Users/shegao_t1/DP_Research/Personal_DP_Personal_FL/rpdp_fl/experiments/datasets/fed_cifar10/iid_10
 We run FedAvg with rPDP (ThreeLevels-0) ...
max_epsilon :  10.0  noise_multiplier :  11.4404296875
The R-Squared value of the best-fit curve : 0.9998649040687166
learning rate =  0.001
sample_rate: (min) 0.03, (max) 0.6, expected_batch_size: 357
sample_rate: (min) 0.03, (max) 0.6, expected_batch_size: 357
sample_rate: (min) 0.03, (max) 0.6, expected_batch_size: 357
sample_rate: (min) 0.03, (max) 0.6, expected_batch_size: 357
sample_rate: (min) 0.03, (max) 0.6, expected_batch_size: 357
sample_rate: (min) 0.03, (max) 0.6, expected_batch_size: 357
sample_rate: (min) 0.03, (max) 0.6, expected_batch_size: 357
sample_rate: (min) 0.03, (max) 0.6, expected_batch_size: 357
sample_rate: (min) 0.03, (max) 0.6, expected_batch_size: 357
sample_rate: (min) 0.03, (max) 0.6, expected_batch_size: 357
initial privacy cost of all clients:  [0, 0, 0, 0, 0, 0, 0, 0, 0, 0]
Round=0
Round=1
Round=2
Round=3
Round=4
Round=5
Round=6
Round=7
Round=8
Round=9
Round=10
Round=11
Round=12
Round=13
Round=14
current privacy cost of all clients:  [4.896127762871594, 4.179701435149603, 3.940892659242272, 4.418510211056934, 4.896127762871594, 4.418510211056934, 4.896127762871594, 5.10082093327143, 4.896127762871594, 4.657318986964264]
Round=14, per client global perf=[0.2594, 0.2576, 0.2565, 0.2518, 0.2718, 0.2429, 0.27, 0.2435, 0.2624, 0.2465], mean perf=4356/17000 (0.2562%)
Round=14, per client personal perf=[0.18, 0.1676, 0.2171, 0.1859, 0.1971, 0.2076, 0.1682, 0.18, 0.1535, 0.1929], mean perf=3145/17000 (0.1850%)
Round=14, per client personal pooled=[0.1785, 0.1863, 0.2092, 0.189, 0.2078, 0.2006, 0.151, 0.1936, 0.1562, 0.2032], mean perf=31882/170000 (0.1875%)
Mean performance of ditto rpdp global, Perf=0.2542
Mean performance of ditto rpdp personal, Perf=0.1796
Mean performance of ditto rpdp pooled, Perf=0.1805
 We run FedAvg with rPDP (BoundedPareto-0) ...
max_epsilon :  10.0  noise_multiplier :  11.4404296875
The R-Squared value of the best-fit curve : 0.9998649040687166
learning rate =  0.001
sample_rate: (min) 0.03, (max) 0.76, expected_batch_size: 237
sample_rate: (min) 0.03, (max) 0.69, expected_batch_size: 237
sample_rate: (min) 0.03, (max) 0.61, expected_batch_size: 228
sample_rate: (min) 0.03, (max) 0.74, expected_batch_size: 241
sample_rate: (min) 0.03, (max) 1.0, expected_batch_size: 239
sample_rate: (min) 0.03, (max) 0.9, expected_batch_size: 245
sample_rate: (min) 0.03, (max) 0.94, expected_batch_size: 246
sample_rate: (min) 0.03, (max) 0.66, expected_batch_size: 237
sample_rate: (min) 0.03, (max) 0.75, expected_batch_size: 231
sample_rate: (min) 0.03, (max) 0.77, expected_batch_size: 240
initial privacy cost of all clients:  [0, 0, 0, 0, 0, 0, 0, 0, 0, 0]
Round=0
Round=1
Round=2
Round=3
Round=4
Round=5
Round=6
Round=7
Round=8
Round=9
Round=10
Round=11
Round=12
Round=13
Round=14
current privacy cost of all clients:  [6.475577822532757, 5.053529458090689, 3.988259716497166, 5.6934623426711335, 9.423730276459942, 7.271435994745377, 8.697168391539048, 5.65126638594129, 6.3454368281792135, 6.2776638519183825]
Round=14, per client global perf=[0.2194, 0.2224, 0.2276, 0.2147, 0.23, 0.2059, 0.2224, 0.2147, 0.21, 0.2135], mean perf=3707/17000 (0.2181%)
Round=14, per client personal perf=[0.1847, 0.1888, 0.1747, 0.1488, 0.1971, 0.1553, 0.1988, 0.1853, 0.1747, 0.1782], mean perf=3037/17000 (0.1786%)
Round=14, per client personal pooled=[0.1799, 0.1881, 0.1742, 0.1464, 0.2079, 0.1748, 0.2004, 0.1769, 0.1629, 0.1832], mean perf=30510/170000 (0.1795%)
Mean performance of ditto rpdp global, Perf=0.2170
Mean performance of ditto rpdp personal, Perf=0.1757
Mean performance of ditto rpdp pooled, Perf=0.1765
 We run FedAvg with rPDP (BoundedMixGauss-0) ...
max_epsilon :  10.0  noise_multiplier :  11.4404296875
The R-Squared value of the best-fit curve : 0.9998649040687166
learning rate =  0.001
sample_rate: (min) 0.03, (max) 0.71, expected_batch_size: 340
sample_rate: (min) 0.03, (max) 0.73, expected_batch_size: 355
sample_rate: (min) 0.03, (max) 0.8, expected_batch_size: 390
sample_rate: (min) 0.03, (max) 0.72, expected_batch_size: 336
sample_rate: (min) 0.03, (max) 0.72, expected_batch_size: 363
sample_rate: (min) 0.03, (max) 0.72, expected_batch_size: 359
sample_rate: (min) 0.03, (max) 0.75, expected_batch_size: 370
sample_rate: (min) 0.03, (max) 0.72, expected_batch_size: 365
sample_rate: (min) 0.03, (max) 0.73, expected_batch_size: 363
sample_rate: (min) 0.03, (max) 0.73, expected_batch_size: 377
initial privacy cost of all clients:  [0, 0, 0, 0, 0, 0, 0, 0, 0, 0]
Round=0
Round=1
Round=2
Round=3
Round=4
Round=5
Round=6
Round=7
Round=8
Round=9
Round=10
Round=11
Round=12
Round=13
Round=14
current privacy cost of all clients:  [5.955859716588246, 5.375078577482315, 5.618769160980146, 5.54840370603421, 6.0424047874777695, 5.538273804822448, 6.280500539631439, 6.317522527715044, 6.15893065677841, 5.89485961691831]
Round=14, per client global perf=[0.2612, 0.2559, 0.2447, 0.2588, 0.2765, 0.2418, 0.2694, 0.2435, 0.2641, 0.2594], mean perf=4378/17000 (0.2575%)
Round=14, per client personal perf=[0.1871, 0.1771, 0.1918, 0.17, 0.1806, 0.1994, 0.14, 0.1541, 0.2224, 0.2094], mean perf=3114/17000 (0.1832%)
Round=14, per client personal pooled=[0.1804, 0.1746, 0.1806, 0.1806, 0.1872, 0.1971, 0.1378, 0.1674, 0.2209, 0.217], mean perf=31343/170000 (0.1844%)
Mean performance of ditto rpdp global, Perf=0.2552
Mean performance of ditto rpdp personal, Perf=0.1795
Mean performance of ditto rpdp pooled, Perf=0.1796
Finished seed 42
----------------------------------------
=== Running reg_param=0.1, num_steps=15 ===
Running seed 42
/Users/shegao_t1/DP_Research/Personal_DP_Personal_FL/rpdp_fl/experiments/datasets/fed_cifar10/iid_10
 We run FedAvg with rPDP (ThreeLevels-0) ...
max_epsilon :  10.0  noise_multiplier :  11.4404296875
The R-Squared value of the best-fit curve : 0.9998649040687166
learning rate =  0.001
sample_rate: (min) 0.03, (max) 0.6, expected_batch_size: 357
sample_rate: (min) 0.03, (max) 0.6, expected_batch_size: 357
sample_rate: (min) 0.03, (max) 0.6, expected_batch_size: 357
sample_rate: (min) 0.03, (max) 0.6, expected_batch_size: 357
sample_rate: (min) 0.03, (max) 0.6, expected_batch_size: 357
sample_rate: (min) 0.03, (max) 0.6, expected_batch_size: 357
sample_rate: (min) 0.03, (max) 0.6, expected_batch_size: 357
sample_rate: (min) 0.03, (max) 0.6, expected_batch_size: 357
sample_rate: (min) 0.03, (max) 0.6, expected_batch_size: 357
sample_rate: (min) 0.03, (max) 0.6, expected_batch_size: 357
initial privacy cost of all clients:  [0, 0, 0, 0, 0, 0, 0, 0, 0, 0]
Round=0
Round=1
Round=2
Round=3
Round=4
Round=5
Round=6
Round=7
Round=8
Round=9
Round=10
Round=11
Round=12
Round=13
Round=14
current privacy cost of all clients:  [4.896127762871594, 4.179701435149603, 3.940892659242272, 4.418510211056934, 4.896127762871594, 4.418510211056934, 4.896127762871594, 5.10082093327143, 4.896127762871594, 4.657318986964264]
Round=14, per client global perf=[0.2594, 0.2576, 0.2565, 0.2518, 0.2718, 0.2429, 0.27, 0.2435, 0.2624, 0.2465], mean perf=4356/17000 (0.2562%)
Round=14, per client personal perf=[0.11, 0.1118, 0.1088, 0.1206, 0.0924, 0.0871, 0.1082, 0.1124, 0.0982, 0.0982], mean perf=1781/17000 (0.1048%)
Round=14, per client personal pooled=[0.1046, 0.1005, 0.1048, 0.1114, 0.0981, 0.0872, 0.1004, 0.0981, 0.097, 0.097], mean perf=16983/170000 (0.0999%)
Mean performance of ditto rpdp global, Perf=0.2542
Mean performance of ditto rpdp personal, Perf=0.1124
Mean performance of ditto rpdp pooled, Perf=0.1092
 We run FedAvg with rPDP (BoundedPareto-0) ...
max_epsilon :  10.0  noise_multiplier :  11.4404296875
The R-Squared value of the best-fit curve : 0.9998649040687166
learning rate =  0.001
sample_rate: (min) 0.03, (max) 0.76, expected_batch_size: 237
sample_rate: (min) 0.03, (max) 0.69, expected_batch_size: 237
sample_rate: (min) 0.03, (max) 0.61, expected_batch_size: 228
sample_rate: (min) 0.03, (max) 0.74, expected_batch_size: 241
sample_rate: (min) 0.03, (max) 1.0, expected_batch_size: 239
sample_rate: (min) 0.03, (max) 0.9, expected_batch_size: 245
sample_rate: (min) 0.03, (max) 0.94, expected_batch_size: 246
sample_rate: (min) 0.03, (max) 0.66, expected_batch_size: 237
sample_rate: (min) 0.03, (max) 0.75, expected_batch_size: 231
sample_rate: (min) 0.03, (max) 0.77, expected_batch_size: 240
initial privacy cost of all clients:  [0, 0, 0, 0, 0, 0, 0, 0, 0, 0]
Round=0
Round=1
Round=2
Round=3
Round=4
Round=5
Round=6
Round=7
Round=8
Round=9
Round=10
Round=11
Round=12
Round=13
Round=14
current privacy cost of all clients:  [6.475577822532757, 5.053529458090689, 3.988259716497166, 5.6934623426711335, 9.423730276459942, 7.271435994745377, 8.697168391539048, 5.65126638594129, 6.3454368281792135, 6.2776638519183825]
Round=14, per client global perf=[0.2194, 0.2224, 0.2276, 0.2147, 0.23, 0.2059, 0.2224, 0.2147, 0.21, 0.2135], mean perf=3707/17000 (0.2181%)
Round=14, per client personal perf=[0.0888, 0.1118, 0.1082, 0.1165, 0.1135, 0.1071, 0.1053, 0.0941, 0.1, 0.11], mean perf=1794/17000 (0.1055%)
Round=14, per client personal pooled=[0.1001, 0.1005, 0.1135, 0.1144, 0.1264, 0.1011, 0.1011, 0.1001, 0.101, 0.101], mean perf=18005/170000 (0.1059%)
Mean performance of ditto rpdp global, Perf=0.2170
Mean performance of ditto rpdp personal, Perf=0.1078
Mean performance of ditto rpdp pooled, Perf=0.1074
 We run FedAvg with rPDP (BoundedMixGauss-0) ...
max_epsilon :  10.0  noise_multiplier :  11.4404296875
The R-Squared value of the best-fit curve : 0.9998649040687166
learning rate =  0.001
sample_rate: (min) 0.03, (max) 0.71, expected_batch_size: 340
sample_rate: (min) 0.03, (max) 0.73, expected_batch_size: 355
sample_rate: (min) 0.03, (max) 0.8, expected_batch_size: 390
sample_rate: (min) 0.03, (max) 0.72, expected_batch_size: 336
sample_rate: (min) 0.03, (max) 0.72, expected_batch_size: 363
sample_rate: (min) 0.03, (max) 0.72, expected_batch_size: 359
sample_rate: (min) 0.03, (max) 0.75, expected_batch_size: 370
sample_rate: (min) 0.03, (max) 0.72, expected_batch_size: 365
sample_rate: (min) 0.03, (max) 0.73, expected_batch_size: 363
sample_rate: (min) 0.03, (max) 0.73, expected_batch_size: 377
initial privacy cost of all clients:  [0, 0, 0, 0, 0, 0, 0, 0, 0, 0]
Round=0
Round=1
Round=2
Round=3
Round=4
Round=5
Round=6
Round=7
Round=8
Round=9
Round=10
Round=11
Round=12
Round=13
Round=14
current privacy cost of all clients:  [5.955859716588246, 5.375078577482315, 5.618769160980146, 5.54840370603421, 6.0424047874777695, 5.538273804822448, 6.280500539631439, 6.317522527715044, 6.15893065677841, 5.89485961691831]
Round=14, per client global perf=[0.2612, 0.2559, 0.2447, 0.2588, 0.2765, 0.2418, 0.2694, 0.2435, 0.2641, 0.2594], mean perf=4378/17000 (0.2575%)
Round=14, per client personal perf=[0.1006, 0.1018, 0.1065, 0.1541, 0.1053, 0.0988, 0.1106, 0.1124, 0.0994, 0.0953], mean perf=1844/17000 (0.1085%)
Round=14, per client personal pooled=[0.0996, 0.1011, 0.1115, 0.1581, 0.0996, 0.0996, 0.1089, 0.0981, 0.0981, 0.1005], mean perf=18277/170000 (0.1075%)
Mean performance of ditto rpdp global, Perf=0.2552
Mean performance of ditto rpdp personal, Perf=0.1092
Mean performance of ditto rpdp pooled, Perf=0.1085
Finished seed 42
----------------------------------------
=== Running reg_param=0.1, num_steps=30 ===
Running seed 42
/Users/shegao_t1/DP_Research/Personal_DP_Personal_FL/rpdp_fl/experiments/datasets/fed_cifar10/iid_10
 We run FedAvg with rPDP (ThreeLevels-0) ...
max_epsilon :  10.0  noise_multiplier :  11.4404296875
The R-Squared value of the best-fit curve : 0.9998649040687166
learning rate =  0.001
sample_rate: (min) 0.03, (max) 0.6, expected_batch_size: 357
sample_rate: (min) 0.03, (max) 0.6, expected_batch_size: 357
sample_rate: (min) 0.03, (max) 0.6, expected_batch_size: 357
sample_rate: (min) 0.03, (max) 0.6, expected_batch_size: 357
sample_rate: (min) 0.03, (max) 0.6, expected_batch_size: 357
sample_rate: (min) 0.03, (max) 0.6, expected_batch_size: 357
sample_rate: (min) 0.03, (max) 0.6, expected_batch_size: 357
sample_rate: (min) 0.03, (max) 0.6, expected_batch_size: 357
sample_rate: (min) 0.03, (max) 0.6, expected_batch_size: 357
sample_rate: (min) 0.03, (max) 0.6, expected_batch_size: 357
initial privacy cost of all clients:  [0, 0, 0, 0, 0, 0, 0, 0, 0, 0]
Round=0
Round=1
Round=2
Round=3
Round=4
Round=5
Round=6
Round=7
Round=8
Round=9
Round=10
Round=11
Round=12
Round=13
Round=14
current privacy cost of all clients:  [4.896127762871594, 4.179701435149603, 3.940892659242272, 4.418510211056934, 4.896127762871594, 4.418510211056934, 4.896127762871594, 5.10082093327143, 4.896127762871594, 4.657318986964264]
Round=14, per client global perf=[0.2594, 0.2576, 0.2565, 0.2518, 0.2718, 0.2429, 0.27, 0.2435, 0.2624, 0.2465], mean perf=4356/17000 (0.2562%)
Round=14, per client personal perf=[0.1547, 0.1235, 0.1435, 0.0994, 0.0894, 0.1624, 0.0994, 0.1424, 0.0982, 0.0871], mean perf=2040/17000 (0.1200%)
Round=14, per client personal pooled=[0.1597, 0.1355, 0.1483, 0.101, 0.1009, 0.1564, 0.101, 0.1559, 0.097, 0.0981], mean perf=21314/170000 (0.1254%)
Mean performance of ditto rpdp global, Perf=0.2542
Mean performance of ditto rpdp personal, Perf=0.1158
Mean performance of ditto rpdp pooled, Perf=0.1189
 We run FedAvg with rPDP (BoundedPareto-0) ...
max_epsilon :  10.0  noise_multiplier :  11.4404296875
The R-Squared value of the best-fit curve : 0.9998649040687166
learning rate =  0.001
sample_rate: (min) 0.03, (max) 0.76, expected_batch_size: 237
sample_rate: (min) 0.03, (max) 0.69, expected_batch_size: 237
sample_rate: (min) 0.03, (max) 0.61, expected_batch_size: 228
sample_rate: (min) 0.03, (max) 0.74, expected_batch_size: 241
sample_rate: (min) 0.03, (max) 1.0, expected_batch_size: 239
sample_rate: (min) 0.03, (max) 0.9, expected_batch_size: 245
sample_rate: (min) 0.03, (max) 0.94, expected_batch_size: 246
sample_rate: (min) 0.03, (max) 0.66, expected_batch_size: 237
sample_rate: (min) 0.03, (max) 0.75, expected_batch_size: 231
sample_rate: (min) 0.03, (max) 0.77, expected_batch_size: 240
initial privacy cost of all clients:  [0, 0, 0, 0, 0, 0, 0, 0, 0, 0]
Round=0
Round=1
Round=2
Round=3
Round=4
Round=5
Round=6
Round=7
Round=8
Round=9
Round=10
Round=11
Round=12
Round=13
Round=14
current privacy cost of all clients:  [6.475577822532757, 5.053529458090689, 3.988259716497166, 5.6934623426711335, 9.423730276459942, 7.271435994745377, 8.697168391539048, 5.65126638594129, 6.3454368281792135, 6.2776638519183825]
Round=14, per client global perf=[0.2194, 0.2224, 0.2276, 0.2147, 0.23, 0.2059, 0.2224, 0.2147, 0.21, 0.2135], mean perf=3707/17000 (0.2181%)
Round=14, per client personal perf=[0.1535, 0.1118, 0.1529, 0.0988, 0.1253, 0.0965, 0.0835, 0.1124, 0.1518, 0.1071], mean perf=2029/17000 (0.1194%)
Round=14, per client personal pooled=[0.1463, 0.1005, 0.1558, 0.1024, 0.1263, 0.0998, 0.0988, 0.0981, 0.1422, 0.1053], mean perf=19981/170000 (0.1175%)
Mean performance of ditto rpdp global, Perf=0.2170
Mean performance of ditto rpdp personal, Perf=0.1174
Mean performance of ditto rpdp pooled, Perf=0.1197
 We run FedAvg with rPDP (BoundedMixGauss-0) ...
max_epsilon :  10.0  noise_multiplier :  11.4404296875
The R-Squared value of the best-fit curve : 0.9998649040687166
learning rate =  0.001
sample_rate: (min) 0.03, (max) 0.71, expected_batch_size: 340
sample_rate: (min) 0.03, (max) 0.73, expected_batch_size: 355
sample_rate: (min) 0.03, (max) 0.8, expected_batch_size: 390
sample_rate: (min) 0.03, (max) 0.72, expected_batch_size: 336
sample_rate: (min) 0.03, (max) 0.72, expected_batch_size: 363
sample_rate: (min) 0.03, (max) 0.72, expected_batch_size: 359
sample_rate: (min) 0.03, (max) 0.75, expected_batch_size: 370
sample_rate: (min) 0.03, (max) 0.72, expected_batch_size: 365
sample_rate: (min) 0.03, (max) 0.73, expected_batch_size: 363
sample_rate: (min) 0.03, (max) 0.73, expected_batch_size: 377
initial privacy cost of all clients:  [0, 0, 0, 0, 0, 0, 0, 0, 0, 0]
Round=0
Round=1
Round=2
Round=3
Round=4
Round=5
Round=6
Round=7
Round=8
Round=9
Round=10
Round=11
Round=12
Round=13
Round=14
current privacy cost of all clients:  [5.955859716588246, 5.375078577482315, 5.618769160980146, 5.54840370603421, 6.0424047874777695, 5.538273804822448, 6.280500539631439, 6.317522527715044, 6.15893065677841, 5.89485961691831]
Round=14, per client global perf=[0.2612, 0.2559, 0.2447, 0.2588, 0.2765, 0.2418, 0.2694, 0.2435, 0.2641, 0.2594], mean perf=4378/17000 (0.2575%)
Round=14, per client personal perf=[0.1006, 0.1006, 0.1053, 0.0941, 0.0941, 0.0965, 0.0994, 0.1341, 0.1006, 0.1029], mean perf=1748/17000 (0.1028%)
Round=14, per client personal pooled=[0.0996, 0.0998, 0.1024, 0.101, 0.1005, 0.1005, 0.101, 0.1495, 0.1016, 0.1067], mean perf=18063/170000 (0.1063%)
Mean performance of ditto rpdp global, Perf=0.2552
Mean performance of ditto rpdp personal, Perf=0.1065
Mean performance of ditto rpdp pooled, Perf=0.1084
Finished seed 42
----------------------------------------
=== Running reg_param=1.0, num_steps=15 ===
Running seed 42
/Users/shegao_t1/DP_Research/Personal_DP_Personal_FL/rpdp_fl/experiments/datasets/fed_cifar10/iid_10
 We run FedAvg with rPDP (ThreeLevels-0) ...
max_epsilon :  10.0  noise_multiplier :  11.4404296875
The R-Squared value of the best-fit curve : 0.9998649040687166
learning rate =  0.001
sample_rate: (min) 0.03, (max) 0.6, expected_batch_size: 357
sample_rate: (min) 0.03, (max) 0.6, expected_batch_size: 357
sample_rate: (min) 0.03, (max) 0.6, expected_batch_size: 357
sample_rate: (min) 0.03, (max) 0.6, expected_batch_size: 357
sample_rate: (min) 0.03, (max) 0.6, expected_batch_size: 357
sample_rate: (min) 0.03, (max) 0.6, expected_batch_size: 357
sample_rate: (min) 0.03, (max) 0.6, expected_batch_size: 357
sample_rate: (min) 0.03, (max) 0.6, expected_batch_size: 357
sample_rate: (min) 0.03, (max) 0.6, expected_batch_size: 357
sample_rate: (min) 0.03, (max) 0.6, expected_batch_size: 357
initial privacy cost of all clients:  [0, 0, 0, 0, 0, 0, 0, 0, 0, 0]
Round=0
Round=1
Round=2
Round=3
Round=4
Round=5
Round=6
Round=7
Round=8
Round=9
Round=10
Round=11
Round=12
Round=13
Round=14
current privacy cost of all clients:  [4.896127762871594, 4.179701435149603, 3.940892659242272, 4.418510211056934, 4.896127762871594, 4.418510211056934, 4.896127762871594, 5.10082093327143, 4.896127762871594, 4.657318986964264]
Round=14, per client global perf=[0.2594, 0.2576, 0.2565, 0.2518, 0.2718, 0.2429, 0.27, 0.2435, 0.2624, 0.2465], mean perf=4356/17000 (0.2562%)
Round=14, per client personal perf=[0.1041, 0.0882, 0.1094, 0.1035, 0.0924, 0.0965, 0.1082, 0.0924, 0.1018, 0.0871], mean perf=1672/17000 (0.0984%)
Round=14, per client personal pooled=[0.1009, 0.1024, 0.1022, 0.0981, 0.0981, 0.0998, 0.1004, 0.1012, 0.1024, 0.0983], mean perf=17065/170000 (0.1004%)
Mean performance of ditto rpdp global, Perf=0.2542
Mean performance of ditto rpdp personal, Perf=0.1007
Mean performance of ditto rpdp pooled, Perf=0.1009
 We run FedAvg with rPDP (BoundedPareto-0) ...
max_epsilon :  10.0  noise_multiplier :  11.4404296875
The R-Squared value of the best-fit curve : 0.9998649040687166
learning rate =  0.001
sample_rate: (min) 0.03, (max) 0.76, expected_batch_size: 237
sample_rate: (min) 0.03, (max) 0.69, expected_batch_size: 237
sample_rate: (min) 0.03, (max) 0.61, expected_batch_size: 228
sample_rate: (min) 0.03, (max) 0.74, expected_batch_size: 241
sample_rate: (min) 0.03, (max) 1.0, expected_batch_size: 239
sample_rate: (min) 0.03, (max) 0.9, expected_batch_size: 245
sample_rate: (min) 0.03, (max) 0.94, expected_batch_size: 246
sample_rate: (min) 0.03, (max) 0.66, expected_batch_size: 237
sample_rate: (min) 0.03, (max) 0.75, expected_batch_size: 231
sample_rate: (min) 0.03, (max) 0.77, expected_batch_size: 240
initial privacy cost of all clients:  [0, 0, 0, 0, 0, 0, 0, 0, 0, 0]
Round=0
Round=1
Round=2
Round=3
Round=4
Round=5
Round=6
Round=7
Round=8
Round=9
Round=10
Round=11
Round=12
Round=13
Round=14
current privacy cost of all clients:  [6.475577822532757, 5.053529458090689, 3.988259716497166, 5.6934623426711335, 9.423730276459942, 7.271435994745377, 8.697168391539048, 5.65126638594129, 6.3454368281792135, 6.2776638519183825]
Round=14, per client global perf=[0.2194, 0.2224, 0.2276, 0.2147, 0.23, 0.2059, 0.2224, 0.2147, 0.21, 0.2135], mean perf=3707/17000 (0.2181%)
Round=14, per client personal perf=[0.0965, 0.1118, 0.1059, 0.0929, 0.0859, 0.0947, 0.0994, 0.0988, 0.1, 0.1306], mean perf=1728/17000 (0.1016%)
Round=14, per client personal pooled=[0.1004, 0.1005, 0.097, 0.1024, 0.097, 0.1004, 0.1008, 0.1011, 0.101, 0.1233], mean perf=17406/170000 (0.1024%)
Mean performance of ditto rpdp global, Perf=0.2170
Mean performance of ditto rpdp personal, Perf=0.1027
Mean performance of ditto rpdp pooled, Perf=0.1019
 We run FedAvg with rPDP (BoundedMixGauss-0) ...
max_epsilon :  10.0  noise_multiplier :  11.4404296875
The R-Squared value of the best-fit curve : 0.9998649040687166
learning rate =  0.001
sample_rate: (min) 0.03, (max) 0.71, expected_batch_size: 340
sample_rate: (min) 0.03, (max) 0.73, expected_batch_size: 355
sample_rate: (min) 0.03, (max) 0.8, expected_batch_size: 390
sample_rate: (min) 0.03, (max) 0.72, expected_batch_size: 336
sample_rate: (min) 0.03, (max) 0.72, expected_batch_size: 363
sample_rate: (min) 0.03, (max) 0.72, expected_batch_size: 359
sample_rate: (min) 0.03, (max) 0.75, expected_batch_size: 370
sample_rate: (min) 0.03, (max) 0.72, expected_batch_size: 365
sample_rate: (min) 0.03, (max) 0.73, expected_batch_size: 363
sample_rate: (min) 0.03, (max) 0.73, expected_batch_size: 377
initial privacy cost of all clients:  [0, 0, 0, 0, 0, 0, 0, 0, 0, 0]
Round=0
Round=1
Round=2
Round=3
Round=4
Round=5
Round=6
Round=7
Round=8
Round=9
Round=10
Round=11
Round=12
Round=13
Round=14
current privacy cost of all clients:  [5.955859716588246, 5.375078577482315, 5.618769160980146, 5.54840370603421, 6.0424047874777695, 5.538273804822448, 6.280500539631439, 6.317522527715044, 6.15893065677841, 5.89485961691831]
Round=14, per client global perf=[0.2612, 0.2559, 0.2447, 0.2588, 0.2765, 0.2418, 0.2694, 0.2435, 0.2641, 0.2594], mean perf=4378/17000 (0.2575%)
Round=14, per client personal perf=[0.1006, 0.1018, 0.1106, 0.0976, 0.1053, 0.0988, 0.0824, 0.1124, 0.0994, 0.0953], mean perf=1707/17000 (0.1004%)
Round=14, per client personal pooled=[0.0996, 0.1011, 0.1078, 0.0996, 0.0996, 0.0996, 0.0981, 0.0981, 0.0981, 0.1005], mean perf=17037/170000 (0.1002%)
Mean performance of ditto rpdp global, Perf=0.2552
Mean performance of ditto rpdp personal, Perf=0.1049
Mean performance of ditto rpdp pooled, Perf=0.1032
Finished seed 42
----------------------------------------
=== Running reg_param=1.0, num_steps=30 ===
Running seed 42
/Users/shegao_t1/DP_Research/Personal_DP_Personal_FL/rpdp_fl/experiments/datasets/fed_cifar10/iid_10
 We run FedAvg with rPDP (ThreeLevels-0) ...
max_epsilon :  10.0  noise_multiplier :  11.4404296875
The R-Squared value of the best-fit curve : 0.9998649040687166
learning rate =  0.001
sample_rate: (min) 0.03, (max) 0.6, expected_batch_size: 357
sample_rate: (min) 0.03, (max) 0.6, expected_batch_size: 357
sample_rate: (min) 0.03, (max) 0.6, expected_batch_size: 357
sample_rate: (min) 0.03, (max) 0.6, expected_batch_size: 357
sample_rate: (min) 0.03, (max) 0.6, expected_batch_size: 357
sample_rate: (min) 0.03, (max) 0.6, expected_batch_size: 357
sample_rate: (min) 0.03, (max) 0.6, expected_batch_size: 357
sample_rate: (min) 0.03, (max) 0.6, expected_batch_size: 357
sample_rate: (min) 0.03, (max) 0.6, expected_batch_size: 357
sample_rate: (min) 0.03, (max) 0.6, expected_batch_size: 357
initial privacy cost of all clients:  [0, 0, 0, 0, 0, 0, 0, 0, 0, 0]
Round=0
Round=1
Round=2
Round=3
Round=4
Round=5
Round=6
Round=7
Round=8
Round=9
Round=10
Round=11
Round=12
Round=13
Round=14
current privacy cost of all clients:  [4.896127762871594, 4.179701435149603, 3.940892659242272, 4.418510211056934, 4.896127762871594, 4.418510211056934, 4.896127762871594, 5.10082093327143, 4.896127762871594, 4.657318986964264]
Round=14, per client global perf=[0.2594, 0.2576, 0.2565, 0.2518, 0.2718, 0.2429, 0.27, 0.2435, 0.2624, 0.2465], mean perf=4356/17000 (0.2562%)
Round=14, per client personal perf=[0.1035, 0.1465, 0.1029, 0.0918, 0.1165, 0.1065, 0.1112, 0.0953, 0.0982, 0.0918], mean perf=1809/17000 (0.1064%)
Round=14, per client personal pooled=[0.101, 0.1573, 0.101, 0.0998, 0.1001, 0.1075, 0.0998, 0.104, 0.097, 0.0996], mean perf=18140/170000 (0.1067%)
Mean performance of ditto rpdp global, Perf=0.2542
Mean performance of ditto rpdp personal, Perf=0.1037
Mean performance of ditto rpdp pooled, Perf=0.1050
 We run FedAvg with rPDP (BoundedPareto-0) ...
max_epsilon :  10.0  noise_multiplier :  11.4404296875
The R-Squared value of the best-fit curve : 0.9998649040687166
learning rate =  0.001
sample_rate: (min) 0.03, (max) 0.76, expected_batch_size: 237
sample_rate: (min) 0.03, (max) 0.69, expected_batch_size: 237
sample_rate: (min) 0.03, (max) 0.61, expected_batch_size: 228
sample_rate: (min) 0.03, (max) 0.74, expected_batch_size: 241
sample_rate: (min) 0.03, (max) 1.0, expected_batch_size: 239
sample_rate: (min) 0.03, (max) 0.9, expected_batch_size: 245
sample_rate: (min) 0.03, (max) 0.94, expected_batch_size: 246
sample_rate: (min) 0.03, (max) 0.66, expected_batch_size: 237
sample_rate: (min) 0.03, (max) 0.75, expected_batch_size: 231
sample_rate: (min) 0.03, (max) 0.77, expected_batch_size: 240
initial privacy cost of all clients:  [0, 0, 0, 0, 0, 0, 0, 0, 0, 0]
Round=0
Round=1
Round=2
Round=3
Round=4
Round=5
Round=6
Round=7
Round=8
Round=9
Round=10
Round=11
Round=12
Round=13
Round=14
current privacy cost of all clients:  [6.475577822532757, 5.053529458090689, 3.988259716497166, 5.6934623426711335, 9.423730276459942, 7.271435994745377, 8.697168391539048, 5.65126638594129, 6.3454368281792135, 6.2776638519183825]
Round=14, per client global perf=[0.2194, 0.2224, 0.2276, 0.2147, 0.23, 0.2059, 0.2224, 0.2147, 0.21, 0.2135], mean perf=3707/17000 (0.2181%)
Round=14, per client personal perf=[0.1059, 0.1118, 0.0947, 0.0941, 0.0924, 0.0959, 0.0824, 0.0882, 0.1135, 0.1053], mean perf=1673/17000 (0.0984%)
Round=14, per client personal pooled=[0.1011, 0.1005, 0.1011, 0.101, 0.0981, 0.1004, 0.0981, 0.0998, 0.1024, 0.1024], mean perf=17082/170000 (0.1005%)
Mean performance of ditto rpdp global, Perf=0.2170
Mean performance of ditto rpdp personal, Perf=0.1024
Mean performance of ditto rpdp pooled, Perf=0.1056
 We run FedAvg with rPDP (BoundedMixGauss-0) ...
max_epsilon :  10.0  noise_multiplier :  11.4404296875
The R-Squared value of the best-fit curve : 0.9998649040687166
learning rate =  0.001
sample_rate: (min) 0.03, (max) 0.71, expected_batch_size: 340
sample_rate: (min) 0.03, (max) 0.73, expected_batch_size: 355
sample_rate: (min) 0.03, (max) 0.8, expected_batch_size: 390
sample_rate: (min) 0.03, (max) 0.72, expected_batch_size: 336
sample_rate: (min) 0.03, (max) 0.72, expected_batch_size: 363
sample_rate: (min) 0.03, (max) 0.72, expected_batch_size: 359
sample_rate: (min) 0.03, (max) 0.75, expected_batch_size: 370
sample_rate: (min) 0.03, (max) 0.72, expected_batch_size: 365
sample_rate: (min) 0.03, (max) 0.73, expected_batch_size: 363
sample_rate: (min) 0.03, (max) 0.73, expected_batch_size: 377
initial privacy cost of all clients:  [0, 0, 0, 0, 0, 0, 0, 0, 0, 0]
Round=0
Round=1
Round=2
Round=3
Round=4
Round=5
Round=6
Round=7
Round=8
Round=9
Round=10
Round=11
Round=12
Round=13
Round=14
current privacy cost of all clients:  [5.955859716588246, 5.375078577482315, 5.618769160980146, 5.54840370603421, 6.0424047874777695, 5.538273804822448, 6.280500539631439, 6.317522527715044, 6.15893065677841, 5.89485961691831]
Round=14, per client global perf=[0.2612, 0.2559, 0.2447, 0.2588, 0.2765, 0.2418, 0.2694, 0.2435, 0.2641, 0.2594], mean perf=4378/17000 (0.2575%)
Round=14, per client personal perf=[0.11, 0.1118, 0.1341, 0.0947, 0.0941, 0.0965, 0.0994, 0.0918, 0.1, 0.0871], mean perf=1733/17000 (0.1019%)
Round=14, per client personal pooled=[0.1087, 0.1005, 0.1322, 0.1012, 0.1005, 0.1005, 0.101, 0.101, 0.101, 0.0981], mean perf=17758/170000 (0.1045%)
Mean performance of ditto rpdp global, Perf=0.2552
Mean performance of ditto rpdp personal, Perf=0.1059
Mean performance of ditto rpdp pooled, Perf=0.1046
Finished seed 42
----------------------------------------
=== Running reg_param=10, num_steps=15 ===
Running seed 42
/Users/shegao_t1/DP_Research/Personal_DP_Personal_FL/rpdp_fl/experiments/datasets/fed_cifar10/iid_10
 We run FedAvg with rPDP (ThreeLevels-0) ...
max_epsilon :  10.0  noise_multiplier :  11.4404296875
The R-Squared value of the best-fit curve : 0.9998649040687166
learning rate =  0.001
sample_rate: (min) 0.03, (max) 0.6, expected_batch_size: 357
sample_rate: (min) 0.03, (max) 0.6, expected_batch_size: 357
sample_rate: (min) 0.03, (max) 0.6, expected_batch_size: 357
sample_rate: (min) 0.03, (max) 0.6, expected_batch_size: 357
sample_rate: (min) 0.03, (max) 0.6, expected_batch_size: 357
sample_rate: (min) 0.03, (max) 0.6, expected_batch_size: 357
sample_rate: (min) 0.03, (max) 0.6, expected_batch_size: 357
sample_rate: (min) 0.03, (max) 0.6, expected_batch_size: 357
sample_rate: (min) 0.03, (max) 0.6, expected_batch_size: 357
sample_rate: (min) 0.03, (max) 0.6, expected_batch_size: 357
initial privacy cost of all clients:  [0, 0, 0, 0, 0, 0, 0, 0, 0, 0]
Round=0
Round=1
Round=2
Round=3
Round=4
Round=5
Round=6
Round=7
Round=8
Round=9
Round=10
Round=11
Round=12
Round=13
Round=14
current privacy cost of all clients:  [4.896127762871594, 4.179701435149603, 3.940892659242272, 4.418510211056934, 4.896127762871594, 4.418510211056934, 4.896127762871594, 5.10082093327143, 4.896127762871594, 4.657318986964264]
Round=14, per client global perf=[0.2594, 0.2576, 0.2565, 0.2518, 0.2718, 0.2429, 0.27, 0.2435, 0.2624, 0.2465], mean perf=4356/17000 (0.2562%)
Round=14, per client personal perf=[0.1212, 0.0918, 0.1535, 0.0918, 0.0924, 0.0965, 0.1059, 0.13, 0.1065, 0.0871], mean perf=1830/17000 (0.1076%)
Round=14, per client personal pooled=[0.1141, 0.1066, 0.1554, 0.0998, 0.0981, 0.1004, 0.1022, 0.1286, 0.1129, 0.0982], mean perf=18976/170000 (0.1116%)
Mean performance of ditto rpdp global, Perf=0.2542
Mean performance of ditto rpdp personal, Perf=0.1090
Mean performance of ditto rpdp pooled, Perf=0.1088
 We run FedAvg with rPDP (BoundedPareto-0) ...
max_epsilon :  10.0  noise_multiplier :  11.4404296875
The R-Squared value of the best-fit curve : 0.9998649040687166
learning rate =  0.001
sample_rate: (min) 0.03, (max) 0.76, expected_batch_size: 237
sample_rate: (min) 0.03, (max) 0.69, expected_batch_size: 237
sample_rate: (min) 0.03, (max) 0.61, expected_batch_size: 228
sample_rate: (min) 0.03, (max) 0.74, expected_batch_size: 241
sample_rate: (min) 0.03, (max) 1.0, expected_batch_size: 239
sample_rate: (min) 0.03, (max) 0.9, expected_batch_size: 245
sample_rate: (min) 0.03, (max) 0.94, expected_batch_size: 246
sample_rate: (min) 0.03, (max) 0.66, expected_batch_size: 237
sample_rate: (min) 0.03, (max) 0.75, expected_batch_size: 231
sample_rate: (min) 0.03, (max) 0.77, expected_batch_size: 240
initial privacy cost of all clients:  [0, 0, 0, 0, 0, 0, 0, 0, 0, 0]
Round=0
Round=1
Round=2
Round=3
Round=4
Round=5
Round=6
Round=7
Round=8
Round=9
Round=10
Round=11
Round=12
Round=13
Round=14
current privacy cost of all clients:  [6.475577822532757, 5.053529458090689, 3.988259716497166, 5.6934623426711335, 9.423730276459942, 7.271435994745377, 8.697168391539048, 5.65126638594129, 6.3454368281792135, 6.2776638519183825]
Round=14, per client global perf=[0.2194, 0.2224, 0.2276, 0.2147, 0.23, 0.2059, 0.2224, 0.2147, 0.21, 0.2135], mean perf=3707/17000 (0.2181%)
Round=14, per client personal perf=[0.1041, 0.1047, 0.1059, 0.0929, 0.1012, 0.1065, 0.1047, 0.0988, 0.0994, 0.1053], mean perf=1740/17000 (0.1024%)
Round=14, per client personal pooled=[0.0984, 0.1004, 0.097, 0.1024, 0.1004, 0.1031, 0.1038, 0.1011, 0.0981, 0.0998], mean perf=17075/170000 (0.1004%)
Mean performance of ditto rpdp global, Perf=0.2170
Mean performance of ditto rpdp personal, Perf=0.1086
Mean performance of ditto rpdp pooled, Perf=0.1064
 We run FedAvg with rPDP (BoundedMixGauss-0) ...
max_epsilon :  10.0  noise_multiplier :  11.4404296875
The R-Squared value of the best-fit curve : 0.9998649040687166
learning rate =  0.001
sample_rate: (min) 0.03, (max) 0.71, expected_batch_size: 340
sample_rate: (min) 0.03, (max) 0.73, expected_batch_size: 355
sample_rate: (min) 0.03, (max) 0.8, expected_batch_size: 390
sample_rate: (min) 0.03, (max) 0.72, expected_batch_size: 336
sample_rate: (min) 0.03, (max) 0.72, expected_batch_size: 363
sample_rate: (min) 0.03, (max) 0.72, expected_batch_size: 359
sample_rate: (min) 0.03, (max) 0.75, expected_batch_size: 370
sample_rate: (min) 0.03, (max) 0.72, expected_batch_size: 365
sample_rate: (min) 0.03, (max) 0.73, expected_batch_size: 363
sample_rate: (min) 0.03, (max) 0.73, expected_batch_size: 377
initial privacy cost of all clients:  [0, 0, 0, 0, 0, 0, 0, 0, 0, 0]
Round=0
Round=1
Round=2
Round=3
Round=4
Round=5
Round=6
Round=7
Round=8
Round=9
Round=10
Round=11
Round=12
Round=13
Round=14
current privacy cost of all clients:  [5.955859716588246, 5.375078577482315, 5.618769160980146, 5.54840370603421, 6.0424047874777695, 5.538273804822448, 6.280500539631439, 6.317522527715044, 6.15893065677841, 5.89485961691831]
Round=14, per client global perf=[0.2612, 0.2559, 0.2447, 0.2588, 0.2765, 0.2418, 0.2694, 0.2435, 0.2641, 0.2594], mean perf=4378/17000 (0.2575%)
Round=14, per client personal perf=[0.1006, 0.1029, 0.1388, 0.1453, 0.1053, 0.0988, 0.1153, 0.1124, 0.1135, 0.11], mean perf=1943/17000 (0.1143%)
Round=14, per client personal pooled=[0.0996, 0.1024, 0.1457, 0.1539, 0.0996, 0.0996, 0.1221, 0.0981, 0.1111, 0.1065], mean perf=19358/170000 (0.1139%)
Mean performance of ditto rpdp global, Perf=0.2552
Mean performance of ditto rpdp personal, Perf=0.1119
Mean performance of ditto rpdp pooled, Perf=0.1114
Finished seed 42
----------------------------------------
=== Running reg_param=10, num_steps=30 ===
Running seed 42
/Users/shegao_t1/DP_Research/Personal_DP_Personal_FL/rpdp_fl/experiments/datasets/fed_cifar10/iid_10
 We run FedAvg with rPDP (ThreeLevels-0) ...
max_epsilon :  10.0  noise_multiplier :  11.4404296875
The R-Squared value of the best-fit curve : 0.9998649040687166
learning rate =  0.001
sample_rate: (min) 0.03, (max) 0.6, expected_batch_size: 357
sample_rate: (min) 0.03, (max) 0.6, expected_batch_size: 357
sample_rate: (min) 0.03, (max) 0.6, expected_batch_size: 357
sample_rate: (min) 0.03, (max) 0.6, expected_batch_size: 357
sample_rate: (min) 0.03, (max) 0.6, expected_batch_size: 357
sample_rate: (min) 0.03, (max) 0.6, expected_batch_size: 357
sample_rate: (min) 0.03, (max) 0.6, expected_batch_size: 357
sample_rate: (min) 0.03, (max) 0.6, expected_batch_size: 357
sample_rate: (min) 0.03, (max) 0.6, expected_batch_size: 357
sample_rate: (min) 0.03, (max) 0.6, expected_batch_size: 357
initial privacy cost of all clients:  [0, 0, 0, 0, 0, 0, 0, 0, 0, 0]
Round=0
Round=1
Round=2
Round=3
Round=4
Round=5
Round=6
Round=7
Round=8
Round=9
Round=10
Round=11
Round=12
Round=13
Round=14
current privacy cost of all clients:  [4.896127762871594, 4.179701435149603, 3.940892659242272, 4.418510211056934, 4.896127762871594, 4.418510211056934, 4.896127762871594, 5.10082093327143, 4.896127762871594, 4.657318986964264]
Round=14, per client global perf=[0.2594, 0.2576, 0.2565, 0.2518, 0.2718, 0.2429, 0.27, 0.2435, 0.2624, 0.2465], mean perf=4356/17000 (0.2562%)
Round=14, per client personal perf=[0.0888, 0.1582, 0.1171, 0.1141, 0.0929, 0.0935, 0.12, 0.0918, 0.0924, 0.0871], mean perf=1795/17000 (0.1056%)
Round=14, per client personal pooled=[0.1002, 0.1688, 0.111, 0.1085, 0.1018, 0.1004, 0.1084, 0.101, 0.1019, 0.0981], mean perf=18698/170000 (0.1100%)
Mean performance of ditto rpdp global, Perf=0.2542
Mean performance of ditto rpdp personal, Perf=0.1111
Mean performance of ditto rpdp pooled, Perf=0.1123
 We run FedAvg with rPDP (BoundedPareto-0) ...
max_epsilon :  10.0  noise_multiplier :  11.4404296875
The R-Squared value of the best-fit curve : 0.9998649040687166
learning rate =  0.001
sample_rate: (min) 0.03, (max) 0.76, expected_batch_size: 237
sample_rate: (min) 0.03, (max) 0.69, expected_batch_size: 237
sample_rate: (min) 0.03, (max) 0.61, expected_batch_size: 228
sample_rate: (min) 0.03, (max) 0.74, expected_batch_size: 241
sample_rate: (min) 0.03, (max) 1.0, expected_batch_size: 239
sample_rate: (min) 0.03, (max) 0.9, expected_batch_size: 245
sample_rate: (min) 0.03, (max) 0.94, expected_batch_size: 246
sample_rate: (min) 0.03, (max) 0.66, expected_batch_size: 237
sample_rate: (min) 0.03, (max) 0.75, expected_batch_size: 231
sample_rate: (min) 0.03, (max) 0.77, expected_batch_size: 240
initial privacy cost of all clients:  [0, 0, 0, 0, 0, 0, 0, 0, 0, 0]
Round=0
Round=1
Round=2
Round=3
Round=4
Round=5
Round=6
Round=7
Round=8
Round=9
Round=10
Round=11
Round=12
Round=13
Round=14
current privacy cost of all clients:  [6.475577822532757, 5.053529458090689, 3.988259716497166, 5.6934623426711335, 9.423730276459942, 7.271435994745377, 8.697168391539048, 5.65126638594129, 6.3454368281792135, 6.2776638519183825]
Round=14, per client global perf=[0.2194, 0.2224, 0.2276, 0.2147, 0.23, 0.2059, 0.2224, 0.2147, 0.21, 0.2135], mean perf=3707/17000 (0.2181%)
Round=14, per client personal perf=[0.1059, 0.1565, 0.0959, 0.1018, 0.0918, 0.1141, 0.1106, 0.0882, 0.1135, 0.0994], mean perf=1832/17000 (0.1078%)
Round=14, per client personal pooled=[0.1011, 0.1624, 0.1015, 0.1044, 0.0984, 0.1174, 0.1061, 0.0998, 0.1024, 0.1054], mean perf=18679/170000 (0.1099%)
Mean performance of ditto rpdp global, Perf=0.2170
Mean performance of ditto rpdp personal, Perf=0.1102
Mean performance of ditto rpdp pooled, Perf=0.1109
 We run FedAvg with rPDP (BoundedMixGauss-0) ...
max_epsilon :  10.0  noise_multiplier :  11.4404296875
The R-Squared value of the best-fit curve : 0.9998649040687166
learning rate =  0.001
sample_rate: (min) 0.03, (max) 0.71, expected_batch_size: 340
sample_rate: (min) 0.03, (max) 0.73, expected_batch_size: 355
sample_rate: (min) 0.03, (max) 0.8, expected_batch_size: 390
sample_rate: (min) 0.03, (max) 0.72, expected_batch_size: 336
sample_rate: (min) 0.03, (max) 0.72, expected_batch_size: 363
sample_rate: (min) 0.03, (max) 0.72, expected_batch_size: 359
sample_rate: (min) 0.03, (max) 0.75, expected_batch_size: 370
sample_rate: (min) 0.03, (max) 0.72, expected_batch_size: 365
sample_rate: (min) 0.03, (max) 0.73, expected_batch_size: 363
sample_rate: (min) 0.03, (max) 0.73, expected_batch_size: 377
initial privacy cost of all clients:  [0, 0, 0, 0, 0, 0, 0, 0, 0, 0]
Round=0
Round=1
Round=2
Round=3
Round=4
Round=5
Round=6
Round=7
Round=8
Round=9
Round=10
Round=11
Round=12
Round=13
Round=14
current privacy cost of all clients:  [5.955859716588246, 5.375078577482315, 5.618769160980146, 5.54840370603421, 6.0424047874777695, 5.538273804822448, 6.280500539631439, 6.317522527715044, 6.15893065677841, 5.89485961691831]
Round=14, per client global perf=[0.2612, 0.2559, 0.2447, 0.2588, 0.2765, 0.2418, 0.2694, 0.2435, 0.2641, 0.2594], mean perf=4378/17000 (0.2575%)
Round=14, per client personal perf=[0.1071, 0.09, 0.1, 0.1065, 0.1165, 0.0965, 0.1265, 0.0918, 0.1259, 0.0994], mean perf=1802/17000 (0.1060%)
Round=14, per client personal pooled=[0.1005, 0.1025, 0.1036, 0.1004, 0.1128, 0.1008, 0.1383, 0.101, 0.1391, 0.1151], mean perf=18938/170000 (0.1114%)
Mean performance of ditto rpdp global, Perf=0.2552
Mean performance of ditto rpdp personal, Perf=0.1067
Mean performance of ditto rpdp pooled, Perf=0.1084
Finished seed 42
----------------------------------------
=== Running reg_param=20, num_steps=15 ===
Running seed 42
/Users/shegao_t1/DP_Research/Personal_DP_Personal_FL/rpdp_fl/experiments/datasets/fed_cifar10/iid_10
 We run FedAvg with rPDP (ThreeLevels-0) ...
max_epsilon :  10.0  noise_multiplier :  11.4404296875
The R-Squared value of the best-fit curve : 0.9998649040687166
learning rate =  0.001
sample_rate: (min) 0.03, (max) 0.6, expected_batch_size: 357
sample_rate: (min) 0.03, (max) 0.6, expected_batch_size: 357
sample_rate: (min) 0.03, (max) 0.6, expected_batch_size: 357
sample_rate: (min) 0.03, (max) 0.6, expected_batch_size: 357
sample_rate: (min) 0.03, (max) 0.6, expected_batch_size: 357
sample_rate: (min) 0.03, (max) 0.6, expected_batch_size: 357
sample_rate: (min) 0.03, (max) 0.6, expected_batch_size: 357
sample_rate: (min) 0.03, (max) 0.6, expected_batch_size: 357
sample_rate: (min) 0.03, (max) 0.6, expected_batch_size: 357
sample_rate: (min) 0.03, (max) 0.6, expected_batch_size: 357
initial privacy cost of all clients:  [0, 0, 0, 0, 0, 0, 0, 0, 0, 0]
Round=0
Round=1
Round=2
Round=3
Round=4
Round=5
Round=6
Round=7
Round=8
Round=9
Round=10
Round=11
Round=12
Round=13
Round=14
current privacy cost of all clients:  [4.896127762871594, 4.179701435149603, 3.940892659242272, 4.418510211056934, 4.896127762871594, 4.418510211056934, 4.896127762871594, 5.10082093327143, 4.896127762871594, 4.657318986964264]
Round=14, per client global perf=[0.2594, 0.2576, 0.2565, 0.2518, 0.2718, 0.2429, 0.27, 0.2435, 0.2624, 0.2465], mean perf=4356/17000 (0.2562%)
Round=14, per client personal perf=[0.1188, 0.0994, 0.1076, 0.1053, 0.0924, 0.1094, 0.1082, 0.1076, 0.1053, 0.0971], mean perf=1787/17000 (0.1051%)
Round=14, per client personal pooled=[0.1098, 0.1183, 0.1013, 0.1107, 0.0981, 0.0981, 0.1005, 0.1055, 0.1166, 0.0977], mean perf=17962/170000 (0.1057%)
Mean performance of ditto rpdp global, Perf=0.2542
Mean performance of ditto rpdp personal, Perf=0.1117
Mean performance of ditto rpdp pooled, Perf=0.1130
 We run FedAvg with rPDP (BoundedPareto-0) ...
max_epsilon :  10.0  noise_multiplier :  11.4404296875
The R-Squared value of the best-fit curve : 0.9998649040687166
learning rate =  0.001
sample_rate: (min) 0.03, (max) 0.76, expected_batch_size: 237
sample_rate: (min) 0.03, (max) 0.69, expected_batch_size: 237
sample_rate: (min) 0.03, (max) 0.61, expected_batch_size: 228
sample_rate: (min) 0.03, (max) 0.74, expected_batch_size: 241
sample_rate: (min) 0.03, (max) 1.0, expected_batch_size: 239
sample_rate: (min) 0.03, (max) 0.9, expected_batch_size: 245
sample_rate: (min) 0.03, (max) 0.94, expected_batch_size: 246
sample_rate: (min) 0.03, (max) 0.66, expected_batch_size: 237
sample_rate: (min) 0.03, (max) 0.75, expected_batch_size: 231
sample_rate: (min) 0.03, (max) 0.77, expected_batch_size: 240
initial privacy cost of all clients:  [0, 0, 0, 0, 0, 0, 0, 0, 0, 0]
Round=0
Round=1
Round=2
Round=3
Round=4
Round=5
Round=6
Round=7
Round=8
Round=9
Round=10
Round=11
Round=12
Round=13
Round=14
current privacy cost of all clients:  [6.475577822532757, 5.053529458090689, 3.988259716497166, 5.6934623426711335, 9.423730276459942, 7.271435994745377, 8.697168391539048, 5.65126638594129, 6.3454368281792135, 6.2776638519183825]
Round=14, per client global perf=[0.2194, 0.2224, 0.2276, 0.2147, 0.23, 0.2059, 0.2224, 0.2147, 0.21, 0.2135], mean perf=3707/17000 (0.2181%)
Round=14, per client personal perf=[0.0953, 0.1329, 0.13, 0.1382, 0.1194, 0.1059, 0.0982, 0.0941, 0.1159, 0.1053], mean perf=1930/17000 (0.1135%)
Round=14, per client personal pooled=[0.1005, 0.1183, 0.1267, 0.1494, 0.1151, 0.1024, 0.0999, 0.1002, 0.1092, 0.0998], mean perf=19064/170000 (0.1121%)
Mean performance of ditto rpdp global, Perf=0.2170
Mean performance of ditto rpdp personal, Perf=0.1118
Mean performance of ditto rpdp pooled, Perf=0.1104
 We run FedAvg with rPDP (BoundedMixGauss-0) ...
max_epsilon :  10.0  noise_multiplier :  11.4404296875
The R-Squared value of the best-fit curve : 0.9998649040687166
learning rate =  0.001
sample_rate: (min) 0.03, (max) 0.71, expected_batch_size: 340
sample_rate: (min) 0.03, (max) 0.73, expected_batch_size: 355
sample_rate: (min) 0.03, (max) 0.8, expected_batch_size: 390
sample_rate: (min) 0.03, (max) 0.72, expected_batch_size: 336
sample_rate: (min) 0.03, (max) 0.72, expected_batch_size: 363
sample_rate: (min) 0.03, (max) 0.72, expected_batch_size: 359
sample_rate: (min) 0.03, (max) 0.75, expected_batch_size: 370
sample_rate: (min) 0.03, (max) 0.72, expected_batch_size: 365
sample_rate: (min) 0.03, (max) 0.73, expected_batch_size: 363
sample_rate: (min) 0.03, (max) 0.73, expected_batch_size: 377
initial privacy cost of all clients:  [0, 0, 0, 0, 0, 0, 0, 0, 0, 0]
Round=0
Round=1
Round=2
Round=3
Round=4
Round=5
Round=6
Round=7
Round=8
Round=9
Round=10
Round=11
Round=12
Round=13
Round=14
current privacy cost of all clients:  [5.955859716588246, 5.375078577482315, 5.618769160980146, 5.54840370603421, 6.0424047874777695, 5.538273804822448, 6.280500539631439, 6.317522527715044, 6.15893065677841, 5.89485961691831]
Round=14, per client global perf=[0.2612, 0.2559, 0.2447, 0.2588, 0.2765, 0.2418, 0.2694, 0.2435, 0.2641, 0.2594], mean perf=4378/17000 (0.2575%)
Round=14, per client personal perf=[0.1018, 0.1018, 0.0971, 0.1482, 0.1053, 0.1594, 0.0888, 0.1212, 0.13, 0.1224], mean perf=1999/17000 (0.1176%)
Round=14, per client personal pooled=[0.1001, 0.1011, 0.1027, 0.1549, 0.0996, 0.164, 0.1034, 0.1101, 0.1277, 0.1142], mean perf=20024/170000 (0.1178%)
Mean performance of ditto rpdp global, Perf=0.2552
Mean performance of ditto rpdp personal, Perf=0.1142
Mean performance of ditto rpdp pooled, Perf=0.1129
Finished seed 42
----------------------------------------
=== Running reg_param=20, num_steps=30 ===
Running seed 42
/Users/shegao_t1/DP_Research/Personal_DP_Personal_FL/rpdp_fl/experiments/datasets/fed_cifar10/iid_10
 We run FedAvg with rPDP (ThreeLevels-0) ...
max_epsilon :  10.0  noise_multiplier :  11.4404296875
The R-Squared value of the best-fit curve : 0.9998649040687166
learning rate =  0.001
sample_rate: (min) 0.03, (max) 0.6, expected_batch_size: 357
sample_rate: (min) 0.03, (max) 0.6, expected_batch_size: 357
sample_rate: (min) 0.03, (max) 0.6, expected_batch_size: 357
sample_rate: (min) 0.03, (max) 0.6, expected_batch_size: 357
sample_rate: (min) 0.03, (max) 0.6, expected_batch_size: 357
sample_rate: (min) 0.03, (max) 0.6, expected_batch_size: 357
sample_rate: (min) 0.03, (max) 0.6, expected_batch_size: 357
sample_rate: (min) 0.03, (max) 0.6, expected_batch_size: 357
sample_rate: (min) 0.03, (max) 0.6, expected_batch_size: 357
sample_rate: (min) 0.03, (max) 0.6, expected_batch_size: 357
initial privacy cost of all clients:  [0, 0, 0, 0, 0, 0, 0, 0, 0, 0]
Round=0
Round=1
Round=2
Round=3
Round=4
Round=5
Round=6
Round=7
Round=8
Round=9
Round=10
Round=11
Round=12
Round=13
Round=14
current privacy cost of all clients:  [4.896127762871594, 4.179701435149603, 3.940892659242272, 4.418510211056934, 4.896127762871594, 4.418510211056934, 4.896127762871594, 5.10082093327143, 4.896127762871594, 4.657318986964264]
Round=14, per client global perf=[0.2594, 0.2576, 0.2565, 0.2518, 0.2718, 0.2429, 0.27, 0.2435, 0.2624, 0.2465], mean perf=4356/17000 (0.2562%)
Round=14, per client personal perf=[0.1253, 0.1094, 0.1135, 0.1376, 0.1018, 0.1424, 0.1041, 0.11, 0.1318, 0.1247], mean perf=2041/17000 (0.1201%)
Round=14, per client personal pooled=[0.1152, 0.1124, 0.106, 0.1348, 0.1019, 0.1478, 0.1054, 0.118, 0.1265, 0.1366], mean perf=20480/170000 (0.1205%)
Mean performance of ditto rpdp global, Perf=0.2542
Mean performance of ditto rpdp personal, Perf=0.1141
Mean performance of ditto rpdp pooled, Perf=0.1154
 We run FedAvg with rPDP (BoundedPareto-0) ...
max_epsilon :  10.0  noise_multiplier :  11.4404296875
The R-Squared value of the best-fit curve : 0.9998649040687166
learning rate =  0.001
sample_rate: (min) 0.03, (max) 0.76, expected_batch_size: 237
sample_rate: (min) 0.03, (max) 0.69, expected_batch_size: 237
sample_rate: (min) 0.03, (max) 0.61, expected_batch_size: 228
sample_rate: (min) 0.03, (max) 0.74, expected_batch_size: 241
sample_rate: (min) 0.03, (max) 1.0, expected_batch_size: 239
sample_rate: (min) 0.03, (max) 0.9, expected_batch_size: 245
sample_rate: (min) 0.03, (max) 0.94, expected_batch_size: 246
sample_rate: (min) 0.03, (max) 0.66, expected_batch_size: 237
sample_rate: (min) 0.03, (max) 0.75, expected_batch_size: 231
sample_rate: (min) 0.03, (max) 0.77, expected_batch_size: 240
initial privacy cost of all clients:  [0, 0, 0, 0, 0, 0, 0, 0, 0, 0]
Round=0
Round=1
Round=2
Round=3
Round=4
Round=5
Round=6
Round=7
Round=8
Round=9
Round=10
Round=11
Round=12
Round=13
Round=14
current privacy cost of all clients:  [6.475577822532757, 5.053529458090689, 3.988259716497166, 5.6934623426711335, 9.423730276459942, 7.271435994745377, 8.697168391539048, 5.65126638594129, 6.3454368281792135, 6.2776638519183825]
Round=14, per client global perf=[0.2194, 0.2224, 0.2276, 0.2147, 0.23, 0.2059, 0.2224, 0.2147, 0.21, 0.2135], mean perf=3707/17000 (0.2181%)
Round=14, per client personal perf=[0.1059, 0.1, 0.1241, 0.0953, 0.1159, 0.1124, 0.1059, 0.1124, 0.1135, 0.1053], mean perf=1854/17000 (0.1091%)
Round=14, per client personal pooled=[0.1011, 0.1004, 0.1166, 0.1024, 0.1058, 0.1195, 0.101, 0.0981, 0.1024, 0.1024], mean perf=17846/170000 (0.1050%)
Mean performance of ditto rpdp global, Perf=0.2170
Mean performance of ditto rpdp personal, Perf=0.1148
Mean performance of ditto rpdp pooled, Perf=0.1116
 We run FedAvg with rPDP (BoundedMixGauss-0) ...
max_epsilon :  10.0  noise_multiplier :  11.4404296875
The R-Squared value of the best-fit curve : 0.9998649040687166
learning rate =  0.001
sample_rate: (min) 0.03, (max) 0.71, expected_batch_size: 340
sample_rate: (min) 0.03, (max) 0.73, expected_batch_size: 355
sample_rate: (min) 0.03, (max) 0.8, expected_batch_size: 390
sample_rate: (min) 0.03, (max) 0.72, expected_batch_size: 336
sample_rate: (min) 0.03, (max) 0.72, expected_batch_size: 363
sample_rate: (min) 0.03, (max) 0.72, expected_batch_size: 359
sample_rate: (min) 0.03, (max) 0.75, expected_batch_size: 370
sample_rate: (min) 0.03, (max) 0.72, expected_batch_size: 365
sample_rate: (min) 0.03, (max) 0.73, expected_batch_size: 363
sample_rate: (min) 0.03, (max) 0.73, expected_batch_size: 377
initial privacy cost of all clients:  [0, 0, 0, 0, 0, 0, 0, 0, 0, 0]
Round=0
Round=1
Round=2
Round=3
Round=4
Round=5
Round=6
Round=7
Round=8
Round=9
Round=10
Round=11
Round=12
Round=13
Round=14
current privacy cost of all clients:  [5.955859716588246, 5.375078577482315, 5.618769160980146, 5.54840370603421, 6.0424047874777695, 5.538273804822448, 6.280500539631439, 6.317522527715044, 6.15893065677841, 5.89485961691831]
Round=14, per client global perf=[0.2612, 0.2559, 0.2447, 0.2588, 0.2765, 0.2418, 0.2694, 0.2435, 0.2641, 0.2594], mean perf=4378/17000 (0.2575%)
Round=14, per client personal perf=[0.1006, 0.1006, 0.1129, 0.0976, 0.1012, 0.0965, 0.1024, 0.0941, 0.0994, 0.1324], mean perf=1764/17000 (0.1038%)
Round=14, per client personal pooled=[0.0996, 0.1058, 0.1055, 0.1022, 0.1056, 0.1005, 0.1037, 0.1001, 0.0981, 0.1316], mean perf=17898/170000 (0.1053%)
Mean performance of ditto rpdp global, Perf=0.2552
Mean performance of ditto rpdp personal, Perf=0.1159
Mean performance of ditto rpdp pooled, Perf=0.1156
Finished seed 42
----------------------------------------
