PARAMS: dataset=cifar10, gpu=0, data_type=niid_dir_5, num_steps=30
=== Running reg_param=0 ===
Running seed 42
learning rate =  0.001
Round=0
Round=1
Round=2
Round=3
Round=4
Round=5
Round=6
Round=7
Round=8
Round=9
Round=10
Round=11
Round=12
Round=13
Round=14
Round=14, per client global perf=[0.2646, 0.2891, 0.4253, 0.2562, 0.397, 0.352, 0.3899, 0.5015, 0.4438, 0.2157], mean perf=6395/17005 (0.3761%)
Round=14, per client personal perf=[0.6187, 0.4624, 0.5646, 0.6896, 0.5566, 0.531, 0.5345, 0.518, 0.4668, 0.633], mean perf=9222/17005 (0.5423%)
Round=14, per client personal pooled=[0.2587, 0.1577, 0.1714, 0.1988, 0.2325, 0.2283, 0.2155, 0.3394, 0.2142, 0.2142], mean perf=37933/170050 (0.2231%)
All rounds performance of vanilla ditto global, Perf=[0.1002, 0.1002, 0.1557, 0.1618, 0.1824, 0.2107, 0.2332, 0.2535, 0.2752, 0.3047, 0.2987, 0.3368, 0.3368, 0.3742, 0.3761]
Mean performance of vanilla ditto global, Perf=0.3624
All rounds performance of vanilla ditto personal, Perf=[0.278, 0.3537, 0.3826, 0.3796, 0.4145, 0.4105, 0.4082, 0.4442, 0.4593, 0.4967, 0.4893, 0.5124, 0.5327, 0.5311, 0.5423]
Mean performance of vanilla ditto personal, Perf=0.5354
All rounds performance of vanilla ditto pooled, Perf=[0.1002, 0.1002, 0.1206, 0.1343, 0.141, 0.1507, 0.158, 0.1867, 0.1832, 0.1881, 0.1942, 0.2028, 0.2184, 0.2152, 0.2231]
Mean performance of vanilla ditto pooled, Perf=0.2189
Finished seed 42
----------------------------------------
=== Running reg_param=0.001 ===
Running seed 42
learning rate =  0.001
Round=0
Round=1
Round=2
Round=3
Round=4
Round=5
Round=6
Round=7
Round=8
Round=9
Round=10
Round=11
Round=12
Round=13
Round=14
Round=14, per client global perf=[0.2646, 0.2891, 0.4253, 0.2562, 0.397, 0.352, 0.3899, 0.5015, 0.4438, 0.2157], mean perf=6395/17005 (0.3761%)
Round=14, per client personal perf=[0.6109, 0.4649, 0.5931, 0.6186, 0.5297, 0.5044, 0.5405, 0.5066, 0.4756, 0.5965], mean perf=8987/17005 (0.5285%)
Round=14, per client personal pooled=[0.2623, 0.1591, 0.2222, 0.19, 0.2046, 0.2365, 0.2193, 0.3256, 0.2699, 0.1767], mean perf=38536/170050 (0.2266%)
All rounds performance of vanilla ditto global, Perf=[0.1002, 0.1002, 0.1557, 0.1618, 0.1824, 0.2107, 0.2332, 0.2535, 0.2752, 0.3047, 0.2987, 0.3368, 0.3368, 0.3742, 0.3761]
Mean performance of vanilla ditto global, Perf=0.3624
All rounds performance of vanilla ditto personal, Perf=[0.2356, 0.2899, 0.3629, 0.374, 0.4272, 0.4156, 0.4024, 0.4251, 0.4368, 0.4871, 0.4964, 0.5133, 0.5311, 0.5313, 0.5285]
Mean performance of vanilla ditto personal, Perf=0.5303
All rounds performance of vanilla ditto pooled, Perf=[0.0999, 0.1007, 0.1198, 0.1332, 0.144, 0.1496, 0.1565, 0.1761, 0.1738, 0.1915, 0.1935, 0.1981, 0.2157, 0.2224, 0.2266]
Mean performance of vanilla ditto pooled, Perf=0.2216
Finished seed 42
----------------------------------------
=== Running reg_param=0.01 ===
Running seed 42
learning rate =  0.001
Round=0
Round=1
Round=2
Round=3
Round=4
Round=5
Round=6
Round=7
Round=8
Round=9
Round=10
Round=11
Round=12
Round=13
Round=14
Round=14, per client global perf=[0.2646, 0.2891, 0.4253, 0.2562, 0.397, 0.352, 0.3899, 0.5015, 0.4438, 0.2157], mean perf=6395/17005 (0.3761%)
Round=14, per client personal perf=[0.6245, 0.478, 0.625, 0.697, 0.5436, 0.543, 0.522, 0.5312, 0.5164, 0.647], mean perf=9453/17005 (0.5559%)
Round=14, per client personal pooled=[0.2918, 0.1988, 0.2399, 0.2304, 0.2355, 0.2473, 0.2445, 0.3496, 0.2787, 0.2208], mean perf=43149/170050 (0.2537%)
All rounds performance of vanilla ditto global, Perf=[0.1002, 0.1002, 0.1557, 0.1618, 0.1824, 0.2107, 0.2332, 0.2535, 0.2752, 0.3047, 0.2987, 0.3368, 0.3368, 0.3742, 0.3761]
Mean performance of vanilla ditto global, Perf=0.3624
All rounds performance of vanilla ditto personal, Perf=[0.2178, 0.328, 0.3598, 0.3754, 0.4223, 0.4259, 0.4309, 0.4403, 0.4399, 0.5, 0.5089, 0.5194, 0.5376, 0.5411, 0.5559]
Mean performance of vanilla ditto personal, Perf=0.5449
All rounds performance of vanilla ditto pooled, Perf=[0.0999, 0.1099, 0.116, 0.1313, 0.1453, 0.1494, 0.1709, 0.1871, 0.1824, 0.1978, 0.2073, 0.2241, 0.2393, 0.237, 0.2537]
Mean performance of vanilla ditto pooled, Perf=0.2433
Finished seed 42
----------------------------------------
=== Running reg_param=0.1 ===
Running seed 42
learning rate =  0.001
Round=0
Round=1
Round=2
Round=3
Round=4
Round=5
Round=6
Round=7
Round=8
Round=9
Round=10
Round=11
Round=12
Round=13
Round=14
Round=14, per client global perf=[0.2646, 0.2891, 0.4253, 0.2562, 0.397, 0.352, 0.3899, 0.5015, 0.4438, 0.2157], mean perf=6395/17005 (0.3761%)
Round=14, per client personal perf=[0.6381, 0.4903, 0.6275, 0.7438, 0.5566, 0.5475, 0.5696, 0.5358, 0.5447, 0.68], mean perf=9770/17005 (0.5745%)
Round=14, per client personal pooled=[0.2964, 0.2078, 0.2652, 0.2316, 0.253, 0.253, 0.2648, 0.3585, 0.2897, 0.2362], mean perf=45170/170050 (0.2656%)
All rounds performance of vanilla ditto global, Perf=[0.1002, 0.1002, 0.1557, 0.1618, 0.1824, 0.2107, 0.2332, 0.2535, 0.2752, 0.3047, 0.2987, 0.3368, 0.3368, 0.3742, 0.3761]
Mean performance of vanilla ditto global, Perf=0.3624
All rounds performance of vanilla ditto personal, Perf=[0.2362, 0.3049, 0.3597, 0.406, 0.432, 0.4589, 0.4379, 0.4652, 0.4741, 0.5087, 0.5158, 0.5278, 0.5443, 0.5532, 0.5745]
Mean performance of vanilla ditto personal, Perf=0.5573
All rounds performance of vanilla ditto pooled, Perf=[0.1022, 0.1067, 0.1122, 0.1471, 0.1511, 0.1679, 0.1742, 0.1949, 0.1974, 0.2027, 0.218, 0.2361, 0.2469, 0.2501, 0.2656]
Mean performance of vanilla ditto pooled, Perf=0.2542
Finished seed 42
----------------------------------------
=== Running reg_param=1.0 ===
Running seed 42
learning rate =  0.001
Round=0
Round=1
Round=2
Round=3
Round=4
Round=5
Round=6
Round=7
Round=8
Round=9
Round=10
Round=11
Round=12
Round=13
Round=14
Round=14, per client global perf=[0.2646, 0.2891, 0.4253, 0.2562, 0.397, 0.352, 0.3899, 0.5015, 0.4438, 0.2157], mean perf=6395/17005 (0.3761%)
Round=14, per client personal perf=[0.6381, 0.5092, 0.6141, 0.737, 0.5353, 0.5531, 0.5671, 0.5385, 0.5438, 0.6626], mean perf=9772/17005 (0.5747%)
Round=14, per client personal pooled=[0.2976, 0.2324, 0.2734, 0.2378, 0.2609, 0.2507, 0.266, 0.3625, 0.3063, 0.2385], mean perf=46355/170050 (0.2726%)
All rounds performance of vanilla ditto global, Perf=[0.1002, 0.1002, 0.1557, 0.1618, 0.1824, 0.2107, 0.2332, 0.2535, 0.2752, 0.3047, 0.2987, 0.3368, 0.3368, 0.3742, 0.3761]
Mean performance of vanilla ditto global, Perf=0.3624
All rounds performance of vanilla ditto personal, Perf=[0.1864, 0.271, 0.3652, 0.4213, 0.4349, 0.4636, 0.4459, 0.4724, 0.4764, 0.5119, 0.5206, 0.5298, 0.5488, 0.5547, 0.5747]
Mean performance of vanilla ditto personal, Perf=0.5594
All rounds performance of vanilla ditto pooled, Perf=[0.1001, 0.0997, 0.1074, 0.1462, 0.1548, 0.1713, 0.1753, 0.1929, 0.1955, 0.2064, 0.2196, 0.238, 0.2488, 0.2555, 0.2726]
Mean performance of vanilla ditto pooled, Perf=0.2590
Finished seed 42
----------------------------------------
=== Running reg_param=5 ===
Running seed 42
learning rate =  0.001
Round=0
Round=1
Round=2
Round=3
Round=4
Round=5
Round=6
Round=7
Round=8
Round=9
Round=10
Round=11
Round=12
Round=13
Round=14
Round=14, per client global perf=[0.2646, 0.2891, 0.4253, 0.2562, 0.397, 0.352, 0.3899, 0.5015, 0.4438, 0.2157], mean perf=6395/17005 (0.3761%)
Round=14, per client personal perf=[0.6459, 0.5191, 0.6166, 0.7328, 0.5714, 0.5551, 0.5706, 0.5339, 0.5492, 0.6591], mean perf=9833/17005 (0.5782%)
Round=14, per client personal pooled=[0.2943, 0.2735, 0.2777, 0.2633, 0.2792, 0.2643, 0.2871, 0.3629, 0.3079, 0.3044], mean perf=49562/170050 (0.2915%)
All rounds performance of vanilla ditto global, Perf=[0.1002, 0.1002, 0.1557, 0.1618, 0.1824, 0.2107, 0.2332, 0.2535, 0.2752, 0.3047, 0.2987, 0.3368, 0.3368, 0.3742, 0.3761]
Mean performance of vanilla ditto global, Perf=0.3624
All rounds performance of vanilla ditto personal, Perf=[0.2465, 0.3155, 0.3415, 0.4186, 0.4342, 0.4729, 0.4638, 0.4817, 0.4875, 0.5185, 0.5273, 0.5327, 0.5499, 0.5562, 0.5782]
Mean performance of vanilla ditto personal, Perf=0.5614
All rounds performance of vanilla ditto pooled, Perf=[0.101, 0.1001, 0.1058, 0.1399, 0.1526, 0.1756, 0.1805, 0.1937, 0.2004, 0.2118, 0.2274, 0.2465, 0.2577, 0.2688, 0.2915]
Mean performance of vanilla ditto pooled, Perf=0.2727
Finished seed 42
----------------------------------------
=== Running reg_param=10 ===
Running seed 42
learning rate =  0.001
Round=0
Round=1
Round=2
Round=3
Round=4
Round=5
Round=6
Round=7
Round=8
Round=9
Round=10
Round=11
Round=12
Round=13
Round=14
Round=14, per client global perf=[0.2646, 0.2891, 0.4253, 0.2562, 0.397, 0.352, 0.3899, 0.5015, 0.4438, 0.2157], mean perf=6395/17005 (0.3761%)
Round=14, per client personal perf=[0.6401, 0.5162, 0.6124, 0.7217, 0.5696, 0.5438, 0.5611, 0.5312, 0.5518, 0.64], mean perf=9730/17005 (0.5722%)
Round=14, per client personal pooled=[0.3034, 0.294, 0.2824, 0.3001, 0.2988, 0.2761, 0.3177, 0.3648, 0.3169, 0.3345], mean perf=52525/170050 (0.3089%)
All rounds performance of vanilla ditto global, Perf=[0.1002, 0.1002, 0.1557, 0.1618, 0.1824, 0.2107, 0.2332, 0.2535, 0.2752, 0.3047, 0.2987, 0.3368, 0.3368, 0.3742, 0.3761]
Mean performance of vanilla ditto global, Perf=0.3624
All rounds performance of vanilla ditto personal, Perf=[0.1637, 0.2271, 0.3374, 0.4167, 0.4345, 0.4689, 0.4716, 0.4858, 0.4978, 0.5174, 0.5284, 0.534, 0.5469, 0.5565, 0.5722]
Mean performance of vanilla ditto personal, Perf=0.5585
All rounds performance of vanilla ditto pooled, Perf=[0.1013, 0.0999, 0.1061, 0.1391, 0.1526, 0.1776, 0.1822, 0.194, 0.2032, 0.2171, 0.2358, 0.258, 0.2707, 0.284, 0.3089]
Mean performance of vanilla ditto pooled, Perf=0.2879
Finished seed 42
----------------------------------------
=== Running reg_param=15 ===
Running seed 42
learning rate =  0.001
Round=0
Round=1
Round=2
Round=3
Round=4
Round=5
Round=6
Round=7
Round=8
Round=9
Round=10
Round=11
Round=12
Round=13
Round=14
Round=14, per client global perf=[0.2646, 0.2891, 0.4253, 0.2562, 0.397, 0.352, 0.3899, 0.5015, 0.4438, 0.2157], mean perf=6395/17005 (0.3761%)
Round=14, per client personal perf=[0.6245, 0.5129, 0.6057, 0.7038, 0.5622, 0.5334, 0.5541, 0.5321, 0.543, 0.6157], mean perf=9603/17005 (0.5647%)
Round=14, per client personal pooled=[0.333, 0.3088, 0.2973, 0.3205, 0.3154, 0.2834, 0.3374, 0.37, 0.3248, 0.35], mean perf=55106/170050 (0.3241%)
All rounds performance of vanilla ditto global, Perf=[0.1002, 0.1002, 0.1557, 0.1618, 0.1824, 0.2107, 0.2332, 0.2535, 0.2752, 0.3047, 0.2987, 0.3368, 0.3368, 0.3742, 0.3761]
Mean performance of vanilla ditto global, Perf=0.3624
All rounds performance of vanilla ditto personal, Perf=[0.1891, 0.2363, 0.3668, 0.4115, 0.4298, 0.4652, 0.4718, 0.4839, 0.4981, 0.5172, 0.5242, 0.5304, 0.5465, 0.5542, 0.5647]
Mean performance of vanilla ditto personal, Perf=0.5551
All rounds performance of vanilla ditto pooled, Perf=[0.0981, 0.0989, 0.1079, 0.1436, 0.1528, 0.18, 0.1834, 0.1955, 0.2095, 0.2244, 0.2447, 0.2693, 0.2837, 0.2974, 0.3241]
Mean performance of vanilla ditto pooled, Perf=0.3017
Finished seed 42
----------------------------------------
=== Running reg_param=20 ===
Running seed 42
learning rate =  0.001
Round=0
Round=1
Round=2
Round=3
Round=4
Round=5
Round=6
Round=7
Round=8
Round=9
Round=10
Round=11
Round=12
Round=13
Round=14
Round=14, per client global perf=[0.2646, 0.2891, 0.4253, 0.2562, 0.397, 0.352, 0.3899, 0.5015, 0.4438, 0.2157], mean perf=6395/17005 (0.3761%)
Round=14, per client personal perf=[0.6128, 0.5105, 0.594, 0.6912, 0.5547, 0.5294, 0.5495, 0.5296, 0.5394, 0.6], mean perf=9504/17005 (0.5589%)
Round=14, per client personal pooled=[0.3463, 0.3195, 0.3114, 0.3362, 0.332, 0.2891, 0.3483, 0.3731, 0.3301, 0.3595], mean perf=56893/170050 (0.3346%)
All rounds performance of vanilla ditto global, Perf=[0.1002, 0.1002, 0.1557, 0.1618, 0.1824, 0.2107, 0.2332, 0.2535, 0.2752, 0.3047, 0.2987, 0.3368, 0.3368, 0.3742, 0.3761]
Mean performance of vanilla ditto global, Perf=0.3624
All rounds performance of vanilla ditto personal, Perf=[0.1874, 0.2155, 0.3029, 0.4056, 0.4318, 0.4546, 0.4707, 0.4882, 0.494, 0.5163, 0.5201, 0.5246, 0.5406, 0.549, 0.5589]
Mean performance of vanilla ditto personal, Perf=0.5495
All rounds performance of vanilla ditto pooled, Perf=[0.0996, 0.1038, 0.1003, 0.1435, 0.1566, 0.1851, 0.1848, 0.1995, 0.2151, 0.2319, 0.2508, 0.2778, 0.2966, 0.3075, 0.3346]
Mean performance of vanilla ditto pooled, Perf=0.3129
Finished seed 42
----------------------------------------
All runs complete.
