PARAMS: dataset=mnist, gpu=0, data_type=niid_10_2, num_steps=15
=== Running epsilon=0.1 ===
=== Running reg_param=0 ===
Running seed 42
default_sample_rate: 0.03578417668437238
noise_multiplier :  15.0
learning rate =  0.01
sample_rate: 0.04, expected_batch_size: 141
sample_rate: 0.04, expected_batch_size: 141
sample_rate: 0.04, expected_batch_size: 141
sample_rate: 0.04, expected_batch_size: 140
sample_rate: 0.04, expected_batch_size: 140
sample_rate: 0.04, expected_batch_size: 139
sample_rate: 0.04, expected_batch_size: 134
sample_rate: 0.04, expected_batch_size: 139
sample_rate: 0.04, expected_batch_size: 128
sample_rate: 0.04, expected_batch_size: 141
initial privacy cost of all clients:  [0, 0, 0, 0, 0, 0, 0, 0, 0, 0]
Round=0
Round=1
Round=2
Round=3
Round=4
Round=5
Round=6
Round=7
Round=8
Round=9
Round=10
Round=11
Round=12
Round=13
Round=14
current privacy cost of all clients:  [0.06986181551978243, 0.06986181551978243, 0.053672106658287304, 0.06473554779849566, 0.07452440444690617, 0.06986181551978243, 0.07452440444690617, 0.0790881661120027, 0.08346074456456026, 0.059404084469804816]
Round=14, per client global perf=[0.6235, 0.1348, 0.0191, 0.0371, 0.1505, 0.6006, 0.3347, 0.1122, 0.4669, 0.2279], mean perf=5375/20016 (0.2685%)
Round=14, per client personal perf=[0.9931, 0.9853, 0.9985, 0.9881, 0.9822, 0.9925, 0.9721, 0.9871, 0.9995, 0.9917], mean perf=19796/20016 (0.9890%)
Round=14, per client personal pooled=[0.1931, 0.2009, 0.2007, 0.2022, 0.1987, 0.1976, 0.1939, 0.2009, 0.1921, 0.2004], mean perf=39646/200160 (0.1981%)
Mean performance of unidp ditto global,  eps=0.1, Perf=0.2953
Mean performance of unidp ditto personal,  eps=0.1, Perf=0.9879
Mean performance of unidp ditto pooled,  eps=0.1, Perf=0.1978
Finished seed 42
----------------------------------------
=== Running reg_param=0.001 ===
Running seed 42
default_sample_rate: 0.03578417668437238
noise_multiplier :  15.0
learning rate =  0.01
sample_rate: 0.04, expected_batch_size: 141
sample_rate: 0.04, expected_batch_size: 141
sample_rate: 0.04, expected_batch_size: 141
sample_rate: 0.04, expected_batch_size: 140
sample_rate: 0.04, expected_batch_size: 140
sample_rate: 0.04, expected_batch_size: 139
sample_rate: 0.04, expected_batch_size: 134
sample_rate: 0.04, expected_batch_size: 139
sample_rate: 0.04, expected_batch_size: 128
sample_rate: 0.04, expected_batch_size: 141
initial privacy cost of all clients:  [0, 0, 0, 0, 0, 0, 0, 0, 0, 0]
Round=0
Round=1
Round=2
Round=3
Round=4
Round=5
Round=6
Round=7
Round=8
Round=9
Round=10
Round=11
Round=12
Round=13
Round=14
current privacy cost of all clients:  [0.06986181551978243, 0.06986181551978243, 0.053672106658287304, 0.06473554779849566, 0.07452440444690617, 0.06986181551978243, 0.07452440444690617, 0.0790881661120027, 0.08346074456456026, 0.059404084469804816]
Round=14, per client global perf=[0.6235, 0.1348, 0.0191, 0.0371, 0.1505, 0.6006, 0.3347, 0.1122, 0.4669, 0.2279], mean perf=5375/20016 (0.2685%)
Round=14, per client personal perf=[0.9951, 0.9892, 0.9966, 0.9871, 0.9822, 0.9717, 0.9731, 0.9866, 0.9995, 0.9912], mean perf=19760/20016 (0.9872%)
Round=14, per client personal pooled=[0.1931, 0.2014, 0.2003, 0.2016, 0.1987, 0.1934, 0.1939, 0.2008, 0.1922, 0.2006], mean perf=39558/200160 (0.1976%)
Mean performance of unidp ditto global,  eps=0.1, Perf=0.2953
Mean performance of unidp ditto personal,  eps=0.1, Perf=0.9855
Mean performance of unidp ditto pooled,  eps=0.1, Perf=0.1974
Finished seed 42
----------------------------------------
=== Running reg_param=0.01 ===
Running seed 42
default_sample_rate: 0.03578417668437238
noise_multiplier :  15.0
learning rate =  0.01
sample_rate: 0.04, expected_batch_size: 141
sample_rate: 0.04, expected_batch_size: 141
sample_rate: 0.04, expected_batch_size: 141
sample_rate: 0.04, expected_batch_size: 140
sample_rate: 0.04, expected_batch_size: 140
sample_rate: 0.04, expected_batch_size: 139
sample_rate: 0.04, expected_batch_size: 134
sample_rate: 0.04, expected_batch_size: 139
sample_rate: 0.04, expected_batch_size: 128
sample_rate: 0.04, expected_batch_size: 141
initial privacy cost of all clients:  [0, 0, 0, 0, 0, 0, 0, 0, 0, 0]
Round=0
Round=1
Round=2
Round=3
Round=4
Round=5
Round=6
Round=7
Round=8
Round=9
Round=10
Round=11
Round=12
Round=13
Round=14
current privacy cost of all clients:  [0.06986181551978243, 0.06986181551978243, 0.053672106658287304, 0.06473554779849566, 0.07452440444690617, 0.06986181551978243, 0.07452440444690617, 0.0790881661120027, 0.08346074456456026, 0.059404084469804816]
Round=14, per client global perf=[0.6235, 0.1348, 0.0191, 0.0371, 0.1505, 0.6006, 0.3347, 0.1122, 0.4669, 0.2279], mean perf=5375/20016 (0.2685%)
Round=14, per client personal perf=[0.9931, 0.9784, 0.999, 0.9837, 0.9689, 0.9886, 0.9726, 0.9871, 0.9978, 0.9892], mean perf=19732/20016 (0.9858%)
Round=14, per client personal pooled=[0.1929, 0.1997, 0.2005, 0.2014, 0.1947, 0.1962, 0.1941, 0.2008, 0.192, 0.1999], mean perf=39480/200160 (0.1972%)
Mean performance of unidp ditto global,  eps=0.1, Perf=0.2953
Mean performance of unidp ditto personal,  eps=0.1, Perf=0.9850
Mean performance of unidp ditto pooled,  eps=0.1, Perf=0.1971
Finished seed 42
----------------------------------------
=== Running reg_param=0.1 ===
Running seed 42
default_sample_rate: 0.03578417668437238
noise_multiplier :  15.0
learning rate =  0.01
sample_rate: 0.04, expected_batch_size: 141
sample_rate: 0.04, expected_batch_size: 141
sample_rate: 0.04, expected_batch_size: 141
sample_rate: 0.04, expected_batch_size: 140
sample_rate: 0.04, expected_batch_size: 140
sample_rate: 0.04, expected_batch_size: 139
sample_rate: 0.04, expected_batch_size: 134
sample_rate: 0.04, expected_batch_size: 139
sample_rate: 0.04, expected_batch_size: 128
sample_rate: 0.04, expected_batch_size: 141
initial privacy cost of all clients:  [0, 0, 0, 0, 0, 0, 0, 0, 0, 0]
Round=0
Round=1
Round=2
Round=3
Round=4
Round=5
Round=6
Round=7
Round=8
Round=9
Round=10
Round=11
Round=12
Round=13
Round=14
current privacy cost of all clients:  [0.06986181551978243, 0.06986181551978243, 0.053672106658287304, 0.06473554779849566, 0.07452440444690617, 0.06986181551978243, 0.07452440444690617, 0.0790881661120027, 0.08346074456456026, 0.059404084469804816]
Round=14, per client global perf=[0.6235, 0.1348, 0.0191, 0.0371, 0.1505, 0.6006, 0.3347, 0.1122, 0.4669, 0.2279], mean perf=5375/20016 (0.2685%)
Round=14, per client personal perf=[0.9755, 0.9652, 0.9838, 0.9516, 0.8929, 0.9747, 0.9638, 0.9861, 0.9881, 0.9309], mean perf=19235/20016 (0.9610%)
Round=14, per client personal pooled=[0.194, 0.1974, 0.1977, 0.2474, 0.181, 0.1932, 0.1916, 0.2007, 0.1923, 0.1916], mean perf=39773/200160 (0.1987%)
Mean performance of unidp ditto global,  eps=0.1, Perf=0.2953
Mean performance of unidp ditto personal,  eps=0.1, Perf=0.9621
Mean performance of unidp ditto pooled,  eps=0.1, Perf=0.1967
Finished seed 42
----------------------------------------
=== Running reg_param=1.0 ===
Running seed 42
default_sample_rate: 0.03578417668437238
noise_multiplier :  15.0
learning rate =  0.01
sample_rate: 0.04, expected_batch_size: 141
sample_rate: 0.04, expected_batch_size: 141
sample_rate: 0.04, expected_batch_size: 141
sample_rate: 0.04, expected_batch_size: 140
sample_rate: 0.04, expected_batch_size: 140
sample_rate: 0.04, expected_batch_size: 139
sample_rate: 0.04, expected_batch_size: 134
sample_rate: 0.04, expected_batch_size: 139
sample_rate: 0.04, expected_batch_size: 128
sample_rate: 0.04, expected_batch_size: 141
initial privacy cost of all clients:  [0, 0, 0, 0, 0, 0, 0, 0, 0, 0]
Round=0
Round=1
Round=2
Round=3
Round=4
Round=5
Round=6
Round=7
Round=8
Round=9
Round=10
Round=11
Round=12
Round=13
Round=14
current privacy cost of all clients:  [0.06986181551978243, 0.06986181551978243, 0.053672106658287304, 0.06473554779849566, 0.07452440444690617, 0.06986181551978243, 0.07452440444690617, 0.0790881661120027, 0.08346074456456026, 0.059404084469804816]
Round=14, per client global perf=[0.6235, 0.1348, 0.0191, 0.0371, 0.1505, 0.6006, 0.3347, 0.1122, 0.4669, 0.2279], mean perf=5375/20016 (0.2685%)
Round=14, per client personal perf=[0.9765, 0.8564, 0.9672, 0.6841, 0.8894, 0.9533, 0.9396, 0.9742, 0.9864, 0.8279], mean perf=18106/20016 (0.9046%)
Round=14, per client personal pooled=[0.1969, 0.2049, 0.1947, 0.1474, 0.1803, 0.2117, 0.2262, 0.1983, 0.1929, 0.2205], mean perf=39511/200160 (0.1974%)
Mean performance of unidp ditto global,  eps=0.1, Perf=0.2953
Mean performance of unidp ditto personal,  eps=0.1, Perf=0.9027
Mean performance of unidp ditto pooled,  eps=0.1, Perf=0.1897
Finished seed 42
----------------------------------------
=== Running reg_param=10 ===
Running seed 42
default_sample_rate: 0.03578417668437238
noise_multiplier :  15.0
learning rate =  0.01
sample_rate: 0.04, expected_batch_size: 141
sample_rate: 0.04, expected_batch_size: 141
sample_rate: 0.04, expected_batch_size: 141
sample_rate: 0.04, expected_batch_size: 140
sample_rate: 0.04, expected_batch_size: 140
sample_rate: 0.04, expected_batch_size: 139
sample_rate: 0.04, expected_batch_size: 134
sample_rate: 0.04, expected_batch_size: 139
sample_rate: 0.04, expected_batch_size: 128
sample_rate: 0.04, expected_batch_size: 141
initial privacy cost of all clients:  [0, 0, 0, 0, 0, 0, 0, 0, 0, 0]
Round=0
Round=1
Round=2
Round=3
Round=4
Round=5
Round=6
Round=7
Round=8
Round=9
Round=10
Round=11
Round=12
Round=13
Round=14
current privacy cost of all clients:  [0.06986181551978243, 0.06986181551978243, 0.053672106658287304, 0.06473554779849566, 0.07452440444690617, 0.06986181551978243, 0.07452440444690617, 0.0790881661120027, 0.08346074456456026, 0.059404084469804816]
Round=14, per client global perf=[0.6235, 0.1348, 0.0191, 0.0371, 0.1505, 0.6006, 0.3347, 0.1122, 0.4669, 0.2279], mean perf=5375/20016 (0.2685%)
Round=14, per client personal perf=[0.9436, 0.8529, 0.9353, 0.9086, 0.8361, 0.93, 0.8626, 0.9638, 0.9599, 0.8642], mean perf=18121/20016 (0.9053%)
Round=14, per client personal pooled=[0.2215, 0.2619, 0.2274, 0.2029, 0.2202, 0.2043, 0.2769, 0.2122, 0.254, 0.2449], mean perf=46563/200160 (0.2326%)
Mean performance of unidp ditto global,  eps=0.1, Perf=0.2953
Mean performance of unidp ditto personal,  eps=0.1, Perf=0.8877
Mean performance of unidp ditto pooled,  eps=0.1, Perf=0.2183
Finished seed 42
----------------------------------------
=== Running epsilon=0.5 ===
=== Running reg_param=0 ===
Running seed 42
default_sample_rate: 0.03578417668437238
noise_multiplier :  3.984375
learning rate =  0.01
sample_rate: 0.04, expected_batch_size: 141
sample_rate: 0.04, expected_batch_size: 141
sample_rate: 0.04, expected_batch_size: 141
sample_rate: 0.04, expected_batch_size: 140
sample_rate: 0.04, expected_batch_size: 140
sample_rate: 0.04, expected_batch_size: 139
sample_rate: 0.04, expected_batch_size: 134
sample_rate: 0.04, expected_batch_size: 139
sample_rate: 0.04, expected_batch_size: 128
sample_rate: 0.04, expected_batch_size: 141
initial privacy cost of all clients:  [0, 0, 0, 0, 0, 0, 0, 0, 0, 0]
Round=0
Round=1
Round=2
Round=3
Round=4
Round=5
Round=6
Round=7
Round=8
Round=9
Round=10
Round=11
Round=12
Round=13
Round=14
current privacy cost of all clients:  [0.3600540297783687, 0.3600540297783687, 0.28434386944609313, 0.33630370970290824, 0.38266600051679095, 0.3600540297783687, 0.38266600051679095, 0.40380059847803695, 0.42477723341419715, 0.31108268760888214]
Round=14, per client global perf=[0.5113, 0.3985, 0.0211, 0.2872, 0.5829, 0.6269, 0.4623, 0.4851, 0.8357, 0.6436], mean perf=9649/20016 (0.4821%)
Round=14, per client personal perf=[0.9931, 0.9853, 0.9985, 0.9881, 0.9822, 0.9925, 0.9721, 0.9871, 0.9995, 0.9917], mean perf=19796/20016 (0.9890%)
Round=14, per client personal pooled=[0.1931, 0.2009, 0.2007, 0.2022, 0.1987, 0.1976, 0.1939, 0.2009, 0.1921, 0.2004], mean perf=39646/200160 (0.1981%)
Mean performance of unidp ditto global,  eps=0.5, Perf=0.4290
Mean performance of unidp ditto personal,  eps=0.5, Perf=0.9879
Mean performance of unidp ditto pooled,  eps=0.5, Perf=0.1978
Finished seed 42
----------------------------------------
=== Running reg_param=0.001 ===
Running seed 42
default_sample_rate: 0.03578417668437238
noise_multiplier :  3.984375
learning rate =  0.01
sample_rate: 0.04, expected_batch_size: 141
sample_rate: 0.04, expected_batch_size: 141
sample_rate: 0.04, expected_batch_size: 141
sample_rate: 0.04, expected_batch_size: 140
sample_rate: 0.04, expected_batch_size: 140
sample_rate: 0.04, expected_batch_size: 139
sample_rate: 0.04, expected_batch_size: 134
sample_rate: 0.04, expected_batch_size: 139
sample_rate: 0.04, expected_batch_size: 128
sample_rate: 0.04, expected_batch_size: 141
initial privacy cost of all clients:  [0, 0, 0, 0, 0, 0, 0, 0, 0, 0]
Round=0
Round=1
Round=2
Round=3
Round=4
Round=5
Round=6
Round=7
Round=8
Round=9
Round=10
Round=11
Round=12
Round=13
Round=14
current privacy cost of all clients:  [0.3600540297783687, 0.3600540297783687, 0.28434386944609313, 0.33630370970290824, 0.38266600051679095, 0.3600540297783687, 0.38266600051679095, 0.40380059847803695, 0.42477723341419715, 0.31108268760888214]
Round=14, per client global perf=[0.5113, 0.3985, 0.0211, 0.2872, 0.5829, 0.6269, 0.4623, 0.4851, 0.8357, 0.6436], mean perf=9649/20016 (0.4821%)
Round=14, per client personal perf=[0.9951, 0.9892, 0.998, 0.9881, 0.9852, 0.9593, 0.9716, 0.9881, 0.9984, 0.9922], mean perf=19746/20016 (0.9865%)
Round=14, per client personal pooled=[0.1933, 0.2013, 0.2006, 0.202, 0.199, 0.1913, 0.1936, 0.2009, 0.192, 0.2005], mean perf=39527/200160 (0.1975%)
Mean performance of unidp ditto global,  eps=0.5, Perf=0.4290
Mean performance of unidp ditto personal,  eps=0.5, Perf=0.9876
Mean performance of unidp ditto pooled,  eps=0.5, Perf=0.1977
Finished seed 42
----------------------------------------
=== Running reg_param=0.01 ===
Running seed 42
default_sample_rate: 0.03578417668437238
noise_multiplier :  3.984375
learning rate =  0.01
sample_rate: 0.04, expected_batch_size: 141
sample_rate: 0.04, expected_batch_size: 141
sample_rate: 0.04, expected_batch_size: 141
sample_rate: 0.04, expected_batch_size: 140
sample_rate: 0.04, expected_batch_size: 140
sample_rate: 0.04, expected_batch_size: 139
sample_rate: 0.04, expected_batch_size: 134
sample_rate: 0.04, expected_batch_size: 139
sample_rate: 0.04, expected_batch_size: 128
sample_rate: 0.04, expected_batch_size: 141
initial privacy cost of all clients:  [0, 0, 0, 0, 0, 0, 0, 0, 0, 0]
Round=0
Round=1
Round=2
Round=3
Round=4
Round=5
Round=6
Round=7
Round=8
Round=9
Round=10
Round=11
Round=12
Round=13
Round=14
current privacy cost of all clients:  [0.3600540297783687, 0.3600540297783687, 0.28434386944609313, 0.33630370970290824, 0.38266600051679095, 0.3600540297783687, 0.38266600051679095, 0.40380059847803695, 0.42477723341419715, 0.31108268760888214]
Round=14, per client global perf=[0.5113, 0.3985, 0.0211, 0.2872, 0.5829, 0.6269, 0.4623, 0.4851, 0.8357, 0.6436], mean perf=9649/20016 (0.4821%)
Round=14, per client personal perf=[0.9873, 0.9848, 0.9956, 0.9842, 0.9788, 0.9776, 0.9706, 0.9861, 0.9962, 0.9922], mean perf=19722/20016 (0.9853%)
Round=14, per client personal pooled=[0.1917, 0.2009, 0.2003, 0.2018, 0.1975, 0.1941, 0.1934, 0.2006, 0.1915, 0.2004], mean perf=39480/200160 (0.1972%)
Mean performance of unidp ditto global,  eps=0.5, Perf=0.4290
Mean performance of unidp ditto personal,  eps=0.5, Perf=0.9853
Mean performance of unidp ditto pooled,  eps=0.5, Perf=0.1973
Finished seed 42
----------------------------------------
=== Running reg_param=0.1 ===
Running seed 42
default_sample_rate: 0.03578417668437238
noise_multiplier :  3.984375
learning rate =  0.01
sample_rate: 0.04, expected_batch_size: 141
sample_rate: 0.04, expected_batch_size: 141
sample_rate: 0.04, expected_batch_size: 141
sample_rate: 0.04, expected_batch_size: 140
sample_rate: 0.04, expected_batch_size: 140
sample_rate: 0.04, expected_batch_size: 139
sample_rate: 0.04, expected_batch_size: 134
sample_rate: 0.04, expected_batch_size: 139
sample_rate: 0.04, expected_batch_size: 128
sample_rate: 0.04, expected_batch_size: 141
initial privacy cost of all clients:  [0, 0, 0, 0, 0, 0, 0, 0, 0, 0]
Round=0
Round=1
Round=2
Round=3
Round=4
Round=5
Round=6
Round=7
Round=8
Round=9
Round=10
Round=11
Round=12
Round=13
Round=14
current privacy cost of all clients:  [0.3600540297783687, 0.3600540297783687, 0.28434386944609313, 0.33630370970290824, 0.38266600051679095, 0.3600540297783687, 0.38266600051679095, 0.40380059847803695, 0.42477723341419715, 0.31108268760888214]
Round=14, per client global perf=[0.5113, 0.3985, 0.0211, 0.2872, 0.5829, 0.6269, 0.4623, 0.4851, 0.8357, 0.6436], mean perf=9649/20016 (0.4821%)
Round=14, per client personal perf=[0.9917, 0.9348, 0.9922, 0.9817, 0.9684, 0.9806, 0.9571, 0.9846, 0.9913, 0.9824], mean perf=19544/20016 (0.9764%)
Round=14, per client personal pooled=[0.1935, 0.2368, 0.2276, 0.2067, 0.2201, 0.268, 0.1963, 0.2064, 0.203, 0.2307], mean perf=43820/200160 (0.2189%)
Mean performance of unidp ditto global,  eps=0.5, Perf=0.4290
Mean performance of unidp ditto personal,  eps=0.5, Perf=0.9596
Mean performance of unidp ditto pooled,  eps=0.5, Perf=0.2174
Finished seed 42
----------------------------------------
=== Running reg_param=1.0 ===
Running seed 42
default_sample_rate: 0.03578417668437238
noise_multiplier :  3.984375
learning rate =  0.01
sample_rate: 0.04, expected_batch_size: 141
sample_rate: 0.04, expected_batch_size: 141
sample_rate: 0.04, expected_batch_size: 141
sample_rate: 0.04, expected_batch_size: 140
sample_rate: 0.04, expected_batch_size: 140
sample_rate: 0.04, expected_batch_size: 139
sample_rate: 0.04, expected_batch_size: 134
sample_rate: 0.04, expected_batch_size: 139
sample_rate: 0.04, expected_batch_size: 128
sample_rate: 0.04, expected_batch_size: 141
initial privacy cost of all clients:  [0, 0, 0, 0, 0, 0, 0, 0, 0, 0]
Round=0
Round=1
Round=2
Round=3
Round=4
Round=5
Round=6
Round=7
Round=8
Round=9
Round=10
Round=11
Round=12
Round=13
Round=14
current privacy cost of all clients:  [0.3600540297783687, 0.3600540297783687, 0.28434386944609313, 0.33630370970290824, 0.38266600051679095, 0.3600540297783687, 0.38266600051679095, 0.40380059847803695, 0.42477723341419715, 0.31108268760888214]
Round=14, per client global perf=[0.5113, 0.3985, 0.0211, 0.2872, 0.5829, 0.6269, 0.4623, 0.4851, 0.8357, 0.6436], mean perf=9649/20016 (0.4821%)
Round=14, per client personal perf=[0.9647, 0.9559, 0.973, 0.955, 0.9492, 0.9796, 0.9592, 0.9786, 0.8845, 0.877], mean perf=18978/20016 (0.9481%)
Round=14, per client personal pooled=[0.2358, 0.3457, 0.2349, 0.3236, 0.255, 0.3504, 0.3493, 0.2896, 0.1853, 0.2388], mean perf=56213/200160 (0.2808%)
Mean performance of unidp ditto global,  eps=0.5, Perf=0.4290
Mean performance of unidp ditto personal,  eps=0.5, Perf=0.9422
Mean performance of unidp ditto pooled,  eps=0.5, Perf=0.2641
Finished seed 42
----------------------------------------
=== Running reg_param=10 ===
Running seed 42
default_sample_rate: 0.03578417668437238
noise_multiplier :  3.984375
learning rate =  0.01
sample_rate: 0.04, expected_batch_size: 141
sample_rate: 0.04, expected_batch_size: 141
sample_rate: 0.04, expected_batch_size: 141
sample_rate: 0.04, expected_batch_size: 140
sample_rate: 0.04, expected_batch_size: 140
sample_rate: 0.04, expected_batch_size: 139
sample_rate: 0.04, expected_batch_size: 134
sample_rate: 0.04, expected_batch_size: 139
sample_rate: 0.04, expected_batch_size: 128
sample_rate: 0.04, expected_batch_size: 141
initial privacy cost of all clients:  [0, 0, 0, 0, 0, 0, 0, 0, 0, 0]
Round=0
Round=1
Round=2
Round=3
Round=4
Round=5
Round=6
Round=7
Round=8
Round=9
Round=10
Round=11
Round=12
Round=13
Round=14
current privacy cost of all clients:  [0.3600540297783687, 0.3600540297783687, 0.28434386944609313, 0.33630370970290824, 0.38266600051679095, 0.3600540297783687, 0.38266600051679095, 0.40380059847803695, 0.42477723341419715, 0.31108268760888214]
Round=14, per client global perf=[0.5113, 0.3985, 0.0211, 0.2872, 0.5829, 0.6269, 0.4623, 0.4851, 0.8357, 0.6436], mean perf=9649/20016 (0.4821%)
Round=14, per client personal perf=[0.9588, 0.9294, 0.9505, 0.9451, 0.9126, 0.9632, 0.938, 0.9737, 0.9729, 0.9324], mean perf=18964/20016 (0.9474%)
Round=14, per client personal pooled=[0.3741, 0.3424, 0.4148, 0.4024, 0.4294, 0.4239, 0.4734, 0.425, 0.4864, 0.3414], mean perf=82329/200160 (0.4113%)
Mean performance of unidp ditto global,  eps=0.5, Perf=0.4290
Mean performance of unidp ditto personal,  eps=0.5, Perf=0.9466
Mean performance of unidp ditto pooled,  eps=0.5, Perf=0.3795
Finished seed 42
----------------------------------------
=== Running epsilon=1 ===
=== Running reg_param=0 ===
Running seed 42
default_sample_rate: 0.03578417668437238
noise_multiplier :  2.32421875
learning rate =  0.01
sample_rate: 0.04, expected_batch_size: 141
sample_rate: 0.04, expected_batch_size: 141
sample_rate: 0.04, expected_batch_size: 141
sample_rate: 0.04, expected_batch_size: 140
sample_rate: 0.04, expected_batch_size: 140
sample_rate: 0.04, expected_batch_size: 139
sample_rate: 0.04, expected_batch_size: 134
sample_rate: 0.04, expected_batch_size: 139
sample_rate: 0.04, expected_batch_size: 128
sample_rate: 0.04, expected_batch_size: 141
initial privacy cost of all clients:  [0, 0, 0, 0, 0, 0, 0, 0, 0, 0]
Round=0
Round=1
Round=2
Round=3
Round=4
Round=5
Round=6
Round=7
Round=8
Round=9
Round=10
Round=11
Round=12
Round=13
Round=14
current privacy cost of all clients:  [0.7209342504716484, 0.7209342504716484, 0.574006173640365, 0.6752769467644489, 0.7661074885903694, 0.7209342504716484, 0.7661074885903694, 0.8060833139267358, 0.8460591392631021, 0.6258687701721136]
Round=14, per client global perf=[0.4922, 0.4554, 0.1373, 0.258, 0.7256, 0.8674, 0.4638, 0.6117, 0.6388, 0.9118], mean perf=11119/20016 (0.5555%)
Round=14, per client personal perf=[0.9931, 0.9853, 0.9985, 0.9881, 0.9822, 0.9925, 0.9721, 0.9871, 0.9995, 0.9917], mean perf=19796/20016 (0.9890%)
Round=14, per client personal pooled=[0.1931, 0.2009, 0.2007, 0.2022, 0.1987, 0.1976, 0.1939, 0.2009, 0.1921, 0.2004], mean perf=39646/200160 (0.1981%)
Mean performance of unidp ditto global,  eps=1.0, Perf=0.5181
Mean performance of unidp ditto personal,  eps=1.0, Perf=0.9879
Mean performance of unidp ditto pooled,  eps=1.0, Perf=0.1978
Finished seed 42
----------------------------------------
=== Running reg_param=0.001 ===
Running seed 42
default_sample_rate: 0.03578417668437238
noise_multiplier :  2.32421875
learning rate =  0.01
sample_rate: 0.04, expected_batch_size: 141
sample_rate: 0.04, expected_batch_size: 141
sample_rate: 0.04, expected_batch_size: 141
sample_rate: 0.04, expected_batch_size: 140
sample_rate: 0.04, expected_batch_size: 140
sample_rate: 0.04, expected_batch_size: 139
sample_rate: 0.04, expected_batch_size: 134
sample_rate: 0.04, expected_batch_size: 139
sample_rate: 0.04, expected_batch_size: 128
sample_rate: 0.04, expected_batch_size: 141
initial privacy cost of all clients:  [0, 0, 0, 0, 0, 0, 0, 0, 0, 0]
Round=0
Round=1
Round=2
Round=3
Round=4
Round=5
Round=6
Round=7
Round=8
Round=9
Round=10
Round=11
Round=12
Round=13
Round=14
current privacy cost of all clients:  [0.7209342504716484, 0.7209342504716484, 0.574006173640365, 0.6752769467644489, 0.7661074885903694, 0.7209342504716484, 0.7661074885903694, 0.8060833139267358, 0.8460591392631021, 0.6258687701721136]
Round=14, per client global perf=[0.4922, 0.4554, 0.1373, 0.258, 0.7256, 0.8674, 0.4638, 0.6117, 0.6388, 0.9118], mean perf=11119/20016 (0.5555%)
Round=14, per client personal perf=[0.9936, 0.9877, 0.9985, 0.9867, 0.9837, 0.996, 0.9706, 0.9881, 0.9995, 0.9922], mean perf=19809/20016 (0.9897%)
Round=14, per client personal pooled=[0.1933, 0.2012, 0.2005, 0.2017, 0.1989, 0.198, 0.1935, 0.201, 0.1922, 0.2007], mean perf=39655/200160 (0.1981%)
Mean performance of unidp ditto global,  eps=1.0, Perf=0.5181
Mean performance of unidp ditto personal,  eps=1.0, Perf=0.9891
Mean performance of unidp ditto pooled,  eps=1.0, Perf=0.1980
Finished seed 42
----------------------------------------
=== Running reg_param=0.01 ===
Running seed 42
default_sample_rate: 0.03578417668437238
noise_multiplier :  2.32421875
learning rate =  0.01
sample_rate: 0.04, expected_batch_size: 141
sample_rate: 0.04, expected_batch_size: 141
sample_rate: 0.04, expected_batch_size: 141
sample_rate: 0.04, expected_batch_size: 140
sample_rate: 0.04, expected_batch_size: 140
sample_rate: 0.04, expected_batch_size: 139
sample_rate: 0.04, expected_batch_size: 134
sample_rate: 0.04, expected_batch_size: 139
sample_rate: 0.04, expected_batch_size: 128
sample_rate: 0.04, expected_batch_size: 141
initial privacy cost of all clients:  [0, 0, 0, 0, 0, 0, 0, 0, 0, 0]
Round=0
Round=1
Round=2
Round=3
Round=4
Round=5
Round=6
Round=7
Round=8
Round=9
Round=10
Round=11
Round=12
Round=13
Round=14
current privacy cost of all clients:  [0.7209342504716484, 0.7209342504716484, 0.574006173640365, 0.6752769467644489, 0.7661074885903694, 0.7209342504716484, 0.7661074885903694, 0.8060833139267358, 0.8460591392631021, 0.6258687701721136]
Round=14, per client global perf=[0.4922, 0.4554, 0.1373, 0.258, 0.7256, 0.8674, 0.4638, 0.6117, 0.6388, 0.9118], mean perf=11119/20016 (0.5555%)
Round=14, per client personal perf=[0.9917, 0.9794, 0.9922, 0.9867, 0.9852, 0.9841, 0.9514, 0.9866, 0.9995, 0.9966], mean perf=19723/20016 (0.9854%)
Round=14, per client personal pooled=[0.1927, 0.1993, 0.1991, 0.2017, 0.1991, 0.1962, 0.1901, 0.2007, 0.1922, 0.201], mean perf=39475/200160 (0.1972%)
Mean performance of unidp ditto global,  eps=1.0, Perf=0.5181
Mean performance of unidp ditto personal,  eps=1.0, Perf=0.9856
Mean performance of unidp ditto pooled,  eps=1.0, Perf=0.1972
Finished seed 42
----------------------------------------
=== Running reg_param=0.1 ===
Running seed 42
default_sample_rate: 0.03578417668437238
noise_multiplier :  2.32421875
learning rate =  0.01
sample_rate: 0.04, expected_batch_size: 141
sample_rate: 0.04, expected_batch_size: 141
sample_rate: 0.04, expected_batch_size: 141
sample_rate: 0.04, expected_batch_size: 140
sample_rate: 0.04, expected_batch_size: 140
sample_rate: 0.04, expected_batch_size: 139
sample_rate: 0.04, expected_batch_size: 134
sample_rate: 0.04, expected_batch_size: 139
sample_rate: 0.04, expected_batch_size: 128
sample_rate: 0.04, expected_batch_size: 141
initial privacy cost of all clients:  [0, 0, 0, 0, 0, 0, 0, 0, 0, 0]
Round=0
Round=1
Round=2
Round=3
Round=4
Round=5
Round=6
Round=7
Round=8
Round=9
Round=10
Round=11
Round=12
Round=13
Round=14
current privacy cost of all clients:  [0.7209342504716484, 0.7209342504716484, 0.574006173640365, 0.6752769467644489, 0.7661074885903694, 0.7209342504716484, 0.7661074885903694, 0.8060833139267358, 0.8460591392631021, 0.6258687701721136]
Round=14, per client global perf=[0.4922, 0.4554, 0.1373, 0.258, 0.7256, 0.8674, 0.4638, 0.6117, 0.6388, 0.9118], mean perf=11119/20016 (0.5555%)
Round=14, per client personal perf=[0.977, 0.9784, 0.9833, 0.9763, 0.9733, 0.9861, 0.9607, 0.9861, 0.9892, 0.9828], mean perf=19602/20016 (0.9793%)
Round=14, per client personal pooled=[0.2696, 0.3436, 0.2681, 0.2719, 0.2949, 0.2409, 0.1928, 0.2152, 0.1972, 0.2843], mean perf=51611/200160 (0.2578%)
Mean performance of unidp ditto global,  eps=1.0, Perf=0.5181
Mean performance of unidp ditto personal,  eps=1.0, Perf=0.9746
Mean performance of unidp ditto pooled,  eps=1.0, Perf=0.2601
Finished seed 42
----------------------------------------
=== Running reg_param=1.0 ===
Running seed 42
default_sample_rate: 0.03578417668437238
noise_multiplier :  2.32421875
learning rate =  0.01
sample_rate: 0.04, expected_batch_size: 141
sample_rate: 0.04, expected_batch_size: 141
sample_rate: 0.04, expected_batch_size: 141
sample_rate: 0.04, expected_batch_size: 140
sample_rate: 0.04, expected_batch_size: 140
sample_rate: 0.04, expected_batch_size: 139
sample_rate: 0.04, expected_batch_size: 134
sample_rate: 0.04, expected_batch_size: 139
sample_rate: 0.04, expected_batch_size: 128
sample_rate: 0.04, expected_batch_size: 141
initial privacy cost of all clients:  [0, 0, 0, 0, 0, 0, 0, 0, 0, 0]
Round=0
Round=1
Round=2
Round=3
Round=4
Round=5
Round=6
Round=7
Round=8
Round=9
Round=10
Round=11
Round=12
Round=13
Round=14
current privacy cost of all clients:  [0.7209342504716484, 0.7209342504716484, 0.574006173640365, 0.6752769467644489, 0.7661074885903694, 0.7209342504716484, 0.7661074885903694, 0.8060833139267358, 0.8460591392631021, 0.6258687701721136]
Round=14, per client global perf=[0.4922, 0.4554, 0.1373, 0.258, 0.7256, 0.8674, 0.4638, 0.6117, 0.6388, 0.9118], mean perf=11119/20016 (0.5555%)
Round=14, per client personal perf=[0.9838, 0.9652, 0.9833, 0.9397, 0.9092, 0.9821, 0.9442, 0.9772, 0.9881, 0.9696], mean perf=19298/20016 (0.9641%)
Round=14, per client personal pooled=[0.3678, 0.3331, 0.3646, 0.2828, 0.3192, 0.4326, 0.3243, 0.3305, 0.3201, 0.3283], mean perf=68121/200160 (0.3403%)
Mean performance of unidp ditto global,  eps=1.0, Perf=0.5181
Mean performance of unidp ditto personal,  eps=1.0, Perf=0.9616
Mean performance of unidp ditto pooled,  eps=1.0, Perf=0.3317
Finished seed 42
----------------------------------------
=== Running reg_param=10 ===
Running seed 42
default_sample_rate: 0.03578417668437238
noise_multiplier :  2.32421875
learning rate =  0.01
sample_rate: 0.04, expected_batch_size: 141
sample_rate: 0.04, expected_batch_size: 141
sample_rate: 0.04, expected_batch_size: 141
sample_rate: 0.04, expected_batch_size: 140
sample_rate: 0.04, expected_batch_size: 140
sample_rate: 0.04, expected_batch_size: 139
sample_rate: 0.04, expected_batch_size: 134
sample_rate: 0.04, expected_batch_size: 139
sample_rate: 0.04, expected_batch_size: 128
sample_rate: 0.04, expected_batch_size: 141
initial privacy cost of all clients:  [0, 0, 0, 0, 0, 0, 0, 0, 0, 0]
Round=0
Round=1
Round=2
Round=3
Round=4
Round=5
Round=6
Round=7
Round=8
Round=9
Round=10
Round=11
Round=12
Round=13
Round=14
current privacy cost of all clients:  [0.7209342504716484, 0.7209342504716484, 0.574006173640365, 0.6752769467644489, 0.7661074885903694, 0.7209342504716484, 0.7661074885903694, 0.8060833139267358, 0.8460591392631021, 0.6258687701721136]
Round=14, per client global perf=[0.4922, 0.4554, 0.1373, 0.258, 0.7256, 0.8674, 0.4638, 0.6117, 0.6388, 0.9118], mean perf=11119/20016 (0.5555%)
Round=14, per client personal perf=[0.9735, 0.9363, 0.9471, 0.9209, 0.9245, 0.9578, 0.9127, 0.9727, 0.9794, 0.9319], mean perf=18925/20016 (0.9455%)
Round=14, per client personal pooled=[0.4322, 0.4454, 0.5109, 0.3755, 0.5424, 0.4493, 0.6403, 0.4307, 0.5757, 0.4231], mean perf=96587/200160 (0.4825%)
Mean performance of unidp ditto global,  eps=1.0, Perf=0.5181
Mean performance of unidp ditto personal,  eps=1.0, Perf=0.9451
Mean performance of unidp ditto pooled,  eps=1.0, Perf=0.4722
Finished seed 42
----------------------------------------
=== Running epsilon=8 ===
=== Running reg_param=0 ===
Running seed 42
default_sample_rate: 0.03578417668437238
noise_multiplier :  0.75439453125
learning rate =  0.01
sample_rate: 0.04, expected_batch_size: 141
sample_rate: 0.04, expected_batch_size: 141
sample_rate: 0.04, expected_batch_size: 141
sample_rate: 0.04, expected_batch_size: 140
sample_rate: 0.04, expected_batch_size: 140
sample_rate: 0.04, expected_batch_size: 139
sample_rate: 0.04, expected_batch_size: 134
sample_rate: 0.04, expected_batch_size: 139
sample_rate: 0.04, expected_batch_size: 128
sample_rate: 0.04, expected_batch_size: 141
initial privacy cost of all clients:  [0, 0, 0, 0, 0, 0, 0, 0, 0, 0]
Round=0
Round=1
Round=2
Round=3
Round=4
Round=5
Round=6
Round=7
Round=8
Round=9
Round=10
Round=11
Round=12
Round=13
Round=14
current privacy cost of all clients:  [5.936215577534484, 5.936215577534484, 4.647299631102371, 5.506576928723779, 6.365854226345188, 5.936215577534484, 6.365854226345188, 6.795492875155893, 7.2251315239665965, 5.076938279913075]
Round=14, per client global perf=[0.8471, 0.4784, 0.4078, 0.1478, 0.5385, 0.9771, 0.6245, 0.7388, 0.8351, 0.8946], mean perf=12955/20016 (0.6472%)
Round=14, per client personal perf=[0.9931, 0.9853, 0.9985, 0.9881, 0.9822, 0.9925, 0.9721, 0.9871, 0.9995, 0.9917], mean perf=19796/20016 (0.9890%)
Round=14, per client personal pooled=[0.1931, 0.2009, 0.2007, 0.2022, 0.1987, 0.1976, 0.1939, 0.2009, 0.1921, 0.2004], mean perf=39646/200160 (0.1981%)
Mean performance of unidp ditto global,  eps=8.0, Perf=0.5900
Mean performance of unidp ditto personal,  eps=8.0, Perf=0.9879
Mean performance of unidp ditto pooled,  eps=8.0, Perf=0.1978
Finished seed 42
----------------------------------------
=== Running reg_param=0.001 ===
Running seed 42
default_sample_rate: 0.03578417668437238
noise_multiplier :  0.75439453125
learning rate =  0.01
sample_rate: 0.04, expected_batch_size: 141
sample_rate: 0.04, expected_batch_size: 141
sample_rate: 0.04, expected_batch_size: 141
sample_rate: 0.04, expected_batch_size: 140
sample_rate: 0.04, expected_batch_size: 140
sample_rate: 0.04, expected_batch_size: 139
sample_rate: 0.04, expected_batch_size: 134
sample_rate: 0.04, expected_batch_size: 139
sample_rate: 0.04, expected_batch_size: 128
sample_rate: 0.04, expected_batch_size: 141
initial privacy cost of all clients:  [0, 0, 0, 0, 0, 0, 0, 0, 0, 0]
Round=0
Round=1
Round=2
Round=3
Round=4
Round=5
Round=6
Round=7
Round=8
Round=9
Round=10
Round=11
Round=12
Round=13
Round=14
current privacy cost of all clients:  [5.936215577534484, 5.936215577534484, 4.647299631102371, 5.506576928723779, 6.365854226345188, 5.936215577534484, 6.365854226345188, 6.795492875155893, 7.2251315239665965, 5.076938279913075]
Round=14, per client global perf=[0.8471, 0.4784, 0.4078, 0.1478, 0.5385, 0.9771, 0.6245, 0.7388, 0.8351, 0.8946], mean perf=12955/20016 (0.6472%)
Round=14, per client personal perf=[0.9936, 0.9848, 0.9995, 0.9871, 0.9822, 0.9925, 0.9742, 0.9881, 0.9984, 0.9917], mean perf=19800/20016 (0.9892%)
Round=14, per client personal pooled=[0.1933, 0.2006, 0.2008, 0.2017, 0.1987, 0.1976, 0.1943, 0.201, 0.1921, 0.2004], mean perf=39645/200160 (0.1981%)
Mean performance of unidp ditto global,  eps=8.0, Perf=0.5900
Mean performance of unidp ditto personal,  eps=8.0, Perf=0.9885
Mean performance of unidp ditto pooled,  eps=8.0, Perf=0.1980
Finished seed 42
----------------------------------------
=== Running reg_param=0.01 ===
Running seed 42
default_sample_rate: 0.03578417668437238
noise_multiplier :  0.75439453125
learning rate =  0.01
sample_rate: 0.04, expected_batch_size: 141
sample_rate: 0.04, expected_batch_size: 141
sample_rate: 0.04, expected_batch_size: 141
sample_rate: 0.04, expected_batch_size: 140
sample_rate: 0.04, expected_batch_size: 140
sample_rate: 0.04, expected_batch_size: 139
sample_rate: 0.04, expected_batch_size: 134
sample_rate: 0.04, expected_batch_size: 139
sample_rate: 0.04, expected_batch_size: 128
sample_rate: 0.04, expected_batch_size: 141
initial privacy cost of all clients:  [0, 0, 0, 0, 0, 0, 0, 0, 0, 0]
Round=0
Round=1
Round=2
Round=3
Round=4
Round=5
Round=6
Round=7
Round=8
Round=9
Round=10
Round=11
Round=12
Round=13
Round=14
current privacy cost of all clients:  [5.936215577534484, 5.936215577534484, 4.647299631102371, 5.506576928723779, 6.365854226345188, 5.936215577534484, 6.365854226345188, 6.795492875155893, 7.2251315239665965, 5.076938279913075]
Round=14, per client global perf=[0.8471, 0.4784, 0.4078, 0.1478, 0.5385, 0.9771, 0.6245, 0.7388, 0.8351, 0.8946], mean perf=12955/20016 (0.6472%)
Round=14, per client personal perf=[0.9917, 0.9853, 0.9971, 0.9862, 0.9808, 0.9906, 0.968, 0.9871, 0.9967, 0.9922], mean perf=19767/20016 (0.9876%)
Round=14, per client personal pooled=[0.1928, 0.2005, 0.2003, 0.2016, 0.1982, 0.1972, 0.1929, 0.2008, 0.1917, 0.2005], mean perf=39564/200160 (0.1977%)
Mean performance of unidp ditto global,  eps=8.0, Perf=0.5900
Mean performance of unidp ditto personal,  eps=8.0, Perf=0.9877
Mean performance of unidp ditto pooled,  eps=8.0, Perf=0.1980
Finished seed 42
----------------------------------------
=== Running reg_param=0.1 ===
Running seed 42
default_sample_rate: 0.03578417668437238
noise_multiplier :  0.75439453125
learning rate =  0.01
sample_rate: 0.04, expected_batch_size: 141
sample_rate: 0.04, expected_batch_size: 141
sample_rate: 0.04, expected_batch_size: 141
sample_rate: 0.04, expected_batch_size: 140
sample_rate: 0.04, expected_batch_size: 140
sample_rate: 0.04, expected_batch_size: 139
sample_rate: 0.04, expected_batch_size: 134
sample_rate: 0.04, expected_batch_size: 139
sample_rate: 0.04, expected_batch_size: 128
sample_rate: 0.04, expected_batch_size: 141
initial privacy cost of all clients:  [0, 0, 0, 0, 0, 0, 0, 0, 0, 0]
Round=0
Round=1
Round=2
Round=3
Round=4
Round=5
Round=6
Round=7
Round=8
Round=9
Round=10
Round=11
Round=12
Round=13
Round=14
current privacy cost of all clients:  [5.936215577534484, 5.936215577534484, 4.647299631102371, 5.506576928723779, 6.365854226345188, 5.936215577534484, 6.365854226345188, 6.795492875155893, 7.2251315239665965, 5.076938279913075]
Round=14, per client global perf=[0.8471, 0.4784, 0.4078, 0.1478, 0.5385, 0.9771, 0.6245, 0.7388, 0.8351, 0.8946], mean perf=12955/20016 (0.6472%)
Round=14, per client personal perf=[0.9725, 0.9784, 0.9922, 0.9817, 0.9684, 0.9881, 0.9659, 0.9851, 0.9967, 0.9873], mean perf=19647/20016 (0.9816%)
Round=14, per client personal pooled=[0.248, 0.1999, 0.2271, 0.2031, 0.1961, 0.2843, 0.193, 0.2694, 0.1954, 0.2019], mean perf=44402/200160 (0.2218%)
Mean performance of unidp ditto global,  eps=8.0, Perf=0.5900
Mean performance of unidp ditto personal,  eps=8.0, Perf=0.9811
Mean performance of unidp ditto pooled,  eps=8.0, Perf=0.2325
Finished seed 42
----------------------------------------
=== Running reg_param=1.0 ===
Running seed 42
default_sample_rate: 0.03578417668437238
noise_multiplier :  0.75439453125
learning rate =  0.01
sample_rate: 0.04, expected_batch_size: 141
sample_rate: 0.04, expected_batch_size: 141
sample_rate: 0.04, expected_batch_size: 141
sample_rate: 0.04, expected_batch_size: 140
sample_rate: 0.04, expected_batch_size: 140
sample_rate: 0.04, expected_batch_size: 139
sample_rate: 0.04, expected_batch_size: 134
sample_rate: 0.04, expected_batch_size: 139
sample_rate: 0.04, expected_batch_size: 128
sample_rate: 0.04, expected_batch_size: 141
initial privacy cost of all clients:  [0, 0, 0, 0, 0, 0, 0, 0, 0, 0]
Round=0
Round=1
Round=2
Round=3
Round=4
Round=5
Round=6
Round=7
Round=8
Round=9
Round=10
Round=11
Round=12
Round=13
Round=14
current privacy cost of all clients:  [5.936215577534484, 5.936215577534484, 4.647299631102371, 5.506576928723779, 6.365854226345188, 5.936215577534484, 6.365854226345188, 6.795492875155893, 7.2251315239665965, 5.076938279913075]
Round=14, per client global perf=[0.8471, 0.4784, 0.4078, 0.1478, 0.5385, 0.9771, 0.6245, 0.7388, 0.8351, 0.8946], mean perf=12955/20016 (0.6472%)
Round=14, per client personal perf=[0.9721, 0.9652, 0.9784, 0.9753, 0.9487, 0.9836, 0.9421, 0.9841, 0.9946, 0.973], mean perf=19448/20016 (0.9716%)
Round=14, per client personal pooled=[0.3166, 0.3278, 0.2733, 0.3692, 0.1982, 0.4363, 0.2442, 0.3018, 0.4159, 0.3119], mean perf=63952/200160 (0.3195%)
Mean performance of unidp ditto global,  eps=8.0, Perf=0.5900
Mean performance of unidp ditto personal,  eps=8.0, Perf=0.9722
Mean performance of unidp ditto pooled,  eps=8.0, Perf=0.3163
Finished seed 42
----------------------------------------
=== Running reg_param=10 ===
Running seed 42
default_sample_rate: 0.03578417668437238
noise_multiplier :  0.75439453125
learning rate =  0.01
sample_rate: 0.04, expected_batch_size: 141
sample_rate: 0.04, expected_batch_size: 141
sample_rate: 0.04, expected_batch_size: 141
sample_rate: 0.04, expected_batch_size: 140
sample_rate: 0.04, expected_batch_size: 140
sample_rate: 0.04, expected_batch_size: 139
sample_rate: 0.04, expected_batch_size: 134
sample_rate: 0.04, expected_batch_size: 139
sample_rate: 0.04, expected_batch_size: 128
sample_rate: 0.04, expected_batch_size: 141
initial privacy cost of all clients:  [0, 0, 0, 0, 0, 0, 0, 0, 0, 0]
Round=0
Round=1
Round=2
Round=3
Round=4
Round=5
Round=6
Round=7
Round=8
Round=9
Round=10
Round=11
Round=12
Round=13
Round=14
current privacy cost of all clients:  [5.936215577534484, 5.936215577534484, 4.647299631102371, 5.506576928723779, 6.365854226345188, 5.936215577534484, 6.365854226345188, 6.795492875155893, 7.2251315239665965, 5.076938279913075]
Round=14, per client global perf=[0.8471, 0.4784, 0.4078, 0.1478, 0.5385, 0.9771, 0.6245, 0.7388, 0.8351, 0.8946], mean perf=12955/20016 (0.6472%)
Round=14, per client personal perf=[0.9701, 0.9515, 0.9652, 0.9436, 0.9255, 0.9513, 0.9003, 0.9791, 0.9789, 0.9436], mean perf=19033/20016 (0.9509%)
Round=14, per client personal pooled=[0.5134, 0.506, 0.5106, 0.4671, 0.4739, 0.5814, 0.6889, 0.3622, 0.5498, 0.6129], mean perf=105411/200160 (0.5266%)
Mean performance of unidp ditto global,  eps=8.0, Perf=0.5900
Mean performance of unidp ditto personal,  eps=8.0, Perf=0.9507
Mean performance of unidp ditto pooled,  eps=8.0, Perf=0.4886
Finished seed 42
----------------------------------------
